   Compiling proc-macro2 v1.0.106
   Compiling quote v1.0.45
   Compiling unicode-ident v1.0.24
   Compiling libc v0.2.186
   Compiling cfg-if v1.0.4
   Compiling memchr v2.8.0
   Compiling serde_core v1.0.228
   Compiling syn v2.0.117
   Compiling bytes v1.11.1
   Compiling pin-project-lite v0.2.17
   Compiling itoa v1.0.18
   Compiling smallvec v1.15.1
   Compiling futures-core v0.3.32
   Compiling parking_lot_core v0.9.12
   Compiling once_cell v1.21.4
   Compiling scopeguard v1.2.0
   Compiling lock_api v0.4.14
   Compiling errno v0.3.14
   Compiling signal-hook-registry v1.4.8
   Compiling parking_lot v0.12.5
   Compiling socket2 v0.6.3
   Compiling mio v1.2.0
   Compiling futures-sink v0.3.32
   Compiling futures-channel v0.3.32
   Compiling futures-io v0.3.32
   Compiling slab v0.4.12
   Compiling futures-task v0.3.32
   Compiling autocfg v1.5.0
   Compiling serde v1.0.228
   Compiling tracing-core v0.1.36
   Compiling equivalent v1.0.2
   Compiling http v1.4.0
   Compiling num-traits v0.2.19
   Compiling synstructure v0.13.2
   Compiling typenum v1.20.0
   Compiling stable_deref_trait v1.2.1
   Compiling getrandom v0.4.2
   Compiling rand_core v0.10.1
   Compiling either v1.15.0
   Compiling tokio-macros v2.7.0
   Compiling serde_derive v1.0.228
   Compiling futures-macro v0.3.32
   Compiling zerofrom-derive v0.1.7
   Compiling tokio v1.52.1
   Compiling futures-util v0.3.32
   Compiling tracing-attributes v0.1.31
   Compiling tracing v0.1.44
   Compiling zerofrom v0.1.7
   Compiling yoke-derive v0.8.2
   Compiling ident_case v1.0.1
   Compiling zerocopy v0.8.48
   Compiling zmij v1.0.21
   Compiling yoke v0.8.2
   Compiling strsim v0.11.1
   Compiling zerocopy-derive v0.8.48
   Compiling zerovec-derive v0.11.3
   Compiling getrandom v0.2.17
   Compiling serde_json v1.0.149
   Compiling percent-encoding v2.3.2
   Compiling log v0.4.29
   Compiling hashbrown v0.17.0
   Compiling httparse v1.10.1
   Compiling zerovec v0.11.6
   Compiling tokio-util v0.7.18
   Compiling indexmap v2.14.0
   Compiling displaydoc v0.2.5
   Compiling http-body v1.0.1
   Compiling base64 v0.22.1
   Compiling fnv v1.0.7
   Compiling bitflags v2.11.1
   Compiling shlex v1.3.0
   Compiling find-msvc-tools v0.1.9
   Compiling cc v1.2.61
   Compiling subtle v2.6.1
   Compiling tower-service v0.3.3
   Compiling ring v0.17.14
   Compiling atomic-waker v1.1.2
   Compiling try-lock v0.2.5
   Compiling want v0.3.1
   Compiling h2 v0.4.13
   Compiling tinystr v0.8.3
   Compiling hybrid-array v0.4.11
   Compiling litemap v0.8.2
   Compiling cpufeatures v0.3.0
   Compiling zeroize v1.8.2
   Compiling writeable v0.6.3
   Compiling httpdate v1.0.3
   Compiling icu_locale_core v2.2.0
   Compiling hyper v1.9.0
   Compiling rustls-pki-types v1.14.1
   Compiling zerotrie v0.2.4
   Compiling potential_utf v0.1.5
   Compiling async-trait v0.1.89
   Compiling icu_normalizer_data v2.2.0
   Compiling anyhow v1.0.102
   Compiling untrusted v0.9.0
   Compiling icu_properties_data v2.2.0
   Compiling cmov v0.5.3
   Compiling utf8_iter v1.0.4
   Compiling icu_collections v2.2.0
   Compiling ctutils v0.4.2
   Compiling icu_provider v2.2.0
   Compiling hyper-util v0.1.20
   Compiling chacha20 v0.10.0
   Compiling crypto-common v0.2.2
   Compiling block-buffer v0.12.0
   Compiling ppv-lite86 v0.2.21
   Compiling http-body-util v0.1.3
   Compiling rustls v0.23.40
   Compiling sync_wrapper v1.0.2
   Compiling const-oid v0.10.2
   Compiling tower-layer v0.3.3
   Compiling getrandom v0.3.4
   Compiling version_check v0.9.5
   Compiling digest v0.11.2
   Compiling generic-array v0.14.7
   Compiling darling_core v0.21.3
   Compiling rustls-webpki v0.103.13
   Compiling rand v0.10.1
   Compiling itertools v0.14.0
   Compiling siphasher v1.0.2
   Compiling rustix v1.1.4
   Compiling tinyvec_macros v0.1.1
   Compiling mime v0.3.17
   Compiling regex-syntax v0.8.10
   Compiling axum-core v0.5.6
   Compiling tinyvec v1.11.0
   Compiling darling_macro v0.21.3
   Compiling prost-derive v0.14.3
   Compiling icu_properties v2.2.0
   Compiling icu_normalizer v2.2.0
   Compiling tower v0.5.3
   Compiling tokio-stream v0.1.18
   Compiling pin-project-internal v1.1.11
   Compiling aho-corasick v1.1.4
   Compiling byteorder v1.5.0
   Compiling iana-time-zone v0.1.65
   Compiling linux-raw-sys v0.12.1
   Compiling matchit v0.8.4
   Compiling winnow v1.0.2
   Compiling toml_parser v1.1.2+spec-1.1.0
   Compiling axum v0.8.9
   Compiling regex-automata v0.4.14
   Compiling chrono v0.4.44
   Compiling pin-project v1.1.11
   Compiling rand_core v0.9.5
   Compiling idna_adapter v1.2.2
   Compiling prost v0.14.3
   Compiling darling v0.21.3
   Compiling unicode-normalization v0.1.25
   Compiling hyper-timeout v0.5.2
   Compiling form_urlencoded v1.2.2
   Compiling num-integer v0.1.46
   Compiling serde_spanned v1.1.1
   Compiling heck v0.5.0
   Compiling diesel_derives v2.3.9
   Compiling unicode-bidi v0.3.18
   Compiling unicode-properties v0.1.4
   Compiling thiserror v2.0.18
   Compiling crossbeam-utils v0.8.21
   Compiling stringprep v0.1.5
   Compiling dsl_auto_type v0.2.0
   Compiling tonic v0.14.5
   Compiling idna v1.1.0
   Compiling toml_datetime v0.7.5+spec-1.1.0
   Compiling md-5 v0.11.0
   Compiling hmac v0.13.0
   Compiling sha2 v0.11.0
   Compiling ureq-proto v0.6.0
   Compiling darling_core v0.23.0
   Compiling futures-executor v0.3.32
   Compiling thiserror-impl v2.0.18
   Compiling diesel_table_macro_syntax v0.3.0
   Compiling powerfmt v0.2.0
   Compiling sha1_smol v1.0.1
   Compiling portable-atomic v1.13.1
   Compiling bollard-buildkit-proto v0.7.0
   Compiling utf8-zero v0.8.1
   Compiling winnow v0.7.15
   Compiling fallible-iterator v0.2.0
   Compiling postgres-protocol v0.6.12
   Compiling toml v0.9.12+spec-1.1.0
   Compiling ureq v3.3.0
   Compiling darling_macro v0.23.0
   Compiling uuid v1.23.1
   Compiling deranged v0.5.8
   Compiling futures v0.3.32
   Compiling tonic-prost v0.14.5
   Compiling url v2.5.8
   Compiling num-bigint v0.4.6
   Compiling prost-types v0.14.3
   Compiling block-buffer v0.10.4
   Compiling crypto-common v0.1.7
   Compiling rand_chacha v0.9.0
   Compiling phf_shared v0.13.1
   Compiling structmeta-derive v0.3.0
   Compiling rustix v0.38.44
   Compiling time-core v0.1.8
   Compiling downcast-rs v2.0.2
   Compiling num-conv v0.2.1
   Compiling time v0.3.47
   Compiling structmeta v0.3.0
   Compiling diesel v2.3.9
   Compiling phf v0.13.1
   Compiling rand v0.9.4
   Compiling digest v0.10.7
   Compiling num-rational v0.4.2
   Compiling migrations_internals v2.3.0
   Compiling crossbeam-epoch v0.9.18
   Compiling regex v1.12.3
   Compiling darling v0.23.0
   Compiling postgres-types v0.2.14
   Compiling num-iter v0.1.45
   Compiling tokio-rustls v0.26.4
   Compiling phf_shared v0.12.1
   Compiling rand_core v0.6.4
   Compiling async-stream-impl v0.3.6
   Compiling serde_repr v0.1.20
   Compiling num-complex v0.4.6
   Compiling whoami v2.1.2
   Compiling num_cpus v1.17.0
   Compiling openssl-probe v0.2.1
   Compiling linux-raw-sys v0.4.15
   Compiling deadpool-runtime v0.3.1
   Compiling chrono-tz v0.10.4
   Compiling allocator-api2 v0.2.21
   Compiling rayon-core v1.13.0
   Compiling ryu v1.0.23
   Compiling hex v0.4.3
   Compiling foldhash v0.2.0
   Compiling serde_urlencoded v0.7.1
   Compiling hashbrown v0.16.1
   Compiling hyperlocal v0.9.1
   Compiling deadpool v0.13.0
   Compiling rustls-native-certs v0.8.3
   Compiling tokio-postgres v0.7.18
   Compiling num v0.4.3
   Compiling bollard-stubs v1.52.1-rc.29.1.3
   Compiling async-stream v0.3.6
   Compiling rand_chacha v0.3.1
   Compiling phf v0.12.1
   Compiling hyper-rustls v0.27.9
   Compiling parse-display-derive v0.9.1
   Compiling serde_with_macros v3.18.0
   Compiling crossbeam-deque v0.8.6
   Compiling migrations_macros v2.3.0
   Compiling xattr v1.6.1
   Compiling half v2.7.1
   Compiling scoped-futures v0.1.4
   Compiling home v0.5.12
   Compiling clap_lex v1.1.0
   Compiling anstyle v1.0.14
   Compiling fastrand v2.4.1
   Compiling autumn-harvest v0.4.0 (/app/autumn-harvest)
   Compiling cpufeatures v0.2.17
   Compiling ciborium-io v0.2.2
   Compiling target-triple v1.0.0
   Compiling base64 v0.21.7
   Compiling plotters-backend v0.3.7
   Compiling rustc-hash v2.1.2
   Compiling astral-tokio-tar v0.6.3
   Compiling plotters-svg v0.3.7
   Compiling docker_credential v1.3.2
   Compiling ciborium-ll v0.2.2
   Compiling sha2 v0.10.9
   Compiling tempfile v3.27.0
   Compiling bollard v0.20.2
   Compiling clap_builder v4.6.0
   Compiling serde_with v3.18.0
   Compiling parse-display v0.9.1
   Compiling rand v0.8.6
   Compiling lru v0.16.4
   Compiling ferroid v2.0.0
   Compiling hmac v0.12.1
   Compiling itertools v0.10.5
   Compiling croner v2.2.0
   Compiling autumn-harvest-macros v0.4.0 (/app/autumn-harvest-macros)
   Compiling serde_derive_internals v0.29.1
   Compiling toml_datetime v1.1.1+spec-1.1.0
   Compiling wait-timeout v0.2.1
   Compiling etcetera v0.11.0
   Compiling bit-vec v0.8.0
   Compiling toml_writer v1.1.1+spec-1.1.0
   Compiling schemars v0.8.22
   Compiling same-file v1.0.6
   Compiling quick-error v1.2.3
   Compiling seahash v4.1.0
   Compiling lazy_static v1.5.0
   Compiling cast v0.3.0
   Compiling sharded-slab v0.1.7
   Compiling criterion-plot v0.5.0
   Compiling walkdir v2.5.0
   Compiling rusty-fork v0.3.1
   Compiling toml v1.1.2+spec-1.1.0
   Compiling bit-set v0.8.0
   Compiling testcontainers v0.27.3
   Compiling schemars_derive v0.8.22
   Compiling clap v4.6.1
   Compiling rayon v1.12.0
   Compiling ciborium v0.2.2
   Compiling plotters v0.3.7
   Compiling rand_xorshift v0.4.0
   Compiling matchers v0.2.0
   Compiling tinytemplate v1.2.1
   Compiling tracing-log v0.2.0
   Compiling is-terminal v0.4.17
   Compiling thread_local v1.1.9
   Compiling nu-ansi-term v0.50.3
   Compiling unarray v0.1.4
   Compiling termcolor v1.4.1
   Compiling anes v0.1.6
   Compiling oorandom v11.1.5
   Compiling glob v0.3.3
   Compiling dyn-clone v1.0.20
   Compiling trybuild v1.0.116
   Compiling criterion v0.5.1
   Compiling proptest v1.11.0
   Compiling tracing-subscriber v0.3.23
   Compiling testcontainers-modules v0.15.0
   Compiling diesel-async v0.8.0
   Compiling diesel_migrations v2.3.2
    Finished `bench` profile [optimized] target(s) in 5m 51s
     Running benches/replay_bench.rs (target/release/deps/replay_bench-27c350addfe78dc1)
Gnuplot not found, using plotters backend
Benchmarking replay_1k_events
Benchmarking replay_1k_events: Warming up for 3.0000 s
Benchmarking replay_1k_events: Collecting 100 samples in estimated 7.9520 s (10k iterations)
Benchmarking replay_1k_events: Analyzing
replay_1k_events        time:   [167.98 µs 174.67 µs 182.45 µs]
Found 1 outliers among 100 measurements (1.00%)
  1 (1.00%) high severe

Benchmarking replay_10k_events
Benchmarking replay_10k_events: Warming up for 3.0000 s
Benchmarking replay_10k_events: Collecting 100 samples in estimated 5.4955 s (700 iterations)
Benchmarking replay_10k_events: Analyzing
replay_10k_events       time:   [1.5416 ms 1.5602 ms 1.5819 ms]
Found 14 outliers among 100 measurements (14.00%)
  5 (5.00%) high mild
  9 (9.00%) high severe

Benchmarking span_overhead/no_subscriber_100ev
Benchmarking span_overhead/no_subscriber_100ev: Warming up for 3.0000 s
Benchmarking span_overhead/no_subscriber_100ev: Collecting 100 samples in estimated 5.0774 s (61k iterations)
Benchmarking span_overhead/no_subscriber_100ev: Analyzing
span_overhead/no_subscriber_100ev
                        time:   [17.394 µs 17.446 µs 17.500 µs]
Found 4 outliers among 100 measurements (4.00%)
  1 (1.00%) low mild
  1 (1.00%) high mild
  2 (2.00%) high severe
Benchmarking span_overhead/counting_subscriber_100ev
Benchmarking span_overhead/counting_subscriber_100ev: Warming up for 3.0000 s
Benchmarking span_overhead/counting_subscriber_100ev: Collecting 100 samples in estimated 5.1096 s (61k iterations)
Benchmarking span_overhead/counting_subscriber_100ev: Analyzing
span_overhead/counting_subscriber_100ev
                        time:   [17.764 µs 17.806 µs 17.849 µs]
Found 4 outliers among 100 measurements (4.00%)
  1 (1.00%) low mild
  1 (1.00%) high mild
  2 (2.00%) high severe
