   Compiling autumn-harvest v0.4.0 (/app/autumn-harvest)
    Finished `test` profile [unoptimized + debuginfo] target(s) in 4m 02s
     Running unittests src/lib.rs (target/debug/deps/autumn_harvest-aa9c5971531ca040)

running 1841 tests
test admission_gate::tests::active_gate_with_no_expiry_matches ... ok
test admission_gate::tests::check_admission_empty_gates_allows ... ok
test admission_gate::tests::cache_new_fail_closed_blocks_until_refreshed ... ok
test admission_gate::tests::cache_check_returns_reason_after_refresh ... ok
test admission_gate::tests::cache_new_is_initialized_and_open ... ok
test admission_gate::tests::gate_scope_kind_str_round_trips ... ok
test admission_gate::tests::unknown_scope_kind_returns_none ... ok
test admission_gate::tests::gate_with_future_expiry_is_active ... ok
test admission_gate::tests::gate_with_past_expiry_is_inactive ... ok
test admission_gate::tests::gate_scope_from_db_round_trips ... ok
test analyzer::tests::large_payload_flags_events_over_threshold ... ok
test analyzer::tests::suspicious_timer_flags_zero_duration ... ok
test audit::tests::admin_status_route_is_classified_read_only ... ok
test analyzer::tests::excessive_retries_resolves_name_for_unscheduled_activity_id ... ok
test analyzer::tests::excessive_retries_flags_activities_over_threshold ... ok
test analyzer::tests::history_analyzer_engine_runs_all_rules ... ok
test audit::tests::all_classified_routes_are_in_route_manifest ... ok
test audit::tests::all_routes_in_manifest_reference_known_operations ... ok
test audit::tests::audit_filters_default_uses_default_limit_not_zero ... ok
test audit::tests::audit_filters_default_limit_is_50 ... ok
test audit::tests::completion_delivery_routes_are_classified ... ok
test audit::tests::classified_routes_count_matches_route_manifest ... ok
test audit::tests::classified_routes_has_no_duplicates ... ok
test audit::tests::dag_run_graph_route_is_classified_read_only ... ok
test audit::tests::default_retention_is_90_days ... ok
test audit::tests::header_constants_are_lowercase ... ok
test audit::tests::legal_hold_routes_are_classified_and_audited ... ok
test audit::tests::operation_constants_are_distinct ... ok
test audit::tests::payload_decode_read_op_is_registered_in_audited_operations ... ok
test audit::tests::replay_canary_route_is_classified_correctly ... ok
test audit::tests::route_classification_covers_all_known_routes ... ok
test audit::tests::route_manifest_has_no_duplicates ... ok
test audit::tests::schedule_update_route_is_classified_mutating ... ok
test audit::tests::source_constants_are_correct ... ok
test audit::tests::status_constants_are_correct ... ok
test audit::tests::usage_report_route_is_classified_read_only ... ok
test audit::tests::workflow_count_route_is_classified_read_only ... ok
test audit::tests::workflow_result_route_is_classified_read_only ... ok
test audit::tests::public_safe_routes_are_excluded_from_audit ... ok
test audit::tests::mutating_routes_are_audited_or_explicitly_excluded ... ok
test batch::tests::batch_action_rejects_unknown_string ... ok
test batch::tests::batch_action_round_trips_through_string ... ok
test batch::tests::batch_job_status_terminal_predicate ... ok
test batch_start::tests::batch_start_config_constants_match_defaults ... ok
test batch_start::tests::batch_start_config_default_values_match_spec ... ok
test batch::tests::batch_filter_is_empty_when_no_criteria ... ok
test batch::tests::batch_action_serializes_pascal_case ... ok
test batch_start::tests::batch_start_item_result_rejected_serialises ... ok
test batch_start::tests::batch_start_item_result_started_serialises ... ok
test batch_start::tests::batch_start_item_result_workflow_id_skipped_when_none ... ok
test batch_start::tests::batch_start_item_status_round_trips ... ok
test batch_start::tests::batch_start_item_minimal_deserializes ... ok
test batch::tests::batch_target_error_round_trips_json ... ok
test batch_start::tests::batch_start_item_full_round_trips ... ok
test builder::tests::builder_accepts_custom_cap_that_fits_activity ... ok
test builder::tests::builder_accepts_activities_without_concurrency_key ... ok
test builder::tests::builder_accepts_implicit_key_matching_explicit_key_same_cap ... ok
test builder::tests::builder_accepts_a_valid_directly_constructed_throttle_policy ... ok
test builder::tests::builder_accepts_local_activity_with_no_start_to_close ... ok
test builder::tests::builder_accepts_matching_concurrency_key_caps ... ok
test builder::tests::builder_accepts_workflow_with_nonzero_concurrency_limit ... ok
test builder::tests::builder_accepts_local_activity_within_cap ... ok
test builder::tests::builder_ceiling_above_custom_soft_threshold_passes ... ok
test builder::tests::builder_ceiling_equal_to_custom_soft_threshold_fails ... ok
test builder::tests::builder_accepts_valid_timezone_in_workflow_schedule ... ok
test builder::tests::builder_accepts_valid_timezone_in_dag_schedule ... ok
test builder::tests::builder_completion_callback_default_target_is_stored ... ok
test builder::tests::builder_completion_callback_secret_and_retry_policy_are_stored ... ok
test builder::tests::builder_max_workflow_execution_timeout_defaults_to_none ... ok
test builder::tests::builder_max_workflow_execution_timeout_accessor_matches_field ... ok
test builder::tests::builder_max_workflow_execution_timeout_is_carried_through_build ... ok
test builder::tests::builder_max_workflow_history_events_defaults_to_none ... ok
test builder::tests::builder_max_workflow_history_events_error_message_is_informative ... ok
test builder::tests::builder_max_workflow_history_events_exactly_equal_to_threshold_fails ... ok
test builder::tests::builder_max_workflow_history_events_is_carried_through_build ... ok
test builder::tests::builder_max_workflow_history_events_none_clears_ceiling ... ok
test builder::tests::builder_max_workflow_history_events_must_be_strictly_greater_than_soft_threshold ... ok
test builder::tests::builder_rejects_a_non_allowlisted_completion_callback_default_target ... ok
test builder::tests::builder_rejects_concurrency_key_without_cap ... ok
test builder::tests::builder_rejects_directly_constructed_throttle_policy_with_burst_below_one ... ok
test builder::tests::builder_rejects_directly_constructed_throttle_policy_with_infinite_burst ... ok
test builder::tests::builder_rejects_directly_constructed_throttle_policy_with_nonpositive_refill ... ok
test builder::tests::builder_rejects_disagreeing_rate_limits_on_same_key ... ok
test builder::tests::builder_rejects_implicit_key_cap_mismatch_with_explicit_key ... ok
test builder::tests::builder_rejects_local_activity_exactly_at_cap_boundary_when_exceeded ... ok
test builder::tests::builder_rejects_local_activity_exceeding_cap ... ok
test builder::tests::builder_rejects_mismatched_concurrency_key_caps ... ok
test builder::tests::builder_rejects_unknown_timezone_in_dag_schedule ... ok
test builder::tests::builder_rejects_unknown_timezone_in_workflow_schedule ... ok
test builder::tests::builder_rejects_rate_limit_key_without_cap ... ok
test builder::tests::builder_rejects_zero_concurrency_cap ... ok
test builder::tests::builder_rejects_zero_workflow_concurrency_limit ... ok
test builder::tests::builder_usage_window_ceiling_defaults_to_ninety_days ... ok
test builder::tests::builder_usage_max_groups_defaults_to_ten_thousand ... ok
test builder::tests::builder_usage_max_groups_is_carried_through_build ... ok
test builder::tests::built_harvest_batch_start_config_defaults_to_spec_values ... ok
test builder::tests::builder_with_no_completion_callback_config_has_empty_defaults ... ok
test builder::tests::harvest_builder_accepts_history_guardrail_overrides ... ok
test builder::tests::builder_usage_window_ceiling_is_carried_through_build ... ok
test builder::tests::harvest_builder_batch_start_config_overrides_are_propagated ... ok
test builder::tests::harvest_builder_build_defaults_telemetry_to_noop ... ok
test builder::tests::harvest_builder_collects_dags ... ok
test builder::tests::harvest_builder_build_registers_shared_state ... ok
test builder::tests::harvest_builder_collects_workflows ... ok
test builder::tests::harvest_builder_defaults_history_guardrails ... ok
test builder::tests::harvest_builder_rejects_unknown_retention_override ... ok
test builder::tests::built_harvest_into_worker_parts_preserves_shared_state ... ok
test builder::tests::harvest_builder_passes_history_policy_to_worker_registry ... ok
test builder::tests::harvest_builder_rejects_invalid_trigger_condition ... ok
test builder::tests::harvest_builder_telemetry_override_is_propagated ... ok
test builder::tests::harvest_builder_validates_static_completion_triggers ... ok
test builder::tests::into_worker_parts_installs_configured_start_idempotency_purge_window ... ok
test builder::tests::regular_activity_is_not_subject_to_local_cap ... ok
test builder::tests::validate_retention_overrides_registration ... ok
test builder::tests::worker_config_builder_adds_queues ... ok
test builder::tests::with_slot_tuner_sets_config_and_default_is_none ... ok
test builder::tests::worker_config_builder_sets_notification_database_url ... ok
test builder::tests::worker_config_default_queues ... ok
test builder::tests::worker_config_default_max_pause_duration_is_24h ... ok
test builder::tests::worker_config_max_local_activity_start_to_close_defaults_to_60s ... ok
test builder::tests::worker_config_poison_pill_threshold_defaults_to_3 ... ok
test builder::tests::worker_config_poison_pill_threshold_zero_disables ... ok
test builder::tests::harvest_builder_rejects_workflow_schedule_targeting_auto_registered_dag_name ... ok
test builder::tests::worker_config_shard_notification_urls_default_empty ... ok
test builder::tests::worker_config_with_empty_queues_clears_list ... ok
test builder::tests::worker_config_with_empty_iterator_clears_queues ... ok
test builder::tests::worker_config_with_max_pause_duration_overrides ... ok
test builder::tests::worker_config_with_poison_pill_threshold_overrides ... ok
test builder::tests::worker_config_with_shard_notification_database_urls_sets_entries ... ok
test builder::tests::worker_config_with_workflow_task_timeout_overrides ... ok
test builder::tests::worker_config_with_workflow_panic_max_attempts_overrides ... ok
test builder::tests::worker_config_workflow_panic_max_attempts_defaults_to_3 ... ok
test builder::tests::worker_config_workflow_panic_max_attempts_zero_is_terminal_on_first_panic ... ok
test builder::tests::worker_config_workflow_task_timeout_zero_disables ... ok
test builder::tests::worker_heartbeat_interval_defaults_to_5s ... ok
test builder::tests::worker_heartbeat_interval_zero_is_rejected ... ok
test builder::tests::worker_runtime_config_threads_workflow_panic_max_attempts ... ok
test builder::tests::workflow_infos_accessor_exposes_registered_infos_with_mcp_flag ... ok
test cache::tests::cache_evicts_lru ... ok
test cache::tests::cache_get_missing_returns_none ... ok
test builder::tests::worker_config_workflow_task_timeout_defaults_to_10s ... ok
test cache::tests::cache_handles_max_size_without_oom ... ok
test cache::tests::cache_handles_zero_size_safely ... ok
test cache::tests::cache_lru_access_updates_recency ... ok
test cache::tests::cache_remove_returns_entry ... ok
test cache::tests::cache_stores_and_retrieves ... ok
test cache::tests::cached_state_stores_events_and_next_event_id ... ok
test calendar::tests::apply_skip_policy_chains_through_multiple_consecutive_exclusions ... ok
test calendar::tests::apply_skip_policy_next_business_day_finds_next ... ok
test calendar::tests::apply_skip_policy_non_excluded_returns_same ... ok
test calendar::tests::apply_skip_policy_prev_business_day_finds_prev ... ok
test calendar::tests::apply_skip_policy_prev_chains_through_multiple_consecutive_exclusions ... ok
test calendar::tests::apply_skip_policy_prev_exceeds_365_days_returns_none ... ok
test calendar::tests::apply_skip_policy_skip_suppresses_excluded ... ok
test calendar::tests::apply_skip_policy_next_exceeds_365_days_returns_none ... ok
test calendar::tests::db_tests::backfill_next_business_day_adjusts_excluded_date ... ok
test calendar::tests::db_tests::backfill_no_exclusions_passes_through ... ok
test calendar::tests::db_tests::preview_firings_deferred_next ... ok
test calendar::tests::db_tests::backfill_skip_drops_excluded_dates ... ok
test calendar::tests::db_tests::preview_firings_no_calendar_all_fired ... ok
test calendar::tests::is_excluded_date_empty_exclusions_always_false ... ok
test calendar::tests::is_excluded_date_false_for_non_excluded ... ok
test calendar::tests::db_tests::preview_firings_skip_excluded ... ok
test calendar::tests::is_excluded_date_true_for_excluded ... ok
test circuit_breaker::tests::cancelled_closed_state_attempt_is_a_noop ... ok
test circuit_breaker::tests::closed_breaker_allows_dispatch ... ok
test circuit_breaker::tests::duplicate_force_close_is_a_noop ... ok
test circuit_breaker::tests::failures_outside_window_do_not_count ... ok
test circuit_breaker::tests::cancelled_half_open_probe_is_released_and_rearms ... ok
test circuit_breaker::tests::force_close_resets_to_closed ... ok
test circuit_breaker::tests::force_open_short_circuits_and_ignores_results ... ok
test circuit_breaker::tests::half_open_admits_single_probe_then_closes_on_success ... ok
test circuit_breaker::tests::half_open_reopens_on_probe_failure ... ok
test circuit_breaker::tests::list_returns_all_policies_sorted ... ok
test circuit_breaker::tests::half_open_nonretryable_probe_is_inconclusive_and_rearms ... ok
test circuit_breaker::tests::open_breaker_short_circuits_until_cooldown ... ok
test circuit_breaker::tests::snapshot_reports_time_until_probe ... ok
test circuit_breaker::tests::non_retryable_failures_never_trip_the_breaker ... ok
test circuit_breaker::tests::stale_straggler_result_does_not_resolve_half_open_probe ... ok
test circuit_breaker::tests::pre_force_close_failure_does_not_re_trip_after_reset ... ok
test circuit_breaker::tests::threshold_clamped_to_at_least_one ... ok
test circuit_breaker::tests::success_does_not_trip_and_resets_failures ... ok
test circuit_breaker::tests::tracked_activity_names_lists_all_policies_sorted ... ok
test circuit_breaker::tests::untracked_activity_always_allows_and_ignores_results ... ok
test completion_callback::builder_config_tests::default_config_has_empty_allowlist_and_no_default_targets ... ok
test completion_callback::builder_config_tests::ssrf_policy_reflects_configured_flags ... ok
test completion_callback::builder_config_tests::default_retry_policy_totals_roughly_one_hour ... ok
test completion_callback::builder_config_tests::validate_default_targets_passes_when_all_allowlisted ... ok
test completion_callback::builder_config_tests::validate_default_targets_rejects_the_first_non_allowlisted_target ... ok
test circuit_breaker::tests::trips_open_at_threshold ... ok
test completion_callback::classify_outcome_tests::dead_letter_reason_is_distinct_from_backoff_and_delivered ... ok
test completion_callback::classify_outcome_tests::delivery_stream_seed_is_deterministic_and_distinguishes_deliveries ... ok
test completion_callback::classify_outcome_tests::failure_at_max_attempts_dead_letters ... ok
test completion_callback::classify_outcome_tests::failure_beyond_max_attempts_still_dead_letters ... ok
test completion_callback::classify_outcome_tests::backoff_delay_grows_with_attempt_and_is_capped ... ok
test completion_callback::classify_outcome_tests::jitter_policy_is_honored_not_ignored ... ok
test completion_callback::classify_outcome_tests::success_2xx_marks_delivered_regardless_of_attempt ... ok
test completion_callback::classify_outcome_tests::transport_error_below_max_attempts_schedules_backoff ... ok
test completion_callback::config_resolution_tests::any_terminal_filter_matches_all_five_states ... ok
test completion_callback::classify_outcome_tests::non_2xx_below_max_attempts_schedules_backoff ... ok
test completion_callback::config_resolution_tests::empty_targets_yields_no_matches_for_any_state ... ok
test completion_callback::config_resolution_tests::explicit_states_filter_matches_only_listed_states ... ok
test completion_callback::config_resolution_tests::resolve_all_targets_dedupes_a_repeated_target_within_per_exec_itself ... ok
test completion_callback::config_resolution_tests::completed_only_filter_matches_completed_only ... ok
test completion_callback::config_resolution_tests::resolve_all_targets_dedupes_identical_url_and_filter ... ok
test completion_callback::config_resolution_tests::resolve_all_targets_keeps_same_url_different_filter_as_distinct ... ok
test completion_callback::config_resolution_tests::resolve_all_targets_is_per_exec_first_then_defaults ... ok
test completion_callback::config_resolution_tests::resolve_effective_targets_filters_by_state_and_preserves_index ... ok
test completion_callback::deliverer_trait_tests::delivery_attempt_success_is_success_only_for_2xx ... ok
test completion_callback::deliverer_trait_tests::transport_error_is_never_success ... ok
test completion_callback::direct_worker_install_tests::installing_without_a_deliverer_clears_a_previously_installed_config ... ok
test completion_callback::direct_worker_install_tests::installing_without_a_deliverer_when_never_configured_stays_none ... ok
test completion_callback::envelope_tests::callback_secret_debug_is_redacted ... ok
test completion_callback::envelope_tests::completed_envelope_has_result_and_no_error ... ok
test completion_callback::envelope_tests::envelope_field_order_matches_contract ... ok
test completion_callback::envelope_tests::failed_envelope_has_error_and_no_result ... ok
test completion_callback::envelope_tests::hmac_signature_changes_with_body ... ok
test completion_callback::envelope_tests::delivery_headers_includes_signature_timestamp_and_delivery_id ... ok
test completion_callback::envelope_tests::hmac_signature_changes_with_secret ... ok
test completion_callback::envelope_tests::hmac_signature_is_stable_known_vector ... ok
test completion_callback::envelope_tests::signature_header_format_is_sha256_prefixed_lowercase_hex ... ok
test completion_callback::envelope_tests::signature_covers_exact_posted_bytes ... ok
test completion_callback::ssrf_tests::a_later_unpinned_entry_for_the_same_host_still_allows_any_port ... ok
test completion_callback::ssrf_tests::allows_http_only_when_explicitly_allowlisted_scheme ... ok
test completion_callback::ssrf_tests::an_out_of_range_port_pattern_fails_closed_instead_of_becoming_unpinned ... ok
test completion_callback::ssrf_tests::audits_ipv6_unspecified_and_loopback ... ok
test completion_callback::ssrf_tests::audits_link_local_range_169_254_0_0_slash_16 ... ok
test completion_callback::ssrf_tests::audits_cgnat_shared_range_100_64_0_0_slash_10 ... ok
test completion_callback::ssrf_tests::audits_loopback_range_127_0_0_0_slash_8 ... ok
test completion_callback::ssrf_tests::benchmarking_range_neighbors_are_not_special_range_rejected ... ok
test completion_callback::ssrf_tests::audits_private_ranges_rfc1918 ... ok
test completion_callback::ssrf_tests::empty_allowlist_rejects_every_domain_host ... ok
test completion_callback::config_resolution_tests::callback_target_and_filter_roundtrip_through_json ... ok
test completion_callback::ssrf_tests::exact_host_match_is_case_insensitive ... ok
test completion_callback::ssrf_tests::exact_host_match_succeeds ... ok
test completion_callback::ssrf_tests::ip_literal_never_matches_host_wildcard ... ok
test completion_callback::ssrf_tests::ipv4_mapped_ipv6_inherits_ipv4_special_range_rejection ... ok
test completion_callback::ssrf_tests::multiple_pinned_port_entries_for_the_same_host_are_all_considered ... ok
test completion_callback::ssrf_tests::pinned_port_must_match ... ok
test completion_callback::ssrf_tests::rejection_is_machine_readable_via_serde_tag ... ok
test completion_callback::ssrf_tests::rejects_ip_literal_when_not_explicitly_allowed_even_if_public ... ok
test completion_callback::ssrf_tests::rejects_benchmarking_range_198_18_0_0_slash_15 ... ok
test completion_callback::ssrf_tests::rejects_disallowed_scheme ... ok
test completion_callback::ssrf_tests::rejects_loopback_ip_literal_v4 ... ok
test completion_callback::ssrf_tests::rejects_loopback_ip_literal_v6 ... ok
test completion_callback::ssrf_tests::rejects_ipv6_link_local_and_ula ... ok
test completion_callback::ssrf_tests::rejects_non_allowlisted_host ... ok
test completion_callback::ssrf_tests::rejects_non_https_by_default ... ok
test completion_callback::ssrf_tests::rejects_this_host_range_0_0_0_0_slash_8 ... ok
test completion_callback::ssrf_tests::rejects_private_ip_literals ... ok
test completion_callback::ssrf_tests::rejects_unparseable_url ... ok
test completion_callback::ssrf_tests::rejects_userinfo ... ok
test completion_callback::ssrf_tests::suffix_wildcard_does_not_match_unrelated_host_with_same_tail_chars ... ok
test completion_callback::ssrf_tests::suffix_wildcard_does_not_match_bare_suffix ... ok
test completion_callback::ssrf_tests::suffix_wildcard_matches_subdomains ... ok
test completion_callback::ssrf_tests::unpinned_port_allows_default_scheme_port ... ok
test completion_trigger::tests::condition_combinators_all_any_not ... ok
test completion_trigger::tests::condition_eq_bool_vs_number_is_false ... ok
test completion_trigger::tests::condition_eq_hit_miss_missing_and_null ... ok
test completion_trigger::tests::condition_evaluate_against_non_object_outputs ... ok
test completion_trigger::tests::condition_in_exists_isnull_semantics ... ok
test completion_trigger::tests::condition_large_integers_compare_exactly ... ok
test completion_trigger::tests::condition_midpath_scalar_traversal_is_missing ... ok
test completion_trigger::tests::condition_noteq_requires_present_non_null ... ok
test completion_trigger::tests::condition_numeric_coercion_int_vs_float ... ok
test completion_trigger::tests::condition_ordering_operators_numeric_only ... ok
test completion_trigger::tests::condition_unknown_operator_is_a_deserialize_error ... ok
test completion_trigger::tests::condition_validate_enforces_bounded_caps ... ok
test completion_trigger::tests::condition_validate_rejects_malformed_paths ... ok
test completion_trigger::tests::input_mapping_outcome_serde_round_trip ... ok
test completion_trigger::tests::outcome_envelope_completed_has_output_and_null_error ... ok
test completion_trigger::tests::outcome_envelope_failed_has_error_and_null_output ... ok
test completion_trigger::tests::outcome_envelope_terminated_state ... ok
test completion_trigger::tests::outcome_envelope_timed_out_and_cancelled_carry_reason ... ok
test completion_trigger::tests::condition_gate_stored_condition_semantics ... ok
test completion_trigger::tests::condition_serde_round_trip_uses_adjacent_tagging ... ok
test completion_trigger::tests::outcome_mapping_none_yields_full_envelope ... ok
test completion_trigger::tests::outcome_mapping_projection_missing_path_yields_null ... ok
test completion_trigger::tests::terminal_state_terminated_round_trips ... ok
test completion_trigger::tests::outcome_mapping_projection_plucks_field ... ok
test completion_trigger::tests::test_project_json_path ... ok
test concurrency::tests::resolve_input_prefix_stripped ... ok
test concurrency::tests::resolve_integer_as_string ... ok
test concurrency::tests::resolve_missing_returns_none ... ok
test concurrency::tests::resolve_nested ... ok
test concurrency::tests::resolve_non_object_input ... ok
test completion_trigger::tests::with_condition_builder_and_legacy_serde_default ... ok
test concurrency::tests::resolve_null_returns_none ... ok
test concurrency::tests::resolve_top_level_field ... ok
test context::tests::activity_check_cancellation_returns_activity_cancelled_when_token_set ... ok
test context::tests::activity_check_cancellation_works_without_heartbeat_channel ... ok
test context::tests::activity_check_cancellation_returns_ok_when_not_cancelled ... ok
test context::tests::activity_context_header_returns_set_value ... ok
test context::tests::activity_context_headers_empty_on_default ... ok
test builder::tests::worker_config_with_empty_queue_name_panics - should panic ... ok
test context::tests::activity_context_detects_cancellation ... ok
test context::tests::activity_context_headers_returns_all ... ok
test context::tests::activity_context_header_missing_key_returns_none ... ok
test context::tests::activity_context_heartbeat_errors_when_channel_closed ... ok
test context::tests::activity_context_state_returns_none_when_not_registered ... ok
test context::tests::activity_context_heartbeat_sends_on_channel ... ok
test context::tests::activity_context_surfaces_attached_trace_context ... ok
test context::tests::activity_context_trace_context_defaults_to_none ... ok
test context::tests::activity_context_heartbeat_details_type_mismatch_returns_error ... ok
test context::tests::activity_context_without_heartbeat_channel_rejects_heartbeats ... ok
test context::tests::activity_context_heartbeat_details_deserializes_previous_payload ... ok
test context::tests::await_fire_after_same_cycle_cancel_resolves_cancelled_without_rearming ... ok
test context::tests::await_fire_clears_armed_state_so_reused_id_records_fresh_arm ... ok
test context::tests::await_fire_returns_cancelled_when_history_has_timercancelled_before_fire ... ok
test context::tests::await_fire_returns_fired_and_fire_wins_over_late_cancel ... ok
test context::tests::await_timer_fire_blocked_by_unreplayed_command_records_deferred_nd_in_normal_replay ... ok
test context::tests::builtin_kind_mismatch_records_drift ... ok
test context::tests::builtin_primitive_records_deferred_nd_on_divergence ... ok
test context::tests::cancel_external_workflow_after_activity_replays_correctly ... ok
test context::tests::cancel_external_workflow_live_mode_emits_command ... ok
test context::tests::cancel_external_workflow_nondeterminism_wrong_target ... ok
test context::tests::cancel_external_workflow_replays_delivered_outcome ... ok
test context::tests::cancel_external_workflow_replays_failed_outcome_target_unknown ... ok
test context::tests::cancel_external_workflow_self_cancel_rejected ... ok
test context::tests::cancel_external_workflow_stashes_interleaved_signal ... ok
test context::tests::await_fire_after_cancel_then_reset_rearms_and_parks ... ok
test context::tests::await_fire_reams_timer_and_parks_on_first_live_await ... ok
test context::tests::cancel_timer_emits_cancel_command ... ok
test context::tests::cancel_timer_blocked_by_unreplayed_command_records_deferred_nd_in_normal_replay ... ok
test context::tests::cancel_timer_on_a_classic_timer_id_is_a_no_op ... ok
test context::tests::cancellable_first_then_classic_same_id_still_fails_fast ... ok
test context::tests::classic_timer_reusing_a_live_cancellable_arm_id_fails_fast ... ok
test context::tests::await_fire_then_same_cycle_reset_emits_the_stale_arm_cancelling_batch ... ok
test context::tests::cancel_then_classic_timer_same_id_emits_start_timer ... ok
test context::tests::context_check_cancellation_returns_error_when_cancelled ... ok
test context::tests::context_check_cancellation_returns_ok_when_not_cancelled ... ok
test context::tests::context_cancelled_when_sender_dropped ... ok
test context::tests::context_child_input_mismatch_is_nondeterministic_and_no_live_start ... ok
test context::tests::context_child_in_progress_re_emits_with_existing_child_id ... ok
test context::tests::context_child_workflow_name_mismatch_is_nondeterministic ... ok
test context::tests::context_deprecate_patch_consumes_marker_anywhere_and_residual_patched_returns_true ... ok
test context::tests::context_deprecate_patch_consumes_version_marker_interop ... ok
test context::tests::context_deprecate_patch_emits_no_commands_on_live_execution ... ok
test context::tests::context_deprecate_patch_tolerates_pre_patch_history ... ok
test context::tests::context_detects_non_deterministic_activity ... ok
test context::tests::context_drain_commands_returns_empty_when_no_commands ... ok
test context::tests::context_execution_id_accessible ... ok
test context::tests::context_is_not_cancelled_without_terminal_event ... ok
test context::tests::context_live_activity_resolves_via_oneshot ... ok
test context::tests::context_live_child_command_round_trip ... ok
test context::tests::context_live_mode_reports_no_cancellation ... ok
test context::tests::context_now_returns_deterministic_time ... ok
test context::tests::context_live_parallel_children_emit_two_start_commands ... ok
test context::tests::context_partial_history_parallel_children_re_parks_pending_child ... ok
test context::tests::context_patched_is_deterministic_across_repeated_calls ... ok
test context::tests::context_patched_observes_version_marker_as_patched ... ok
test context::tests::context_patched_records_marker_and_returns_true_on_live_execution ... ok
test context::tests::context_patched_returns_true_on_replay_with_marker ... ok
test context::tests::context_patched_returns_false_on_replay_without_marker ... ok
test context::tests::context_patched_then_deprecate_then_patched_is_consistent_live ... ok
test context::tests::context_random_uuid_emits_marker_during_live_execution ... ok
test context::tests::context_random_uuid_returns_recorded_value ... ok
test context::tests::context_replays_child_with_interleaved_activity_without_live_commands ... ok
test context::tests::context_replays_child_workflow_completion ... ok
test context::tests::context_replays_circuit_open_failure_with_typed_metadata ... ok
test context::tests::context_replays_completed_activity ... ok
test context::tests::context_replays_failed_activity ... ok
test context::tests::context_replays_interleaved_child_starts_without_live_commands ... ok
test context::tests::context_replays_legacy_child_workflow_failure_untyped ... ok
test context::tests::context_replays_multiple_activities_in_sequence ... ok
test context::tests::context_replays_timed_out_activity ... ok
test context::tests::context_replays_typed_child_workflow_failure_as_workflow_failed ... ok
test context::tests::context_replays_typed_non_retryable_child_preserves_flag ... ok
test context::tests::context_reports_cancellation_from_history ... ok
test context::tests::context_side_effect_emits_marker_during_live_execution ... ok
test context::tests::context_side_effect_returns_diverged_error_when_mismatched ... ok
test context::tests::context_side_effect_returns_recorded_value ... ok
test context::tests::context_state_access ... ok
test context::tests::cancellable_start_timer_after_classic_timer_same_id_fails_fast ... ok
test context::tests::context_timer_detects_divergence ... ok
test context::tests::classic_timer_with_distinct_id_from_cancellable_arm_still_works ... ok
test context::tests::context_version_emits_marker_during_live_execution ... ok
test context::tests::context_timer_replays_when_fired ... ok
test context::tests::context_version_returns_recorded_version ... ok
test context::tests::create_session_checks_cancellation_before_dispatch ... ok
test context::tests::create_session_does_not_reemit_timed_out_metric_on_later_replay ... ok
test context::tests::create_session_emits_timed_out_metric_on_first_discovery ... ok
test context::tests::create_session_maps_schedule_to_start_timeout_to_session_acquire_timeout ... ok
test context::tests::create_session_replay_recovers_host_worker_id_from_acquire_output ... ok
test context::tests::deprecate_patch_panics_on_empty_patch_id - should panic ... ok
test context::tests::duplicate_active_start_timer_does_not_consume_a_second_history_event ... ok
test context::tests::duplicate_active_start_timer_is_idempotent_noop_live ... ok
test context::tests::durable_cancellation_check_is_rate_limited ... ok
test context::tests::execute_activity_typed_replays_completed_output ... ok
test context::tests::execute_activity_with_opts_uses_default_queue_from_info ... ok
test context::tests::execute_local_activity_divergence_is_nondeterministic ... ok
test context::tests::context_reparks_inflight_activity_without_rescheduling ... ok
test context::tests::execute_local_activity_rejects_non_local_info ... ok
test context::tests::execute_local_activity_returns_error_for_exhausted_retries_in_history ... ok
test context::tests::execute_local_activity_returns_history_result_during_replay ... ok
test context::tests::execute_local_activity_typed_replays_completed_output ... ok
test context::tests::list_signal_handler_names_returns_sorted_names ... ok
test context::tests::local_activity_context_heartbeat_returns_explicit_error ... ok
test context::tests::new_uuid_is_v7_and_captured ... ok
test context::tests::new_uuid_replays_recorded_value ... ok
test context::tests::next_session_seq_increments_monotonically ... ok
test context::tests::observe_saga_unwind_counts_the_cancel_and_compensate_frontier ... ok
test context::tests::observe_saga_unwind_failed_emits_once_live_then_never_on_replay ... ok
test context::tests::observe_saga_unwind_failed_follows_an_uncounted_unwind ... ok
test context::tests::observe_saga_unwind_failed_records_past_a_drained_trailing_signal_when_counted ... ok
test context::tests::observe_saga_unwind_is_silent_in_a_strict_replay_probe_at_the_cancel_frontier ... ok
test context::tests::observe_saga_unwind_probe_still_reads_recorded_markers_as_counted ... ok
test context::tests::observe_saga_unwind_start_emits_once_live_then_never_on_replay ... ok
test context::tests::observe_saga_unwind_uses_workflow_and_queue_labels ... ok
test context::tests::patched_panics_on_empty_patch_id - should panic ... ok
test context::tests::query_registry_does_not_emit_commands ... ok
test context::tests::race_activity_branch_propagates_serialization_error ... ok
test context::tests::race_activity_diverges_when_recorded_winner_disagrees_with_replay ... ok
test context::tests::race_activity_failed_winner_propagates_error_after_recording_marker ... ok
test context::tests::race_activity_fingerprint_mismatch_diverges ... ok
test context::tests::race_activity_replays_winner_and_records_marker_plus_cancel_losers ... ok
test context::tests::race_activity_verifies_previously_recorded_winner_without_new_commands ... ok
test context::tests::race_activity_winner_is_stable_across_randomized_completion_positions ... ok
test context::tests::race_child_workflow_branch_propagates_serialization_error ... ok
test context::tests::race_child_workflow_replays_winner ... ok
test context::tests::context_suspends_on_new_activity ... ok
test context::tests::race_rejects_mixed_activity_and_timer_shape ... ok
test context::tests::create_session_live_emits_marker_then_acquire_activity_and_suspends ... ok
test context::tests::race_rejects_zero_branches ... ok
test context::tests::race_timer_signal_pair_index_is_independent_of_builder_call_order ... ok
test context::tests::race_timer_signal_pair_signal_branch_wins ... ok
test context::tests::race_timer_signal_pair_timer_branch_wins ... ok
test context::tests::race_verifies_previously_recorded_winner_across_an_interleaved_sibling_race ... ok
test context::tests::random_f64_rejects_out_of_domain_replayed_value ... ok
test context::tests::random_f64_replays_valid_recorded_value ... ok
test context::tests::random_helpers_replay_recorded_values ... ok
test context::tests::random_range_rejects_out_of_range_replayed_value ... ok
test context::tests::receive_signal_timeout_deserializes_typed_payload ... ok
test context::tests::receive_signal_timeout_returns_none_on_timeout_branch ... ok
test context::tests::execute_local_activity_emits_run_local_command_during_live_execution ... ok
test context::tests::register_signal_handler_does_not_dispatch_when_no_signal_recorded ... ok
test context::tests::receive_signal_typed_replays_signal_payload ... ok
test context::tests::register_signal_handler_does_not_fire_for_other_names ... ok
test context::tests::register_signal_handler_does_not_fire_before_an_unconsumed_activity_is_matched ... ok
test context::tests::register_signal_handler_multiple_events_dispatched_in_order ... ok
test context::tests::register_signal_handler_raw_dispatches_already_buffered_signal_once_flushed ... ok
test context::tests::register_signal_handler_raw_emits_no_commands ... ok
test context::tests::register_signal_handler_raw_is_idempotent ... ok
test context::tests::register_signal_handler_typed_deserialization_failure_does_not_panic ... ok
test context::tests::register_signal_handler_typed_deserializes_payload ... ok
test context::tests::remaining_secs_until_props::future_deadline_never_fires_early ... ok
test context::tests::remaining_secs_until_props::past_or_equal_clamps_to_zero ... ok
test context::tests::remaining_secs_until_truth_table ... ok
test context::tests::reset_emits_cancel_then_arm_command ... ok
test context::tests::reset_timer_on_a_classic_timer_id_is_a_no_op ... ok
test context::tests::resolve_session_id_diverges_when_history_disagrees ... ok
test context::tests::resolve_session_id_generates_distinct_ids_per_seq ... ok
test context::tests::resolve_session_id_on_live_execution_generates_and_records_marker ... ok
test context::tests::resolve_session_id_on_replay_recovers_recorded_id ... ok
test context::tests::resolve_session_id_two_sessions_get_distinct_markers_on_replay ... ok
test context::tests::remaining_secs_until_props::whole_seconds_do_not_over_round ... ok
test context::tests::session_complete_dispatches_release_activity_hard_pinned_to_host ... ok
test context::tests::session_options_default_queue_and_timeout ... ok
test context::tests::session_options_impl_default_uses_default_queue ... ok
test context::tests::session_options_with_acquisition_timeout_overrides_default ... ok
test context::tests::set_current_details_cap_truncates_on_utf8_boundary ... ok
test context::tests::set_current_details_cap_truncates_over_limit ... ok
test context::tests::set_current_details_empty_string_pushes_empty_command ... ok
test context::tests::set_current_details_explicit_empty_under_tiny_cap_is_still_marked_explicit_clear ... ok
test context::tests::session_execute_activity_raw_hard_pins_to_host_worker ... ok
test context::tests::set_current_details_last_write_wins ... ok
test context::tests::set_current_details_no_command_when_never_set ... ok
test context::tests::set_current_details_pushes_set_current_details_command ... ok
test context::tests::set_current_details_suppressed_during_replay ... ok
test context::tests::set_current_details_truncated_to_empty_is_not_marked_explicit_clear ... ok
test context::tests::set_current_details_within_cap_stored_unchanged ... ok
test context::tests::side_effect_reads_legacy_marker_for_in_flight_compat ... ok
test context::tests::signal_external_workflow_after_activity_replays_correctly ... ok
test context::tests::signal_external_workflow_crash_recovery_reuses_recorded_key ... ok
test context::tests::signal_external_workflow_live_mode_emits_command ... ok
test context::tests::signal_external_workflow_nondeterminism_wrong_signal_name ... ok
test context::tests::signal_external_workflow_nondeterminism_wrong_target ... ok
test context::tests::signal_external_workflow_replays_delivered_outcome ... ok
test context::tests::signal_external_workflow_replays_failed_outcome_target_terminal ... ok
test context::tests::signal_external_workflow_replays_failed_outcome_target_unknown ... ok
test context::tests::signal_external_workflow_with_idempotency_threads_key_into_command ... ok
test context::tests::signal_external_workflow_without_key_has_none_on_command ... ok
test context::tests::signal_handler_and_wait_for_signal_do_not_double_deliver ... ok
test context::tests::signal_handlers_dispatch_in_history_order_across_names_not_registration_order ... ok
test context::tests::signal_handlers_dispatch_in_history_order_with_zero_intervening_commands ... ok
test context::tests::sleep_until_live_emits_side_effect_then_timer ... ok
test context::tests::sleep_until_past_deadline_starts_zero_duration_timer ... ok
test context::tests::sleep_until_replays_recorded_timer_without_new_commands ... ok
test context::tests::start_timer_after_cancel_re_matches_history ... ok
test context::tests::spawn_child_workflow_typed_replays_completed_output ... ok
test context::tests::start_timer_emits_arm_command_without_suspending ... ok
test context::tests::start_timer_panics_on_empty_id - should panic ... ok
test context::tests::system_now_emits_side_effect_event_during_live_execution ... ok
test context::tests::race_live_dispatch_emits_open_marker_and_schedules_all_branches ... ok
test context::tests::system_now_replays_recorded_value_verbatim ... ok
test context::tests::test_unfinished_update_handler_accessors ... ok
test context::tests::test_await_all_handlers_finished ... ok
test context::tests::upsert_search_attrs_empty_patch_is_noop ... ok
test context::tests::upsert_search_attrs_accepts_primitive_values ... ok
test context::tests::upsert_search_attrs_live_emits_command ... ok
test context::tests::upsert_search_attrs_none_value_means_remove ... ok
test context::tests::upsert_search_attrs_rejects_array_value ... ok
test context::tests::upsert_search_attrs_rejects_empty_key ... ok
test context::tests::upsert_search_attrs_rejects_invalid_key_chars ... ok
test context::tests::upsert_search_attrs_rejects_key_too_long ... ok
test context::tests::upsert_search_attrs_rejects_nd_diagnostic_keys ... ok
test context::tests::upsert_search_attrs_rejects_object_value ... ok
test context::tests::upsert_search_attrs_rejects_reserved_prefix ... ok
test context::tests::upsert_search_attrs_rejects_reserved_key ... ok
test context::tests::upsert_search_attrs_replay_is_noop ... ok
test context::tests::version_panics_when_min_exceeds_max - should panic ... ok
test context::tests::wait_for_signal_replays_recorded_signal ... ok
test context::tests::wait_for_signal_returns_nondeterministic_on_diverged_history ... ok
test context::tests::thousand_now_calls_replay_byte_identical ... ok
test context::tests::wait_for_signal_timeout_diverges_on_unrelated_history ... ok
test context::tests::wait_for_signal_timeout_live_emits_timer_and_signal_wait_commands ... ok
test context::tests::wait_for_signal_timeout_returns_none_when_timer_recorded_first ... ok
test context::tests::wait_for_signal_timeout_replays_signal_branch_when_both_events_exist ... ok
test context::tests::wait_for_signal_timeout_signal_win_without_recorded_timer ... ok
test context::tests::wait_for_signal_timeout_returns_payload_when_signal_recorded_first ... ok
test context::tests::workflow_context_continue_as_new_divergence_is_nondeterministic ... ok
test context::tests::wait_for_signal_timeout_timer_win_keeps_late_signal_observable ... ok
test context::tests::workflow_context_continue_as_new_input_mismatch_is_nondeterministic ... ok
test context::tests::workflow_context_header_missing_key_returns_none ... ok
test context::tests::workflow_context_header_returns_set_value ... ok
test context::tests::workflow_context_headers_empty_on_default ... ok
test context::tests::workflow_context_headers_returns_all ... ok
test context::tests::workflow_context_history_event_count_reports_loaded_history ... ok
test context::tests::workflow_context_should_continue_as_new_is_false_at_threshold_boundary ... ok
test context::tests::workflow_context_should_continue_as_new_uses_soft_threshold ... ok
test critical_path::tests::test_branching_dag ... ok
test critical_path::tests::test_empty_dag ... ok
test critical_path::tests::test_linear_dag ... ok
test critical_path::tests::test_start_to_close_override ... ok
test dag::tests::condition_is_stored_on_task ... ok
test dag::tests::dispatch_decision_condition_not_invoked_when_trigger_fails ... ok
test dag::tests::dispatch_decision_run_when_condition_true ... ok
test dag::tests::dispatch_decision_run_when_no_condition ... ok
test dag::tests::dispatch_decision_skip_by_condition_when_predicate_false ... ok
test dag::tests::dispatch_decision_skip_by_trigger_rule ... ok
test dag::tests::dispatch_decision_upstream_outputs_in_declaration_order ... ok
test dag::tests::mapped_task_supports_condition ... ok
test dag::tests::should_deduplicate_identical_upstream_dependencies ... ok
test dag::tests::should_detect_self_referential_dependency_cycles ... ok
test dag::tests::should_override_default_queue ... ok
test dag::tests::should_process_disjoint_subgraphs ... ok
test dag::tests::should_support_mapped_activity_builder ... ok
test dag::tests::should_support_mapped_failure_policy_override ... ok
test dag::tests::test_cross_builder_panic - should panic ... ok
test dag::tests::test_cycle_detection ... ok
test dag::tests::test_dag_build_error_display ... ok
test dag::tests::test_empty_dag ... ok
test dag::tests::test_fan_out_fan_in ... ok
test dag::tests::test_modifying_task_parameters ... ok
test dag::tests::test_short_activity_name ... ok
test dag::tests::test_simple_dependency_chaining ... ok
test dag::tests::test_single_activity ... ok
test dag::tests::test_with_default_queue ... ok
test dag_export::tests::test_export_empty_dag ... ok
test dag_export::tests::test_export_mermaid_with_critical_path ... ok
test dag_export::tests::test_export_profile_mermaid_gantt ... ok
test dag_export::tests::test_export_simple_dag ... ok
test dag_linter::tests::dag_linter_respects_activity_defaults ... ok
test dag_linter::tests::dag_linter_runs_all_rules ... ok
test dag_linter::tests::excessive_parallelism_flags_wide_levels ... ok
test dag_linter::tests::missing_retry_policy_flags_unconfigured_tasks ... ok
test dag_linter::tests::missing_timeout_flags_unconfigured_tasks ... ok
test dag_profiler::tests::test_linear_profile ... ok
test dag_profiler::tests::test_parallel_profile ... ok
test dag_profiler::tests::test_zero_duration_profile ... ok
test dag_simulator::tests::test_complex_trigger_rules ... ok
test dag_simulator::tests::test_linear_dag_success ... ok
test dag_simulator::tests::test_upstream_failure_skips_downstream_all_success ... ok
test dag_simulator::tests::test_upstream_failure_triggers_downstream_all_done ... ok
test debounce::tests::deadline_never_exceeds_max_fire_at ... ok
test debounce::tests::independent_keys_have_independent_deadlines ... ok
test debounce::tests::max_wait_cap_clamps_deadline ... ok
test debounce::tests::policy_fields_accessible ... ok
test debounce::tests::policy_max_wait_none ... ok
test debounce::tests::resolve_input_prefix_stripped ... ok
test debounce::tests::resolve_integer_coerced_to_string ... ok
test debounce::tests::resolve_missing_field_returns_none ... ok
test debounce::tests::resolve_nested_path ... ok
test debounce::tests::resolve_non_object_input_returns_none ... ok
test debounce::tests::resolve_null_returns_none ... ok
test debounce::tests::resolve_top_level_field ... ok
test debounce::tests::trailing_edge_extension ... ok
test debounce::tests::window_zero_fires_immediately ... ok
test det_check::tests::check_source_empty_source_produces_no_findings ... ok
test det_check::tests::check_source_no_workflow_annotation_produces_no_findings ... ok
test det_check::tests::extract_fn_name_handles_visibility_and_async ... ok
test det_check::tests::is_workflow_attr_matches_bare_and_parameterised ... ok
test det_check::tests::parse_suppression_comment_handles_inline_trailing_comment ... ok
test det_check::tests::parse_suppression_comment_requires_quoted_reason ... ok
test det_check::tests::strip_unparseable_content_removes_block_comments ... ok
test det_check::tests::strip_unparseable_content_removes_comments_and_strings ... ok
test diagnostic::tests::test_diagnostic_report_generation ... ok
test dlq::tests::bulk_filter_dry_run_defaults_to_false_from_json ... ok
test dlq::tests::bulk_filter_effective_limit_clamps_at_1000 ... ok
test dlq::tests::bulk_filter_effective_limit_defaults_to_100 ... ok
test dlq::tests::bulk_filter_effective_limit_floors_at_1_for_zero ... ok
test dlq::tests::bulk_filter_effective_limit_uses_provided_value ... ok
test dlq::tests::bulk_filter_is_empty_when_no_criteria_set ... ok
test dlq::tests::bulk_filter_is_not_empty_when_activity_name_set ... ok
test dlq::tests::bulk_filter_is_not_empty_when_failed_after_set ... ok
test dlq::tests::bulk_filter_is_not_empty_when_failed_before_set ... ok
test dlq::tests::bulk_filter_is_not_empty_when_workflow_name_set ... ok
test dlq::tests::bulk_filter_serialization_roundtrip ... ok
test dlq::tests::callback_delivery_exhausted_is_distinct_from_poison_pill_and_timeout ... ok
test dlq::tests::dead_letter_entry_builds ... ok
test dlq::tests::dead_letter_entry_serializes_to_json ... ok
test dlq::tests::dead_letter_entry_without_optional_fields ... ok
test dlq::tests::dead_letter_reason_callback_delivery_exhausted_is_typed_json ... ok
test dlq::tests::dead_letter_reason_history_cap_is_typed_json ... ok
test dlq::tests::dead_letter_reason_poison_pill_is_typed_json ... ok
test dlq::tests::dead_letter_reason_workflow_task_timeout_is_typed_json ... ok
test dlq::tests::dimension_wire_round_trip ... ok
test dlq::tests::escape_like_escapes_wildcards ... ok
test dlq::tests::failure_signature_is_deterministic_and_shard_stable ... ok
test dlq::tests::failure_signature_normalizes_0x_prefixed_hex ... ok
test dlq::tests::failure_signature_normalizes_decimal_runs ... ok
test dlq::tests::failure_signature_normalizes_long_hex_run ... ok
test dlq::tests::failure_signature_normalizes_uuid ... ok
test dlq::tests::failure_signature_passes_through_clean_message ... ok
test dlq::tests::failure_signature_pure_decimal_gte8_digits_is_num_not_hex ... ok
test dlq::tests::failure_signature_takes_first_line_only ... ok
test dlq::tests::failure_signature_truncates_to_max_len ... ok
test dlq::tests::invalid_dead_letter_task_type_is_config_error ... ok
test dlq::tests::merge_caps_samples_per_group ... ok
test dlq::tests::merge_orders_groups_by_descending_count ... ok
test dlq::tests::merge_renders_hierarchical_key ... ok
test dlq::tests::merge_renders_null_for_missing_dimension_value ... ok
test dlq::tests::merge_rolls_long_tail_into_other_and_reconciles ... ok
test dlq::tests::merge_sums_counts_across_shards ... ok
test dlq::tests::params_dedupe_repeated_group_by ... ok
test dlq::tests::params_parse_hierarchical_group_by_preserves_order ... ok
test dlq::tests::params_parse_relative_since_duration ... ok
test dlq::tests::params_parse_rfc3339_since ... ok
test dlq::tests::params_parse_single_group_by ... ok
test dlq::tests::params_reject_invalid_time_bucket ... ok
test dlq::tests::params_reject_limit_groups_out_of_range ... ok
test dlq::tests::params_reject_malformed_duration ... ok
test dlq::tests::params_reject_negative_min_attempts ... ok
test dlq::tests::params_reject_samples_per_group_out_of_range ... ok
test dlq::tests::params_reject_unknown_group_by ... ok
test dlq::tests::params_require_at_least_one_group_by ... ok
test dlq::tests::redrive_filter_effective_max_clamps ... ok
test dlq::tests::redrive_filter_is_empty_only_when_no_substantive_criterion ... ok
test dlq::tests::redrive_outcome_is_copy_eq ... ok
test dlq::tests::time_bucket_formats ... ok
test effective_config::tests::capture_assembles_all_sections ... ok
test effective_config::tests::derived_bools_track_their_source_tunable ... ok
test effective_config::tests::feature_flags_reflect_compiled_cfg ... ok
test effective_config::tests::payload_caps_new_converts_durations_to_ms ... ok
test effective_config::tests::poll_interval_ms_matches_the_side_effect_free_constant ... ok
test effective_config::tests::redaction_never_leaks_a_connection_url ... ok
test effective_config::tests::resolve_pool_view_falls_back_when_no_sharded_pool ... ok
test effective_config::tests::resolve_pool_view_prefers_sharded_pool_sizing_when_present ... ok
test context::tests::workflow_context_continue_as_new_pushes_terminal_command ... ok
test context::tests::workflow_context_continue_as_new_replays_recorded_terminal_event ... ok
test effective_config::tests::shard_topology_reflects_router ... ok
test effective_config::tests::sentinel_coverage_surfaces_distinctive_values ... ok
test effective_config::tests::unbounded_ceilings_serialize_as_explicit_null_with_key_present ... ok
test effective_config::tests::worker_view_sharded_fields_prefer_resolved_override ... ok
test eligibility::tests::test_matches_requirements ... ok
test eligibility::tests::test_parse_requirements_composite ... ok
test eligibility::tests::test_parse_requirements_edge_cases ... ok
test eligibility::tests::test_parse_requirements_exact ... ok
test eligibility::tests::test_parse_requirements_in ... ok
test eligibility::tests::test_parse_requirements_invalid ... ok
test erase::tests::detects_tombstone_value ... ok
test erase::tests::detects_erased_execution_row_input ... ok
test erase::tests::does_not_flag_a_clean_execution_row_input ... ok
test erase::tests::does_not_treat_other_objects_as_tombstones ... ok
test erase::tests::erase_outcome_serialises_without_optional_vecs ... ok
test erase::tests::erasure_tombstone_shape ... ok
test erase::tests::leaves_events_without_payload_fields_untouched ... ok
test erase::tests::non_terminal_states_rejected ... ok
test erase::tests::idempotent_on_already_erased_event ... ok
test erase::tests::returns_zero_for_event_without_data_key ... ok
test erase::tests::summary_scrub_uses_the_shared_erasure_tombstone ... ok
test erase::tests::summary_scrubbed_true_serialises ... ok
test erase::tests::terminal_states_accepted ... ok
test erase::tests::tombstone_constant_key_is_correct ... ok
test erase::tests::tombstones_all_payload_fields_present ... ok
test erase::tests::tombstones_input_field ... ok
test erase::tests::tombstones_signal_payload ... ok
test erase::tests::tombstones_output_field ... ok
test error::tests::activity_cancelled_is_distinct_from_cancelled ... ok
test error::tests::activity_cancelled_variant_exists_and_displays_correctly ... ok
test error::tests::activity_failed_decodes_typed_circuit_open_payload ... ok
test error::tests::activity_failed_legacy_string_is_error_type_error ... ok
test error::tests::activity_failed_decodes_typed_operator_force_failed_payload ... ok
test error::tests::catch_construct_returns_the_constructed_value_when_no_panic ... ok
test error::tests::database_error_conversion ... ok
test error::tests::catch_construct_contains_a_construction_phase_panic ... ok
test error::tests::harvest_error_activity_failed_display ... ok
test error::tests::harvest_error_already_exists_display ... ok
test error::tests::harvest_error_cancelled_display ... ok
test error::tests::harvest_error_display_includes_task_name ... ok
test error::tests::harvest_error_external_signal_failed_display ... ok
test error::tests::harvest_error_config_display ... ok
test error::tests::harvest_error_external_signal_failed_unknown_target ... ok
test error::tests::harvest_error_invalid_search_attribute_display ... ok
test error::tests::harvest_error_is_std_error ... ok
test error::tests::harvest_error_not_found_display ... ok
test error::tests::harvest_error_queue_full_display ... ok
test error::tests::harvest_error_saga_compensation_failed ... ok
test error::tests::harvest_error_serialization_display ... ok
test error::tests::harvest_error_session_acquire_timeout_display ... ok
test error::tests::harvest_error_session_broken_display ... ok
test error::tests::harvest_error_timeout_workflow_execution_display ... ok
test error::tests::harvest_error_unknown_payload_codec_display ... ok
test error::tests::harvest_error_update_handler_not_found_display ... ok
test error::tests::harvest_error_workflow_failed_display ... ok
test error::tests::harvest_error_update_rejected_display ... ok
test error::tests::harvest_error_workflow_paused_display ... ok
test error::tests::harvest_result_ok ... ok
test error::tests::is_workflow_non_retryable_true_for_non_retryable_envelope ... ok
test error::tests::panic_message_extracts_str_literal_payload ... ok
test error::tests::panic_message_extracts_string_payload ... ok
test error::tests::panic_message_falls_back_for_unknown_payload_type ... ok
test error::tests::session_acquire_timeout_is_distinct_from_session_broken ... ok
test error::tests::panic_message_matches_a_real_caught_panic ... ok
test error::tests::timeout_type_display_is_correct ... ok
test error::tests::timeout_type_workflow_execution_round_trips_serde ... ok
test error::tests::workflow_error_type_none_for_other_variants ... ok
test error::tests::workflow_error_type_none_for_untyped ... ok
test error::tests::workflow_details_returns_details ... ok
test error::tests::workflow_error_type_returns_type_for_typed_failure ... ok
test error::tests::workflow_failed_decodes_envelope ... ok
test event::tests::activity_failed_retryable_round_trips ... ok
test event::tests::activity_failed_has_error_type_and_non_retryable_fields ... ok
test event::tests::activity_failed_old_format_deserializes_with_defaults ... ok
test event::tests::all_type_names_are_unique ... ok
test event::tests::event_type_name_is_stable ... ok
test event::tests::activity_scheduled_round_trips ... ok
test event::tests::child_workflow_failed_pre_767_json_deserializes_with_none ... ok
test event::tests::every_terminal_seal_variant_is_terminal_lifecycle ... ok
test event::tests::external_signal_delivered_round_trips ... ok
test event::tests::external_signal_events_are_not_terminal_lifecycle ... ok
test event::tests::external_signal_failed_round_trips ... ok
test event::tests::external_signal_failed_unknown_target_reason_code ... ok
test event::tests::external_signal_requested_pre_521_json_deserializes_without_key ... ok
test event::tests::local_activity_exhausted_round_trips ... ok
test event::tests::local_activity_completed_round_trips ... ok
test event::tests::external_signal_requested_round_trips ... ok
test event::tests::local_activity_failed_round_trips ... ok
test event::tests::local_activity_scheduled_round_trips ... ok
test event::tests::non_terminal_events_are_not_terminal_lifecycle ... ok
test event::tests::pre_cancellation_history_deserializes_unchanged ... ok
test event::tests::side_effect_kind_labels_are_bounded ... ok
test event::tests::side_effect_recorded_is_not_terminal_lifecycle ... ok
test event::tests::side_effect_recorded_round_trips_with_custom_name ... ok
test event::tests::side_effect_recorded_round_trips_without_name ... ok
test event::tests::timer_cancelled_round_trips ... ok
test event::tests::workflow_execution_paused_round_trips ... ok
test event::tests::workflow_execution_paused_round_trips_without_reason ... ok
test event::tests::workflow_execution_resumed_round_trips ... ok
test event::tests::workflow_execution_timed_out_type_name_is_stable ... ok
test event::tests::workflow_execution_timed_out_round_trips ... ok
test event::tests::workflow_failed_none_fields_omitted_from_json ... ok
test event::tests::workflow_failed_pre_767_json_deserializes_with_none ... ok
test event::tests::workflow_failed_typed_round_trips ... ok
test event::tests::workflow_redriven_omits_reason_when_none ... ok
test event::tests::workflow_redriven_round_trips_adjacently_tagged ... ok
test event::tests::workflow_redriven_type_name_and_not_terminal ... ok
test event::tests::workflow_reset_events_round_trip_and_type_names_are_stable ... ok
test event::tests::workflow_started_constructor_defaults_additive_fields_to_none ... ok
test event::tests::workflow_started_legacy_json_scheduled_time_defaults_to_none ... ok
test event::tests::workflow_started_round_trips_serde ... ok
test event::tests::workflow_started_scheduled_time_none_omitted_from_json ... ok
test event::tests::workflow_started_scheduled_time_round_trips ... ok
test execution::non_terminal_sql_tests::non_terminal_sql_excludes_exactly_terminal_states ... ok
test execution::pause_helper_tests::external_resume_shift_query_never_waits_on_a_locked_task_row ... ok
test execution::pause_helper_tests::external_resume_shift_query_targets_open_external_tasks_only ... ok
test execution::pause_helper_tests::pause_expired_exactly_at_ceiling ... ok
test execution::pause_helper_tests::pause_expired_past_ceiling ... ok
test execution::pause_helper_tests::pause_not_expired_within_ceiling ... ok
test execution::pause_helper_tests::pause_shift_micros_clamps_unrepresentable_span_to_finite_bound ... ok
test execution::pause_helper_tests::pause_shift_micros_passes_normal_spans_through_untouched ... ok
test execution::pause_helper_tests::resume_shift_query_restores_scheduled_at_for_frozen_rows_only ... ok
test execution::pause_helper_tests::resume_shift_query_targets_open_deadline_bearing_tasks_only ... ok
test execution::pause_helper_tests::zero_ceiling_expires_immediately ... ok
test execution::workflow_count_tests::dimension_as_wire_matches_query_param_vocabulary ... ok
test execution::workflow_count_tests::dimension_wire_round_trips ... ok
test execution::workflow_count_tests::dimension_from_wire_rejects_unknown ... ok
test executor::tests::author_error_produces_failed_without_handler_panic_flag ... ok
test executor::tests::author_error_produces_failed_without_nd_details ... ok
test executor::tests::construction_phase_panicking_workflow_is_contained_as_handler_panic ... ok
test executor::tests::engine_divergence_produces_failed_with_nd_details ... ok
test executor::tests::executor_dispatches_signal_handler_end_to_end ... ok
test executor::tests::executor_prefers_deferred_drift_over_workflow_error ... ok
test executor::tests::executor_replays_activity_from_history ... ok
test executor::tests::executor_replays_completed_workflow ... ok
test executor::tests::executor_returns_failed_for_erroring_workflow ... ok
test executor::tests::executor_signal_handler_workflow_completes_with_no_signal_recorded ... ok
test executor::tests::fabricated_handler_panic_error_type_does_not_set_handler_panic_flag ... ok
test executor::tests::panicking_workflow_produces_failed_with_handler_panic_flag ... ok
test failure::tests::activity_handler_panic_envelope_round_trips_error_type ... ok
test failure::tests::circuit_open_forced_omits_retry_after_and_flags_forced ... ok
test failure::tests::circuit_open_is_non_retryable_typed_failure ... ok
test failure::tests::circuit_open_round_trips_through_wire_format ... ok
test failure::tests::classify_activity_error_honours_policy_non_retryable_errors_list ... ok
test failure::tests::classify_activity_error_honours_typed_non_retryable_flag ... ok
test failure::tests::classify_activity_error_legacy_never_matches_policy_error_synthetic_type ... ok
test failure::tests::classify_activity_error_matches_parse_error_payload_full_for_legacy ... ok
test failure::tests::classify_activity_error_matches_parse_error_payload_full_for_typed ... ok
test failure::tests::decode_error_sentinel_class_yields_none_error_type ... ok
test failure::tests::decode_plain_string_yields_all_none ... ok
test failure::tests::display_returns_type_colon_message ... ok
test failure::tests::failure_is_non_retryable_delegates_to_classify_activity_error ... ok
test failure::tests::from_str_produces_retryable_error_type ... ok
test failure::tests::from_string_produces_retryable_error_type ... ok
test failure::tests::handler_panic_error_type_constant_has_correct_name ... ok
test failure::tests::into_error_payload_for_activity_failure_is_versioned_envelope ... ok
test failure::tests::into_error_payload_for_string_is_passthrough ... ok
test failure::tests::into_workflow_error_payload_for_string_is_passthrough ... ok
test failure::tests::non_retryable_sets_flag_true ... ok
test failure::tests::operator_force_failed_appends_reason_to_message_and_details ... ok
test failure::tests::operator_force_failed_is_non_retryable_regardless_of_retry_policy ... ok
test failure::tests::operator_force_failed_is_non_retryable_typed_failure ... ok
test failure::tests::operator_force_failed_round_trips_through_wire_format ... ok
test failure::tests::operator_force_failed_without_reason_omits_reason_detail ... ok
test failure::tests::parse_error_payload_decodes_activity_failure_json ... ok
test failure::tests::parse_error_payload_legacy_string_gives_error_type ... ok
test failure::tests::parse_error_payload_rejects_legacy_activity_failure_shaped_json ... ok
test failure::tests::parse_error_payload_retryable_failure_has_non_retryable_false ... ok
test failure::tests::retryable_sets_non_retryable_false ... ok
test failure::tests::serde_round_trip ... ok
test failure::tests::with_details_attaches_payload ... ok
test failure::tests::workflow_failure_builder_chain ... ok
test failure::tests::workflow_failure_display ... ok
test failure::tests::workflow_failure_envelope_round_trips ... ok
test failure::tests::workflow_failure_new_defaults_retryable ... ok
test failure::tests::workflow_handler_panic_envelope_round_trips_error_type ... ok
test guardrail::tests::all_rule_ids_start_with_hvg_and_numeric_suffix ... ok
test guardrail::tests::catalog_is_nonempty ... ok
test guardrail::tests::rule_ids_are_unique ... ok
test guardrail::tests::suppression_accepts_valid_reason ... ok
test guardrail::tests::suppression_rejects_empty_reason ... ok
test handle::tests::workflow_result_state_maps_database_states ... ok
test heartbeat::tests::heartbeat_batcher_debounces ... ok
test heartbeat::tests::heartbeat_empty_channel_no_flush ... ok
test history_export::tests::decoded_export_exceeding_max_bytes_is_rejected_with_decoded_size ... ok
test history_export::tests::full_history_export_preserves_codec_envelopes_verbatim ... ok
test history_export::tests::full_history_export_round_trips_through_replayer_json ... ok
test history_export::tests::history_export_size_limit_fails_with_machine_readable_metadata ... ok
test history_export::tests::oversized_envelope_with_small_decoded_form_exports_within_max_bytes ... ok
test history_export::tests::redacted_export_ignores_the_decoder_entirely ... ok
test history_export::tests::redacted_history_export_preserves_names_without_raw_payloads_or_tokens ... ok
test history_export::tests::redacted_history_export_redacts_side_effect_recorded_value ... ok
test history_export::tests::redacted_history_export_replaces_codec_envelopes_without_decoding ... ok
test history_export::tests::test_export_mermaid_sequence_basic_workflow ... ok
test history_export::tests::test_export_mermaid_sequence_empty ... ok
test history_export::tests::test_handle_activity_event_unreachable_panics - should panic ... ok
test history_export::tests::test_handle_child_workflow_event_unreachable_panics - should panic ... ok
test history_export::tests::test_handle_external_activity_event_unreachable_panics - should panic ... ok
test history_export::tests::test_handle_local_activity_event_unreachable_panics - should panic ... ok
test history_export::tests::test_handle_misc_event_unreachable_panics - should panic ... ok
test history_export::tests::test_handle_timer_event_unreachable_panics - should panic ... ok
test history_export::tests::test_handle_update_event_unreachable_panics - should panic ... ok
test history_export::tests::test_handle_workflow_event_unreachable_panics - should panic ... ok
test info::tests::activity_info_concurrency_fields ... ok
test info::tests::activity_info_default_policy ... ok
test info::tests::activity_info_is_local_true ... ok
test info::tests::activity_info_schedule_to_close_field_accessible ... ok
test info::tests::activity_info_schedule_to_close_none_by_default ... ok
test info::tests::dag_as_workflow_info_defaults_to_not_mcp ... ok
test info::tests::dag_as_workflow_info_propagates_mcp_opt_in ... ok
test info::tests::dag_info_builds_definition ... ok
test info::tests::dag_with_mcp_sets_the_flag ... ok
test info::tests::info_debug_formats_correctly ... ok
test info::tests::registered_workflow_record_includes_schema_when_present ... ok
test info::tests::registered_workflow_record_serialises_nulls_when_no_schema ... ok
test info::tests::registered_workflow_record_surfaces_mcp_flag ... ok
test info::tests::update_handler_info_mcp_field_defaults_false ... ok
test info::tests::validate_input_against_schema_returns_err_for_invalid ... ok
test info::tests::validate_input_against_schema_returns_ok_for_valid ... ok
test info::tests::validate_input_returns_ok_when_no_schema ... ok
test info::tests::workflow_info_debug_includes_mcp ... ok
test info::tests::workflow_info_description_field_accessible ... ok
test info::tests::workflow_info_execution_timeout_field_is_accessible ... ok
test info::tests::workflow_info_fields_accessible ... ok
test info::tests::workflow_info_mcp_defaults_false_and_with_mcp_sets_true ... ok
test info::tests::workflow_info_schema_fn_roundtrip ... ok
test info::tests::workflow_info_sla_field_can_be_set ... ok
test info::tests::workflow_info_sla_field_is_accessible_and_defaults_none ... ok
test info::tests::workflow_info_with_description_builder ... ok
test notify::tests::channel_name_for_queue ... ok
test notify::tests::channel_name_no_hyphens_in_output ... ok
test notify::tests::notify_payload_roundtrips ... ok
test notify::tests::quoted_identifier_escapes_embedded_quotes ... ok
test notify::tests::workflow_event_notify_payload_roundtrips ... ok
test notify::tests::workflow_events_channel_is_stable ... ok
test payload_codec::tests::codec_envelope_survives_plain_event_serde_round_trip ... ok
test payload_codec::tests::decode_error_string_lossy_decodes_stringified_envelope ... ok
test payload_codec::tests::decode_error_string_lossy_failure_returns_serialized_marker ... ok
test payload_codec::tests::decode_error_string_lossy_leaves_non_envelope_json_untouched ... ok
test payload_codec::tests::decode_error_string_lossy_leaves_plain_error_text_untouched ... ok
test payload_codec::tests::decode_error_string_lossy_serializes_non_string_decoded_json ... ok
test payload_codec::tests::decode_unknown_codec_id_fails ... ok
test payload_codec::tests::decode_value_lossy_bad_base64_yields_marker ... ok
test payload_codec::tests::decode_value_lossy_codec_decode_failure_yields_marker ... ok
test payload_codec::tests::decode_value_lossy_counts_decoded_and_failed_fields ... ok
test payload_codec::tests::decode_value_lossy_decodes_envelope_in_place ... ok
test payload_codec::tests::decode_value_lossy_does_not_rescan_decoded_plaintext_for_envelopes ... ok
test payload_codec::tests::decode_value_lossy_identity_envelope_round_trips ... ok
test payload_codec::tests::decode_value_lossy_ignores_erasure_tombstone ... ok
test payload_codec::tests::decode_value_lossy_ignores_non_envelope_object_with_codec_id_key ... ok
test payload_codec::tests::decode_value_lossy_ignores_offload_envelope ... ok
test payload_codec::tests::decode_value_lossy_invalid_decoded_json_yields_marker ... ok
test payload_codec::tests::decode_value_lossy_mixed_good_and_bad_envelopes_decodes_good_marks_bad ... ok
test payload_codec::tests::decode_value_lossy_non_envelope_values_pass_through_untouched ... ok
test payload_codec::tests::decode_value_lossy_passes_through_malformed_envelope_variants ... ok
test payload_codec::tests::decode_value_lossy_recurses_into_arrays_and_nested_objects ... ok
test payload_codec::tests::decode_value_lossy_transforms_envelope_shaped_business_plaintext ... ok
test payload_codec::tests::decode_value_lossy_unknown_codec_id_yields_undecodable_marker_not_error ... ok
test payload_codec::tests::encode_then_decode_round_trips_side_effect_recorded_value ... ok
test payload_codec::tests::encode_then_decode_round_trips_workflow_event_payloads ... ok
test payload_codec::tests::identity_codec_preserves_raw_payload_shape ... ok
test payload_codec::tests::legacy_object_with_codec_id_but_not_envelope_is_not_decoded ... ok
test payload_codec::tests::lossy_decode_outcome_merged_and_touched_semantics ... ok
test payload_codec::tests::undecodable_marker_shape_and_reasons_are_stable ... ok
test payload_store::tests::already_offloaded_field_is_not_reuploaded ... ok
test payload_store::tests::checksum_mismatch_is_detected ... ok
test payload_store::tests::composes_after_codec_envelope ... ok
test payload_store::tests::extract_offload_ref_recognises_envelope_without_fetch ... ok
test payload_store::tests::multiple_payload_fields_offloaded_independently ... ok
test payload_store::tests::offload_then_inflate_round_trips_byte_identical ... ok
test payload_store::tests::small_field_stays_inline ... ok
test payload_store::tests::threshold_boundary_is_exclusive ... ok
test payload_store::tests::unknown_store_id_on_inflate_errors ... ok
test poison_pill::tests::beyond_threshold_quarantines ... ok
test poison_pill::tests::first_strike_under_threshold_requeues ... ok
test poison_pill::tests::negative_threshold_never_quarantines ... ok
test poison_pill::tests::orphan_query_targets_running_dead_worker_rows ... ok
test poison_pill::tests::reaching_threshold_quarantines ... ok
test poison_pill::tests::reclaim_summary_total_sums_both_buckets ... ok
test poison_pill::tests::threshold_one_quarantines_on_first_strike ... ok
test poison_pill::tests::zero_threshold_never_quarantines ... ok
test policy::compute_retry_delay_attempt_zero ... ok
test policy::compute_retry_delay_negative_nan ... ok
test policy::tests::catchup_policy_as_str_round_trips ... ok
test policy::tests::catchup_policy_from_db_explicit_modes ... ok
test policy::tests::catchup_policy_from_db_null_falls_back_to_bool ... ok
test policy::tests::catchup_policy_from_db_unknown_mode_falls_back_to_bool ... ok
test policy::tests::catchup_policy_from_user_input_strict ... ok
test policy::tests::catchup_policy_is_catchup_enabled ... ok
test policy::tests::catchup_policy_to_db_columns ... ok
test policy::tests::catchup_policy_window_missing_secs_defaults_to_zero ... ok
test policy::tests::compute_jitter_offset_deterministic ... ok
test policy::tests::compute_jitter_offset_uniform_distribution ... ok
test policy::tests::compute_jitter_offset_within_bounds ... ok
test policy::tests::compute_jitter_offset_zero_jitter_returns_zero ... ok
test policy::tests::compute_retry_delay_caps_at_max ... ok
test policy::tests::compute_retry_delay_exponential ... ok
test policy::tests::cron_in_timezone_invalid_expr_rejected ... ok
test policy::tests::cron_in_timezone_serde_round_trips ... ok
test policy::tests::cron_in_timezone_unknown_tz_rejected ... ok
test policy::tests::cron_in_timezone_validate_jitter_applies_cron_rules ... ok
test policy::tests::cron_in_timezone_validate_ok ... ok
test policy::tests::exponential_backoff_doubles ... ok
test policy::tests::exponential_caps_at_max_interval ... ok
test policy::tests::fixed_backoff_stays_constant ... ok
test policy::tests::no_retry_after_max_attempts ... ok
test policy::tests::overlap_policy_as_str_round_trips ... ok
test policy::tests::overlap_policy_default_is_skip ... ok
test policy::tests::overlap_policy_from_db_unknown_defaults_to_skip ... ok
test policy::tests::overlap_policy_serde_round_trips ... ok
test context::tests::race_rejects_oversized_second_branch_without_queuing_open_marker ... ok
test policy::tests::retry_jitter_none_is_bit_identical_default ... ok
test policy::tests::skip_policy_as_str_round_trips ... ok
test policy::tests::skip_policy_default_is_skip ... ok
test policy::tests::skip_policy_from_db_unknown_defaults_to_skip ... ok
test policy::tests::skip_policy_serde_round_trips ... ok
test policy::tests::trigger_rule_all_done_runs_on_any_completion ... ok
test policy::tests::trigger_rule_all_failed ... ok
test policy::tests::trigger_rule_all_success_requires_all_success ... ok
test policy::tests::trigger_rule_manual_never_fires ... ok
test policy::tests::trigger_rule_one_failed ... ok
test policy::tests::trigger_rule_one_success ... ok
test policy::tests::trigger_rule_vacuous_empty_slice ... ok
test policy::tests::validate_jitter_cron_gt_one_hour_is_error ... ok
test policy::tests::validate_jitter_cron_lte_one_hour_is_ok ... ok
test policy::tests::validate_jitter_interval_gte_period_is_error ... ok
test policy::tests::validate_jitter_interval_lt_period_is_ok ... ok
test policy::tests::validate_jitter_zero_always_accepted ... ok
test policy::tests::workflow_schedule_buffer_all_max_defaults_to_100 ... ok
test policy::tests::workflow_schedule_calendar_defaults_to_none ... ok
test policy::tests::workflow_schedule_catchup_policy_defaults_to_none ... ok
test policy::tests::workflow_schedule_end_at_and_limited_actions_default_to_none ... ok
test policy::tests::workflow_schedule_jitter_defaults_to_zero ... ok
test policy::tests::workflow_schedule_overlap_policy_defaults_to_skip ... ok
test policy::tests::workflow_schedule_skip_policy_defaults_to_skip ... ok
test policy::tests::workflow_schedule_with_buffer_all_max_sets_field ... ok
test policy::tests::workflow_schedule_with_calendar_sets_field ... ok
test policy::tests::workflow_schedule_with_catchup_policy_sets_field ... ok
test policy::tests::workflow_schedule_with_catchup_window_sets_window_variant ... ok
test policy::tests::workflow_schedule_with_jitter_sets_duration ... ok
test policy::tests::workflow_schedule_with_limited_actions_composes_with_jitter_and_overlap ... ok
test policy::tests::workflow_schedule_with_limited_actions_matches_with_max_runs ... ok
test policy::tests::workflow_schedule_with_limited_actions_sets_max_runs ... ok
test policy::tests::workflow_schedule_with_limited_actions_zero_normalises_to_none ... ok
test policy::tests::workflow_schedule_with_overlap_policy_sets_field ... ok
test policy::tests::workflow_schedule_with_skip_policy_sets_field ... ok
test policy::tests::zero_interval_schedule_rejected ... ok
test pool::tests::pool_config_default_values ... ok
test pool::tests::pool_config_rejects_zero_web_pool ... ok
test pool::tests::pool_config_rejects_zero_worker_pool ... ok
test pool::tests::pool_config_validates_ceiling ... ok
test pool::tests::pool_sizes_exact_fit ... ok
test pool::tests::pool_sizes_extreme_imbalance ... ok
test pool::tests::pool_sizes_minimum_guarantee ... ok
test pool::tests::pool_sizes_remainder_goes_to_web ... ok
test pool::tests::pool_sizes_respect_ceiling ... ok
test pool::tests::pool_sizes_unchanged_under_ceiling ... ok
test query::tests::execute_returns_not_found_for_unregistered ... ok
test query::tests::execute_with_args_passes_args_to_handler ... ok
test query::tests::executes_registered_query ... ok
test query::tests::list_names_returns_registered_names ... ok
test query::tests::registration_is_idempotent ... ok
test queue::tests::apply_activity_requirements_backfills_unsnapshotted_rows ... ok
test queue::tests::apply_activity_requirements_empty_map_is_noop ... ok
test queue::tests::apply_activity_requirements_keeps_existing_snapshot ... ok
test queue::tests::enqueue_params_builds_correctly ... ok
test queue::tests::enqueue_params_concurrency_fields_default_to_none ... ok
test queue::tests::enqueue_params_concurrency_fields_set_manually ... ok
test queue::tests::enqueue_params_defaults_have_no_sticky_pin ... ok
test queue::tests::enqueue_params_schedule_to_close_at_can_be_set ... ok
test queue::tests::enqueue_params_schedule_to_close_at_defaults_to_none ... ok
test queue::tests::enqueue_params_with_overrides ... ok
test queue::tests::enqueue_params_with_sticky_sets_both_fields ... ok
test queue::tests::enqueue_params_with_trace_context_attaches_carrier ... ok
test queue::tests::park_workflow_task_queries_capture_wake_requested_before_clearing_it ... ok
test queue::tests::park_workflow_task_query_clears_sticky_columns ... ok
test queue::tests::park_workflow_task_sticky_query_sets_sticky_columns ... ok
test queue::tests::pending_requeue_changeset_nulls_out_none_fields_in_generated_sql ... ok
test queue::tests::primary_repend_workflow_task_query_targets_parked_and_elapsed_mixed_signal_rows ... ok
test queue::tests::requeue_after_panic_query_resets_and_unpins_the_task_row ... ok
test queue::tests::schedule_to_start_uses_eligibility_floor ... ok
test queue::tests::sticky_hint_constructs_with_fields ... ok
test queue::tests::sticky_hint_rejects_out_of_range_duration ... ok
test queue::tests::task_type_display ... ok
test queue::tests::wake_requested_fallback_query_targets_only_claimed_running_rows ... ok
test queue_fairness::tests::absent_queue_defaults_to_weight_one ... ok
test queue_fairness::tests::all_zero_weights_returns_queues_in_stable_original_order ... ok
test queue_fairness::tests::configured_weight_is_preserved ... ok
test queue_fairness::tests::empty_pairs_returns_empty_order ... ok
test queue_fairness::tests::empty_queues_returns_empty ... ok
test policy::tests::retry_jitter_bounds_over_10k_seeds ... ok
test executor::tests::executor_returns_continued_as_new_when_command_drained ... ok
test executor::tests::executor_suspends_on_new_activity ... ok
test queue_fairness::tests::single_queue_returns_same_queue ... ok
test queue_fairness::tests::output_is_a_permutation_no_duplicates_no_missing ... ok
test queue_fairness::tests::zero_weight_is_preserved ... ok
test queue_fairness::tests::low_weight_queue_always_present_in_permutation ... ok
test replay::tests::advance_skips_current_event ... ok
test replay::tests::bare_trailing_failed_stays_non_transparent ... ok
test replay::tests::claim_pending_signal_claims_events_already_stashed_by_another_scan ... ok
test queue_fairness::tests::zero_weight_queues_always_appear_last ... ok
test replay::tests::claim_pending_signal_claims_signals_unrelated_to_any_race ... ok
test replay::tests::claim_pending_signal_does_not_steal_from_an_open_signal_timeout_race ... ok
test replay::tests::claim_pending_signal_does_not_advance_past_an_unconsumed_activity ... ok
test replay::tests::claim_pending_signal_does_not_steal_from_pull_based_wait ... ok
test replay::tests::claim_pending_signal_ignores_other_names ... ok
test replay::tests::claim_pending_signal_only_reserves_the_first_racing_signal_not_a_later_one ... ok
test replay::tests::claim_pending_signal_is_idempotent_within_one_matcher ... ok
test replay::tests::claim_pending_signal_reserves_only_the_racing_occurrence_not_other_signals ... ok
test replay::tests::claim_pending_signal_reserves_one_occurrence_per_concurrent_race ... ok
test replay::tests::claim_pending_signal_returns_empty_when_none_recorded ... ok
test replay::tests::claim_pending_signal_returns_matching_payloads_in_order ... ok
test replay::tests::command_dispatch_past_redriven_tail_is_live_not_diverged ... ok
test replay::tests::late_race_exemption_is_scoped_to_one_occurrence ... ok
test replay::tests::late_race_exemption_is_voided_when_loser_is_consumed ... ok
test replay::tests::match_session_marker_advances_cursor_past_marker ... ok
test replay::tests::match_session_marker_distinguishes_by_seq ... ok
test replay::tests::match_session_marker_diverges_on_name_mismatch ... ok
test replay::tests::match_session_marker_diverges_on_non_uuid_payload ... ok
test replay::tests::match_session_marker_diverges_on_unexpected_event ... ok
test replay::tests::match_session_marker_matches_recorded_uuid ... ok
test replay::tests::match_session_marker_no_match_on_empty_history ... ok
test replay::tests::match_signal_does_not_steal_from_a_prior_claim ... ok
test replay::tests::match_u64_marker_advances_cursor_past_marker ... ok
test replay::tests::match_u64_marker_diverges_on_name_mismatch ... ok
test replay::tests::match_u64_marker_diverges_on_unexpected_event ... ok
test replay::tests::match_u64_marker_diverges_on_value_mismatch ... ok
test replay::tests::match_u64_marker_matches_recorded_value ... ok
test queue_fairness::tests::equal_weights_produce_uniform_first_position_distribution ... ok
test replay::tests::matcher_activity_preserves_detached_spawn_interleaved_before_completion ... ok
test replay::tests::match_u64_marker_no_match_on_empty_history ... ok
test replay::tests::matcher_activity_replay_preserves_interleaved_child_start_for_later_child_match ... ok
test replay::tests::matcher_activity_scan_skips_interleaved_child_start ... ok
test replay::tests::matcher_activity_scan_skips_consumed_interleaved_child_terminal ... ok
test replay::tests::matcher_activity_scan_skips_interleaved_timer_cancel ... ok
test replay::tests::matcher_activity_scan_skips_interleaved_timer_started ... ok
test replay::tests::matcher_activity_skips_pause_resume_between_scheduled_and_completed ... ok
test replay::tests::matcher_activity_skips_signal_ingested_before_activity_scheduled ... ok
test replay::tests::matcher_activity_skips_signal_interleaved_between_scheduled_and_completed ... ok
test replay::tests::matcher_allows_non_signal_command_after_out_of_order_signal_match ... ok
test replay::tests::matcher_child_workflow_input_mismatch_diverges ... ok
test replay::tests::matcher_child_workflow_keeps_interleaved_activity_replayable ... ok
test replay::tests::matcher_child_workflow_keeps_interleaved_starts_replayable ... ok
test replay::tests::matcher_child_workflow_without_terminal_returns_child_in_progress ... ok
test replay::tests::matcher_child_workflow_scans_past_interleaved_events ... ok
test replay::tests::matcher_continue_as_new_input_mismatch_diverges ... ok
test replay::tests::matcher_continue_as_new_wrong_event_diverges ... ok
test replay::tests::matcher_deprecate_patch_marks_all_matching_markers_consumed ... ok
test replay::tests::matcher_deprecate_patch_sees_marker_recorded_this_cycle ... ok
test replay::tests::matcher_deprecate_patch_sees_version_marker_recorded_this_cycle ... ok
test replay::tests::matcher_deprecated_patch_memo_drives_match_patch_marker ... ok
test replay::tests::matcher_detects_non_determinism_wrong_activity_name ... ok
test replay::tests::matcher_detects_non_determinism_wrong_event_type ... ok
test replay::tests::matcher_external_activity_preserves_detached_spawn_before_external_completion ... ok
test replay::tests::matcher_external_signal_preserves_detached_spawn_before_delivery ... ok
test replay::tests::matcher_local_activity_detects_divergence_wrong_event_type ... ok
test replay::tests::matcher_local_activity_detects_divergence_wrong_name ... ok
test replay::tests::matcher_local_activity_exhausted_event_returns_failed ... ok
test replay::tests::matcher_local_activity_no_match_at_end_of_history ... ok
test replay::tests::matcher_local_activity_preserves_detached_spawn_interleaved_before_completion ... ok
test replay::tests::matcher_local_activity_skips_intermediate_failures_and_returns_completion ... ok
test replay::tests::matcher_local_activity_stashes_signals_during_retry_scan ... ok
test replay::tests::matcher_local_activity_with_recorded_failures_returns_in_progress ... ok
test replay::tests::matcher_patch_marker_absent_returns_absent_without_advancing ... ok
test replay::tests::matcher_patch_marker_interop_consumes_version_marker ... ok
test replay::tests::matcher_patch_marker_later_marker_does_not_match_at_cursor ... ok
test replay::tests::matcher_patch_marker_past_history_is_newly_patched ... ok
test replay::tests::matcher_patch_marker_recorded_at_cursor ... ok
test replay::tests::matcher_patch_marker_trailing_signal_history_is_absent ... ok
test replay::tests::matcher_pause_resume_are_not_unconsumed_history ... ok
test replay::tests::matcher_preserves_unrelated_signal_for_later_wait ... ok
test replay::tests::matcher_replays_child_workflow_completion ... ok
test replay::tests::matcher_replays_child_workflow_failure ... ok
test replay::tests::matcher_replays_completed_activity ... ok
test replay::tests::matcher_replays_completed_local_activity ... ok
test replay::tests::matcher_replays_continue_as_new ... ok
test replay::tests::matcher_replays_failed_activity ... ok
test replay::tests::matcher_replays_multiple_activities_in_sequence ... ok
test replay::tests::matcher_replays_sequential_local_and_regular_activities ... ok
test replay::tests::matcher_replays_signal_payload ... ok
test replay::tests::matcher_replays_timed_out_activity ... ok
test replay::tests::matcher_replays_timer ... ok
test replay::tests::matcher_replays_typed_child_workflow_failure ... ok
test replay::tests::matcher_replays_version_marker ... ok
test replay::tests::matcher_rewinds_to_later_sibling_when_earlier_activity_is_in_progress ... ok
test replay::tests::matcher_returns_no_match_at_end_of_history ... ok
test replay::tests::matcher_saga_marker_absent_at_terminal_event_after_cancellation ... ok
test replay::tests::matcher_saga_marker_absent_on_foreign_event_leaves_cursor ... ok
test replay::tests::matcher_saga_marker_distinguishes_seq_by_name ... ok
test replay::tests::matcher_saga_marker_drained_signal_frontier_after_trailing_signals ... ok
test replay::tests::matcher_saga_marker_live_frontier_on_empty_history ... ok
test replay::tests::matcher_saga_marker_live_frontier_past_trailing_cancellation_event ... ok
test replay::tests::matcher_saga_marker_recorded_consumes_marker ... ok
test replay::tests::matcher_saga_marker_recorded_out_of_order_past_cancellation_event ... ok
test replay::tests::matcher_saga_marker_recorded_past_drained_trailing_signal ... ok
test replay::tests::matcher_signal_scan_diverges_on_unconsumed_stray_timer ... ok
test replay::tests::matcher_signal_scan_sequential_reset_no_signal_suspends ... ok
test replay::tests::matcher_signal_scan_sequential_reset_then_signal_matches ... ok
test replay::tests::matcher_signal_scan_skips_interleaved_reset ... ok
test queue_fairness::tests::three_to_one_weight_produces_correct_first_position_frequency ... ok
test replay::tests::matcher_signal_wait_preserves_detached_spawn_before_later_signal ... ok
test replay::tests::matcher_signal_scan_skips_interleaved_timer_cancel ... ok
test replay::tests::matcher_skips_heartbeats_during_replay ... ok
test replay::tests::matcher_skips_unrelated_signals_while_waiting ... ok
test replay::tests::matcher_timer_arm_consumes_started ... ok
test replay::tests::matcher_timer_arm_diverges_on_duration ... ok
test replay::tests::matcher_timer_arm_no_match_past_end ... ok
test replay::tests::matcher_timer_cancel_crosses_foreign_sibling_fire ... ok
test replay::tests::matcher_timer_cancel_finds_and_consumes ... ok
test replay::tests::matcher_timer_cancel_no_match_when_absent ... ok
test replay::tests::matcher_timer_detects_divergence ... ok
test replay::tests::matcher_timer_no_match_at_end ... ok
test replay::tests::matcher_timer_or_cancel_cancel_wins_over_later_fire ... ok
test replay::tests::matcher_timer_or_cancel_cancelled ... ok
test replay::tests::matcher_timer_or_cancel_crosses_foreign_sibling_fire ... ok
test replay::tests::matcher_timer_or_cancel_fire_wins_over_later_cancel ... ok
test replay::tests::matcher_timer_or_cancel_fired ... ok
test replay::tests::matcher_timer_or_cancel_no_match_when_unresolved ... ok
test replay::tests::matcher_timer_or_cancel_still_stops_at_foreign_command ... ok
test replay::tests::matcher_timer_preserves_detached_spawn_interleaved_before_fire ... ok
test replay::tests::matcher_timer_reaches_fire_past_interleaved_reset ... ok
test replay::tests::matcher_timer_replay_preserves_interleaved_child_start_for_later_child_match ... ok
test replay::tests::matcher_timer_skips_pause_resume_between_started_and_fired ... ok
test replay::tests::matcher_timer_scan_skips_consumed_interleaved_child_terminal ... ok
test replay::tests::matcher_timer_skips_signal_interleaved_between_started_and_fired ... ok
test replay::tests::matcher_timer_started_peek_skips_detached_spawn ... ok
test replay::tests::matcher_timer_skips_signal_ingested_before_timer_started ... ok
test replay::tests::matcher_treats_reset_fork_marker_as_informational ... ok
test replay::tests::matcher_version_returns_max_past_history ... ok
test replay::tests::matcher_version_returns_min_for_old_workflow ... ok
test replay::tests::redrive_marks_superseded_failed_and_redrive_transparent ... ok
test replay::tests::redrive_pair_passes_unconsumed_check ... ok
test replay::tests::signal_or_timer_diverges_on_duration_change ... ok
test replay::tests::signal_or_timer_diverges_on_unrelated_event ... ok
test replay::tests::signal_or_timer_in_progress_rewinds_to_interleaved_command ... ok
test replay::tests::signal_or_timer_no_match_on_empty_history ... ok
test replay::tests::signal_or_timer_in_progress_when_neither_resolution_recorded ... ok
test replay::tests::signal_or_timer_replays_same_branch_when_both_events_exist ... ok
test replay::tests::signal_or_timer_scans_past_interleaved_bookkeeping_and_sibling_timer ... ok
test replay::tests::signal_or_timer_signal_win_consumes_stray_timer_fired ... ok
test replay::tests::signal_or_timer_signal_wins_across_interleaved_activity ... ok
test replay::tests::signal_or_timer_signal_wins_when_recorded_before_timer_fired ... ok
test replay::tests::signal_or_timer_signal_wins_when_received_before_race_started ... ok
test replay::tests::signal_or_timer_stashed_signal_before_fire_still_wins ... ok
test replay::tests::signal_or_timer_stashes_non_matching_signals_during_scan ... ok
test replay::tests::signal_or_timer_stashed_signal_after_fire_does_not_win ... ok
test replay::tests::signal_or_timer_timer_win_does_not_consume_late_signal ... ok
test replay::tests::signal_or_timer_timer_win_late_signal_exemption_survives_stashing ... ok
test replay::tests::signal_or_timer_timer_win_late_signal_is_not_flagged_unconsumed ... ok
test replay::tests::signal_or_timer_timer_wins_when_fired_first ... ok
test replay::tests::signal_or_timer_timer_wins_across_interleaved_activity ... ok
test replay::tests::unraced_unconsumed_signal_still_flags_history ... ok
test reset::tests::allow_terminal_source_is_not_settable_from_the_wire ... ok
test reset::tests::can_history_returns_continue_as_new_skip ... ok
test reset::tests::batch_reset_outcome_serde_roundtrip ... ok
test reset::tests::empty_history_returns_empty_history_skip ... ok
test reset::tests::first_activity_run_no_match_returns_skip ... ok
test reset::tests::first_activity_run_resolves_to_before_first_schedule ... ok
test reset::tests::first_activity_run_resolves_to_zero_when_at_index_one ... ok
test reset::tests::last_workflow_task_returns_highest_valid_boundary ... ok
test reset::tests::last_workflow_task_skips_child_workflow_cascade_applied_at_tail ... ok
test reset::tests::last_workflow_task_skips_workflow_cancelled_at_tail ... ok
test reset::tests::last_workflow_task_skips_workflow_execution_timed_out_at_tail ... ok
test reset::tests::last_workflow_task_skips_workflow_failed_at_tail ... ok
test reset::tests::reset_point_allows_reset_after_local_activity_exhausted ... ok
test reset::tests::last_workflow_task_skips_workflow_retry_scheduled_at_tail ... ok
test reset::tests::last_workflow_task_with_open_side_effect_falls_back_to_lower_boundary ... ok
test reset::tests::reset_point_allows_resolved_external_cancel ... ok
test reset::tests::reset_point_allows_resolved_timer_boundary ... ok
test reset::tests::reset_point_allows_workflow_started_boundary ... ok
test reset::tests::reset_point_field_is_backward_compatible_on_wire ... ok
test reset::tests::reset_point_rejects_continue_as_new_history ... ok
test reset::tests::reset_point_rejects_detached_spawn_boundary ... ok
test reset::tests::reset_point_rejects_reset_after_intermediate_local_activity_failure ... ok
test reset::tests::reset_point_rejects_unresolved_activity_with_hint ... ok
test reset::tests::reset_point_rejects_unresolved_external_cancel ... ok
test reset::tests::reset_point_timer_resolved_by_cancel_not_only_fire ... ok
test reset::tests::resolve_event_id_passthrough ... ok
test reset::tests::signal_reapply_policy_defaults_to_drop_and_parses_buffer ... ok
test reset::tests::reset_skip_reason_serde_roundtrip ... ok
test reset::tests::validate_source_accepts_running_and_paused_as_non_terminal ... ok
test reset::tests::validate_source_paused_accepted_with_terminal_override ... ok
test reset::tests::validate_source_rejects_terminal_states_without_override ... ok
test retention::tests::cap_error_text_none_small_and_over_cap ... ok
test retention::tests::cap_result_payload_never_stores_an_offload_envelope ... ok
test retention::tests::cap_result_payload_none_and_small_and_over_cap ... ok
test retention::tests::legal_hold_active_when_until_in_future ... ok
test retention::tests::legal_hold_active_when_set_and_indefinite ... ok
test retention::tests::legal_hold_inactive_when_expired ... ok
test retention::tests::legal_hold_inactive_when_never_set ... ok
test retention::tests::legal_hold_outcome_omits_optional_none_fields ... ok
test retention::tests::omitted_marker_shape ... ok
test retention::tests::summary_config_builders_and_predicates ... ok
test retention::tests::summary_policy_builders ... ok
test retention::tests::summary_validate_bounds_the_horizon ... ok
test retention::tests::test_effective_max_age_resolution ... ok
test retention::tests::test_history_retention_active ... ok
test retention::tests::test_loosest_cutoff_age ... ok
test retention::tests::test_overrides_backward_compat_empty ... ok
test retention::tests::test_retention_config_enabled ... ok
test retention::tests::test_retention_config_validation ... ok
test retention::tests::test_retention_monitor ... ok
test retention::tests::test_validate_overrides_bounds ... ok
test retention::tests::test_with_workflow_overrides_bulk ... ok
test run_chain::tests::complete_post_feature_chain_has_no_gap_flag ... ok
test retention::tests::test_run_shard_tick_cursor_frozen_on_skip ... ok
test run_chain::tests::continued_to_not_synthesized_across_a_gap ... ok
test run_chain::tests::cycle_in_backlinks_does_not_hang ... ok
test run_chain::tests::empty_input_yields_empty_response ... ok
test run_chain::tests::head_not_found_falls_back_to_earliest_started ... ok
test run_chain::tests::head_unknown_true_when_a_middle_run_is_deleted ... ok
test run_chain::tests::head_unknown_true_when_resolved_head_declares_a_missing_predecessor ... ok
test run_chain::tests::mixed_chain_boundary_run_reported_as_head_without_unknown ... ok
test run_chain::tests::outcome_for_state_maps_every_known_state ... ok
test run_chain::tests::ordering_is_independent_of_input_row_order ... ok
test run_chain::tests::outcome_for_state_unknown_defaults_to_running ... ok
test run_chain::tests::post_feature_chain_orders_and_links ... ok
test run_chain::tests::post_feature_chain_resolves_identically_from_middle_and_tail ... ok
test run_chain::tests::pure_legacy_chain_orders_by_time_and_flags_head_unknown ... ok
test run_chain::tests::reconstruct_cycle_in_links_does_not_hang ... ok
test run_chain::tests::reconstruct_ignores_id_reuse_run_not_linked_by_can_event ... ok
test run_chain::tests::reconstruct_legacy_from_middle_walks_both_directions ... ok
test run_chain::tests::reconstruct_legacy_from_tail_walks_back_to_origin ... ok
test run_chain::tests::reconstruct_respects_max_hops_bound ... ok
test run_chain::tests::reconstruct_standalone_run_is_single_entry ... ok
test run_chain::tests::single_standalone_run_is_not_a_chain ... ok
test run_chain::tests::response_serializes_snake_case ... ok
test run_chain::tests::two_run_post_feature_head_is_known ... ok
test saga::tests::test_saga_context_accessor ... ok
test saga::tests::test_saga_compensate_all ... ok
test saga::tests::test_saga_compensation_failure_returns_saga_compensation_failed ... ok
test saga::tests::test_saga_failing_step_triggers_compensations ... ok
test saga::tests::test_saga_successful_steps_do_not_compensate ... ok
test scheduler::tests::buffered_runs_to_json_serializes_as_iso_strings ... ok
test scheduler::tests::catchup_run_plan_most_recent_all_slots_after_end_at_fires_nothing ... ok
test scheduler::tests::catchup_run_plan_most_recent_high_frequency_is_bounded ... ok
test scheduler::tests::catchup_run_plan_most_recent_fires_exactly_one_newest_slot ... ok
test scheduler::tests::catchup_run_plan_most_recent_cron_walk_matches_arithmetic ... ok
test scheduler::tests::catchup_run_plan_most_recent_with_single_slot_has_zero_drops ... ok
test scheduler::tests::catchup_run_plan_skip_all_fires_first_slot_only ... ok
test scheduler::tests::catchup_run_plan_unbounded_fires_all_slots ... ok
test scheduler::tests::catchup_run_plan_most_recent_respects_end_at ... ok
test scheduler::tests::catchup_run_plan_window_fires_in_window_drops_older ... ok
test scheduler::tests::catchup_run_plan_window_respects_end_at ... ok
test scheduler::tests::due_run_plan_with_catchup_stops_at_first_future_slot ... ok
test scheduler::tests::catchup_run_plan_window_zero_fires_only_slot_exactly_at_now ... ok
test scheduler::tests::due_run_plan_without_catchup_anchors_next_slot_to_first_due ... ok
test scheduler::tests::due_run_plan_without_catchup_keeps_next_live_slot ... ok
test scheduler::tests::merge_schedule_patch_corrupt_stored_retry_policy_errors_on_unrelated_patch ... ok
test scheduler::tests::merge_schedule_patch_corrupt_stored_retry_policy_repairable_by_set_or_clear ... ok
test scheduler::tests::merge_schedule_patch_empty_patch_round_trips ... ok
test scheduler::tests::merge_schedule_patch_manual_and_unparseable_exprs_map_to_manual ... ok
test scheduler::tests::merge_schedule_patch_normalizes_zero_max_runs_to_none ... ok
test scheduler::tests::merge_schedule_patch_overrides_only_provided_fields ... ok
test scheduler::tests::merge_schedule_patch_reconstructs_and_clears_catchup_policy ... ok
test scheduler::tests::merge_schedule_patch_rejects_rows_without_workflow_name ... ok
test scheduler::tests::merge_schedule_patch_tristate_clear_vs_absent ... ok
test scheduler::tests::overlap_buffer_all_buffers_within_cap ... ok
test scheduler::tests::next_run_after_fall_back_fires_first_occurrence_only ... ok
test scheduler::tests::overlap_buffer_all_drops_when_at_cap ... ok
test scheduler::tests::overlap_buffer_one_buffers_when_buffer_is_empty ... ok
test scheduler::tests::overlap_buffer_one_drops_when_buffer_has_entry ... ok
test scheduler::tests::overlap_cancel_other_returns_cancel_and_proceed ... ok
test scheduler::tests::overlap_skip_always_returns_drop_with_max_active_runs_reason ... ok
test scheduler::tests::overlap_terminate_other_returns_terminate_and_proceed ... ok
test scheduler::tests::parse_buffered_runs_parses_json_array_of_timestamps ... ok
test scheduler::tests::parse_buffered_runs_returns_empty_for_null_or_invalid ... ok
test scheduler::tests::plan_backfill_timestamps_enforces_max_count ... ok
test scheduler::tests::plan_backfill_timestamps_equal_from_and_to_returns_single_slot ... ok
test scheduler::tests::next_run_after_spring_forward_skips_nonexistent_local_time ... ok
test scheduler::tests::plan_backfill_timestamps_hourly_cron_inclusive_bounds ... ok
test scheduler::tests::plan_backfill_timestamps_interval_from_is_first_slot ... ok
test scheduler::tests::plan_backfill_timestamps_manual_schedule_returns_empty ... ok
test scheduler::tests::plan_backfill_timestamps_to_before_from_returns_empty ... ok
test scheduler::tests::schedule_expr_and_parse_round_trip_cron_in_timezone ... ok
test scheduler::tests::scheduled_start_already_exists_counts_as_duplicate_slot ... ok
test scheduler::tests::scheduled_workflow_starts_use_reject_duplicate_policy ... ok
test sessions::tests::acquire_eligibility_is_eligible_helper ... ok
test sessions::tests::acquire_retry_backoff_at_one_fraction_returns_max ... ok
test sessions::tests::acquire_retry_backoff_at_zero_fraction_returns_min ... ok
test sessions::tests::acquire_retry_backoff_clamps_out_of_range_fraction ... ok
test sessions::tests::acquire_retry_backoff_midpoint_is_between_bounds ... ok
test sessions::tests::acquire_retry_backoff_never_panics_when_max_less_than_min ... ok
test sessions::tests::acquire_then_release_frees_a_slot_for_reacquire ... ok
test sessions::tests::broken_session_candidates_query_also_matches_sessions_whose_workflow_is_terminal ... ok
test sessions::tests::broken_session_reason_display_strings ... ok
test sessions::tests::broken_session_candidates_query_matches_active_sessions_with_dead_or_expired_hosts ... ok
test sessions::tests::broken_session_reason_draining_reported_when_alive_but_draining ... ok
test sessions::tests::broken_session_reason_draining_takes_priority_over_lease_expiry ... ok
test sessions::tests::broken_session_reason_draining_takes_priority_over_owning_workflow_terminal ... ok
test sessions::tests::broken_session_reason_lease_expired_reported_when_host_otherwise_fine ... ok
test sessions::tests::broken_session_reason_none_when_healthy_and_leased ... ok
test sessions::tests::broken_session_reason_owning_workflow_terminal_reported_when_host_otherwise_fine ... ok
test sessions::tests::broken_session_reason_owning_workflow_terminal_takes_priority_over_lease_expiry ... ok
test sessions::tests::lease_expired_false_when_still_within_lease ... ok
test sessions::tests::broken_session_reason_stale_heartbeat_wins_priority ... ok
test sessions::tests::lease_expired_true_at_exact_boundary ... ok
test sessions::tests::lease_expired_true_when_now_past_expiry ... ok
test sessions::tests::new_session_slot_registry_starts_empty ... ok
test sessions::tests::release_session_slot_decrements ... ok
test sessions::tests::session_acquire_at_capacity_when_equal ... ok
test sessions::tests::session_acquire_at_capacity_when_over ... ok
test sessions::tests::release_session_slot_of_unknown_id_is_a_no_op ... ok
test sessions::tests::session_acquire_eligible_disabled_when_max_is_negative ... ok
test sessions::tests::session_acquire_eligible_disabled_when_max_is_zero ... ok
test sessions::tests::session_acquire_eligible_negative_in_use_treated_as_zero ... ok
test scheduler::tests::catchup_run_plan_window_cron_jump_starts_at_cutoff ... ok
test sessions::tests::session_acquire_eligible_when_under_capacity ... ok
test sessions::tests::try_acquire_session_slot_fails_at_capacity_without_incrementing ... ok
test sessions::tests::try_acquire_session_slot_fails_when_max_is_negative ... ok
test sessions::tests::try_acquire_session_slot_is_idempotent_for_the_same_session_id ... ok
test sessions::tests::try_acquire_session_slot_fails_when_max_is_zero ... ok
test sessions::tests::try_acquire_session_slot_succeeds_under_capacity_and_increments ... ok
test shard::tests::pick_for_dag_is_stable ... ok
test shard::tests::keyed_pick_honours_writable_subset ... ok
test shard::tests::pick_for_idempotency_key_ignores_workflow_id_entirely ... ok
test shard::tests::pick_for_idempotency_key_is_deterministic_for_same_name_and_key ... ok
test shard::tests::rendezvous_hash_is_stable_across_runs ... ok
test shard::tests::shard_for_execution_falls_back_on_unencoded_sentinel ... ok
test shard::tests::distinct_keys_can_map_to_distinct_shards ... ok
test shard::tests::shard_for_execution_falls_back_when_shard_is_unknown ... ok
test shard::tests::shard_for_execution_honours_encoded_shard ... ok
test shard::tests::single_router_always_returns_shard_zero ... ok
test shard::tests::writable_subset_redirects_when_initial_pick_is_read_only ... ok
test signal_handler::tests::get_returns_none_for_unregistered ... ok
test shard::tests::rendezvous_hash_distributes_across_shards ... ok
test signal_handler::tests::invoke_signal_handler_calls_through_on_success ... ok
test signal_handler::tests::list_names_returns_sorted_names ... ok
test signal_handler::tests::register_and_get_round_trips ... ok
test signal_handler::tests::registration_is_idempotent_first_wins ... ok
test signal_handler::tests::invoke_signal_handler_survives_panic ... ok
test scheduler::tests::plan_backfill_timestamps_7_day_hourly_cron_within_default_limit ... ok
test simulator::tests::test_simulator_attempt_aware_mock_sees_attempt_number ... ok
test simulator::tests::test_simulator_cancellable_timer_fires ... ok
test simulator::tests::test_simulator_decodes_typed_workflow_failure ... ok
test simulator::tests::test_simulator_basic_flow ... ok
test simulator::tests::test_simulator_child_and_signal ... ok
test simulator::tests::test_simulator_decodes_typed_child_workflow_failure ... ok
test simulator::tests::test_simulator_default_no_policy_matches_production_three_attempts ... ok
test simulator::tests::test_simulator_non_retryable_failure_stops_after_one_attempt ... ok
test simulator::tests::test_simulator_per_mock_retry_override_beats_activity_info ... ok
test simulator::tests::test_simulator_multiple_signals ... ok
test simulator::tests::test_simulator_retries_are_logical_only_no_real_sleep ... ok
test simulator::tests::test_simulator_timer_cancel_then_complete ... ok
test simulator::tests::test_simulator_retry_exhaustion_matches_max_attempts ... ok
test simulator::tests::test_simulator_retries_then_succeeds ... ok
test slot_tuner::tests::apply_action_clamps_shrink_at_min ... ok
test slot_tuner::tests::apply_action_clamps_grow_at_max ... ok
test slot_tuner::tests::apply_action_hold_never_moves ... ok
test slot_tuner::tests::apply_action_partial_step_at_band_edge ... ok
test slot_tuner::tests::apply_action_shrink_reports_shrink_when_it_moves ... ok
test slot_tuner::tests::apply_action_tolerates_degenerate_band_without_panicking ... ok
test slot_tuner::tests::default_tuner_grows_when_saturated_with_permit_wait ... ok
test slot_tuner::tests::default_tuner_holds_when_idle ... ok
test slot_tuner::tests::default_tuner_holds_when_saturated_but_no_permit_wait ... ok
test slot_tuner::tests::default_tuner_holds_without_pool_signal ... ok
test slot_tuner::tests::cancellation_releases_all_withheld_permits_for_drain ... ok
test slot_tuner::tests::default_tuner_shrinks_on_pool_exhaustion ... ok
test slot_tuner::tests::default_tuner_shrinks_on_pool_waiting ... ok
test slot_tuner::tests::effective_band_collapses_degenerate_range_to_max ... ok
test slot_tuner::tests::effective_band_passes_through_valid_range ... ok
test slot_tuner::tests::initial_target_clamps_configured_max_into_band ... ok
test slot_tuner::tests::initial_target_tolerates_degenerate_band ... ok
test slot_tuner::tests::resize_grow_partially_splits_the_bulk_withheld_permit ... ok
test slot_tuner::tests::resize_grow_releases_withheld_permits ... ok
test slot_tuner::tests::slot_occupancy_clamps_over_count ... ok
test slot_tuner::tests::slot_occupancy_invariant_holds ... ok
test slot_tuner::tests::resize_shrink_is_opportunistic_and_never_cancels_in_flight ... ok
test slot_tuner::tests::slot_occupancy_reports_full_availability_when_nothing_withheld_or_in_flight ... ok
test slot_tuner::tests::slot_tuner_config_debug_does_not_require_tuner_debug ... ok
test slot_tuner::tests::resize_toward_shrink_eventually_succeeds_despite_losing_to_a_queued_waiter ... ok
test slot_tuner::tests::slot_tuner_config_new_uses_default_controller ... ok
test slot_tuner::tests::tick_one_grow_after_unmet_shrink_rebases_on_live_not_stale_desired ... ok
test slot_tuner::tests::tuned_runtime_construction_uses_single_bulk_acquire ... ok
test slot_tuner::tests::tick_one_retries_an_unmet_shrink_after_a_later_hold_decision ... ok
test slot_tuner::tests::tuned_runtime_falls_back_live_target_when_withhold_acquire_fails ... ok
test slot_tuner::tests::tuned_runtime_with_degenerate_band_does_not_panic_and_settles_at_max ... ok
test slot_tuner::tests::tuned_runtime_withholds_down_to_initial_target ... ok
test slot_tuner::tests::validate_band_does_not_flag_zero_max ... ok
test slot_tuner::tests::tuner_loop_samples_pool_pressure_once_per_tick_for_both_slot_types ... ok
test slot_tuner::tests::validate_band_flags_configured_outside_band ... ok
test slot_tuner::tests::validate_band_flags_min_gt_max ... ok
test slot_tuner::tests::validate_band_is_clean_for_sane_config ... ok
test slot_tuner::tests::worst_pool_pressure_all_idle_returns_idle ... ok
test slot_tuner::tests::worst_pool_pressure_breaks_ties_toward_more_waiters ... ok
test slot_tuner::tests::worst_pool_pressure_empty_slice_is_none ... ok
test slot_tuner::tests::worst_pool_pressure_picks_the_saturated_shard_among_idle_ones ... ok
test start_idempotency::pure_tests::default_window_is_twenty_four_hours ... ok
test start_idempotency::pure_tests::purge_window_precision_and_clamping ... ok
test start_idempotency::pure_tests::reserve_stmt_is_a_conflict_guarded_upsert_returning_exec_id ... ok
test start_idempotency::pure_tests::window_to_secs_f64_roundtrips ... ok
test store::tests::empty_events_produce_empty_rows ... ok
test store::tests::events_to_rows_from_applies_start_offset ... ok
test store::tests::events_to_rows_preserves_event_type_name ... ok
test store::tests::events_to_rows_serializes_json ... ok
test store::tests::events_to_rows_sets_exec_id_on_every_row ... ok
test store::tests::history_from_rows_deserializes_events ... ok
test store::tests::json_contains_type_tag ... ok
test telemetry::tests::activity_status_outcome_values_are_bounded ... ok
test store::tests::stored_event_has_sequential_event_id ... ok
test telemetry::tests::all_metric_record_methods_compile_without_execution_id ... ok
test telemetry::tests::builder_overrides_defaults ... ok
test telemetry::tests::carrier_from_json_rejects_fully_empty_payload ... ok
test telemetry::tests::carrier_from_json_rejects_wrong_shape ... ok
test telemetry::tests::carrier_from_traceparent_helper ... ok
test telemetry::tests::carrier_roundtrips_through_json ... ok
test telemetry::tests::default_telemetry_uses_noop_implementations ... ok
test telemetry::tests::dlq_entries_gauge_has_default_noop_impl ... ok
test telemetry::tests::empty_carrier_refuses_to_serialise ... ok
test telemetry::tests::execution_id_is_not_a_parameter_of_record_activity_attempt ... ok
test telemetry::tests::execution_id_is_not_a_parameter_of_record_saga_counters ... ok
test telemetry::tests::execution_id_is_not_a_parameter_of_record_user_counter ... ok
test telemetry::tests::execution_id_is_not_a_parameter_of_record_workflow_task_timeout ... ok
test telemetry::tests::execution_id_is_not_a_parameter_of_record_workflow_terminal ... ok
test telemetry::tests::into_replay_context_on_already_replay_carrier_preserves_link ... ok
test telemetry::tests::metric_activity_attempts_constant_has_correct_name ... ok
test telemetry::tests::metric_activity_retries_constant_has_correct_name ... ok
test telemetry::tests::metric_label_constants_have_correct_names ... ok
test telemetry::tests::metric_name_constants_have_correct_names ... ok
test telemetry::tests::metric_session_acquisition_name_is_stable ... ok
test telemetry::tests::metric_workflow_terminal_constant_has_correct_name ... ok
test telemetry::tests::metrics_recorder_trait_is_object_safe ... ok
test telemetry::tests::non_replay_carrier_has_is_replay_false_and_no_link ... ok
test telemetry::tests::noop_metrics_implements_session_acquisition_without_panicking ... ok
test telemetry::tests::noop_metrics_implements_webhook_methods_without_panicking ... ok
test telemetry::tests::queue_latency_metrics_have_noop_defaults ... ok
test telemetry::tests::record_activity_attempt_fires_for_both_outcomes ... ok
test telemetry::tests::record_activity_attempt_has_noop_default ... ok
test telemetry::tests::record_activity_retried_fires_per_retry_scheduled ... ok
test telemetry::tests::record_activity_retried_has_noop_default ... ok
test telemetry::tests::record_handler_panic_has_noop_defaults ... ok
test telemetry::tests::record_saga_compensated_has_noop_default ... ok
test telemetry::tests::record_saga_compensation_failed_has_noop_default ... ok
test telemetry::tests::record_user_counter_has_noop_default ... ok
test telemetry::tests::record_workflow_task_timeout_has_noop_default ... ok
test telemetry::tests::record_workflow_terminal_fires_once_per_distinct_outcome ... ok
test telemetry::tests::record_workflow_terminal_has_noop_default ... ok
test telemetry::tests::replay_carrier_from_empty_original_has_no_link ... ok
test telemetry::tests::replay_carrier_roundtrips_through_json ... ok
test telemetry::tests::replay_carrier_strips_traceparent_and_preserves_link ... ok
test telemetry::tests::saga_metric_constants_are_stable ... ok
test telemetry::tests::session_acquisition_outcome_stringifies_to_bounded_values ... ok
test telemetry::tests::shard_stranded_pending_gauge_has_default_noop_impl ... ok
test telemetry::tests::slot_target_gauge_and_tuner_decision_counter_have_default_noop_impls ... ok
test telemetry::tests::slot_type_stringify_is_bounded ... ok
test telemetry::tests::span_attribute_constants_have_correct_names ... ok
test telemetry::tests::tuner_decision_stringify_is_bounded ... ok
test telemetry::tests::user_metric_prefix_constant_is_correct ... ok
test telemetry::tests::user_metrics_drops_call_with_forbidden_label_key ... ok
test telemetry::tests::user_metrics_live_handle_emits_to_recorder ... ok
test telemetry::tests::user_metrics_noop_recorder_is_suppressed_silently ... ok
test telemetry::tests::user_metrics_suppressed_flag_short_circuits_even_with_real_recorder ... ok
test telemetry::tests::validate_user_metric_accepts_valid_name_and_labels ... ok
test telemetry::tests::validate_user_metric_rejects_empty_label_key ... ok
test telemetry::tests::validate_user_metric_rejects_empty_name ... ok
test telemetry::tests::validate_user_metric_rejects_forbidden_label_keys ... ok
test telemetry::tests::validate_user_metric_rejects_harvest_prefix ... ok
test telemetry::tests::validate_user_metric_rejects_name_too_long ... ok
test telemetry::tests::validate_user_metric_rejects_too_many_labels ... ok
test telemetry::tests::webhook_outcome_stringifies_to_bounded_values ... ok
test telemetry::tests::worker_slot_invariant_holds_at_recorder_call_site ... ok
test telemetry::tests::worker_slots_gauge_has_default_noop_impl ... ok
test telemetry::tests::workflow_status_and_activity_status_stringify ... ok
test telemetry::tests::workflow_status_suspended_is_not_a_terminal_counter_outcome ... ok
test telemetry::tests::workflow_status_terminal_variants_stringify_correctly ... ok
test test_generator::tests::test_generator_failed_workflow_and_activity ... ok
test test_generator::tests::test_generator_successful_workflow ... ok
test testing::tests::activity_mismatch_is_detected ... ok
test testing::tests::activity_replay_succeeds ... ok
test testing::tests::classify_kind_covers_all_prefixes ... ok
test testing::tests::classify_kind_timer_cancel_prefix_and_actual ... ok
test testing::tests::concurrently_armed_timers_advance_to_the_max_deadline_not_the_sum ... ok
test testing::tests::parse_nd_message_activity ... ok
test testing::tests::fired_timer_duration_counts_only_fired_arms ... ok
test testing::tests::parse_nd_message_patch_marker_mismatch ... ok
test testing::tests::parse_nd_message_timer ... ok
test testing::tests::parse_nd_message_timer_cancel_mismatch ... ok
test testing::tests::parse_nd_message_unknown_format ... ok
test testing::tests::parse_nd_message_version_marker_mismatch ... ok
test testing::tests::report_display_includes_status ... ok
test testing::tests::replay_with_reset_replays_only_history_through_boundary ... ok
test testing::tests::simple_replay_succeeds ... ok
test tests::embedded_migrations_include_one_harvest_initial ... ok
test tests::havoc_task_duration_oom_prevention ... ok
test tests::task_duration_allows_zero_padded_values ... ok
test tests::task_duration_parses_compound_values ... ok
test tests::task_duration_rejects_invalid_values ... ok
test tests::task_duration_rejects_overflow ... ok
test throttle::tests::bucket_key_keyed ... ok
test throttle::tests::bucket_key_unkeyed ... ok
test throttle::tests::compute_expiry_adds_deadline ... ok
test throttle::tests::compute_expiry_clamps_absurd_duration ... ok
test throttle::tests::compute_expiry_none_when_no_deadline ... ok
test throttle::tests::from_rate_str_accepts_explicit_burst_overriding_a_fractional_rate ... ok
test throttle::tests::from_rate_str_carries_schedule_to_start ... ok
test throttle::tests::from_rate_str_defaults_burst_to_per_period_count ... ok
test throttle::tests::from_rate_str_rejects_bad_rate ... ok
test throttle::tests::from_rate_str_rejects_explicit_burst_below_one ... ok
test throttle::tests::from_rate_str_rejects_fractional_rate_with_no_explicit_burst ... ok
test throttle::tests::from_rate_str_rejects_infinite_explicit_burst ... ok
test throttle::tests::from_rate_str_rejects_nan_explicit_burst ... ok
test throttle::tests::from_rate_str_rejects_non_positive_burst ... ok
test throttle::tests::from_rate_str_uses_explicit_burst ... ok
test throttle::tests::parse_rate_accepts_whitespace ... ok
test throttle::tests::parse_rate_per_hour ... ok
test throttle::tests::parse_rate_per_minute ... ok
test throttle::tests::parse_rate_per_second ... ok
test throttle::tests::parse_rate_rejects_bad_number ... ok
test throttle::tests::parse_rate_rejects_infinity ... ok
test throttle::tests::parse_rate_rejects_missing_slash ... ok
test throttle::tests::parse_rate_rejects_negative ... ok
test throttle::tests::parse_rate_rejects_negative_infinity ... ok
test throttle::tests::parse_rate_rejects_unknown_unit ... ok
test throttle::tests::parse_rate_rejects_zero ... ok
test throttle::tests::resolve_input_prefix_stripped ... ok
test throttle::tests::resolve_integer_coerced ... ok
test throttle::tests::resolve_missing_returns_none ... ok
test throttle::tests::resolve_nested ... ok
test throttle::tests::resolve_null_returns_none ... ok
test throttle::tests::resolve_top_level ... ok
test timeline::tests::activity_timed_out_outcome ... ok
test timeline::tests::activity_without_start_has_no_split ... ok
test timeline::tests::back_to_back_signals_each_distinct_step ... ok
test timeline::tests::cancelled_timer_closes_as_cancelled_not_left_pending ... ok
test timeline::tests::child_workflow_failed_outcome_no_split ... ok
test timeline::tests::child_workflow_stays_in_busy ... ok
test timeline::tests::completed_run_open_step_measures_to_completed_at_not_now ... ok
test timeline::tests::completed_run_ordering_math_split_slowest_rollup ... ok
test timeline::tests::empty_history_has_no_steps ... ok
test timeline::tests::external_activity_completed_renders_as_activity_step ... ok
test timeline::tests::external_activity_failed_renders_as_activity_step ... ok
test timeline::tests::external_activity_in_flight_is_pending ... ok
test timeline::tests::external_pending_activity_stays_in_busy ... ok
test timeline::tests::in_flight_activity_is_pending_measured_to_now ... ok
test timeline::tests::local_activity_completed_first_try_attempt_one ... ok
test timeline::tests::local_activity_exhausted_is_failed_with_attempt ... ok
test timeline::tests::local_activity_failed_mid_retry_is_pending ... ok
test timeline::tests::local_activity_failed_then_completed_is_completed ... ok
test timeline::tests::orphan_terminal_event_is_ignored ... ok
test timeline::tests::out_of_order_timestamps_clamp_and_do_not_panic ... ok
test timeline::tests::pending_unstarted_activity_attributes_to_wait_not_busy ... ok
test timeline::tests::reset_timer_first_cancelled_then_second_fired ... ok
test timeline::tests::retried_activity_reports_max_attempt_and_final_split ... ok
test timeline::tests::reused_timer_id_last_unfired_stays_pending ... ok
test timeline::tests::reused_timer_id_produces_distinct_steps ... ok
test timeline::tests::same_scheduled_at_stable_first_appearance_tie_break ... ok
test timeline::tests::schedule_to_start_timed_out_activity_attributes_to_wait ... ok
test timeline::tests::signal_wait_as_first_event_measured_from_started_at ... ok
test timeline::tests::signal_wait_measured_from_previous_event ... ok
test timeline::tests::started_activity_split_unchanged ... ok
test timeline::tests::unfired_timer_is_pending ... ok
test timeline::tests::timeline_serializes_snake_case ... ok
test timeout::tests::classify_force_fail_failed_with_forced_envelope_is_already_forced ... ok
test timeout::tests::classify_force_fail_failed_with_genuine_error_is_not_running ... ok
test timeout::tests::classify_force_fail_other_states_are_not_running ... ok
test timeout::tests::classify_force_fail_running_activity_is_forceable ... ok
test timeout::tests::classify_force_fail_workflow_task_is_never_forceable ... ok
test timeout::tests::external_task_recheck_enforces_a_still_open_expired_row ... ok
test timeout::tests::external_task_recheck_skips_a_concurrently_resolved_row ... ok
test timeout::tests::external_task_recheck_skips_a_deadline_shifted_into_the_future ... ok
test timeout::tests::heartbeat_timeout_query_references_correct_table ... ok
test timeout::tests::named_terminal_false_when_activity_still_pending ... ok
test timeout::tests::named_terminal_false_when_never_scheduled ... ok
test timeout::tests::named_terminal_true_when_any_same_named_schedule_is_terminal ... ok
test timeout::tests::named_terminal_true_when_scheduled_activity_completed ... ok
test timeout::tests::pause_recheck_keeps_in_flight_reasons_pause_blind ... ok
test timeout::tests::pause_recheck_never_suppresses_a_running_execution ... ok
test timeout::tests::pause_recheck_suppresses_schedule_to_close_while_paused ... ok
test timeout::tests::pause_recheck_suppresses_schedule_to_start_only_for_frozen_rows ... ok
test timeout::tests::record_workflow_sla_breach_is_callable_on_no_op_recorder ... ok
test timeout::tests::schedule_to_close_timeout_query_excludes_paused_executions ... ok
test timeout::tests::schedule_to_close_timeout_query_references_correct_columns ... ok
test timeout::tests::schedule_to_start_timeout_query_excludes_only_frozen_paused_rows ... ok
test timeout::tests::schedule_to_start_timeout_query_references_correct_columns ... ok
test timeout::tests::sla_breach_spy_records_one_call_per_breach ... ok
test timeout::tests::sla_breached_metric_has_correct_name ... ok
test timeout::tests::start_to_close_timeout_query_references_correct_columns ... ok
test timeout::tests::timeout_reason_display ... ok
test timeout::tests::timeout_reason_equality ... ok
test timeout::tests::timeout_reason_schedule_to_close_maps_correctly ... ok
test timeout::tests::workflow_execution_timeout_query_references_correct_table_and_columns ... ok
test types::tests::activity_exec_id_display_roundtrip ... ok
test trace_export::tests::test_export_chrome_trace ... ok
test types::tests::build_id_legacy_sentinel ... ok
test types::tests::deployment_name_round_trip ... ok
test types::tests::execution_id_from_uuid_preserves_shard_bits ... ok
test types::tests::execution_id_new_for_shard_preserves_entropy ... ok
test types::tests::execution_id_is_random_uuid ... ok
test types::tests::execution_id_new_uses_unencoded_sentinel ... ok
test types::tests::execution_id_new_for_shard_round_trips ... ok
test types::tests::priority_maps_to_and_from_i32 ... ok
test types::tests::priority_rejects_unknown_string ... ok
test types::tests::priority_round_trips_serde ... ok
test types::tests::priority_round_trips_through_string_and_display ... ok
test types::tests::session_id_display_and_from_str_round_trip ... ok
test types::tests::session_id_from_uuid_and_as_uuid_round_trip ... ok
test types::tests::session_id_invalid_str_fails_to_parse ... ok
test types::tests::session_id_is_random_uuid ... ok
test types::tests::shard_id_display_names_sentinel ... ok
test types::tests::session_id_serde_round_trip ... ok
test types::tests::shard_id_from_uuid_reads_two_high_bytes ... ok
test types::tests::should_display_ids_correctly ... ok
test types::tests::should_parse_uuid_ids_correctly ... ok
test types::tests::should_return_error_for_invalid_uuid_parse ... ok
test types::tests::workflow_id_display_and_equality ... ok
test update::tests::should_register_and_invoke_update_handler_successfully ... ok
test update::tests::should_succeed_validation_when_no_validator_provided ... ok
test usage::tests::as_wire_round_trips_search_attr ... ok
test usage::tests::as_wire_round_trips_workflow_name ... ok
test usage::tests::default_usage_window_ceiling_is_ninety_days ... ok
test usage::tests::from_wire_defaults_empty_to_workflow_name ... ok
test usage::tests::from_wire_parses_search_attr_key ... ok
test usage::tests::from_wire_parses_workflow_name ... ok
test usage::tests::from_wire_rejects_empty_search_attr_key ... ok
test usage::tests::from_wire_rejects_unknown_dimension ... ok
test usage::tests::from_wire_trims_search_attr_key ... ok
test usage::tests::group_key_expr_sql_derives_from_unattributed_group_constant ... ok
test usage::tests::search_attr_key_extracts_only_for_search_attr_variant ... ok
test usage::tests::unattributed_group_constant_matches_ac_wording ... ok
test usage::tests::usage_sql_activity_failed_count_requires_a_matching_start ... ok
test usage::tests::usage_sql_derives_terminal_outcomes_from_durable_events_not_row_state ... ok
test usage::tests::usage_sql_has_a_limit_clause_bound_to_a_parameter ... ok
test usage::tests::usage_sql_merges_activity_scans_into_one_cte ... ok
test usage::tests::usage_sql_reset_terminated_execs_disambiguates_cancel_from_terminate ... ok
test version_gate_retirement::tests::parse_sample_ids_handles_empty_array ... ok
test version_gate_retirement::tests::parse_sample_ids_parses_uuid_strings ... ok
test version_gate_retirement::tests::parse_sample_ids_rejects_non_array ... ok
test version_gate_retirement::tests::parse_sample_ids_rejects_non_uuid ... ok
test version_gate_retirement::tests::retirement_check_filters_default_state_group ... ok
test version_gate_retirement::tests::sql_contains_codec_envelope_branch ... ok
test version_gate_retirement::tests::sql_contains_pre_gate_not_exists_branch ... ok
test version_usage::tests::test_version_execution_state_group_as_str ... ok
test version_usage::tests::test_version_execution_state_group_from_str ... ok
test worker::tests::activity_input_cap_resolves_per_activity_override ... ok
test worker::tests::activity_handler_construction_panic_is_contained_as_retryable_handler_panic ... ok
test worker::tests::activity_result_cap_resolves_per_activity_override ... ok
test worker::tests::all_commands_wait_for_signal_only_accepts_wait_commands ... ok
test worker::tests::all_commands_wait_for_signal_requires_non_empty ... ok
test worker::tests::apply_raw_search_attrs_patch_in_memory_empty_patch_is_noop ... ok
test worker::tests::apply_raw_search_attrs_patch_in_memory_inserts_and_removes ... ok
test worker::tests::apply_raw_search_attrs_patch_in_memory_none_base_with_inserts_builds_object ... ok
test worker::tests::apply_raw_search_attrs_patch_in_memory_removing_everything_stays_some_empty_object ... ok
test worker::tests::arm_events_dedup_repeat_arm_without_cancel ... ok
test worker::tests::arm_events_reemit_after_intervening_cancel ... ok
test worker::tests::arm_events_skip_start_timer_owned_ids ... ok
test worker::tests::await_rearm_emits_no_event_from_the_pure_plan ... ok
test worker::tests::build_suspension_events_interleaves_reset_cancel_then_arm_in_position ... ok
test worker::tests::build_suspension_events_interleaves_timer_started_before_side_effect ... ok
test worker::tests::cancelled_arm_then_start_is_not_a_collision ... ok
test worker::tests::claimed_task_kind_uses_lowercase_db_values ... ok
test worker::tests::deadline_would_be_exceeded_false_after_a_resume_shift ... ok
test worker::tests::deadline_would_be_exceeded_none_is_unbounded ... ok
test worker::tests::deadline_would_be_exceeded_true_when_retry_lands_past_deadline ... ok
test worker::tests::extract_all_activity_waits_tolerates_cancel_race_losers ... ok
test worker::tests::extract_all_scheduled_activities_preserves_session_fields ... ok
test worker::tests::extract_all_scheduled_activities_tolerates_cancel_race_losers ... ok
test worker::tests::extract_run_local_activity_preserves_detached_after_local_command ... ok
test worker::tests::extract_run_local_activity_preserves_detached_before_local_command ... ok
test worker::tests::fresh_arm_emits_timer_started_without_signalling_a_row ... ok
test worker::tests::handler_panic_activity_envelope_is_retryable_handler_panic ... ok
test worker::tests::handler_registry_always_registers_reserved_session_activities ... ok
test worker::tests::handler_registry_indexes_by_name ... ok
test worker::tests::handler_registry_reserved_session_activities_have_no_special_policies ... ok
test worker::tests::havoc_chrono_duration_panic ... ok
test worker::tests::latest_current_details_update_explicit_clear_after_truncated_noop_still_clears ... ok
test worker::tests::latest_current_details_update_explicit_clear_clears ... ok
test worker::tests::latest_current_details_update_explicit_clear_then_set_overwrites_clear ... ok
test worker::tests::latest_current_details_update_ignores_other_command_types ... ok
test worker::tests::latest_current_details_update_last_write_wins ... ok
test worker::tests::latest_current_details_update_none_when_no_command ... ok
test worker::tests::latest_current_details_update_returns_set_value ... ok
test worker::tests::latest_current_details_update_set_then_explicit_clear_clears ... ok
test worker::tests::latest_current_details_update_trailing_truncated_noop_does_not_fall_back_to_earlier_set ... ok
test worker::tests::latest_current_details_update_truncated_to_empty_without_explicit_clear_is_noop ... ok
test worker::tests::merge_wake_events_handles_single_kind_batches ... ok
test worker::tests::merge_wake_events_preserves_relative_order_within_each_kind ... ok
test worker::tests::merge_wake_events_signal_after_deadline_is_recorded_after_timer ... ok
test worker::tests::merge_wake_events_signal_before_deadline_is_recorded_first ... ok
test worker::tests::merge_wake_events_tie_goes_to_the_timer ... ok
test worker::tests::nd_block_backoff_caps_at_five_minutes ... ok
test worker::tests::nd_block_backoff_props::large_counts_saturate ... ok
test worker::tests::nd_block_backoff_props::monotonic_non_decreasing ... ok
test worker::tests::nd_block_backoff_props::never_exceeds_cap ... ok
test worker::tests::nd_block_backoff_saturates_on_extreme_counts ... ok
test worker::tests::nd_block_backoff_starts_at_base_and_doubles ... ok
test worker::tests::nd_search_attrs_clear_patch_removes_every_key_the_stamp_can_set ... ok
test worker::tests::nd_search_attrs_patch_full_details_stamps_all_six_keys ... ok
test worker::tests::nd_search_attrs_patch_sparse_details_stamps_only_failure_cause ... ok
test worker::tests::new_session_slot_registry_starts_empty ... ok
test worker::tests::only_bookkeeping_commands_accepts_race_winner_plus_cancel_losers ... ok
test worker::tests::panic_retry_backoff_caps_and_clamps ... ok
test worker::tests::panic_retry_backoff_starts_at_base_and_doubles ... ok
test worker::tests::panic_retry_decision_truth_table ... ok
test worker::tests::plain_start_timer_with_distinct_id_is_not_a_collision ... ok
test worker::tests::plan_timer_lifecycle_pure_arms_a_reset_then_await_in_one_batch ... ok
test worker::tests::plan_timer_lifecycle_pure_excludes_a_same_batch_cancelled_await_arm ... ok
test worker::tests::plan_timer_lifecycle_pure_excludes_an_await_arm_cancelled_by_a_later_reset ... ok
test worker::tests::plan_timer_lifecycle_pure_keeps_an_uncancelled_await_arm ... ok
test worker::tests::plan_timer_lifecycle_pure_resolves_two_ids_independently_by_order ... ok
test worker::tests::recheck_concurrently_resolved_task_is_handled_even_when_paused ... ok
test worker::tests::recheck_missing_task_row_is_handled ... ok
test worker::tests::recheck_paused_execution_wins_over_an_exceeded_row_deadline ... ok
test worker::tests::recheck_running_with_exceeded_deadline_proceeds_to_enforce ... ok
test worker::tests::recheck_shifted_deadline_aborts_the_timeout ... ok
test worker::tests::runtime_config_carries_slot_tuner ... ok
test worker::tests::runtime_config_validate_rejects_zero_max_slots ... ok
test worker::tests::runtime_config_validate_rejects_zero_min_slots ... ok
test worker::tests::runtime_config_validate_warns_but_does_not_error_on_degenerate_band ... ok
test worker::tests::runtime_config_workflow_task_timeout_propagated ... ok
test worker::tests::runtime_config_workflow_task_timeout_zero_disables ... ok
test worker::tests::schedule_counter_action_asserts_if_nd_carrying_failed_ever_reaches_it - should panic ... ok
test worker::tests::session_internal_stub_handler_never_succeeds ... ok
test worker::tests::should_requeue_signal_wait_allows_marker_plus_wait ... ok
test worker::tests::should_requeue_signal_wait_rejects_marker_only ... ok
test worker::tests::start_before_uncancelled_arm_collision_is_detected ... ok
test worker::tests::terminal_execution_transition_error_reports_cancelled_state ... ok
test worker::tests::terminal_execution_transition_error_reports_conflicting_terminal_state ... ok
test worker::tests::test_worker_ineligible_activities ... ok
test worker::tests::healthy_dispatch_proceeds_while_slot_is_timed_out ... ok
test worker::tests::timer_lifecycle_count_counts_reset_batch_as_two ... ok
test worker::tests::timer_lifecycle_count_excludes_start_timer_owned_arm ... ok
test worker::tests::timer_lifecycle_count_is_zero_without_timer_commands ... ok
test worker::tests::uncancelled_arm_start_collision_is_detected ... ok
test worker::tests::worker_accepts_history_ceiling_above_soft_threshold ... ok
test worker::tests::worker_config_from_builder ... ok
test worker::tests::worker_config_rejects_empty_queues ... ok
test worker::tests::worker_config_validates ... ok
test worker::tests::worker_creates_with_valid_config ... ok
test worker::tests::worker_rejects_history_ceiling_at_or_below_soft_threshold ... ok
test worker::tests::worker_rejects_invalid_config ... ok
test worker::tests::worker_shutdown_cancels_token ... ok
test worker::tests::workflow_command_name_covers_cancel_race_losers ... ok
test worker::tests::workflow_task_timeout_threshold_decision_at_threshold ... ok
test worker::tests::workflow_task_timeout_threshold_decision_under_threshold ... ok
test worker::tests::workflow_task_timeout_zero_threshold_always_requeues ... ok
test workers::tests::apply_filters_limit_is_applied_after_queue_filter ... ok
test workers::tests::apply_filters_limit_truncates_matched_results ... ok
test workers::tests::apply_filters_no_match_returns_empty ... ok
test workers::tests::classify_drain_deadline_applies_extension_on_first_observation ... ok
test workers::tests::classify_drain_deadline_applies_initial_and_skips_same_value ... ok
test workers::tests::classify_drain_deadline_skips_stale_recovery_reread ... ok
test workers::tests::compute_in_flight_counts_acquired_permits ... ok
test workers::tests::compute_in_flight_zero_when_idle ... ok
test workers::tests::drain_outcome_already_draining_is_not_accepted ... ok
test workers::tests::drain_outcome_is_accepted_only_for_accepted_and_stale ... ok
test workers::tests::drain_outcome_round_trips_via_json ... ok
test workers::tests::drain_outcome_serializes_to_snake_case ... ok
test workers::tests::drain_preview_defaults_status_to_active_when_unset ... ok
test workers::tests::drain_response_null_deadline_serializes ... ok
test workers::tests::drain_response_serializes_all_required_fields ... ok
test workers::tests::drain_response_with_unavailable_shards_serializes ... ok
test workers::tests::parse_worker_filters_accepts_health_healthy ... ok
test workers::tests::parse_worker_filters_accepts_health_stale ... ok
test workers::tests::parse_worker_filters_accepts_queue ... ok
test workers::tests::parse_worker_filters_accepts_valid_shard_id ... ok
test workers::tests::parse_worker_filters_accepts_valid_status ... ok
test workers::tests::parse_worker_filters_clamps_limit ... ok
test workers::tests::parse_worker_filters_defaults_when_empty ... ok
test workers::tests::parse_worker_filters_ignores_unknown_keys ... ok
test workers::tests::parse_worker_filters_rejects_non_integer_shard_id ... ok
test workers::tests::parse_worker_filters_rejects_non_numeric_limit ... ok
test workers::tests::parse_worker_filters_rejects_unknown_health ... ok
test workers::tests::parse_worker_filters_rejects_unknown_status ... ok
test workers::tests::preview_item_from_row_captures_all_fields ... ok
test workers::tests::preview_item_from_row_handles_empty_queues_and_shards ... ok
test workers::tests::preview_item_serializes_to_json ... ok
test workers::tests::worker_health_healthy_when_recently_seen ... ok
test workers::tests::worker_health_healthy_when_timestamp_is_in_future ... ok
test workers::tests::worker_health_stale_at_exact_threshold_boundary ... ok
test workers::tests::worker_health_stale_when_past_threshold ... ok
test workers::tests::worker_registration_captures_all_fields ... ok
test workers::tests::worker_row_active_task_ids_serializes_empty ... ok
test workers::tests::worker_row_active_task_ids_serializes_uuids ... ok
test workers::tests::worker_row_default_session_capacity_is_zero ... ok
test workers::tests::worker_row_flattens_session_capacity_fields ... ok
test workers::tests::worker_status_display_matches_as_str ... ok
test workers::tests::worker_status_rejects_unknown_string ... ok
test workers::tests::worker_status_round_trips_via_str ... ok
test worker::tests::timeout_releases_semaphore_permit ... ok
test slot_tuner::tests::tuner_loop_applies_decision_each_tick_for_both_slot_types ... ok
test simulator::tests::test_simulator_saga_compensates_on_retry_exhaustion ... ok

test result: ok. 1841 passed; 0 failed; 0 ignored; 0 measured; 0 filtered out; finished in 1.19s

     Running unittests src/bin/debug_json.rs (target/debug/deps/debug_json-eda441ed8f81b746)

running 0 tests

test result: ok. 0 passed; 0 failed; 0 ignored; 0 measured; 0 filtered out; finished in 0.00s

     Running tests/changelog_convention.rs (target/debug/deps/changelog_convention-90b3cdf543750018)

running 1 test
test changelog_fragments_readme_exists ... ok

test result: ok. 1 passed; 0 failed; 0 ignored; 0 measured; 0 filtered out; finished in 0.00s

     Running tests/havoc_eligibility_panic.rs (target/debug/deps/havoc_eligibility_panic-67045b9fb4ab4916)

running 1 test
test hvg_eligibility_panic_on_emoji ... ok

test result: ok. 1 passed; 0 failed; 0 ignored; 0 measured; 0 filtered out; finished in 0.00s

     Running tests/integration/mod.rs (target/debug/deps/integration-7bc910696524f810)

running 1462 tests
test activity_failure_tests::activity_failure_payload_carries_versioned_discriminator ... ok
test activity_failure_tests::activity_failed_event_new_fields_round_trip ... ok
test activity_failure_tests::activity_failed_event_old_json_gets_defaults ... ok
test activity_failure_tests::activity_failed_event_preserves_details_round_trip ... ok
test activity_failure_tests::display_is_type_colon_message ... ok
test activity_failure_tests::default_no_op_recorder_accepts_activity_failed ... ok
test activity_failure_tests::non_retryable_failure_has_true_flag ... ok
test activity_failure_tests::parse_activity_failure_json_payload ... ok
test activity_failure_tests::from_string_backwards_compat ... ok
test activity_failure_tests::parse_legacy_string_payload ... ok
test activity_failure_tests::parse_retryable_activity_failure ... ok
test activity_failure_tests::retryable_failure_has_false_flag ... ok
test activity_failure_tests::record_activity_failed_receives_error_type ... ok
test activity_failure_tests::serde_round_trip_with_details ... ok
test activity_failure_tests::serde_round_trip_without_details_omits_field ... ok
test activity_failure_tests::string_passthrough ... ok
test activity_failure_tests::with_details_stores_payload ... ok
test activity_outcome_metrics_tests::counters_are_labelled_per_activity_type ... ok
test activity_outcome_metrics_tests::execution_id_is_not_a_parameter_of_new_activity_counters ... ok
test activity_outcome_metrics_tests::f_terminal_failures_emit_f_failed_attempts_and_f_failure_records ... ok
test activity_failure_tests::replay_tests::old_activity_failed_history_replays_without_panic ... ok
test activity_failure_tests::replay_tests::old_activity_failed_json_fixture_replays_cleanly ... ok
test activity_outcome_metrics_tests::k_successes_emit_k_completed_attempts_no_retries ... ok
test activity_outcome_metrics_tests::k_successes_f_failures_r_retries_all_labelled_by_activity_type ... ok
test activity_outcome_metrics_tests::outcome_label_has_bounded_cardinality ... ok
test activity_outcome_metrics_tests::r_retries_emit_r_retried_and_r_failed_attempts_no_terminal_failure ... ok
test activity_outcome_metrics_tests::counters_are_thread_safe ... ok
test activity_outcome_metrics_tests::record_activity_retried_exists_on_metrics_recorder_trait ... ok
test activity_outcome_metrics_tests::record_activity_attempt_exists_on_metrics_recorder_trait ... ok
test activity_outcome_metrics_tests::trait_is_object_safe_with_new_methods ... ok
test admission_gate_tests::admission_blocked_error_displays_correctly ... ok
test admission_gate_tests::admission_blocked_is_distinct_from_already_exists ... ok
test admission_gate_tests::first_matching_gate_is_returned ... ok
test admission_gate_tests::expired_gate_does_not_block ... ok
test admission_gate_tests::fleet_scope_matches_any_workflow ... ok
test admission_gate_tests::future_expiry_gate_blocks ... ok
test admission_gate_tests::gate_id_display_matches_inner_uuid ... ok
test admission_gate_tests::fleet_scope_matches_any_queue ... ok
test admission_gate_tests::gate_scope_owner_display ... ok
test admission_gate_tests::gate_scope_queue_display ... ok
test admission_gate_tests::gate_scope_fleet_display ... ok
test admission_gate_tests::gate_scope_shard_id_display ... ok
test admission_gate_tests::gate_scope_workflow_name_display ... ok
test admission_gate_tests::max_active_gates_constant_is_documented ... ok
test admission_gate_tests::no_expiry_gate_blocks_indefinitely ... ok
test admission_gate_tests::no_gates_never_blocks ... ok
test admission_gate_tests::or_semantics_any_matching_gate_blocks ... ok
test admission_gate_tests::owner_scope_does_not_match_no_owner ... ok
test admission_gate_tests::owner_scope_does_not_match_other_owners ... ok
test admission_gate_tests::owner_scope_matches_specific_owner ... ok
test admission_gate_tests::queue_scope_does_not_match_other_queues ... ok
test admission_gate_tests::queue_scope_matches_specific_queue ... ok
test admission_gate_tests::shard_scope_does_not_match_other_shards ... ok
test admission_gate_tests::shard_scope_matches_specific_shard ... ok
test admission_gate_tests::workflow_name_scope_does_not_match_other_workflows ... ok
test admission_gate_tests::workflow_name_scope_matches_specific_workflow ... ok
test alert_pack_docs::non_prometheus_path_documents_cli_and_api_checks ... ok
test alert_pack_docs::retention_alert_uses_mounted_management_api_paths ... ok
test alert_pack_docs::prometheus_examples_use_stable_bounded_harvest_metrics ... ok
test alert_pack_docs::every_alert_links_to_a_complete_runbook_section ... ok
test alert_pack_docs::saga_spike_alert_absolute_floor_fires_without_a_baseline ... ok
test audit_tests::audit_coverage_all_mutation_routes_declared ... ok
test alert_pack_docs::synthetic_incident_drills_cover_required_failure_modes ... ok
test alert_pack_docs::starter_alert_pack_is_versioned_and_complete ... ok
test audit_tests::audit_list_filter_by_operation ... FAILED
test audit_tests::audit_list_filter_by_actor ... FAILED
test audit_tests::audit_list_filter_by_status ... FAILED
test audit_tests::audit_list_date_range_since ... FAILED
test audit_tests::audit_list_filter_by_target_id ... FAILED
test audit_tests::audit_list_filter_by_target_type ... FAILED
test audit_tests::audit_list_respects_limit ... FAILED
test audit_tests::audit_list_ordered_by_occurred_at_desc ... FAILED
test build_routing_tests::build_id_display_and_as_str ... ok
test build_routing_tests::build_id_empty_is_valid_legacy_sentinel ... ok
test build_routing_tests::build_id_equality_and_clone ... ok
test build_routing_tests::build_id_serde_roundtrip ... ok
test build_routing_tests::cleared_ramp_percent_with_stale_target_resolves_to_base ... ok
test build_routing_tests::compat_set_can_remove_a_declaration ... ok
test build_routing_tests::compat_set_supports_multiple_declarations ... ok
test audit_tests::failed_audit_record_includes_error_summary ... FAILED
test audit_tests::audit_record_with_all_optional_fields ... FAILED
test audit_tests::insert_and_retrieve_audit_record ... FAILED
test build_routing_tests::db_tests::build_reachability_counts_open_executions_and_pending_tasks ... FAILED
test build_routing_tests::db_tests::clear_build_ramp_on_unknown_queue_returns_none ... FAILED
test build_routing_tests::db_tests::clear_build_ramp_nulls_target_and_percent ... FAILED
test build_routing_tests::db_tests::compatible_worker_can_claim_task_with_required_build ... FAILED
test build_routing_tests::db_tests::declare_and_load_compat_set ... FAILED
test build_routing_tests::db_tests::incompatible_worker_cannot_claim_required_build_task ... FAILED
test build_routing_tests::db_tests::declared_compat_allows_new_worker_to_claim_old_task ... FAILED
test build_routing_tests::db_tests::legacy_worker_empty_build_id_claims_any_task ... FAILED
test build_routing_tests::db_tests::list_workers_filters_by_build_id ... FAILED
test build_routing_tests::db_tests::pre_ramp_policy_row_without_ramp_columns_still_routes_to_base_build ... FAILED
test build_routing_tests::db_tests::ramp_back_to_zero_stops_new_starts_from_reaching_target ... FAILED
test build_routing_tests::db_tests::safe_to_retire_true_when_no_open_executions_or_pending_tasks ... FAILED
test build_routing_tests::db_tests::revoke_compat_removes_entry ... FAILED
test build_routing_tests::db_tests::set_and_get_build_policy_for_queue ... FAILED
test build_routing_tests::db_tests::set_build_ramp_updates_target_and_percent_on_existing_policy ... FAILED
test build_routing_tests::db_tests::set_build_ramp_without_base_policy_is_config_error ... FAILED
test build_routing_tests::db_tests::start_stamps_base_build_when_ramp_is_zero ... FAILED
test build_routing_tests::declared_compat_makes_new_build_eligible_for_old_tasks ... ok
test build_routing_tests::deployment_name_display_and_as_str ... ok
test build_routing_tests::deployment_name_serde_roundtrip ... ok
test build_routing_tests::different_build_not_eligible_without_declaration ... ok
test build_routing_tests::legacy_worker_empty_build_id_can_claim_any_task ... ok
test build_routing_tests::merge_reachability_empty_input_returns_empty ... ok
test build_routing_tests::merge_reachability_recomputes_safe_to_retire_from_totals ... ok
test build_routing_tests::merge_reachability_sums_counters_across_shards ... ok
test build_routing_tests::no_ramp_configured_resolves_to_base_build ... ok
test build_routing_tests::parse_worker_filters_accepts_build_id_param ... ok
test build_routing_tests::parse_worker_filters_accepts_deployment_name_param ... ok
test build_routing_tests::ramp_decision_differs_across_two_independent_policies_with_disjoint_targets ... ok
test build_routing_tests::ramp_decision_is_deterministic_for_a_given_execution_id ... ok
test build_routing_tests::ramp_distribution_is_within_two_percentage_points_at_various_percents ... ok
test build_routing_tests::ramp_percent_hundred_always_resolves_to_target_build ... ok
test build_routing_tests::ramp_percent_zero_always_resolves_to_base_build ... ok
test build_routing_tests::same_build_is_always_eligible ... ok
test build_routing_tests::task_with_no_required_build_claimed_by_any_worker ... ok
test build_routing_tests::validate_ramp_percent_accepts_full_range ... ok
test build_routing_tests::validate_ramp_percent_rejects_out_of_range ... ok
test build_routing_tests::db_tests::start_stamps_target_build_for_fully_ramped_queue ... FAILED
test build_routing_tests::db_tests::task_without_required_build_claimed_by_any_worker ... FAILED
test build_routing_tests::db_tests::worker_registration_stores_build_id_and_deployment_name ... FAILED
test cache_delta_load_tests::cold_path_reads_full_history_every_task ... FAILED
test cache_delta_load_tests::sticky_routing_on_vs_off_reload_count ... FAILED
test cache_delta_load_tests::warm_path_delta_load_reads_only_new_events ... FAILED
test cancellation_tests::activity_exits_early_on_workflow_cancellation ... FAILED
test cancellation_tests::activity_without_cancellation_check_completes_normally ... FAILED
test cancellation_tests::cancel_running_workflow_marks_execution_cancelled_and_fails_open_tasks ... FAILED
test cancellation_tests::cancelling_an_already_cancelled_workflow_is_idempotent ... FAILED
test cancellation_tests::heartbeat_checkpoint_preserved_across_cancel_signal ... FAILED
test cancellation_tests::running_activity_heartbeat_observes_workflow_cancellation ... FAILED
test child_fanout_tests::child_fan_out_cancelled_workflow_returns_cancelled_error ... ok
test child_fanout_tests::child_fan_out_collect_all_returns_per_slot_results ... ok
test child_fanout_tests::child_fan_out_count_mismatch_returns_non_deterministic_error ... ok
test child_fanout_tests::child_fan_out_dynamic_from_prior_activity_replays_correctly ... ok
test child_fanout_tests::child_fan_out_empty_returns_empty_vec ... ok
test cancellation_tests::signal_insert_waits_for_concurrent_cancellation_lock ... FAILED
test child_fanout_tests::child_fan_out_live_execution_emits_marker_and_start_commands ... ok
test cancellation_tests::signals_to_cancelled_workflows_are_rejected ... FAILED
test child_fanout_tests::child_fan_out_raw_fail_fast_on_first_failure ... ok
test child_fanout_tests::child_fan_out_raw_known_limitation_replay_selects_by_slot_order_not_recorded_order ... ok
test child_fanout_tests::child_fan_out_raw_burns_seq_on_validation_failure_so_next_fan_out_never_reuses_it ... ok
test child_fanout_tests::child_fan_out_raw_oversized_child_rejects_before_dispatching_any_sibling ... ok
test child_fanout_tests::child_fan_out_raw_replay_ignores_current_payload_cap_for_already_recorded_children ... ok
test child_fanout_tests::child_fan_out_raw_three_parallel_all_succeed ... ok
test child_fanout_tests::child_fan_out_shares_seq_counter_with_activity_fan_out ... ok
test child_fanout_tests::child_fan_out_typed_collect_all_returns_per_slot_results ... ok
test child_fanout_tests::child_fan_out_typed_replays_completed_output ... ok
test cancellation_tests::uncooperative_activity_is_hard_aborted_after_grace_period ... FAILED
test child_fanout_tests::child_fan_out_partial_history_re_parks_pending_children ... ok
test child_fanout_tests::child_fan_out_raw_known_limitation_stale_repark_command_leaks_into_next_suspension ... ok
test child_policy_tests::cascade_records_child_events_only_after_winning_child_transition ... FAILED
test child_policy_tests::child_workflow_detached_abandon_outlives_parent_completion ... FAILED
test child_policy_tests::child_workflow_cancel_cascade_request_cancel ... FAILED
test child_policy_tests::child_workflow_terminate_cascade_on_parent_failure ... FAILED
test child_policy_tests::detached_child_continue_as_new_failure_does_not_wake_parent ... FAILED
test child_policy_tests::detached_child_execution_timeout_does_not_wake_parent ... FAILED
test child_policy_tests::detached_child_task_receives_trace_context ... FAILED
test child_policy_tests::parent_close_policy_as_str ... ok
test child_policy_tests::parent_close_policy_default_is_request_cancel ... ok
test child_policy_tests::parent_close_policy_from_str ... ok
test child_policy_tests::parent_close_policy_serde_round_trip ... ok
test child_policy_tests::detached_child_workflow_uses_registered_concurrency_policy ... FAILED
test child_policy_tests::detached_spawn_before_local_activity_is_persisted ... FAILED
test child_policy_tests::history_cap_failure_cascades_detached_children ... FAILED
test child_policy_tests::parent_terminate_cascade_applies_child_descendant_policy ... FAILED
test child_policy_tests::signal_then_detached_only_remainder_persists_spawn_and_completes ... FAILED
test circuit_breaker_wiring_tests::declared_breaker_trips_and_short_circuits ... ok
test circuit_breaker_wiring_tests::force_open_and_close_through_shared_registry ... ok
test circuit_breaker_wiring_tests::local_activity_circuit_breaker_is_not_tracked ... ok
test circuit_breaker_wiring_tests::registry_builds_breakers_from_declared_policies ... ok
test circuit_breaker_wiring_tests::untracked_activity_never_short_circuits ... ok
test child_policy_tests::terminal_detached_spawn_setup_error_fails_workflow ... FAILED
test child_policy_tests::workflow_reset_cascades_detached_children ... FAILED
test child_policy_tests::workflow_task_timeout_cascades_detached_children ... FAILED
test completion_callback_tests::enqueue_is_idempotent_on_re_evaluation ... FAILED
test completion_callback_tests::enqueue_on_completion_creates_one_row_per_matching_target ... FAILED
test completion_callback_tests::enqueue_skips_targets_whose_filter_does_not_match ... FAILED
test completion_callback_tests::erase_racing_a_dead_letter_write_does_not_reintroduce_pii ... FAILED
test completion_callback_tests::list_deliveries_for_execution_returns_rows_in_callback_index_order ... FAILED
test completion_callback_tests::no_targets_configured_enqueues_nothing ... FAILED
test completion_callback_tests::redrive_dead_letter_delegates_a_callback_row_to_completion_delivery_redrive ... FAILED
test completion_callback_tests::redrive_delivery_is_a_no_op_on_an_unknown_id ... FAILED
test completion_callback_tests::redrive_delivery_is_a_no_op_when_delivery_belongs_to_a_different_execution ... FAILED
test completion_callback_tests::redrive_delivery_rejects_a_non_failed_delivery ... FAILED
test completion_callback_tests::redrive_delivery_resets_a_failed_row_and_clears_its_dlq_entry ... FAILED
test completion_callback_tests::replay_dead_letter_delegates_a_callback_row_to_completion_delivery_redrive ... FAILED
test completion_callback_tests::scanner_dead_letters_on_retry_exhaustion ... FAILED
test completion_callback_tests::scanner_dispatches_a_batch_of_deliveries_concurrently_not_sequentially ... FAILED
test completion_callback_tests::scanner_ignores_rows_not_yet_due ... FAILED
test completion_callback_tests::scanner_marks_delivered_on_2xx ... FAILED
test completion_callback_tests::scanner_rejects_dispatch_when_target_is_no_longer_allowlisted ... FAILED
test concurrency_key_tests::concurrency_policy_debug ... ok
test concurrency_key_tests::resolve_against_non_object_input ... ok
test concurrency_key_tests::resolve_input_prefixed_field ... ok
test concurrency_key_tests::resolve_integer_value_as_string ... ok
test concurrency_key_tests::resolve_missing_field_returns_none ... ok
test concurrency_key_tests::resolve_nested_field ... ok
test concurrency_key_tests::resolve_null_value_returns_none ... ok
test concurrency_key_tests::resolve_top_level_field ... ok
test concurrency_key_tests::workflow_info_has_concurrency_fields ... ok
test concurrency_key_tests::workflow_info_with_concurrency_policy ... ok
test context_headers_tests::context_headers_accessible_after_with_context_headers ... ok
test context_headers_tests::context_headers_empty_map_on_default_workflow_context ... ok
test context_headers_tests::context_headers_replay_succeeds_with_headers ... ok
test context_headers_tests::context_headers_replay_succeeds_without_headers ... ok
test context_headers_tests::history_snapshot_context_headers_round_trips ... ok
test context_headers_tests::history_snapshot_without_context_headers_deserializes_to_empty ... ok
test cross_workflow_cancel_tests::test_already_terminal_target_is_no_op_success ... FAILED
test completion_callback_tests::scanner_reschedules_with_backoff_on_non_2xx ... FAILED
test cross_workflow_cancel_tests::test_cross_shard_cancel_via_outbox ... FAILED
test completion_callback_tests::scanner_schedules_backoff_from_attempt_completion_not_claim_time ... FAILED
test cross_workflow_signal_tests::test_config_validation ... ok
test cross_workflow_signal_tests::test_cross_shard_outbox_delivery ... FAILED
test cross_workflow_cancel_tests::test_grace_window_expiry_unknown_target ... FAILED
test completion_callback_tests::scanner_scopes_claims_to_the_assigned_shard_when_shards_share_a_pool ... FAILED
test cross_workflow_cancel_tests::test_same_shard_live_cancel ... FAILED
test dag_builder::dag_builder_computes_execution_levels_and_task_overrides ... ok
test dag_builder::dag_builder_detects_dependency_cycles ... ok
test dag_builder::dag_builder_rejects_cross_builder_dependencies - should panic ... ok
test dag_builder::harvest_builder_collects_dags ... ok
test dag_mapping_tests::collect_all_mapped_dag_execution ... ok
test dag_mapping_tests::dag_macro_emits_workflow_info_for_mapped_dag ... ok
test dag_mapping_tests::empty_upstream_collection_mapping ... ok
test dag_mapping_tests::fail_fast_mapped_dag_execution ... ok
test dag_mapping_tests::happy_path_mapped_dag_execution ... ok
test dag_mapping_tests::replay_detects_width_n_mismatch ... ok
test cross_workflow_signal_tests::test_grace_window_expiration ... FAILED
test dag_unified_tests::as_workflow_schedule_returns_none_for_unscheduled_dag ... ok
test dag_unified_tests::as_workflow_schedule_returns_some_with_matching_fields ... ok
test dag_unified_tests::builder_dags_auto_registers_workflow_info ... ok
test dag_unified_tests::builder_dags_auto_registers_workflow_schedule_only_for_scheduled_dags ... ok
test dag_unified_tests::builder_rejects_local_activities_in_dag_definitions ... ok
test dag_unified_tests::builder_rejects_workflow_name_collision_with_auto_registered_dag ... ok
test dag_unified_tests::compile_dag_catalog_keeps_unified_dag_metadata ... ok
test dag_unified_tests::compile_dag_catalog_rejects_duplicate_unified_dag_names ... ok
test dag_unified_tests::condition_branch_replay_sweep_1000 ... ok
test dag_unified_tests::condition_false_branch_replays_with_skip_marker ... ok
test dag_unified_tests::condition_flip_is_reported_as_nondeterminism ... ok
test dag_unified_tests::condition_skip_propagates_and_alldone_join_still_fires ... ok
test dag_unified_tests::condition_true_branch_schedules_activity ... ok
test dag_unified_tests::dag_info_as_workflow_info_returns_some_with_matching_name ... ok
test dag_unified_tests::dag_info_backward_compat_still_works ... ok
test dag_unified_tests::dag_macro_emits_workflow_info_companion ... ok
test dag_unified_tests::harvest_migration_versions_are_unique ... ok
test dag_unified_tests::lowered_handler_applies_all_failed_trigger_rule_to_root_task ... ok
test dag_unified_tests::lowered_handler_applies_manual_trigger_rule_to_root_task ... ok
test dag_unified_tests::lowered_handler_applies_one_failed_trigger_rule_to_root_task ... ok
test dag_unified_tests::condition_dag_runs_live_then_replays_identically ... ok
test dag_unified_tests::lowered_handler_merges_dag_task_into_object_workflow_input ... ok
test dag_unified_tests::lowered_handler_propagates_activity_replay_mismatch ... ok
test dag_unified_tests::lowered_handler_replays_fanout_dag ... ok
test dag_unified_tests::lowered_handler_replays_linear_dag_all_success ... ok
test dag_unified_tests::lowered_handler_runs_alldone_downstream_on_upstream_failure ... ok
test dag_unified_tests::lowered_handler_skips_all_success_downstream_on_upstream_failure ... ok
test dag_unified_tests::lowered_handler_wraps_scalar_workflow_input_with_conf_and_dag_task ... ok
test dag_unified_tests::lowered_handler_leaves_queue_empty_when_dag_task_has_no_queue ... ok
test cross_workflow_signal_tests::test_mixed_timer_suspension_signal_wakes_timer ... FAILED
test dag_unified_tests::unified_dag_registers_workflow_handler_for_worker_execution ... ok
test dashboard_pack_docs::alert_runbook_anchors_resolve ... ok
test dashboard_pack_docs::dashboard_pack_is_versioned_and_importable ... ok
test dashboard_pack_docs::dashboard_readme_documents_prerequisites ... ok
test dashboard_pack_docs::dashboard_runbook_anchor_references_resolve ... ok
test dashboard_pack_docs::every_alert_rule_maps_to_a_panel ... ok
test dashboard_pack_docs::every_catalogue_metric_appears_on_a_panel ... ok
test dag_unified_tests::mapped_task_condition_skips_whole_map ... ok
test dashboard_pack_docs::metric_types_are_handled_correctly ... ok
test dashboard_pack_docs::no_hardcoded_datasource_uids ... ok
test dashboard_pack_docs::panel_queries_use_only_stable_series ... ok
test dashboard_pack_docs::panel_queries_never_use_forbidden_labels ... ok
test dashboard_pack_docs::runbook_cross_links_dashboard ... ok
test dashboard_pack_docs::panel_structure_is_grafana10_clean ... ok
test dashboard_pack_docs::template_variable_queries_reference_allowlisted_series ... ok
test dashboard_pack_docs::template_variables_cover_datasource_workflow_queue_shard ... ok
test dashboard_pack_docs::template_variables_apply_only_where_labels_exist ... ok
test cross_workflow_signal_tests::test_same_shard_not_found_retry ... FAILED
test debounce_tests::debounce_conflict_merges_completion_callbacks_instead_of_overwriting ... FAILED
test debounce_tests::burst_collapse_k_upserts_produce_one_row_and_one_execution ... FAILED
test dag_unified_tests::three_way_switch_runs_exactly_one_branch ... ok
test debounce_tests::fire_due_debounced_starts_threads_completion_callbacks_into_the_started_execution ... FAILED
test debounce_tests::fire_emits_debounce_fired_metric ... FAILED
test debounce_tests::independent_keys_produce_independent_executions ... FAILED
test debounce_tests::last_input_wins ... FAILED
test debounce_tests::list_pending_debounce_surfaces_pending_records ... FAILED
test debounce_tests::max_wait_cap_prevents_endless_deferral ... FAILED
test delayed_start_tests::test_builder_honors_worker_config_max_start_delay ... ok
test debounce_tests::no_debounce_policy_uses_normal_start_path ... FAILED
test debounce_tests::thousand_upserts_produce_exactly_one_execution ... FAILED
test debounce_tests::trailing_edge_extends_deadline_and_scanner_respects_it ... FAILED
test delayed_start_tests::test_delayed_start_cancel_before_firing ... FAILED
test delayed_start_tests::test_delayed_start_no_premature_dispatch ... FAILED
test det_check_tests::activity_bodies_are_not_flagged ... ok
test det_check_tests::billing_example_workflows_have_no_hard_blockers ... ok
test det_check_tests::block_comment_brace_does_not_end_body_early ... ok
test det_check_tests::block_comment_pattern_is_not_flagged ... ok
test det_check_tests::clean_workflow_has_no_findings ... ok
test det_check_tests::det001_flags_chrono_local_now ... ok
test det_check_tests::det001_flags_chrono_utc_now ... ok
test det_check_tests::det001_flags_instant_now ... ok
test det_check_tests::det001_flags_system_time_now ... ok
test det_check_tests::det001_is_hard_blocker ... ok
test det_check_tests::det002_flags_os_rng ... ok
test det_check_tests::det002_flags_rand_random ... ok
test det_check_tests::det002_flags_thread_rng ... ok
test det_check_tests::det002_is_hard_blocker ... ok
test det_check_tests::det003_flags_uuid_new_v4 ... ok
test det_check_tests::det003_flags_uuid_new_v7 ... ok
test det_check_tests::det003_flags_uuid_now_v7 ... ok
test det_check_tests::det003_is_hard_blocker ... ok
test det_check_tests::det004_flags_env_args ... ok
test det_check_tests::det004_flags_env_var ... ok
test det_check_tests::det004_flags_env_var_shorthand ... ok
test det_check_tests::det004_is_hard_blocker ... ok
test det_check_tests::det005_flags_process_id ... ok
test det_check_tests::det005_is_warning_not_error ... ok
test det_check_tests::det006_flags_thread_sleep ... ok
test det_check_tests::det006_flags_tokio_sleep ... ok
test det_check_tests::det006_is_hard_blocker ... ok
test det_check_tests::det007_flags_spawn_blocking ... ok
test det_check_tests::det007_flags_thread_spawn ... ok
test det_check_tests::det007_flags_tokio_spawn ... ok
test det_check_tests::det007_is_hard_blocker ... ok
test det_check_tests::det008_flags_file_open ... ok
test det_check_tests::det008_flags_reqwest ... ok
test det_check_tests::det008_flags_std_fs_read ... ok
test det_check_tests::det008_flags_std_fs_write ... ok
test det_check_tests::det008_flags_tcp_stream ... ok
test det_check_tests::det008_is_hard_blocker ... ok
test det_check_tests::det010_activity_bodies_are_never_flagged ... ok
test det_check_tests::det010_collect_hashset_turbofish_is_tracked ... ok
test det_check_tests::det010_collect_result_turbofish_is_tracked ... ok
test det_check_tests::det010_enclosing_same_line_brace_does_not_extend_body_scan ... ok
test det_check_tests::det010_execute_local_activity_in_loop_body_is_error ... ok
test det_check_tests::det010_fan_out_helper_in_loop_body_is_error ... ok
test det_check_tests::det010_finding_carries_metadata ... ok
test det_check_tests::det010_flags_collect_turbofish_binding ... ok
test det_check_tests::det010_flags_hashmap_loop_with_command_as_error ... ok
test det_check_tests::det010_flags_hashset_loop_with_command ... ok
test det_check_tests::det010_flags_hashset_new_inferred_binding ... ok
test det_check_tests::det010_flags_iter_method_forms ... ok
test det_check_tests::det010_flags_mut_borrow_form ... ok
test det_check_tests::det010_flags_remaining_iter_method_forms ... ok
test det_check_tests::det010_for_loop_pattern_mask_is_restored_after_the_loop ... ok
test det_check_tests::det010_for_loop_pattern_masks_tracked_ident ... ok
test det_check_tests::det010_function_parameter_map_is_not_flagged ... ok
test det_check_tests::det010_generic_call_turbofish_is_not_flagged ... ok
test det_check_tests::det010_hashmap_default_binding_is_tracked ... ok
test det_check_tests::det010_hashmap_from_binding_is_tracked ... ok
test det_check_tests::det010_hvg011_alias_suppression_suppresses_and_echoes ... ok
test det_check_tests::det010_inner_block_hash_binding_does_not_leak ... ok
test det_check_tests::det010_longer_iterator_chain_is_not_flagged ... ok
test det_check_tests::det010_match_arm_shadow_residual_over_flag_is_documented ... ok
test det_check_tests::det010_multiline_for_header_is_a_documented_miss ... ok
test det_check_tests::det010_multiline_let_annotation_is_tracked ... ok
test det_check_tests::det010_multiline_let_initializer_is_tracked ... ok
test det_check_tests::det010_never_flags_ordered_collections ... ok
test det_check_tests::det010_option_hashmap_annotation_is_not_flagged ... ok
test det_check_tests::det010_pure_computation_hashmap_loop_is_warning ... ok
test det_check_tests::det010_race_in_loop_body_is_error ... ok
test det_check_tests::det010_same_line_preceding_command_does_not_inflate_severity ... ok
test delayed_start_tests::test_delayed_start_validation ... FAILED
test det_check_tests::det010_shadowing_with_vec_untracks_the_ident ... ok
test det_check_tests::det010_side_effect_in_loop_body_is_error ... ok
test det_check_tests::det010_sorted_keys_vec_is_never_flagged ... ok
test det_check_tests::det010_suppression_is_honored_and_reported ... ok
test det_check_tests::det010_vec_of_hashmap_annotation_is_not_flagged ... ok
test det_check_tests::det011_activity_bodies_are_never_flagged ... ok
test det_check_tests::det011_does_not_flag_absolute_non_futures_combinator_paths ... ok
test det_check_tests::det011_does_not_flag_macros_whose_name_merely_ends_in_select ... ok
test det_check_tests::det011_does_not_flag_method_call_forms_of_combinators ... ok
test det_check_tests::det011_does_not_flag_method_or_suffix_forms_of_future_select ... ok
test det_check_tests::det011_does_not_flag_qualified_non_futures_combinator_paths ... ok
test det_check_tests::det011_does_not_flag_qualified_non_select_macros ... ok
test det_check_tests::det011_does_not_flag_turbofished_non_futures_or_method_forms ... ok
test det_check_tests::det011_does_not_flag_unrelated_code ... ok
test det_check_tests::det011_finding_carries_metadata_and_names_race_alternative ... ok
test det_check_tests::det011_flags_absolute_futures_combinator_paths ... ok
test det_check_tests::det011_flags_absolute_path_select_macro ... ok
test det_check_tests::det011_flags_bare_distinctive_combinators ... ok
test det_check_tests::det011_flags_futures_qualified_and_short_form_combinators ... ok
test det_check_tests::det011_flags_futures_select_macro ... ok
test det_check_tests::det011_flags_qualified_future_select_combinator ... ok
test det_check_tests::det011_flags_select_biased_macro ... ok
test det_check_tests::det011_flags_short_form_future_select_combinator ... ok
test det_check_tests::det011_flags_tokio_select_macro_as_error ... ok
test det_check_tests::det011_flags_turbofished_combinator_calls ... ok
test det_check_tests::det011_select_macro_is_flagged_exactly_once_no_double_count ... ok
test det_check_tests::det010_self_scan_of_harvest_src_is_clean ... ok
test det_check_tests::det011_suppression_is_honored_and_reported ... ok
test det_check_tests::finding_carries_alternative ... ok
test det_check_tests::finding_carries_message ... ok
test det_check_tests::finding_carries_source_location ... ok
test det_check_tests::finding_carries_workflow_name ... ok
test det_check_tests::inline_suppression_does_not_carry_to_next_line ... ok
test det_check_tests::multiple_violations_are_all_reported ... ok
test det_check_tests::non_annotated_functions_are_not_flagged ... ok
test det_check_tests::quickstart_example_has_no_hard_blockers ... ok
test det_check_tests::regression_det001_wall_clock ... ok
test det_check_tests::regression_det002_randomness ... ok
test det_check_tests::regression_det003_uuid ... ok
test det_check_tests::regression_det004_env_read ... ok
test det_check_tests::regression_det005_process_read ... ok
test det_check_tests::regression_det006_direct_sleep ... ok
test det_check_tests::regression_det007_task_spawn ... ok
test det_check_tests::regression_det008_direct_io ... ok
test det_check_tests::report_has_hard_blockers_when_error_findings_exist ... ok
test det_check_tests::report_passes_for_clean_workflow ... ok
test det_check_tests::report_passes_when_only_warnings_exist ... ok
test det_check_tests::same_line_suppression_is_not_a_hard_blocker ... ok
test det_check_tests::same_line_suppression_works ... ok
test det_check_tests::single_line_workflow_body_is_scanned ... ok
test det_check_tests::standalone_runner_workflows_have_no_hard_blockers ... ok
test det_check_tests::string_literal_not_flagged_as_violation ... ok
test det_check_tests::suppressed_finding_is_not_a_hard_blocker ... ok
test det_check_tests::suppression_is_reported_in_output ... ok
test det_check_tests::suppression_only_applies_to_its_rule_id ... ok
test det_check_tests::suppression_requires_reason_string ... ok
test det_check_tests::workflow_body_extraction_ignores_braces_inside_string_and_char_literals ... ok
test det_check_tests::det011_self_scan_of_harvest_src_is_clean ... ok
test delayed_start_tests::test_delayed_start_workflow_started_event_timestamp ... FAILED
test delayed_start_tests::test_immediate_start_skew_tolerance ... FAILED
test event_batch_tests::a_later_admissions_completion_callbacks_are_merged_not_dropped ... FAILED
test event_batch_tests::size_triggered_flush_threads_completion_callbacks_into_the_started_execution ... FAILED
test executor_span_tests::executor_emits_harvest_workflow_execute_span ... ok
test executor_span_tests::executor_no_longer_emits_old_harvest_workflow_run_span ... ok
test executor_span_tests::executor_span_has_attr_execution_id_field ... ok
test executor_span_tests::live_executor_span_has_replay_false ... ok
test executor_span_tests::replay_executor_emits_harvest_workflow_execute_with_replay_true ... ok
test external_completion_tests::activity_awaiting_external_round_trips_serde ... ok
test external_completion_tests::activity_completed_externally_round_trips_serde ... ok
test external_completion_tests::activity_external_deadline_extended_round_trips_serde ... ok
test external_completion_tests::activity_failed_externally_round_trips_serde ... ok
test external_completion_tests::context_awaiting_external_re_emits_same_token_idempotently ... ok
test external_completion_tests::context_double_complete_is_idempotent_replay ... ok
test external_completion_tests::context_execute_activity_external_detects_non_determinism ... ok
test external_completion_tests::context_execute_activity_external_emits_unique_token ... ok
test external_completion_tests::context_execute_activity_external_resolves_via_oneshot ... ok
test external_completion_tests::context_execute_activity_external_suspends_on_first_call ... ok
test external_completion_tests::context_post_restart_while_awaiting_with_deadline_extensions ... ok
test external_completion_tests::context_replays_completed_external_activity ... ok
test external_completion_tests::context_replays_failed_external_activity ... ok
test external_completion_tests::context_replays_timed_out_external_activity ... ok
test external_completion_tests::external_event_type_names_are_stable ... ok
test external_completion_tests::matcher_diverges_on_wrong_name_for_external_activity ... ok
test external_completion_tests::matcher_no_match_past_end_of_history_for_external_activity ... ok
test external_completion_tests::matcher_replays_completed_external_activity ... ok
test external_completion_tests::matcher_replays_failed_external_activity ... ok
test external_completion_tests::matcher_replays_timed_out_external_activity ... ok
test external_completion_tests::matcher_returns_awaiting_when_no_terminal_event ... ok
test external_completion_tests::matcher_skips_deadline_extended_events_between_awaiting_and_terminal ... ok
test fanout_tests::fan_out_cancelled_workflow_returns_cancelled_error ... ok
test fanout_tests::fan_out_collect_all_returns_per_slot_results ... ok
test fanout_tests::fan_out_count_mismatch_returns_non_deterministic_error ... ok
test fanout_tests::fan_out_dynamic_from_prior_activity_replays_correctly ... ok
test fanout_tests::fan_out_empty_activities_returns_empty_vec ... ok
test fanout_tests::fan_out_raw_fail_fast_on_first_failure ... ok
test event_batch_tests::test_event_batch_accumulation_and_size_flush ... FAILED
test fanout_tests::fan_out_raw_three_parallel_all_succeed ... ok
test fanout_tests::fan_out_two_groups_in_same_workflow ... ok
test fanout_tests::fan_out_typed_collect_all_returns_per_slot_results ... ok
test fanout_tests::fan_out_typed_single_activity_type_replays_correctly ... ok
test fanout_tests::fan_out_raw_live_execution_emits_marker_and_schedule_commands ... ok
test event_batch_tests::test_event_batch_time_flush ... FAILED
test force_fail_tests::forced_envelope_is_recognized_by_the_full_parser ... ok
test event_batch_tests::time_triggered_flush_threads_completion_callbacks_into_the_started_execution ... FAILED
test force_fail_tests::completed_task_returns_conflict ... FAILED
test force_fail_tests::force_fail_on_paused_execution_succeeds ... FAILED
test force_fail_tests::genuinely_failed_task_returns_conflict ... FAILED
test force_fail_tests::late_completion_after_force_fail_is_ignored ... FAILED
test force_fail_tests::late_retryable_error_cannot_resurrect_failed_row ... FAILED
test force_fail_tests::pending_task_returns_conflict ... FAILED
test force_fail_tests::legacy_task_terminal_history_returns_conflict_not_404 ... FAILED
test force_fail_tests::remaining_retries_are_skipped ... FAILED
test force_fail_tests::retry_after_forced_run_sealed_is_idempotent_no_op ... FAILED
test force_fail_tests::running_task_is_force_failed ... FAILED
test force_fail_tests::task_for_different_workflow_returns_not_found ... FAILED
test force_fail_tests::terminal_execution_returns_conflict ... FAILED
test force_fail_tests::terminal_history_with_running_row_returns_conflict ... FAILED
test force_fail_tests::workflow_task_is_woken ... FAILED
test guardrail_catalog_tests::catalog_alternative_guidance_mentions_harvest_concepts ... ok
test guardrail_catalog_tests::catalog_contains_hvg011_nondeterministic_iteration ... ok
test guardrail_catalog_tests::catalog_covers_all_required_categories ... ok
test guardrail_catalog_tests::catalog_every_entry_has_nonempty_explanation_and_alternative ... ok
test guardrail_catalog_tests::catalog_has_at_least_one_hard_blocker_per_required_category ... ok
test guardrail_catalog_tests::catalog_hvg010_alternative_names_todays_deterministic_primitives ... ok
test guardrail_catalog_tests::catalog_hvg010_explanation_names_the_combinator_functions ... ok
test guardrail_catalog_tests::catalog_hvg010_is_select_macro_hard_blocker ... ok
test guardrail_catalog_tests::catalog_lookup_by_id_returns_correct_entry ... ok
test guardrail_catalog_tests::catalog_lookup_missing_id_returns_none ... ok
test guardrail_catalog_tests::catalog_rule_ids_are_unique ... ok
test guardrail_catalog_tests::catalog_rule_ids_match_hvg_prefix_pattern ... ok
test guardrail_catalog_tests::category_is_debug_clone_eq ... ok
test guardrail_catalog_tests::finding_from_rule_entry ... ok
test guardrail_catalog_tests::guardrail_finding_fields_accessible ... ok
test guardrail_catalog_tests::guardrail_finding_is_debug_and_clone ... ok
test guardrail_catalog_tests::guardrail_finding_optional_workflow_name_and_location ... ok
test guardrail_catalog_tests::rule_entry_exposes_id_severity_category_explanation_alternative ... ok
test guardrail_catalog_tests::severity_is_debug_clone_eq ... ok
test guardrail_catalog_tests::suppression_accepts_nonempty_reason ... ok
test guardrail_catalog_tests::suppression_deserialize_rejects_empty_reason ... ok
test guardrail_catalog_tests::suppression_deserialize_rejects_empty_rule_id ... ok
test guardrail_catalog_tests::suppression_deserialize_rejects_whitespace_reason ... ok
test guardrail_catalog_tests::suppression_deserialize_roundtrip_valid ... ok
test guardrail_catalog_tests::suppression_empty_rule_id_is_rejected ... ok
test guardrail_catalog_tests::suppression_exposes_rule_id_and_reason ... ok
test guardrail_catalog_tests::suppression_is_debug_and_clone ... ok
test guardrail_catalog_tests::suppression_requires_nonempty_reason ... ok
test guardrail_catalog_tests::suppression_whitespace_only_reason_is_rejected ... ok
test guardrail_catalog_tests::suppression_whitespace_rule_id_is_rejected ... ok
test havoc_reentrancy::test_update_handler_deadlock ... ok
test havoc_reentrancy::test_update_validate_deadlock ... ok
test havoc_tests::test_havoc_event_id_overflow ... ok
test havoc_tests::test_havoc_exponential_retry_delay ... ok
test havoc_tests::test_havoc_external_task_duration_panic ... ok
test idempotency_tests::attempt_returns_one_for_default_test_context ... ok
test idempotency_tests::base_key_display_is_safe_for_http_headers ... ok
test idempotency_tests::base_key_is_uuid_format ... ok
test idempotency_tests::context_without_key_returns_config_error ... ok
test idempotency_tests::different_subkey_names_produce_different_keys ... ok
test idempotency_tests::display_matches_as_str ... ok
test idempotency_tests::distinct_activity_exec_ids_produce_distinct_keys ... ok
test idempotency_tests::idempotency_key_accessible_from_test_context ... ok
test idempotency_tests::idempotency_key_stable_across_repeated_calls ... ok
test idempotency_tests::is_last_attempt_helper_matches_manual_comparison ... ok
test idempotency_tests::is_retrying_returns_true_when_attempt_gt_one ... ok
test idempotency_tests::keys_for_ten_thousand_invocations_have_no_collisions ... ok
test idempotency_tests::last_attempt_pattern_compiles_in_five_lines ... ok
test idempotency_tests::max_attempts_returns_one_for_default_test_context ... ok
test idempotency_tests::nested_subkeys_are_stable_and_distinct ... ok
test idempotency_tests::payment_gateway_100_forced_retry_trials_each_commit_exactly_once ... ok
test idempotency_tests::payment_gateway_duplicate_dispatch_commits_exactly_once ... ok
test idempotency_tests::previous_failure_returns_none_on_first_attempt ... ok
test idempotency_tests::same_subkey_name_different_parents_produce_different_keys ... ok
test idempotency_tests::subkey_derivation_is_deterministic ... ok
test idempotency_tests::subkey_display_is_safe_for_http_headers ... ok
test idempotency_tests::subkey_is_distinct_from_its_parent ... ok
test idempotency_tests::subkey_panics_on_control_char_in_name - should panic ... ok
test idempotency_tests::subkey_panics_on_empty_name - should panic ... ok
test idempotency_tests::subkey_panics_on_non_ascii_name - should panic ... ok
test idempotency_tests::subkey_panics_on_slash_in_name - should panic ... ok
test idempotency_tests::subkey_slash_in_name_does_not_collide_with_nested_subkey ... ok
test idempotency_tests::with_attempt_sets_attempt_number ... ok
test idempotency_tests::with_idempotency_key_overrides_default ... ok
test idempotency_tests::with_max_attempts_sets_value ... ok
test idempotency_tests::with_previous_failure_accepts_none ... ok
test idempotency_tests::with_previous_failure_stores_message ... ok
test force_fail_tests::workflow_task_type_returns_conflict ... FAILED
test integration_e2e::activity_context_exposes_attempt_and_previous_failure_on_retry ... FAILED
test integration_e2e::activity_retry_resumes_from_persisted_heartbeat_details ... FAILED
test integration_e2e::child_continue_as_new_rejection_wakes_parent_with_child_failure ... FAILED
test integration_e2e::claim_task_excludes_other_workers_while_sticky_active ... FAILED
test force_fail_tests::second_call_is_idempotent_no_op ... FAILED
test integration_e2e::claim_task_falls_back_to_any_worker_after_sticky_expires ... FAILED
test integration_e2e::claim_task_returns_none_on_empty_queue ... FAILED
test integration_e2e::claim_task_treats_expired_sticky_rows_like_unpinned_rows ... FAILED
test integration_e2e::concurrency_cap_failure_frees_slot_and_does_not_wedge_queue ... FAILED
test integration_e2e::concurrency_cap_limits_concurrent_claims_cluster_wide ... FAILED
test integration_e2e::concurrency_cap_null_key_tasks_are_unaffected_by_saturated_key ... FAILED
test integration_e2e::concurrency_cap_shared_key_budget_is_not_doubled ... FAILED
test integration_e2e::continue_as_new_down_migration_rewrites_historical_runs_for_rollback ... FAILED
test force_fail_tests::unknown_task_returns_not_found ... FAILED
test integration_e2e::drain_accepted_sets_status_to_draining ... FAILED
test integration_e2e::circuit_breaker_short_circuits_after_tripping ... FAILED
test integration_e2e::drain_already_stopped_after_transition ... FAILED
test integration_e2e::drain_not_found_for_unknown_worker ... FAILED
test integration_e2e::dead_letter_queue_lifecycle ... FAILED
test integration_e2e::drain_with_explicit_deadline_is_stored ... FAILED
test integration_e2e::drop_dag_runs_migration_copies_legacy_rows_to_workflow_executions ... FAILED
test integration_e2e::drop_dag_runs_migration_does_not_turn_queued_runs_into_running_workflows ... FAILED
test integration_e2e::drop_dag_runs_migration_preserves_subsecond_legacy_run_identities ... FAILED
test integration_e2e::duplicate_event_id_is_rejected ... FAILED
test integration_e2e::enqueue_inside_transaction_emits_notification_on_commit ... FAILED
test integration_e2e::enqueue_with_sticky_pin_stores_worker_and_expiry ... FAILED
test integration_e2e::claim_task_prefers_sticky_worker_within_window ... FAILED
test integration_e2e::event_store_round_trip ... FAILED
test integration_e2e::full_workflow_lifecycle ... FAILED
test integration_e2e::legacy_string_failure_in_non_retryable_errors_fails_fast ... FAILED
test integration_e2e::legacy_workflow_uniqueness_schema_can_be_upgraded_for_idempotent_starts ... FAILED
test integration_e2e::non_retryable_activity_fails_fast_on_attempt_one ... FAILED
test integration_e2e::overlap_policy_buffer_all_queues_multiple_slots ... FAILED
test integration_e2e::drain_preview_returns_active_workers ... FAILED
test integration_e2e::overlap_policy_buffer_one_queues_single_slot ... FAILED
test integration_e2e::drain_already_draining_on_second_call ... FAILED
test integration_e2e::overlap_policy_buffer_one_survives_scheduler_restart ... FAILED
test integration_e2e::overlap_policy_cancel_other_cancels_inflight_run ... FAILED
test integration_e2e::overlap_policy_skip_explicitly_drops_new_firings ... FAILED
test integration_e2e::overlap_policy_terminate_other_terminates_inflight_run ... FAILED
test integration_e2e::park_workflow_task_with_sticky_hint_pins_to_worker ... FAILED
test integration_e2e::per_key_concurrency_does_not_block_other_keys ... FAILED
test integration_e2e::queue_listener_receives_enqueue_notification ... FAILED
test integration_e2e::reschedule_task_clears_stale_heartbeat_timestamp ... FAILED
test integration_e2e::reuse_policy_allow_duplicate_cancelled_returns_existing ... FAILED
test integration_e2e::reuse_policy_allow_duplicate_completed_returns_existing ... FAILED
test integration_e2e::reuse_policy_allow_duplicate_failed_returns_existing ... FAILED
test integration_e2e::reuse_policy_allow_duplicate_no_prior_creates ... FAILED
test integration_e2e::queue_listener_handles_quoted_queue_names ... FAILED
test integration_e2e::reuse_policy_allow_duplicate_running_returns_existing ... FAILED
test integration_e2e::reuse_policy_allow_failed_only_completed_returns_existing ... FAILED
test integration_e2e::reuse_policy_allow_failed_only_failed_starts_fresh ... FAILED
test integration_e2e::reuse_policy_allow_failed_only_no_prior_creates ... FAILED
test integration_e2e::reuse_policy_allow_failed_only_running_returns_existing ... FAILED
test integration_e2e::reuse_policy_reject_duplicate_cancelled_errors ... FAILED
test integration_e2e::reuse_policy_reject_duplicate_completed_errors ... FAILED
test integration_e2e::reuse_policy_reject_duplicate_failed_errors ... FAILED
test integration_e2e::reuse_policy_reject_duplicate_no_prior_creates ... FAILED
test integration_e2e::reuse_policy_reject_duplicate_running_errors ... FAILED
test integration_e2e::reuse_policy_terminate_if_running_cancelled_starts_fresh ... FAILED
test integration_e2e::reuse_policy_terminate_if_running_completed_starts_fresh ... FAILED
test integration_e2e::per_key_concurrency_cap_enforced_across_fleet ... FAILED
test integration_e2e::reuse_policy_terminate_if_running_failed_starts_fresh ... FAILED
test integration_e2e::reuse_policy_terminate_if_running_no_prior_creates ... FAILED
test integration_e2e::reuse_policy_terminate_if_running_running_cancels_and_starts_fresh ... FAILED
test integration_e2e::search_attrs_survive_worker_crash_and_resume ... FAILED
test integration_e2e::search_attrs_upsert_visible_after_update_and_filterable ... FAILED
test integration_e2e::signal_blocked_workflow_times_out_at_deadline ... FAILED
test integration_e2e::test_rolling_deploy_capability_routing_with_database_enforcement ... FAILED
test integration_e2e::timeout_enforcement_fails_pending_activity_and_wakes_workflow ... FAILED
test integration_e2e::wake_workflow_task_does_not_requeue_active_running_task ... FAILED
test integration_e2e::reuse_policy_allow_failed_only_cancelled_starts_fresh ... FAILED
test integration_e2e::wake_workflow_task_emits_notification ... FAILED
test integration_e2e::wake_workflow_task_refreshes_sticky_until ... FAILED
test integration_e2e::wake_workflow_task_retries_after_losing_the_park_row_lock_race ... FAILED
test integration_e2e::worker_builder_state_is_visible_to_workflow_and_activity ... FAILED
test integration_e2e::worker_completes_parent_workflow_after_child_workflow_round_trip ... FAILED
test integration_e2e::worker_completes_parent_workflow_with_child_fan_out ... FAILED
test integration_e2e::worker_completes_parent_workflow_with_parallel_child_workflows ... FAILED
test integration_e2e::worker_completes_ten_child_fan_out_within_wall_clock_bound ... FAILED
test integration_e2e::worker_completes_workflow_after_signal_delivery ... FAILED
test integration_e2e::worker_completes_workflow_task_and_persists_result ... FAILED
test integration_e2e::worker_completes_workflow_with_activity_round_trip ... FAILED
test integration_e2e::worker_continues_as_new_with_fresh_history_and_same_workflow_id ... FAILED
test integration_e2e::worker_fails_orphaned_activity_task_without_scheduled_event ... FAILED
test integration_e2e::worker_fails_workflow_when_activity_start_to_close_timeout_elapses ... FAILED
test integration_e2e::worker_handles_early_ingested_signal_before_activity ... FAILED
test integration_e2e::reuse_policy_terminate_if_running_retry_after_partial_failure_is_idempotent ... FAILED
test integration_e2e::worker_marks_workflow_failed_when_handler_errors ... FAILED
test integration_e2e::worker_saga_unwind_emits_compensated_counter_exactly_once_across_decision_cycles ... FAILED
test integration_e2e::workflow_schedule_builder_rejects_unregistered_workflow ... ok
test integration_e2e::workflow_schedule_dag_only_deployment_unaffected ... FAILED
test integration_e2e::worker_completes_workflow_with_timer_round_trip ... FAILED
test integration_e2e::workflow_schedule_pause_and_resume ... FAILED
test integration_e2e::worker_parent_branches_on_typed_child_failure_across_categories ... FAILED
test integration_e2e::workflow_schedule_baseline_dispatches_multiple_runs ... FAILED
test legal_hold_tests::expired_hold_becomes_eligible_and_is_deleted ... FAILED
test legal_hold_tests::held_child_is_skipped_not_failed_during_cascade ... FAILED
test integration_e2e::workflow_schedule_max_active_runs_enforced ... FAILED
test legal_hold_tests::held_row_is_not_archived ... FAILED
test legal_hold_tests::erase_rejected_while_held ... FAILED
test legal_hold_tests::hold_placed_mid_tick_is_not_deleted ... FAILED
test legal_hold_tests::held_execution_survives_and_metric_is_zero_for_it ... FAILED
test legal_hold_tests::indefinitely_held_row_survives_two_ticks_metric_zero ... FAILED
test legal_hold_tests::hold_on_running_execution_persists_and_is_untouched_by_tick ... FAILED
test legal_hold_tests::hold_trumps_global_and_override ... FAILED
test legal_hold_tests::expired_hold_is_overwritten_by_a_fresh_set ... FAILED
test macros_activity::activity_companion_returns_name ... ok
test macros_activity::circuit_breaker_attribute_populates_activity_info ... ok
test macros_activity::configured_activity_companion_has_policy ... ok
test macros_activity::local_activity_companion_has_is_local_true ... ok
test macros_activity::local_activity_with_retry_policy_is_local ... ok
test macros_activity::local_activity_with_start_to_close_is_local ... ok
test macros_activity::regular_activity_is_not_local ... ok
test macros_collect::activities_macro_collects_correct_count ... ok
test macros_collect::workflows_macro_collects_correct_count ... ok
test legal_hold_tests::set_release_idempotency_round_trip ... FAILED
test macros_dag::dag_companion_returns_metadata ... ok
test macros_dag::dag_macro_condition_compiles_and_is_stored_on_task ... ok
test macros_dag::dag_macro_default_jitter_is_zero ... ok
test macros_dag::dag_macro_default_mcp_is_false ... ok
test macros_dag::dag_macro_default_mcp_is_false_on_shadow_workflow_info ... ok
test macros_dag::dag_macro_jitter_attribute_populates_field ... ok
test macros_dag::dag_macro_mcp_bare_flag_sets_mcp_true ... ok
test macros_dag::dag_macro_mcp_explicit_false ... ok
test macros_dag::dag_macro_mcp_propagates_to_shadow_workflow_info ... ok
test macros_dag::dag_macro_populates_workflow_handler_in_default_build ... ok
test macros_dag::dag_metadata_attributes ... ok
test macros_dag::dags_macro_collects_and_builds_definitions ... ok
test macros_query_handlers::absolute_workflow_paths_compile_successfully ... ok
test macros_query_handlers::bare_query_macro_still_passes_through ... ok
test macros_query_handlers::builder_queries_and_updates_methods_store_handlers ... ok
test macros_query_handlers::declarative_handlers_register_idempotently_on_multiple_replays ... ok
test macros_query_handlers::queries_macro_collects_correct_count_and_names ... ok
test macros_query_handlers::query_companion_multi_param_type_hint ... ok
test macros_query_handlers::query_companion_returns_correct_name ... ok
test macros_query_handlers::query_companion_returns_correct_workflow ... ok
test macros_query_handlers::query_companion_returns_type_hints ... ok
test macros_query_handlers::query_companion_zero_param_type_hint ... ok
test macros_query_handlers::query_ctx_can_access_shared_state ... ok
test macros_query_handlers::query_handler_can_be_registered_on_context ... ok
test macros_query_handlers::query_handler_dispatches_multi_param ... ok
test macros_query_handlers::query_handler_dispatches_single_param ... ok
test macros_query_handlers::query_handler_dispatches_verbose_param ... ok
test macros_query_handlers::query_handler_dispatches_zero_params ... ok
test macros_query_handlers::relative_workflow_paths_compile_and_resolve_successfully ... ok
test macros_query_handlers::update_companion_returns_correct_name ... ok
test macros_query_handlers::update_companion_returns_correct_workflow ... ok
test macros_query_handlers::update_companion_type_hints ... ok
test macros_query_handlers::update_companion_with_validator_flags ... ok
test macros_query_handlers::update_companion_without_validator_flags ... ok
test macros_query_handlers::update_handler_can_be_registered_on_context ... ok
test macros_query_handlers::update_handler_dispatches_without_validator ... ok
test macros_query_handlers::update_handler_with_validator_accept ... ok
test macros_query_handlers::update_handler_with_validator_missing_field_reject ... ok
test macros_query_handlers::update_handler_with_validator_reject ... ok
test macros_query_handlers::update_mcp_bare_flag_sets_true ... ok
test macros_query_handlers::update_mcp_composes_with_validator ... ok
test macros_query_handlers::update_mcp_defaults_to_false ... ok
test macros_query_handlers::update_mcp_eq_false_sets_false ... ok
test macros_query_handlers::update_mcp_eq_true_sets_true ... ok
test macros_query_handlers::updates_macro_collects_correct_count_and_names ... ok
test macros_webhook::handler_shim_classifies_deserialize_failure_for_malformed_payload ... ok
test macros_webhook::handler_shim_classifies_user_rejection ... ok
test macros_webhook::handler_shim_round_trips_typed_payload_to_workflow_id ... ok
test macros_webhook::hidden_companion_and_public_alias_agree ... ok
test macros_webhook::signals_variant_companion_carries_signal_name_and_queue ... ok
test macros_webhook::starts_variant_companion_carries_expected_fields ... ok
test macros_webhook::webhooks_bang_macro_collects_in_declared_order ... ok
test macros_workflow::workflow_companion_exists_and_returns_info ... ok
test macros_workflow::workflow_concurrency_macro_sets_policy ... ok
test macros_workflow::workflow_custom_enum_failure_stays_untyped ... ok
test macros_workflow::workflow_execution_timeout_attribute_24h ... ok
test macros_workflow::workflow_execution_timeout_attribute_30m ... ok
test macros_workflow::workflow_mcp_bare_flag_sets_true ... ok
test macros_workflow::workflow_mcp_composes_with_other_attributes ... ok
test macros_workflow::workflow_mcp_defaults_to_false ... ok
test macros_workflow::workflow_mcp_eq_false_sets_false ... ok
test macros_workflow::workflow_mcp_eq_true_sets_true ... ok
test macros_workflow::workflow_metadata_attributes ... ok
test macros_workflow::workflow_string_failure_stays_untyped ... ok
test macros_workflow::workflow_typed_failure_encodes_wire_envelope ... ok
test metrics_coverage::all_catalogue_metrics_are_reachable_via_trait ... ok
test metrics_coverage::cardinality_no_execution_id_label_on_any_metric ... ok
test metrics_coverage::dlq_entries_shard_label_is_present ... ok
test metrics_coverage::noop_metrics_implements_all_catalogue_methods ... ok
test metrics_coverage::saga_counters_reachable_and_never_labeled_by_execution_id ... ok
test metrics_coverage::schedule_skipped_reason_values_match_adr ... ok
test metrics_coverage::workflow_status_label_values_match_adr ... ok
test metrics_integration::child_hard_cap_dlq_notifies_parent_and_stops_inline_growth ... FAILED
   Compiling proc-macro2 v1.0.106
   Compiling unicode-ident v1.0.24
   Compiling quote v1.0.45
   Compiling cfg-if v1.0.4
   Compiling libc v0.2.186
   Compiling memchr v2.8.0
   Compiling bytes v1.11.1
test legal_hold_tests::release_of_expired_hold_clears_columns ... FAILED
   Compiling pin-project-lite v0.2.17
   Compiling serde_core v1.0.228
   Compiling smallvec v1.15.1
   Compiling syn v2.0.117
   Compiling itoa v1.0.18
   Compiling futures-core v0.3.32
   Compiling parking_lot_core v0.9.12
   Compiling once_cell v1.21.4
   Compiling scopeguard v1.2.0
   Compiling lock_api v0.4.14
   Compiling errno v0.3.14
   Compiling parking_lot v0.12.5
   Compiling signal-hook-registry v1.4.8
   Compiling socket2 v0.6.3
   Compiling mio v1.2.0
   Compiling futures-sink v0.3.32
   Compiling futures-channel v0.3.32
   Compiling futures-task v0.3.32
   Compiling futures-io v0.3.32
   Compiling slab v0.4.12
test metrics_integration::continue_as_new_records_history_size_and_rotation_metrics ... FAILED
   Compiling autocfg v1.5.0
   Compiling serde v1.0.228
   Compiling tracing-core v0.1.36
test legal_hold_tests::set_legal_hold_with_past_until_reports_inactive ... FAILED
   Compiling http v1.4.0
   Compiling num-traits v0.2.19
test metrics_integration::local_activity_retries_stop_when_hard_cap_is_reached ... FAILED
   Compiling equivalent v1.0.2
   Compiling typenum v1.20.0
   Compiling stable_deref_trait v1.2.1
   Compiling getrandom v0.4.2
   Compiling rand_core v0.10.1
   Compiling hashbrown v0.17.0
   Compiling zerocopy v0.8.48
   Compiling synstructure v0.13.2
   Compiling strsim v0.11.1
   Compiling either v1.15.0
   Compiling httparse v1.10.1
   Compiling ident_case v1.0.1
   Compiling indexmap v2.14.0
   Compiling http-body v1.0.1
   Compiling getrandom v0.2.17
   Compiling percent-encoding v2.3.2
   Compiling find-msvc-tools v0.1.9
   Compiling shlex v1.3.0
   Compiling zmij v1.0.21
   Compiling log v0.4.29
   Compiling fnv v1.0.7
   Compiling cc v1.2.61
   Compiling base64 v0.22.1
   Compiling tower-service v0.3.3
   Compiling serde_json v1.0.149
   Compiling bitflags v2.11.1
   Compiling atomic-waker v1.1.2
   Compiling try-lock v0.2.5
   Compiling subtle v2.6.1
   Compiling want v0.3.1
   Compiling zeroize v1.8.2
   Compiling httpdate v1.0.3
   Compiling rustls-pki-types v1.14.1
   Compiling tokio-macros v2.7.0
   Compiling serde_derive v1.0.228
   Compiling futures-macro v0.3.32
   Compiling zerofrom-derive v0.1.7
   Compiling tokio v1.52.1
   Compiling futures-util v0.3.32
test metrics_integration::dlq_depth_sampler_emits_dlq_entries_metric ... FAILED
test metrics_integration::oldest_pending_age_excludes_paused_executions ... FAILED
test metrics_integration::oldest_pending_age_excludes_rate_limited_tasks ... FAILED
   Compiling tracing-attributes v0.1.31
   Compiling zerofrom v0.1.7
   Compiling yoke-derive v0.8.2
   Compiling tracing v0.1.44
   Compiling zerovec-derive v0.11.3
   Compiling zerocopy-derive v0.8.48
test metrics_integration::oldest_pending_age_excludes_saturated_concurrency_cap ... FAILED
   Compiling tokio-util v0.7.18
test metrics_integration::schedule_to_start_histogram_emitted_at_dispatch ... FAILED
   Compiling yoke v0.8.2
   Compiling zerovec v0.11.6
test metrics_integration::suspended_commands_that_reach_hard_cap_move_to_dlq_immediately ... FAILED
test metrics_integration::workflow_and_activity_metrics_are_recorded ... FAILED
   Compiling displaydoc v0.2.5
test metrics_integration::workflow_completed_with_unfinished_updates_emits_metric ... FAILED
   Compiling ring v0.17.14
test metrics_integration::workflow_hard_cap_dlq_preserves_terminal_attempt_count ... FAILED
   Compiling h2 v0.4.13
test metrics_integration::workflow_hard_cap_moves_offender_to_dlq ... FAILED
test metrics_integration::detached_parent_close_cascade_counts_against_history_cap ... FAILED
test nd_block_tests::author_error_still_fails_terminally ... FAILED
   Compiling tinystr v0.8.3
test metrics_integration::workflow_non_determinism_metric_and_search_attrs_are_recorded ... FAILED
   Compiling hybrid-array v0.4.11
test nd_block_tests::blocked_execution_resumes_after_rollback ... FAILED
   Compiling cpufeatures v0.3.0
   Compiling untrusted v0.9.0
test nd_block_tests::completion_never_touches_search_attrs_on_a_row_that_was_never_nd_blocked ... FAILED
   Compiling anyhow v1.0.102
   Compiling writeable v0.6.3
   Compiling litemap v0.8.2
   Compiling hyper v1.9.0
   Compiling icu_locale_core v2.2.0
   Compiling hyper-util v0.1.20
test metrics_integration::oldest_pending_age_query_positive_then_zero_after_drain ... FAILED
   Compiling zerotrie v0.2.4
test nd_block_tests::divergent_replay_blocks_instead_of_failing ... FAILED
   Compiling potential_utf v0.1.5
   Compiling async-trait v0.1.89
test nd_block_tests::nd_block_clears_stale_mixed_signal_suspension_sentinel ... FAILED
   Compiling http-body-util v0.1.3
test nd_block_tests::reblock_increments_count_and_grows_backoff ... FAILED
test nd_block_tests::continue_as_new_successor_does_not_inherit_stale_nd_search_attrs ... FAILED
   Compiling icu_normalizer_data v2.2.0
   Compiling utf8_iter v1.0.4
test panic_containment_tests::activity_handler_panic_is_contained_and_retried_then_terminal ... FAILED
   Compiling icu_properties_data v2.2.0
   Compiling tower-layer v0.3.3
test panic_containment_tests::backing_off_activity_task_error_column_carries_the_panic_message ... FAILED
   Compiling sync_wrapper v1.0.2
   Compiling rustls v0.23.40
   Compiling getrandom v0.3.4
   Compiling cmov v0.5.3
test panic_containment_tests::child_workflow_panic_surfaces_to_parent_as_typed_handler_panic ... FAILED
test panic_containment_tests::local_activity_handler_panic_is_contained_and_retried_then_terminal ... FAILED
   Compiling ctutils v0.4.2
   Compiling icu_collections v2.2.0
   Compiling icu_provider v2.2.0
test panic_containment_tests::panicking_activity_task_leaves_running_within_one_poll_interval ... FAILED
test panic_containment_tests::workflow_construction_phase_panic_is_contained_as_handler_panic_terminal ... FAILED
   Compiling ppv-lite86 v0.2.21
test panic_containment_tests::workflow_handler_panic_is_re_dispatched_then_terminal_within_budget ... FAILED
   Compiling chacha20 v0.10.0
   Compiling crypto-common v0.2.2
test panic_containment_tests::workflow_panic_max_attempts_zero_is_terminal_on_first_panic ... FAILED
   Compiling block-buffer v0.12.0
   Compiling itertools v0.14.0
test pause_tests::activity_schedule_to_close_enforcement_yields_to_a_pause_committed_after_the_scan ... FAILED
   Compiling rustls-webpki v0.103.13
test pause_tests::cancel_beats_pause ... FAILED
test pause_tests::external_task_enforcement_yields_to_a_pause_committed_after_the_scan ... FAILED
   Compiling const-oid v0.10.2
   Compiling version_check v0.9.5
test pause_tests::external_task_timeout_scanner_skips_paused_executions ... FAILED
   Compiling rustix v1.1.4
   Compiling regex-syntax v0.8.10
   Compiling mime v0.3.17
   Compiling axum-core v0.5.6
   Compiling prost-derive v0.14.3
   Compiling generic-array v0.14.7
   Compiling darling_core v0.21.3
test pause_tests::auto_resume_expired_pauses_force_resumes ... FAILED
   Compiling digest v0.11.2
test pause_tests::pause_during_inflight_decision_task_discards_pending_commands ... FAILED
   Compiling rand v0.10.1
test pause_tests::pause_is_idempotent ... FAILED
test pause_tests::pause_defers_timer_then_resume_fires_and_replays_deterministically ... FAILED
test pause_tests::pause_rejects_terminal_execution ... FAILED
test pause_tests::pause_then_resume_transitions_and_records_events ... FAILED
test pause_tests::pause_unknown_execution_is_not_found ... FAILED
test pause_tests::paused_workflow_task_is_not_claimed ... FAILED
test pause_tests::resume_extends_deadline_by_pause_duration ... FAILED
test pause_tests::resume_of_completed_execution_is_a_success_noop ... FAILED
   Compiling tower v0.5.3
test pause_tests::resume_of_running_execution_is_a_success_noop ... FAILED
test pause_tests::resume_of_unknown_execution_is_not_found ... FAILED
test pause_tests::resume_shifts_external_task_schedule_to_close_by_pause_span ... FAILED
test pause_tests::resume_shifts_schedule_to_close_at_by_pause_span ... FAILED
test nd_block_tests::blocked_child_does_not_notify_parent ... FAILED
   Compiling tokio-stream v0.1.18
test pause_tests::resume_shifts_scheduled_at_for_frozen_rows_only ... FAILED
test pause_tests::resume_without_deadline_leaves_it_null ... FAILED
   Compiling pin-project-internal v1.1.11
test pause_tests::retry_path_requeues_when_a_concurrent_pause_committed_after_the_gate ... FAILED
test pause_tests::retry_path_requeues_when_a_concurrent_resume_shifted_the_deadline ... FAILED
test pause_tests::schedule_to_close_scanner_skips_paused_executions ... FAILED
   Compiling aho-corasick v1.1.4
test pause_tests::schedule_to_start_scanner_spares_frozen_rows_but_enforces_unfrozen_paused_rows ... FAILED
test payload_cap_tests::activity_cap_override_does_not_lower_global_cap ... ok
test payload_cap_tests::activity_info_has_max_input_and_result_bytes_fields ... ok
test payload_cap_tests::activity_info_max_bytes_none_by_default ... ok
test payload_cap_tests::builder_custom_payload_caps_survive_build ... ok
test payload_cap_tests::builder_default_max_activity_input_bytes ... ok
test payload_cap_tests::builder_default_max_activity_result_bytes ... ok
test payload_cap_tests::builder_default_max_signal_payload_bytes ... ok
test payload_cap_tests::builder_default_max_workflow_input_bytes ... ok
test payload_cap_tests::context_accepts_activity_input_within_cap ... ok
test payload_cap_tests::context_accepts_small_side_effect_value ... ok
   Compiling linux-raw-sys v0.12.1
test payload_cap_tests::activity_cap_override_raises_global_cap ... ok
test payload_cap_tests::context_rejects_oversized_activity_input_at_schedule_time ... ok
test payload_cap_tests::context_rejects_oversized_child_workflow_input ... ok
test payload_cap_tests::context_rejects_oversized_side_effect_value ... ok
test payload_cap_tests::context_skips_cap_when_payload_will_be_offloaded ... ok
test payload_cap_tests::metric_payload_bytes_constant_exists ... ok
test payload_cap_tests::metric_payload_rejected_constant_exists ... ok
test payload_cap_tests::metrics_recorder_has_payload_methods ... ok
test payload_cap_tests::parse_byte_size_parses_kib ... ok
test payload_cap_tests::parse_byte_size_parses_mb ... ok
test payload_cap_tests::parse_byte_size_parses_mib ... ok
test payload_cap_tests::parse_byte_size_parses_plain_bytes ... ok
test payload_cap_tests::parse_byte_size_rejects_invalid ... ok
test payload_cap_tests::payload_kind_all_variants_exist ... ok
test payload_cap_tests::payload_kind_is_non_exhaustive ... ok
test payload_cap_tests::payload_too_large_is_non_exhaustive ... ok
test payload_cap_tests::payload_too_large_variant_has_all_fields ... ok
test payload_cap_tests::payload_too_large_with_no_activity_name ... ok
test payload_cap_tests::context_still_rejects_oversized_when_no_offloader ... ok
test payload_cap_tests::race_rejects_oversized_child_workflow_input_at_schedule_time ... ok
test payload_cap_tests::replay_does_not_recheck_cap_on_existing_events ... ok
test payload_cap_tests::workflow_info_has_max_input_bytes_field ... ok
test payload_cap_tests::workflow_info_max_input_bytes_none_by_default ... ok
test payload_cap_tests::race_rejects_oversized_activity_input_at_schedule_time ... ok
   Compiling siphasher v1.0.2
   Compiling tinyvec_macros v0.1.1
   Compiling matchit v0.8.4
test payload_offload_db_tests::offload_round_trips_through_postgres_with_tiny_event_row ... FAILED
   Compiling pin-project v1.1.11
   Compiling regex-automata v0.4.14
   Compiling axum v0.8.9
test payload_offload_replay_tests::offloaded_history_replays_with_full_byte_fidelity ... ok
test poison_pill_tests::clean_reschedule_resets_crash_streak ... FAILED
test poison_pill_tests::live_worker_task_is_not_reclaimed ... FAILED
test poison_pill_tests::orphan_at_threshold_is_quarantined ... FAILED
   Compiling tinyvec v1.11.0
test poison_pill_tests::orphan_under_threshold_is_requeued ... FAILED
test pause_tests::update_during_pause_is_rejected ... FAILED
test poison_pill_tests::poison_pill_counts_toward_schedule_auto_pause ... FAILED
test poison_pill_tests::replay_into_terminal_workflow_is_rejected ... FAILED
test priority_tests::enqueue_params_default_priority_is_normal ... ok
test priority_tests::enqueue_params_with_priority_builder ... ok
test priority_tests::enqueue_params_with_priority_critical ... ok
test priority_tests::enqueue_params_with_priority_low ... ok
test priority_tests::priority_as_i32_ordering ... ok
test priority_tests::priority_default_is_normal ... ok
test priority_tests::priority_deserializes_case_insensitively ... ok
test priority_tests::priority_deserializes_from_lowercase_string ... ok
test priority_tests::priority_display_is_lowercase ... ok
test priority_tests::priority_from_i32_returns_none_for_unknown ... ok
test priority_tests::priority_from_i32_round_trips ... ok
test priority_tests::priority_from_str_is_case_insensitive ... ok
test priority_tests::priority_from_str_unknown_is_error ... ok
test priority_tests::priority_has_four_variants ... ok
test priority_tests::priority_normal_is_zero ... ok
test priority_tests::priority_parses_from_str ... ok
test priority_tests::priority_serializes_as_lowercase_string ... ok
test priority_tests::start_workflow_params_default_priority_is_normal ... ok
test priority_tests::start_workflow_params_has_priority_field ... ok
test priority_tests::worker_config_default_has_no_priority_aging ... ok
test priority_tests::worker_config_priority_aging_zero_disables ... ok
test priority_tests::worker_config_with_priority_aging ... ok
test query_deadlock::test_query_deadlock_detonation ... ok
test query_terminal_tests::cancelled_sealed_mid_activity_serves_partial_state ... ok
test query_terminal_tests::code_drift_reaching_terminal_early_with_unconsumed_history_is_gone ... ok
test query_terminal_tests::completed_history_drives_to_terminal_and_query_reports_final_count ... ok
test query_terminal_tests::completed_history_fully_consumed_still_serves ... ok
test query_terminal_tests::construction_phase_panic_during_query_replay_is_contained ... ok
test query_terminal_tests::continued_as_new_sealed_history_serves_partial_state_not_gone ... ok
test query_terminal_tests::erased_execution_row_is_detected ... ok
test query_terminal_tests::failed_terminal_history_serves_internal_state_not_the_error ... ok
test query_terminal_tests::past_deadline_classifies_as_timed_out_deterministically ... ok
test query_terminal_tests::running_partial_history_still_serves_query_without_error ... ok
test query_terminal_tests::signal_handler_completed_run_serves_not_gone ... ok
test query_terminal_tests::timed_out_sealed_mid_activity_serves_partial_state ... ok
test query_terminal_tests::truncated_history_with_no_seal_classifies_as_history_unavailable ... ok
test query_terminal_tests::unregistered_query_on_terminal_is_not_found ... ok
test query_tests::error_query_handler_not_found_displays_name ... ok
test query_tests::error_query_handler_panicked_displays_message ... ok
test query_tests::error_query_timed_out_displays_query_name_and_timeout ... ok
test query_tests::error_workflow_not_running_displays_exec_id ... ok
test query_tests::execute_query_with_args_emits_no_commands ... ok
test query_tests::execute_query_with_args_on_unknown_handler_emits_no_commands ... ok
test query_tests::execute_query_with_args_passes_args_to_no_arg_handler ... ok
test query_tests::execute_query_with_args_returns_query_handler_not_found_for_unknown ... ok
test query_tests::list_query_names_empty_before_any_registration ... ok
test query_tests::list_query_names_returns_all_registered_handlers ... ok
test query_tests::metric_query_duration_constant_has_correct_name ... ok
test query_tests::query_registry_execute_with_args_passes_args_to_handler ... ok
test query_tests::query_registry_execute_with_args_propagates_handler_error ... ok
test query_tests::query_registry_execute_with_args_returns_handler_not_found_for_unknown ... ok
test query_tests::query_registry_list_names_empty_when_nothing_registered ... ok
test query_tests::query_registry_list_names_returns_registered_names ... ok
test query_tests::register_query_handler_emits_no_commands ... ok
test query_tests::register_query_handler_is_idempotent ... ok
test query_tests::register_query_handler_typed_deserializes_request_and_serializes_response ... ok
test query_tests::register_query_handler_with_no_args_type ... ok
test query_tests::worker_config_query_timeout_defaults_to_5s ... ok
test query_tests::worker_config_with_query_timeout_builder_method ... ok
test poison_pill_tests::threshold_zero_never_quarantines ... FAILED
test queue_fairness_tests::dispatch_counter_records_per_queue_claims ... FAILED
test queue_fairness_tests::queue_weights_flow_through_from_impl ... ok
test queue_fairness_tests::no_starvation_low_weight_queue_drains_to_completion ... FAILED
test queue_fairness_tests::with_queue_weights_populates_map ... ok
test queue_fairness_tests::worker_config_default_has_empty_queue_weights ... ok
test payload_offload_db_tests::shared_blob_stays_referenced_until_last_execution_gone ... FAILED
test queue_fairness_tests::weighted_claim_distribution_tracks_3_to_1_ratio ... FAILED
test redrive_tests::bulk_redrive_respects_max_matched_vs_redriven ... FAILED
test redrive_tests::redrive_by_explicit_ids_targets_only_those_rows ... FAILED
test redrive_tests::redrive_cancelled_execution_is_rejected ... FAILED
test redrive_tests::redrive_completed_execution_is_rejected ... FAILED
test redrive_tests::redrive_emits_metric_per_outcome ... FAILED
test redrive_tests::bulk_redrive_dry_run_mutates_nothing ... FAILED
test redrive_tests::redrive_failed_execution_reactivates_and_appends ... FAILED
test redrive_tests::redrive_idempotent_second_call_skips ... FAILED
   Compiling darling_macro v0.21.3
test redrive_tests::redrive_running_execution_is_skip_noop ... FAILED
test replay_canary_tests::test_replay_canary_divergent_workflow ... FAILED
test replay_canary_tests::test_replay_canary_simple_pass ... FAILED
test replay_tests::local_activity_completes_from_full_history ... ok
test replay_tests::local_activity_exhausted_retries_fails_the_workflow ... ok
test replay_tests::local_activity_replays_correctly_across_simulated_worker_restart ... ok
test replay_tests::local_activity_suspends_when_not_in_history ... ok
test replay_tests::local_activity_with_retry_in_history_replays_final_success ... ok
test replay_tests::replay_await_condition_happy_path_completes_when_predicate_met ... ok
   Compiling icu_properties v2.2.0
test replay_tests::replay_await_condition_happy_path_suspends_when_predicate_not_met ... ok
test replay_canary_tests::test_replay_canary_suspended_workflow ... FAILED
test replay_tests::replay_await_condition_timeout_resolves_false_if_timer_fires_first ... ok
test replay_tests::replay_await_condition_timeout_resolves_true_if_condition_met ... ok
test replay_tests::replay_detects_non_determinism ... ok
test replay_tests::replay_handles_failed_activity ... ok
test replay_tests::replay_two_sequential_activities ... ok
test replay_tests::version_gate_new_execution_returns_max ... ok
test replay_tests::version_gate_routes_code_paths_with_marker ... ok
   Compiling rand_core v0.9.5
test replay_tests::replay_await_condition_non_deterministic_divergence_fails ... ok
test replay_verifier_tests::allow_unregistered_does_not_count_as_harness_error ... ok
test replay_verifier_tests::ci_report_default_format_is_text ... ok
test replay_verifier_tests::empty_dir_returns_zero_counts_exit_zero ... ok
test replay_verifier_tests::exit_code_one_when_failure_no_harness_error ... ok
test replay_verifier_tests::exit_code_two_when_harness_error_dominates ... ok
test replay_verifier_tests::exit_code_zero_when_all_pass ... ok
test replay_verifier_tests::fixture_result_carries_expected_fields ... ok
test replay_verifier_tests::github_report_contains_error_annotations ... ok
test replay_verifier_tests::invalid_json_fixture_is_harness_error ... ok
test replay_verifier_tests::json_report_has_correct_counts ... ok
test replay_verifier_tests::junit_xml_contains_expected_structural_elements ... ok
test replay_verifier_tests::rate_threshold_pass_when_above ... ok
test replay_tests::workflow_suspends_mid_execution ... ok
test replay_verifier_tests::text_report_contains_summary_counts ... ok
test replay_verifier_tests::three_fixture_batch_has_expected_counts ... ok
test replay_verifier_tests::verify_all_uses_fixtures_dir_from_builder ... ok
test replay_verifier_tests::verify_dir_walks_subdirectories ... ok
   Compiling icu_normalizer v2.2.0
   Compiling prost v0.14.3
test replayer_integration_tests::replay_from_db_unchanged_workflow_succeeds ... FAILED
test replayer_integration_tests::replay_from_db_detects_non_determinism ... FAILED
test replayer_integration_tests::replay_from_db_unknown_exec_id_returns_error ... FAILED
test replayer_tests::activity_then_await_timer_replays_succeeded ... ok
test replayer_tests::activity_then_cancel_timer_replays_succeeded ... ok
test replayer_tests::arm_then_complete_diverges_without_recorded_timer_started ... ok
test replayer_tests::arm_then_complete_replays_when_timer_started_recorded ... ok
test replayer_tests::await_timer_before_activity_detects_command_reorder ... ok
test replayer_tests::cancel_then_await_same_cycle_replays_succeeded ... ok
test replayer_tests::cancel_then_reset_then_await_replays_fired ... ok
test replayer_tests::cancel_then_start_no_activity_detects_command_reorder ... ok
test replayer_tests::cancel_timer_before_activity_detects_command_reorder ... ok
test replayer_tests::cancellable_timer_loop_reuse_replays_succeeded ... ok
test replayer_tests::cancelled_timer_replays_succeeded ... ok
test replayer_tests::duplicate_active_start_timer_diff_duration_preserves_recorded_duration ... ok
test replayer_tests::duplicate_active_start_timer_replays_succeeded ... ok
test replayer_tests::fired_timer_replays_succeeded ... ok
test replayer_tests::five_cycle_replay_emits_zero_workflow_metrics ... ok
test replayer_tests::known_limitation_early_config_dependent_failure_does_not_replay_cleanly ... ok
test replayer_integration_tests::replay_from_db_unregistered_handler_surfaces_as_workflow_failed ... FAILED
test replayer_tests::live_execution_emits_workflow_counter_exactly_once ... ok
test replayer_tests::non_determinism_report_includes_expected_actual ... ok
test replayer_tests::one_liner_ci_pattern_compiles_and_runs ... ok
test replayer_tests::removed_cancel_surfaces_as_timer_cancel_mismatch ... ok
test replayer_tests::renamed_timer_surfaces_as_timer_mismatch ... ok
test replayer_tests::replay_activity_history_for_timer_workflow_detects_timer_mismatch ... ok
test replayer_tests::replay_activity_with_changed_input_detects_non_determinism ... ok
test replayer_tests::replay_backwards_compat_awaited_child_workflow ... ok
test replayer_tests::replay_deprecate_patch_with_residual_patched_keeps_phase1_branch ... ok
test replayer_tests::replay_deprecated_patch_phase2_handler_succeeds_for_phase1_history ... ok
test replayer_tests::replay_detached_spawn_policy_mismatch_detects_non_determinism ... ok
test replayer_tests::replay_detached_spawn_request_cancel_policy_succeeds ... ok
test replayer_tests::replay_detached_spawn_returns_recorded_child_id ... ok
test replayer_tests::replay_detached_spawn_then_activity_succeeds ... ok
test replayer_tests::replay_detects_side_effect_drift ... ok
test replayer_tests::replay_early_completion_detects_non_determinism ... ok
test replayer_tests::replay_force_failed_activity_takes_compensation_branch_deterministically ... ok
test replayer_tests::replay_from_json_detects_non_determinism ... ok
test replayer_tests::replay_from_json_rejects_invalid_json ... ok
test replayer_tests::replay_from_json_succeeds_with_unchanged_workflow ... ok
test replayer_tests::replay_handler_panic_activity_takes_compensation_branch_deterministically ... ok
test replayer_tests::replay_history_with_workflow_completed_tail_succeeds ... ok
test replayer_tests::replay_interleaved_version_gate_and_activity_succeed ... ok
test replayer_tests::replay_jitter_timer_is_exact_and_deterministic ... ok
test replayer_tests::replay_new_command_beyond_history_detects_non_determinism ... ok
test replayer_tests::replay_parent_typed_child_failure_compensation_is_deterministic ... ok
test replayer_tests::replay_patched_deprecate_patched_sandwich_is_replay_consistent ... ok
test replayer_tests::replay_phase3_gate_free_code_replays_marker_less_phase2_history ... ok
test replayer_tests::replay_pre_patch_and_post_patch_histories_take_opposite_branches ... ok
test replayer_tests::replay_removed_too_early_patch_call_classified_as_patch_marker_mismatch ... ok
test replayer_tests::replay_renamed_version_gate_classified_as_version_marker_mismatch ... ok
test replayer_tests::replay_reordered_activities_detects_non_determinism ... ok
test replayer_tests::replay_reordered_detached_spawn_detects_non_determinism ... ok
   Compiling hyper-timeout v0.5.2
test replayer_tests::replay_session_pipeline_workflow_succeeds ... ok
test replayer_tests::replay_session_pipeline_workflow_succeeds_regardless_of_recorded_host_worker ... ok
test replayer_tests::replay_succeeds_for_recorded_side_effect ... ok
test replayer_tests::replay_trailing_stale_patch_marker_classifies_as_early_completion ... ok
test replayer_tests::replay_two_concurrent_version_gates_succeed ... ok
test replayer_tests::replay_typed_workflow_failed_round_trips_with_identical_typed_fields ... ok
test replayer_tests::replay_unchanged_workflow_succeeds ... ok
test replayer_tests::replay_unknown_workflow_surfaces_as_failed ... ok
test replayer_tests::replay_version_fenced_workflow_succeeds ... ok
test replayer_tests::replay_version_recorded_history_against_patched_handler_succeeds ... ok
test replayer_tests::replay_version_unfenced_detects_non_determinism ... ok
test replayer_tests::replay_workflow_with_current_details_calls_succeeds ... ok
test replayer_tests::replayer_detects_changed_child_workflow_input ... ok
test replayer_tests::replayer_detects_changed_child_workflow_name ... ok
test replayer_tests::replayer_detects_child_fan_out_count_mismatch ... ok
test replayer_tests::replayer_detects_external_signal_name_mismatch ... ok
test replayer_tests::replayer_diverges_at_marker_not_at_a_phantom_child_for_payload_cap_failure ... ok
test replayer_tests::replayer_pre_marker_cancelled_history_stays_uncounted ... ok
test replayer_tests::replayer_replay_emits_no_saga_metrics ... ok
test replayer_tests::replayer_replays_external_signal_delivered_successfully ... ok
test replayer_tests::replayer_replays_external_signal_failed_history ... ok
test replayer_tests::replayer_replays_signal_handler_workflow_successfully ... ok
test replayer_tests::replayer_replays_signal_handler_workflow_with_only_one_signal ... ok
test replayer_tests::replayer_replays_signal_handler_workflow_with_reordered_signals ... ok
test replayer_tests::replayer_reports_child_workflow_mismatch_kind ... ok
test replayer_tests::replayer_succeeds_for_cancel_and_compensate_history_with_marker ... ok
test replayer_tests::replayer_succeeds_for_failed_unwind_history_with_trailing_signal ... ok
test replayer_tests::replayer_succeeds_for_pre_marker_saga_history ... ok
test replayer_tests::replayer_succeeds_for_saga_history_with_compensation_markers ... ok
test replayer_tests::replayer_succeeds_for_workflow_spawning_a_child ... ok
test replayer_tests::replayer_succeeds_for_workflow_spawning_a_child_fan_out ... ok
test replayer_tests::report_display_is_useful_on_failure ... ok
test replayer_tests::report_fields_are_populated ... ok
test replayer_tests::live_loop_hitting_increment_twice_emits_exactly_two ... ok
test replayer_tests::signal_timeout_both_branches_replay_succeeded_across_randomized_orderings ... ok
test replayer_tests::signal_timeout_signal_branch_replays_succeeded ... ok
test replayer_tests::signal_timeout_timeout_branch_replays_succeeded ... ok
test replayer_tests::signal_timeout_timeout_branch_with_ignored_late_signal_replays_succeeded ... ok
test replayer_tests::sleep_until_duration_mismatch_surfaces_as_timer_nondeterminism ... ok
test replayer_tests::sleep_until_missing_side_effect_surfaces_as_nondeterminism ... ok
test replayer_tests::sleep_until_past_deadline_replays_deterministically ... ok
test replayer_tests::sleep_until_replays_deterministically ... ok
test replayer_tests::start_then_cancel_no_activity_replays_succeeded ... ok
test replayer_tests::timer_arm_then_side_effect_correct_order_replays_succeeded ... ok
test replayer_tests::timer_arm_then_side_effect_wrong_order_diverges ... ok
   Compiling num-integer v0.1.46
   Compiling byteorder v1.5.0
test retention_overrides_tests::dry_run_reports_per_type_counts_without_deleting ... FAILED
test replayer_tests::reset_1000_times_replays_with_bounded_history ... ok
   Compiling crossbeam-utils v0.8.21
test retention_overrides_tests::no_overrides_behaves_like_global_only ... FAILED
   Compiling iana-time-zone v0.1.65
test retention_overrides_tests::not_yet_eligible_backlog_does_not_starve_eligible_deletion ... FAILED
test redrive_tests::redrive_filter_dimensions_select_the_right_subset ... FAILED
   Compiling chrono v0.4.44
   Compiling idna_adapter v1.2.2
test retention_overrides_tests::overrides_only_never_deletes_types_without_override ... FAILED
   Compiling tonic v0.14.5
test retention_summary_tests::delete_demotes_into_a_summary_row ... FAILED
test retention_summary_tests::erase_after_gc_scrubs_the_summary ... FAILED
test retention_summary_tests::erase_before_gc_summary_captures_tombstone ... FAILED
test retention_summary_tests::erase_execution_exists_still_scrubs_callback_pii ... FAILED
test retention_summary_tests::erase_parent_recurses_into_grandchild_summary ... FAILED
test retention_summary_tests::erase_parent_scrubs_a_demoted_child_summary ... FAILED
test retention_summary_tests::erase_summary_only_scrubs_lingering_completion_callback_pii ... FAILED
test retention_summary_tests::legal_held_execution_is_not_summarized_until_released ... FAILED
test retention_overrides_tests::override_longer_survives_shorter_deleted ... FAILED
test retention_summary_tests::offloaded_payload_is_marked_not_stored ... FAILED
test retention_summary_tests::summary_disabled_deletes_and_writes_no_summary ... FAILED
test retention_summary_tests::payload_capture_stores_verbatim_and_marks_oversized ... FAILED
test retention_summary_tests::summary_gc_deletes_expired_and_emits_metric ... FAILED
   Compiling darling v0.21.3
   Compiling unicode-normalization v0.1.25
   Compiling ureq-proto v0.6.0
test retention_summary_tests::unbounded_summary_retention_never_gcs ... FAILED
test retry_now_tests::already_eligible_task_is_idempotent_no_op ... FAILED
test retry_now_tests::attempt_counter_is_not_changed ... FAILED
test retry_now_tests::backing_off_task_is_advanced_to_now ... FAILED
   Compiling form_urlencoded v1.2.2
test retry_now_tests::idempotent_second_call_also_succeeds ... FAILED
test retry_now_tests::running_task_returns_conflict_error ... FAILED
test saga_tests::known_limitation_durable_compensation_after_recorded_cancel_fails_and_is_counted ... ok
   Compiling darling_core v0.23.0
test saga_tests::pre_801_history_mid_unwind_replays_clean_and_uncounted ... ok
test saga_tests::saga_cancellation_does_not_auto_compensate ... ok
test saga_tests::saga_compensate_all_on_cancel_pattern ... ok
test saga_tests::saga_compensate_all_reports_failures_when_compensations_fail ... ok
test saga_tests::saga_compensate_all_runs_pending_compensations_in_reverse_order ... ok
test saga_tests::saga_compensated_metric_emitted_once_across_crash_replay ... ok
test saga_tests::saga_compensation_failed_emitted_even_when_author_catches_error ... ok
test saga_tests::saga_compensation_failed_metric_distinct_and_once ... ok
test saga_tests::saga_compensation_idempotency_under_replay ... ok
test saga_tests::saga_context_returns_provided_context ... ok
test saga_tests::saga_empty_compensate_all_emits_nothing ... ok
test saga_tests::saga_reports_compensation_failures_with_original_error_and_keeps_unwinding ... ok
test saga_tests::saga_runs_compensations_in_reverse_order_when_later_step_fails ... ok
test saga_tests::saga_success_does_not_run_compensations ... ok
test saga_tests::saga_success_path_emits_no_saga_metrics_and_no_marker_commands ... ok
test saga_tests::signal_with_start_shape_keeps_the_failed_counter_coupled_to_compensated ... ok
test saga_tests::trailing_unawaited_signal_does_not_suppress_the_failure_counter ... ok
test saga_tests::two_saga_unwinds_in_one_workflow_count_independently ... ok
test retry_now_tests::task_for_different_workflow_returns_not_found ... FAILED
test retry_now_tests::unknown_task_id_returns_not_found ... FAILED
   Compiling heck v0.5.0
test schedule_decisions::test_purge_old_schedule_decisions ... FAILED
test schedule_decisions::test_record_decision_graceful_failure ... FAILED
   Compiling winnow v1.0.2
test schedule_decisions::test_record_decision_graceful_success ... FAILED
test schedule_runs_tests::keyset_cursor_paginates_without_overlap ... FAILED
test schedule_runs_tests::keyset_cursor_uses_slot_key ... FAILED
   Compiling diesel_derives v2.3.9
test schedule_runs_tests::list_orders_by_logical_slot_and_returns_error ... FAILED
   Compiling unicode-bidi v0.3.18
   Compiling bollard-buildkit-proto v0.7.0
test schedule_runs_tests::list_orders_newest_first_and_filters_by_state ... FAILED
test schedule_to_close_tests::activity_info_schedule_to_close_duration_roundtrip ... ok
test schedule_runs_tests::origin_is_persisted_for_each_dispatch_source ... FAILED
test schedule_runs_tests::summary_counts_scheduled_origin_only ... FAILED
test schedule_to_close_tests::enqueue_params_schedule_to_close_at_persisted_and_not_prematurely_fired ... FAILED
test schedule_to_close_tests::pre_retry_deadline_check_prevents_requeue_when_deadline_exceeded ... FAILED
test schedule_to_close_tests::scanner_does_not_affect_tasks_without_schedule_to_close ... FAILED
   Compiling portable-atomic v1.13.1
test schedule_to_close_tests::scanner_times_out_pending_task_with_expired_schedule_to_close ... FAILED
test schedule_to_close_tests::scanner_times_out_running_task_with_expired_schedule_to_close ... FAILED
test schedule_update_tests::autopaused_schedule_patch_preserves_then_clears_auto_paused_at ... FAILED
test schedule_update_tests::cadence_change_recomputes_next_run_at_anchored_at_now ... FAILED
test schedule_update_tests::cron_to_manual_nulls_next_run_at ... FAILED
test schedule_update_tests::dag_schedule_row_returns_dag_schedule_outcome ... FAILED
   Compiling utf8-zero v0.8.1
test schedule_update_tests::expired_fire_claim_does_not_block_update ... FAILED
test schedule_update_tests::invalid_merged_schedule_writes_nothing ... FAILED
   Compiling powerfmt v0.2.0
test schedule_update_tests::live_fire_claim_blocks_update_with_claim_live_outcome ... FAILED
   Compiling thiserror v2.0.18
   Compiling unicode-properties v0.1.4
test schedule_update_tests::manual_to_cron_populates_next_run_at ... FAILED
test schedule_update_tests::lowering_max_runs_below_runs_started_exhausts_immediately ... FAILED
   Compiling stringprep v0.1.5
test schedule_update_tests::non_cadence_policy_change_preserves_next_run_at ... FAILED
   Compiling deranged v0.5.8
test schedule_update_tests::patch_blocks_on_row_lock_and_applies_against_post_commit_row ... FAILED
test schedule_update_tests::patch_input_only_changes_input_and_preserves_cadence ... FAILED
test schedule_update_tests::patch_on_expired_claim_fences_straggler_finalize ... FAILED
test schedule_update_tests::paused_schedule_stays_paused_and_bookkeeping_preserved ... FAILED
test schedule_update_tests::raising_max_runs_clears_exhaustion_and_repopulates_next_run_at ... FAILED
test schedule_update_tests::tick_fires_fresh_row_not_pre_claim_snapshot ... FAILED
test schedule_update_tests::tristate_clear_and_absence_semantics ... FAILED
test schedule_update_tests::unknown_id_returns_not_found ... FAILED
   Compiling ureq v3.3.0
   Compiling darling_macro v0.23.0
   Compiling toml_parser v1.1.2+spec-1.1.0
   Compiling dsl_auto_type v0.2.0
   Compiling tonic-prost v0.14.5
   Compiling idna v1.1.0
test macros_compile_fail::compile_fail_cases has been running for over 60 seconds
   Compiling num-bigint v0.4.6
   Compiling prost-types v0.14.3
   Compiling rand_chacha v0.9.0
   Compiling toml_datetime v0.7.5+spec-1.1.0
   Compiling serde_spanned v1.1.1
   Compiling hmac v0.13.0
   Compiling sha2 v0.11.0
   Compiling md-5 v0.11.0
   Compiling futures-executor v0.3.32
   Compiling structmeta-derive v0.3.0
   Compiling thiserror-impl v2.0.18
   Compiling diesel_table_macro_syntax v0.3.0
   Compiling time-core v0.1.8
   Compiling winnow v0.7.15
   Compiling num-conv v0.2.1
   Compiling rustix v0.38.44
   Compiling sha1_smol v1.0.1
   Compiling fallible-iterator v0.2.0
   Compiling uuid v1.23.1
   Compiling postgres-protocol v0.6.12
   Compiling structmeta v0.3.0
   Compiling time v0.3.47
   Compiling toml v0.9.12+spec-1.1.0
test scheduled_time_tests::scheduled_run_has_correct_scheduled_time ... FAILED
test scheduled_time_tests::manual_start_has_no_scheduled_time ... FAILED
test scheduled_time_tests::n_slots_produce_n_distinct_scheduled_times ... FAILED
test scheduler_auto_pause_tests::metric_constant_schedule_auto_paused_is_defined ... ok
test scheduler_auto_pause_tests::metrics_recorder_has_auto_paused_method ... ok
test scheduled_time_tests::scheduled_run_replays_deterministically ... FAILED
   Compiling futures v0.3.32
   Compiling num-rational v0.4.2
test scheduler_auto_pause_tests::auto_paused_schedule_remains_paused_on_subsequent_ticks ... FAILED
test scheduler_auto_pause_tests::schedule_auto_pauses_after_consecutive_failures ... FAILED
test scheduler_auto_pause_tests::schedule_fires_when_below_failure_limit ... FAILED
test scheduler_auto_pause_tests::workflow_schedule_builder_has_consecutive_failure_limit ... ok
test scheduler_auto_pause_tests::workflow_schedule_default_consecutive_failure_limit_is_none ... ok
test scheduler_auto_pause_tests::schedule_resumes_and_resets_failure_count ... FAILED
test scheduler_auto_pause_tests::schedule_without_limit_never_auto_pauses ... FAILED
test scheduler_bounded_runs_tests::decision_log_records_end_at_reached ... FAILED
   Compiling rand v0.9.4
test scheduler_bounded_runs_tests::exhausted_schedule_stays_exhausted ... FAILED
test scheduler_bounded_runs_tests::decision_log_records_max_runs_exhausted ... FAILED
test scheduler_bounded_runs_tests::max_runs_1_fires_once_then_exhausts ... FAILED
test scheduler_bounded_runs_tests::runs_started_incremented_per_dispatch ... FAILED
test scheduler_bounded_runs_tests::paused_schedule_does_not_consume_budget ... FAILED
test scheduler_bounded_runs_tests::schedule_before_end_at_fires_normally ... FAILED
test scheduler_bounded_runs_tests::schedule_exhausted_by_end_at_does_not_fire ... FAILED
test scheduler_bounded_runs_tests::workflow_schedule_end_at_defaults_to_none ... ok
test scheduler_bounded_runs_tests::workflow_schedule_end_conditions_can_be_chained ... ok
test scheduler_bounded_runs_tests::workflow_schedule_max_runs_defaults_to_none ... ok
test scheduler_bounded_runs_tests::workflow_schedule_no_end_conditions_fires_forever ... ok
test scheduler_bounded_runs_tests::workflow_schedule_with_end_at_builder ... ok
test scheduler_bounded_runs_tests::workflow_schedule_with_max_runs_builder ... ok
test scheduler_bounded_runs_tests::schedule_exhausted_by_max_runs_does_not_fire ... FAILED
test scheduler_bounded_runs_tests::schedule_without_bounds_fires_normally ... FAILED
   Compiling crossbeam-epoch v0.9.18
   Compiling url v2.5.8
test scheduler_carryover_tests::last_error_reflects_prior_failure_and_clears_after_recovery ... FAILED
test scheduler_carryover_tests::manual_start_has_no_carryover ... FAILED
test scheduler_catchup_tests::catchup_policy_defaults_to_none ... ok
test scheduler_catchup_tests::catchup_policy_from_db_most_recent ... ok
test scheduler_catchup_tests::catchup_policy_from_db_null_uses_bool_false ... ok
test scheduler_catchup_tests::catchup_policy_from_db_null_uses_bool_true ... ok
test scheduler_catchup_tests::catchup_policy_from_db_unknown_falls_back_to_bool ... ok
test scheduler_catchup_tests::catchup_policy_from_db_window ... ok
test scheduler_carryover_tests::skip_policy_does_not_advance_carryover ... FAILED
   Compiling regex v1.12.3
test scheduler_carryover_tests::two_scheduled_runs_carry_cursor_forward ... FAILED
test scheduler_catchup_tests::legacy_catchup_false_fires_one_slot_compat ... FAILED
test scheduler_catchup_tests::legacy_catchup_true_fires_all_slots_compat ... FAILED
test scheduler_catchup_tests::with_catchup_policy_sets_most_recent ... ok
test scheduler_catchup_tests::with_catchup_window_sets_window_policy ... ok
test scheduler_ha_tests::metric_constant_schedule_fire_attempts_is_defined ... ok
test scheduler_ha_tests::metrics_recorder_has_fire_attempt_method ... ok
test scheduler_catchup_tests::most_recent_policy_fires_one_and_records_drops ... FAILED
test scheduler_catchup_tests::window_policy_fires_only_in_window_slots ... FAILED
test scheduler_ha_tests::test_expired_claim_is_overridden_for_crash_recovery ... FAILED
test security::test_integer_overflow_in_event_id_returns_error ... ok
test sharding_unit::narrowing_writable_shards_redirects_new_workflows ... ok
test sharding_unit::outbox_retry_picks_same_shard_for_same_workflow_key ... ok
test sharding_unit::round_trip_preserves_encoded_shard_for_every_shard_in_a_three_shard_layout ... ok
test sharding_unit::router_distributes_new_workflows_across_three_shards ... ok
test sharding_unit::unencoded_executions_fall_back_to_default_shard ... ok
   Compiling darling v0.23.0
test scheduler_ha_tests::test_ha_concurrent_tick_produces_exactly_one_execution ... FAILED
test scheduler_ha_tests::test_live_claim_prevents_double_fire ... FAILED
test signal_tests::idempotency_key_is_scoped_per_execution ... FAILED
test signal_tests::idempotent_signal_with_distinct_keys_lands_each_time ... FAILED
test signal_tests::idempotent_signal_with_same_key_lands_exactly_once ... FAILED
test signal_tests::plain_send_signal_still_appends_each_call ... FAILED
test signal_tests::test_mark_signals_consumed ... FAILED
test signal_tests::test_send_and_load_signals ... FAILED
test signal_tests::unkeyed_signal_preserves_at_least_once_behavior ... FAILED
test signal_with_start_tests::allow_duplicate_attaches_to_paused_prior_and_buffers_signal ... FAILED
test signal_with_start_tests::allow_duplicate_failed_only_attaches_to_running_prior ... FAILED
test signal_with_start_tests::allow_duplicate_failed_only_starts_fresh_for_failed_prior ... FAILED
   Compiling crypto-common v0.1.7
test signal_with_start_tests::allow_duplicate_signals_running_execution_and_returns_existing_id ... FAILED
test signal_with_start_tests::allow_duplicate_with_completed_prior_starts_fresh_and_delivers_signal ... FAILED
   Compiling block-buffer v0.10.4
test signal_with_start_tests::different_idempotency_keys_deliver_independent_signals ... FAILED
   Compiling num-iter v0.1.45
test signal_with_start_tests::idempotency_key_dedupes_signal_within_the_same_execution ... FAILED
   Compiling tokio-rustls v0.26.4
test signal_with_start_tests::outcome_struct_distinguishes_started_vs_attached ... FAILED
test signal_with_start_tests::reject_duplicate_returns_already_exists_for_any_prior_state ... FAILED
test signal_with_start_tests::signal_with_start_appends_signal_to_history_before_first_dispatch ... FAILED
test signal_with_start_tests::signal_with_start_does_not_validate_start_input_schema_when_attaching_to_a_running_execution ... FAILED
   Compiling phf_shared v0.13.1
test signal_with_start_tests::signal_with_start_starts_fresh_when_no_prior_execution_exists ... FAILED
test signal_with_start_tests::signal_with_start_validates_start_input_schema_on_a_genuine_fresh_start ... FAILED
   Compiling serde_repr v0.1.20
test signal_with_start_tests::terminate_if_running_cancels_then_starts_fresh_and_signals ... FAILED
test sla_breach_tests::breach_scan_leaves_harvest_events_untouched ... FAILED
   Compiling async-stream-impl v0.3.6
test sla_breach_tests::breached_run_is_not_terminated_and_can_complete ... FAILED
test sla_breach_tests::scanner_eligibility_by_state_and_completion ... FAILED
test sla_breach_tests::scanner_flips_breach_once_and_is_idempotent ... FAILED
test sla_breach_tests::terminal_row_past_deadline_breaches_once ... FAILED
   Compiling num-complex v0.4.6
test slot_tuner_tests::tuner_grows_under_load_and_drains_cleanly ... FAILED
test slot_tuner_tests::tuner_unset_is_inert ... FAILED
test start_idempotency_tests::dangling_claim_is_reclaimed ... FAILED
test start_idempotency_tests::dedup_hit_short_circuits_reject_duplicate ... FAILED
test start_idempotency_tests::distinct_keys_start_distinct_runs ... FAILED
   Compiling downcast-rs v2.0.2
   Compiling openssl-probe v0.2.1
test start_idempotency_tests::fresh_key_attaching_to_existing_run_repoints_claim ... FAILED
   Compiling linux-raw-sys v0.4.15
   Compiling rayon-core v1.13.0
test start_idempotency_tests::hundred_same_key_reserves_yield_one_execution ... FAILED
test start_idempotency_tests::key_is_reusable_after_the_window_elapses ... FAILED
   Compiling ryu v1.0.23
test start_idempotency_tests::purge_deletes_only_expired_rows ... FAILED
test sticky_routing_tests::cache_eviction_by_lru_pressure_causes_miss_on_next_task ... ok
test sticky_routing_tests::cache_hit_metric_constant_has_correct_name ... ok
test sticky_routing_tests::cache_miss_metric_constant_has_correct_name ... ok
test sticky_routing_tests::counting_metrics_tracks_hit_miss_independently ... ok
   Compiling hex v0.4.3
test start_idempotency_tests::reserve_rolls_back_when_the_start_fails ... FAILED
test start_idempotency_tests::same_key_dedups_to_the_same_execution ... FAILED
   Compiling hyperlocal v0.9.1
test sticky_routing_tests::db_tests::any_worker_can_claim_after_sticky_expires ... FAILED
test sticky_routing_tests::db_tests::enqueue_with_sticky_pin_writes_worker_id_and_ttl_to_db ... FAILED
test sticky_routing_tests::db_tests::enqueue_without_sticky_leaves_pin_columns_null ... FAILED
   Compiling serde_urlencoded v0.7.1
test sticky_routing_tests::db_tests::non_sticky_worker_cannot_claim_task_within_ttl ... FAILED
test sticky_routing_tests::db_tests::park_workflow_task_writes_sticky_affinity_to_db ... FAILED
test sticky_routing_tests::db_tests::set_task_sticky_affinity_none_clears_existing_pin ... FAILED
   Compiling rustls-native-certs v0.8.3
test sticky_routing_tests::db_tests::sticky_task_preferred_over_unpinned_task_for_owning_worker ... FAILED
test sticky_routing_tests::first_task_is_cache_miss_subsequent_tasks_on_same_worker_are_hits ... ok
test sticky_routing_tests::no_op_metrics_implements_cache_hit_without_panic ... ok
test sticky_routing_tests::no_op_metrics_implements_cache_miss_without_panic ... ok
test sticky_routing_tests::sticky_routing_config_can_be_constructed ... ok
test sticky_routing_tests::sticky_routing_config_zero_lease_ttl_is_valid ... ok
test sticky_routing_tests::three_worker_scenario_only_owning_worker_gets_cache_hits ... ok
test sticky_routing_tests::with_sticky_routing_can_be_called_multiple_times_and_last_wins ... ok
test sticky_routing_tests::with_sticky_routing_enables_the_lease_ttl ... ok
test sticky_routing_tests::with_sticky_routing_zero_lease_ttl_disables_sticky ... ok
test sticky_routing_tests::worker_config_default_has_sticky_routing_disabled ... ok
test sticky_routing_tests::db_tests::sticky_worker_can_claim_its_pinned_task_within_ttl ... FAILED
test telemetry_span_tests::replay_span_has_replay_true_and_no_activity_execute_span ... ok
test sticky_routing_tests::db_tests::wake_workflow_task_refreshes_sticky_until ... FAILED
   Compiling num v0.4.3
   Compiling async-stream v0.3.6
   Compiling bollard-stubs v1.52.1-rc.29.1.3
test telemetry_span_tests::all_adr_0001_span_kinds_are_emitted ... FAILED
test throttle_tests::allow_duplicate_failed_only_does_not_bypass_a_failed_prior ... FAILED
test throttle_tests::backlog_read_returns_per_key_counts ... FAILED
test throttle_tests::buffered_drain_drops_oversized_slot_before_deferring ... FAILED
test throttle_tests::burst_paces_and_all_eventually_run ... FAILED
test throttle_tests::deferred_past_schedule_to_start_times_out ... FAILED
test throttle_tests::deferred_starts_survive_restart ... FAILED
test throttle_tests::expired_pending_row_is_not_returned_by_idempotent_retry_lookup ... FAILED
test throttle_tests::fire_time_already_exists_still_refunds_token ... FAILED
test throttle_tests::fresh_deferral_is_true_only_on_the_first_insert_not_on_a_retry ... FAILED
   Compiling phf v0.13.1
test throttle_tests::independent_keys_throttle_independently ... FAILED
test throttle_tests::oversized_key_bypasses_when_execution_already_active ... FAILED
   Compiling hyper-rustls v0.27.9
test throttle_tests::oversized_key_resolves_to_existing_pending_row ... FAILED
   Compiling digest v0.10.7
test throttle_tests::oversized_key_still_rejected_for_a_genuinely_fresh_admission ... FAILED
test throttle_tests::reject_duplicate_bypasses_throttle_when_execution_already_active ... FAILED
   Compiling migrations_internals v2.3.0
   Compiling diesel v2.3.9
test throttle_tests::retry_resolving_to_a_different_key_still_defers_to_the_original_row ... FAILED
test throttle_tests::retry_with_same_workflow_id_does_not_create_a_second_pending_row ... FAILED
test throttle_tests::scanner_does_not_starve_a_fresh_key_behind_many_exhausted_keys ... FAILED
   Compiling serde_with_macros v3.18.0
test throttle_tests::scanner_does_not_starve_other_keys_behind_one_hot_backlog ... FAILED
   Compiling parse-display-derive v0.9.1
test throttle_tests::scanner_fire_of_a_backfill_deferral_does_not_record_schedule_run_metric ... FAILED
test throttle_tests::scanner_fire_of_a_non_scheduled_deferral_does_not_record_schedule_run_metric ... FAILED
test throttle_tests::scanner_fire_of_a_scheduled_deferral_records_schedule_run_metric ... FAILED
test throttle_tests::scanner_readiness_filter_excludes_more_than_batch_size_distinct_exhausted_keys ... FAILED
test throttle_tests::scheduler_tick_rejects_oversized_input_before_deferring ... FAILED
test throttle_tests::skip_size_check_false_for_a_genuinely_fresh_workflow_id ... FAILED
test throttle_tests::skip_size_check_false_when_terminate_if_running_never_bypasses ... FAILED
test throttle_tests::skip_size_check_true_when_execution_already_active ... FAILED
test throttle_tests::skip_size_check_true_when_pending_row_already_exists ... FAILED
test throttle_tests::terminate_if_running_never_bypasses ... FAILED
test transactional_activity_tests::run_transactional_without_pool_returns_descriptive_error ... ok
test throttle_tests::throttled_buffered_deferral_counts_against_max_active_runs ... FAILED
test throttle_tests::throttled_scheduled_deferral_counts_against_max_active_runs ... FAILED
test transactional_activity_tests::transactional_activity_err_rolls_back_user_writes ... FAILED
   Compiling crossbeam-deque v0.8.6
   Compiling postgres-types v0.2.14
test typed_stubs_tests::test_typed_workflow_client_stubs ... FAILED
test transactional_activity_tests::transactional_activity_happy_path_atomic_commit ... FAILED
test typed_stubs_tests::test_typed_workflow_client_stubs_invalid_timeout ... FAILED
   Compiling xattr v1.6.1
test typed_stubs_tests::test_typed_workflow_client_stubs_mismatch_validation ... FAILED
test typed_stubs_tests::test_typed_workflow_client_stubs_signal_with_start ... FAILED
test typed_stubs_tests::test_typed_workflow_client_stubs_signal_with_start_payload_cap ... FAILED
   Compiling phf_shared v0.12.1
test typed_workflow_failure_tests::db_handle_surface::failed_handle_surfaces_typed_fields_across_categories ... FAILED
test typed_workflow_failure_tests::legacy_untyped_child_failure_routes_to_the_untyped_fallback ... ok
test typed_workflow_failure_tests::routing_is_stable_across_reworded_messages_for_the_same_error_type ... ok
test typed_stubs_tests::test_typed_workflow_client_stubs_with_options ... FAILED
   Compiling half v2.7.1
test typed_workflow_failure_tests::db_handle_surface::result_raw_enriches_from_the_effective_retry_execution ... FAILED
   Compiling rand_core v0.6.4
   Compiling whoami v2.1.2
test updt_with_start_tests::db_tests::should_attach_update_to_running_execution_with_allow_duplicate ... FAILED
test updt_with_start_tests::db_tests::should_deduplicate_via_idempotency_key ... FAILED
test updt_with_start_tests::typed_update_with_start_options_default_is_safe ... ok
test updt_with_start_tests::update_with_start_outcome_idempotency_key_roundtrip ... ok
test updt_with_start_tests::update_with_start_outcome_is_cloneable_and_debug ... ok
test updt_with_start_tests::update_with_start_params_is_cloneable_and_debug ... ok
test webhook_trigger_tests::handler_shim_classifies_deserialize_failure ... ok
test webhook_trigger_tests::handler_shim_classifies_user_rejection ... ok
test webhook_trigger_tests::handler_shim_returns_deterministic_workflow_id_on_success ... ok
test webhook_trigger_tests::validate_accepts_disjoint_paths ... ok
test webhook_trigger_tests::validate_accepts_empty_trigger_set ... ok
test webhook_trigger_tests::validate_rejects_duplicate_paths_naming_both_triggers ... ok
test webhook_trigger_tests::validate_rejects_path_missing_leading_slash ... ok
test webhook_trigger_tests::validate_rejects_root_path ... ok
test webhook_trigger_tests::webhook_ctx_exposes_verified_metadata ... ok
test webhook_trigger_tests::webhook_handler_error_display_distinguishes_variants ... ok
test webhook_trigger_tests::webhook_target_signals_with_start_reports_its_workflow ... ok
test webhook_trigger_tests::webhook_target_starts_reports_its_workflow ... ok
test webhook_trigger_tests::webhook_trigger_info_carries_optional_queue_override ... ok
   Compiling num_cpus v1.17.0
test updt_with_start_tests::db_tests::should_return_already_exists_under_reject_duplicate_with_running_prior ... FAILED
test updt_with_start_tests::db_tests::should_start_fresh_and_admit_update_when_no_prior_execution ... FAILED
test worker_session_tests::db_tests::broken_session_scanner_ignores_already_completed_session ... FAILED
test worker_session_tests::db_tests::broken_session_scanner_leaves_healthy_session_untouched ... FAILED
   Compiling home v0.5.12
   Compiling ciborium-io v0.2.2
   Compiling clap_lex v1.1.0
   Compiling rustc-hash v2.1.2
test worker_session_tests::db_tests::broken_session_scanner_reclaims_session_hosted_by_draining_worker ... FAILED
   Compiling plotters-backend v0.3.7
test worker_session_tests::db_tests::broken_session_scanner_reclaims_session_with_expired_lease_even_if_host_alive ... FAILED
   Compiling fastrand v2.4.1
test worker_session_tests::db_tests::broken_session_scanner_reclaims_session_with_no_worker_row ... FAILED
   Compiling base64 v0.21.7
test worker_session_tests::db_tests::co_location_all_member_activities_share_one_worker_id ... FAILED
   Compiling foldhash v0.2.0
test worker_session_tests::db_tests::enqueue_with_session_id_writes_column_to_db ... FAILED
test worker_session_tests::db_tests::enqueue_without_session_id_leaves_column_null ... FAILED
   Compiling deadpool-runtime v0.3.1
   Compiling anstyle v1.0.14
test worker_session_tests::db_tests::non_session_sticky_task_does_fail_over_after_lease_expires ... FAILED
   Compiling chrono-tz v0.10.4
test worker_session_tests::db_tests::non_session_worker_cannot_claim_session_task ... FAILED
test worker_session_tests::enqueue_params_default_session_id_is_none ... ok
test worker_session_tests::with_session_id_composes_with_with_sticky ... ok
test worker_session_tests::with_session_id_sets_the_field ... ok
   Compiling allocator-api2 v0.2.21
   Compiling clap_builder v4.6.0
test worker_session_tests::db_tests::session_task_does_not_fail_over_after_sticky_lease_expires ... FAILED
test worker_session_tests::db_tests::session_worker_can_claim_its_pinned_task ... FAILED
test workflow_handle_tests::handle_cancel_seals_cancelled ... FAILED
   Compiling hashbrown v0.16.1
test workflow_handle_tests::handle_terminate_is_idempotent_on_terminal ... FAILED
test workflow_handle_tests::handle_terminate_seals_terminated_and_result_surfaces_terminated ... FAILED
test workflow_handle_tests::result_raw_wakes_on_harvest_events_notification ... FAILED
test workflow_handle_tests::result_raw_with_timeout_returns_timeout_for_running_workflow ... FAILED
test workflow_handle_tests::result_snapshot_with_wait_returns_none_for_running_workflow ... FAILED
test workflow_handle_tests::workflow_result_from_terminal_execution_is_compact ... ok
test workflow_logger_tests::catalog_contains_unsafe_logging_category ... ok
test workflow_handle_tests::typed_handle_terminate_delegates_to_inner ... FAILED
test workflow_logger_tests::direct_log_methods_suppressed_during_replay ... ok
test workflow_logger_tests::hvg009_alternative_mentions_logger ... ok
test workflow_logger_tests::hvg009_category_is_unsafe_logging ... ok
test workflow_logger_tests::hvg009_exists_in_catalog ... ok
test workflow_logger_tests::hvg009_explanation_mentions_replay ... ok
test workflow_logger_tests::direct_log_methods_emit_in_live_mode ... ok
test workflow_logger_tests::log_level_matches_method ... ok
test workflow_handle_tests::workflow_event_listener_receives_append_notification ... FAILED
test workflow_logger_tests::logger_emits_execution_id_field ... ok
test workflow_logger_tests::logger_emits_replay_false_field ... ok
test workflow_logger_tests::logger_emits_workflow_id_field ... ok
test workflow_logger_tests::logger_emits_workflow_type_field ... ok
test workflow_logger_tests::logger_suppresses_events_during_full_replay ... ok
test workflow_logger_tests::replayer_produces_zero_log_events ... ok
test workflow_logger_tests::with_workflow_id_sets_id ... ok
test workflow_logger_tests::workflow_context_exposes_logger_method ... ok
test workflow_logger_tests::log_events_independent_of_replay_cycle_count ... ok
test workflow_logger_tests::workflow_context_exposes_workflow_id_accessor ... ok
[2m2026-07-11T19:38:33.904072Z[0m [31mERROR[0m [2mautumn_harvest::context[0m[2m:[0m test error [3mworkflow_id[0m[2m=[0m"" [3mexecution_id[0m[2m=[0mffff3212-c7bf-4c92-a04e-035d0f934ab8 [3mworkflow_type[0m[2m=[0m"" [3mreplay[0m[2m=[0mfalse
[2m2026-07-11T19:38:33.904082Z[0m [31mERROR[0m [2mautumn_harvest::context[0m[2m:[0m error message [3mworkflow_id[0m[2m=[0m"" [3mexecution_id[0m[2m=[0mffffba4b-3f06-41d7-a28b-904973874ab0 [3mworkflow_type[0m[2m=[0m"" [3mreplay[0m[2m=[0mfalse
test workflow_logger_tests::workflow_logger_has_info_warn_error_methods ... ok
test workflow_logger_tests::workflow_context_has_direct_log_methods ... ok
test workflow_logger_tests::logger_emits_event_in_live_mode ... ok
test workflow_mutation_tests::drain_admitted_updates_excludes_already_completed ... ok
test workflow_mutation_tests::drain_admitted_updates_returns_pending_update ... ok
test workflow_mutation_tests::execute_admitted_update_propagates_handler_error ... ok
test workflow_mutation_tests::execute_admitted_update_runs_handler_in_live_mode ... ok
test workflow_mutation_tests::execute_admitted_update_replays_completed_result_without_rerunning ... ok
test workflow_mutation_tests::execute_admitted_update_replays_failed_result_without_rerunning ... ok
test workflow_mutation_tests::history_matcher_returns_no_match_for_admitted_without_completion ... ok
test workflow_mutation_tests::history_matcher_finds_update_failed ... ok
test workflow_mutation_tests::history_matcher_finds_update_completed ... ok
test workflow_mutation_tests::history_matcher_returns_no_match_for_unknown_update_id ... ok
test workflow_mutation_tests::register_update_handler_emits_no_commands ... ok
test workflow_mutation_tests::register_update_handler_is_idempotent ... ok
test workflow_mutation_tests::update_event_type_names_are_stable ... ok
test workflow_mutation_tests::update_completed_round_trips_serde ... ok
test workflow_mutation_tests::update_admitted_round_trips_serde ... ok
test workflow_mutation_tests::update_id_display_is_uuid ... ok
test workflow_mutation_tests::update_events_do_not_break_activity_replay ... ok
test workflow_mutation_tests::update_failed_round_trips_serde ... ok
test workflow_mutation_tests::update_id_new_is_unique ... ok
test workflow_mutation_tests::validate_update_passes_when_no_validator_provided ... ok
test workflow_mutation_tests::validate_update_no_handler_returns_not_found ... ok
test workflow_mutation_tests::update_id_serde_round_trip ... ok
test workflow_mutation_tests::validate_update_passes_when_validator_accepts ... ok
test workflow_retry_tests::metric_constant_workflow_retries_is_defined ... ok
test workflow_mutation_tests::validate_update_rejected_when_validator_rejects ... ok
test workflow_retry_tests::metrics_recorder_has_record_workflow_retry ... ok
test workflow_retry_tests::server_ceiling_clamps_max_attempts ... ok
test workflow_retry_tests::workflow_info_default_retry_policy_is_none ... ok
test workflow_retry_tests::workflow_info_with_retry_policy_sets_field ... ok
   Compiling docker_credential v1.3.2
test workflow_retry_tests::retry_run_has_fresh_history_and_correct_linkage ... FAILED
test workflow_retry_tests::cancelled_workflow_is_not_retried ... FAILED
test workflow_retry_tests::workflow_non_retryable_error_no_retry ... FAILED
test workflow_retry_tests::workflow_schedule_with_retry_policy_sets_field ... ok
test workflow_retry_tests::workflow_retries_on_transient_failure_and_succeeds ... FAILED
   Compiling deadpool v0.13.0
test workflow_retry_tests::workflow_retry_exhaustion_counts_as_one_failure ... FAILED
test workflow_retry_tests::workflow_sentinel_string_non_retryable_message_no_retry ... FAILED
test workflow_retry_tests::workflow_typed_message_collision_still_retries ... FAILED
   Compiling tempfile v3.27.0
test workflow_retry_tests::workflow_typed_non_retryable_error_type_no_retry ... FAILED
test workflow_retry_tests::workflow_typed_retryable_error_type_still_retries ... FAILED
test workflow_task_timeout_tests::quarantine_does_not_overwrite_an_execution_that_already_completed ... FAILED
test workflow_task_timeout_tests::quarantine_with_no_exec_id_only_fails_task ... FAILED
test workflow_task_timeout_tests::quarantine_writes_dlq_and_fails_execution ... FAILED
   Compiling plotters-svg v0.3.7
test workflow_task_timeout_tests::quarantine_writes_typed_dlq_reason ... FAILED
test workflow_task_timeout_tests::reset_is_idempotent_on_wrong_state_or_worker ... FAILED
test workflow_test_env_tests::cancel_then_classic_timer_same_id_arms_and_fires ... ok
test workflow_task_timeout_tests::reset_reverts_running_task_to_pending ... FAILED
   Compiling astral-tokio-tar v0.6.3
test workflow_test_env_tests::cancel_timer_on_a_classic_id_does_not_kill_the_classic_timer ... ok
test workflow_test_env_tests::sleep_until_past_deadline_fires_immediately ... ok
test workflow_test_env_tests::sleep_until_resolves_in_test_env_without_real_sleep ... ok
test workflow_test_env_tests::start_timer_then_activity_then_cancel_then_await_cancelled ... ok
test workflow_test_env_tests::start_timer_activity_reset_then_await_fires_without_spurious_fire ... ok
test workflow_test_env_tests::start_timer_then_activity_then_await_fire_fires ... ok
test workflow_test_env_tests::test_activities_do_not_advance_clock ... ok
test workflow_test_env_tests::test_armed_timer_does_not_fire_during_a_mixed_activity_suspension ... ok
test workflow_test_env_tests::test_await_fire_uses_current_reset_duration_not_stale_handle ... ok
test workflow_test_env_tests::test_all_attempts_fail_returns_error ... ok
test workflow_test_env_tests::test_cancellable_timer_does_not_fire_when_cancelled ... ok
test workflow_test_env_tests::test_cancellable_timer_fires_when_not_cancelled ... ok
test workflow_test_env_tests::test_cancellation_injection ... ok
test workflow_test_env_tests::test_billing_loop_dates_and_elapsed ... ok
test workflow_test_env_tests::test_child_workflow_stub ... ok
test workflow_test_env_tests::test_concurrent_awaited_timers_fire_in_deadline_order ... ok
test workflow_test_env_tests::test_current_details_set_overwrite_clear_leaves_no_event_footprint ... ok
test workflow_test_env_tests::test_detached_spawn_is_recorded_before_activity_terminal_in_batch ... ok
test workflow_test_env_tests::test_env_root_typed_failure_records_typed_fields_and_human_message ... ok
test workflow_test_env_tests::test_duplicate_active_start_timer_preserves_recorded_duration ... ok
   Compiling ciborium-ll v0.2.2
test workflow_test_env_tests::test_env_threads_workflow_and_queue_labels_into_saga_metrics ... ok
   Compiling tokio-postgres v0.7.18
test workflow_test_env_tests::test_final_now_counts_only_fired_arm_not_cancelled_reset_arm ... ok
test workflow_test_env_tests::test_final_now_does_not_advance_for_a_cancelled_never_fired_timer ... ok
   Compiling rand_chacha v0.3.1
test workflow_test_env_tests::test_event_log_ordering ... ok
test workflow_test_env_tests::test_happy_path_one_activity ... ok
test workflow_test_env_tests::test_last_completion_result_none_on_first_run ... ok
test workflow_test_env_tests::test_last_completion_result_replays_deterministically ... ok
test workflow_test_env_tests::test_last_completion_result_seeded_value ... ok
test workflow_test_env_tests::test_last_error_seeded_value ... ok
test workflow_test_env_tests::test_first_attempt_fails_second_succeeds ... ok
test workflow_test_env_tests::test_local_activity_mock ... ok
test workflow_test_env_tests::test_365_days_under_50ms ... ok
test workflow_test_env_tests::test_missing_stub_fails_loudly ... ok
test workflow_test_env_tests::test_mock_activity_retries_all_fail_returns_error ... ok
test workflow_test_env_tests::test_mock_activity_retries_all_fail_terminal_failure_is_non_retryable ... ok
test workflow_test_env_tests::test_mock_activity_retries_history_has_no_intermediate_failures ... ok
test workflow_test_env_tests::test_mock_activity_retries_history_has_one_scheduled_event ... ok
test workflow_test_env_tests::test_mock_activity_retries_single_ok_returns_success ... ok
test workflow_test_env_tests::test_mock_activity_retries_succeeds_on_third_worker_attempt ... ok
   Compiling phf v0.12.1
test workflow_test_env_tests::test_race_approval_or_timeout_signal_branch ... ok
test workflow_test_env_tests::test_race_approval_or_timeout_timer_branch ... ok
test workflow_test_env_tests::test_race_two_activities_discards_loser_and_replays_deterministically ... ok
   Compiling parse-display v0.9.1
test workflow_test_env_tests::test_receive_signal_timeout_signal_branch ... ok
test workflow_test_env_tests::test_receive_signal_timeout_timeout_branch ... ok
test workflow_test_env_tests::test_scheduled_time_none_by_default ... ok
test workflow_test_env_tests::test_scheduled_time_replays_deterministically ... ok
test workflow_test_env_tests::test_scheduled_time_seeded_value ... ok
test workflow_test_env_tests::test_replay_self_check_succeeds_for_deterministic_workflow ... ok
test workflow_test_env_tests::test_shared_state_injection ... ok
test workflow_test_env_tests::test_reset_then_fire ... ok
test workflow_test_env_tests::test_side_effect_captured_before_suspension_is_persisted ... ok
test workflow_test_env_tests::test_signal_preempts_timer_no_advance ... ok
test workflow_test_env_tests::test_sequential_timers_accumulate ... ok
test workflow_test_env_tests::test_simulated_time_is_stable ... ok
test workflow_test_env_tests::test_terminal_detached_spawn_records_history_event ... ok
test workflow_test_env_tests::test_terminal_detached_spawn_records_parent_close_cascades ... ok
test workflow_test_env_tests::test_signal_terminal_is_recorded_before_detached_spawn_in_batch ... ok
test workflow_test_env_tests::test_signal_wins_when_queued ... ok
test workflow_test_env_tests::test_timer_advances_virtual_clock ... ok
test workflow_test_env_tests::test_timer_wins_when_no_signal_queued ... ok
test workflow_test_env_tests::test_third_attempt_succeeds ... ok
test workflow_test_env_tests::test_worker_session_auto_resolved_host_is_stable_across_replay ... ok
test workflow_test_env_tests::test_worker_session_pipeline_auto_resolves_reserved_activities ... ok
   Compiling serde_with v3.18.0
   Compiling bollard v0.20.2
   Compiling migrations_macros v2.3.0
   Compiling ferroid v2.0.0
   Compiling itertools v0.10.5
   Compiling serde_derive_internals v0.29.1
   Compiling wait-timeout v0.2.1
   Compiling scoped-futures v0.1.4
   Compiling etcetera v0.11.0
   Compiling bit-vec v0.8.0
   Compiling autumn-harvest v0.4.0 (/app/autumn-harvest)
   Compiling same-file v1.0.6
   Compiling schemars v0.8.22
   Compiling cpufeatures v0.2.17
   Compiling quick-error v1.2.3
   Compiling lazy_static v1.5.0
   Compiling cast v0.3.0
   Compiling sharded-slab v0.1.7
   Compiling criterion-plot v0.5.0
   Compiling rusty-fork v0.3.1
   Compiling sha2 v0.10.9
   Compiling schemars_derive v0.8.22
   Compiling walkdir v2.5.0
   Compiling bit-set v0.8.0
   Compiling testcontainers v0.27.3
   Compiling rayon v1.12.0
   Compiling rand v0.8.6
   Compiling ciborium v0.2.2
   Compiling plotters v0.3.7
   Compiling clap v4.6.1
   Compiling lru v0.16.4
   Compiling hmac v0.12.1
   Compiling croner v2.2.0
   Compiling rand_xorshift v0.4.0
   Compiling matchers v0.2.0
   Compiling tinytemplate v1.2.1
   Compiling autumn-harvest-macros v0.4.0 (/app/autumn-harvest-macros)
   Compiling tracing-log v0.2.0
   Compiling is-terminal v0.4.17
   Compiling thread_local v1.1.9
   Compiling dyn-clone v1.0.20
   Compiling nu-ansi-term v0.50.3
   Compiling oorandom v11.1.5
   Compiling anes v0.1.6
   Compiling unarray v0.1.4
   Compiling seahash v4.1.0
   Compiling proptest v1.11.0
   Compiling criterion v0.5.1
   Compiling tracing-subscriber v0.3.23
   Compiling testcontainers-modules v0.15.0
   Compiling diesel-async v0.8.0
   Compiling diesel_migrations v2.3.2
   Compiling autumn-harvest-tests v0.0.0 (/app/target/tests/trybuild/autumn-harvest)
    Finished `dev` profile [unoptimized + debuginfo] target(s) in 4m 35s


test [0m[1mtests/compile_fail/query_missing_ctx.rs[0m [should fail to compile] ... [0m[32mok
[0mtest [0m[1mtests/compile_fail/query_async.rs[0m [should fail to compile] ... [0m[32mok
[0mtest [0m[1mtests/compile_fail/query_wrong_return.rs[0m [should fail to compile] ... [0m[32mok
[0mtest [0m[1mtests/compile_fail/update_missing_ctx.rs[0m [should fail to compile] ... [0m[32mok
[0mtest [0m[1mtests/compile_fail/update_sync.rs[0m [should fail to compile] ... [0m[32mok
[0mtest [0m[1mtests/compile_fail/hvg001_wallclock.rs[0m [should fail to compile] ... [0m[32mok
[0mtest [0m[1mtests/compile_fail/hvg002_randomness.rs[0m [should fail to compile] ... [0m[32mok
[0mtest [0m[1mtests/compile_fail/hvg002_side_effect_escape.rs[0m [should fail to compile] ... [0m[32mok
[0mtest [0m[1mtests/compile_fail/hvg003_process_env.rs[0m [should fail to compile] ... [0m[32mok
[0mtest [0m[1mtests/compile_fail/hvg004_sleep_timer.rs[0m [should fail to compile] ... [0m[32mok
[0mtest [0m[1mtests/compile_fail/hvg005_background_task.rs[0m [should fail to compile] ... [0m[32mok
[0mtest [0m[1mtests/compile_fail/hvg006_direct_io.rs[0m [should fail to compile] ... [0m[32mok
[0mtest [0m[1mtests/compile_fail/hvg007_process_global.rs[0m [should fail to compile] ... [0m[32mok
[0mtest [0m[1mtests/compile_fail/hvg008_nondeterministic_predicate.rs[0m [should fail to compile] ... [0m[32mok
[0mtest [0m[1mtests/compile_fail/hvg010_select_macro.rs[0m [should fail to compile] ... [0m[32mok
[0mtest [0m[1mtests/compile_fail/hvg010_select_combinator.rs[0m [should fail to compile] ... [0m[32mok
[0mtest [0m[1mtests/compile_fail/hvg011_hashmap_iteration.rs[0m [should fail to compile] ... [0m[32mok
[0mtest [0m[1mtests/compile_fail/webhook_missing_path.rs[0m [should fail to compile] ... [0m[32mok
[0mtest [0m[1mtests/compile_fail/webhook_neither_target.rs[0m [should fail to compile] ... [0m[32mok
[0mtest [0m[1mtests/compile_fail/webhook_both_targets.rs[0m [should fail to compile] ... [0m[32mok
[0mtest [0m[1mtests/compile_fail/webhook_signals_missing_signal_name.rs[0m [should fail to compile] ... [0m[32mok
[0mtest [0m[1mtests/compile_fail/webhook_verifier_attr_unsupported.rs[0m [should fail to compile] ... [0m[32mok
[0mtest [0m[1mtests/compile_fail/webhook_async_fn.rs[0m [should fail to compile] ... [0m[32mok
[0mtest [0m[1mtests/compile_fail/throttle_subunit_rate_no_burst.rs[0m [should fail to compile] ... [0m[32mok
[0mtest [0m[1mtests/compile_fail/throttle_infinite_burst.rs[0m [should fail to compile] ... [0m[32mok
[0mtest [0m[1mtests/compile_fail/suppressed_guardrails.rs[0m [should pass] ... [0m[32mok
[0m

test macros_compile_fail::compile_fail_cases ... ok

failures:

---- audit_tests::audit_list_filter_by_operation stdout ----

thread 'audit_tests::audit_list_filter_by_operation' (104309) panicked at autumn-harvest/tests/integration/audit_tests.rs:125:10:
postgres start: Client(PullImage { descriptor: "postgres:16", err: DockerStreamError { error: "failed to extract layer (application/vnd.oci.image.layer.v1.tar+gzip sha256:bf8787dc3d9f01ed9e374788821940fd733d91f492332ef497e1239c0888faab) to overlayfs as \"extract-597672705-of4h sha256:40302900c72eb4bab05f1925eff7da33f4c8a297120c4482bea3059e6015c818\": failed to convert whiteout file \"etc/alternatives/.wh.pager.1.gz\": operation not permitted" } })
note: run with `RUST_BACKTRACE=1` environment variable to display a backtrace

---- audit_tests::audit_list_filter_by_actor stdout ----

thread 'audit_tests::audit_list_filter_by_actor' (104308) panicked at autumn-harvest/tests/integration/audit_tests.rs:125:10:
postgres start: Client(PullImage { descriptor: "postgres:16", err: DockerStreamError { error: "failed to extract layer (application/vnd.oci.image.layer.v1.tar+gzip sha256:bf8787dc3d9f01ed9e374788821940fd733d91f492332ef497e1239c0888faab) to overlayfs as \"extract-596296683-44Bi sha256:40302900c72eb4bab05f1925eff7da33f4c8a297120c4482bea3059e6015c818\": failed to convert whiteout file \"etc/alternatives/.wh.pager.1.gz\": operation not permitted" } })

---- audit_tests::audit_list_filter_by_status stdout ----

thread 'audit_tests::audit_list_filter_by_status' (104311) panicked at autumn-harvest/tests/integration/audit_tests.rs:125:10:
postgres start: Client(PullImage { descriptor: "postgres:16", err: DockerStreamError { error: "failed to extract layer (application/vnd.oci.image.layer.v1.tar+gzip sha256:bf8787dc3d9f01ed9e374788821940fd733d91f492332ef497e1239c0888faab) to overlayfs as \"extract-596227659-NFDg sha256:40302900c72eb4bab05f1925eff7da33f4c8a297120c4482bea3059e6015c818\": failed to convert whiteout file \"etc/alternatives/.wh.pager.1.gz\": operation not permitted" } })

---- audit_tests::audit_list_date_range_since stdout ----

thread 'audit_tests::audit_list_date_range_since' (104307) panicked at autumn-harvest/tests/integration/audit_tests.rs:125:10:
postgres start: Client(PullImage { descriptor: "postgres:16", err: DockerStreamError { error: "failed to extract layer (application/vnd.oci.image.layer.v1.tar+gzip sha256:bf8787dc3d9f01ed9e374788821940fd733d91f492332ef497e1239c0888faab) to overlayfs as \"extract-614475787-LCMf sha256:40302900c72eb4bab05f1925eff7da33f4c8a297120c4482bea3059e6015c818\": failed to convert whiteout file \"etc/alternatives/.wh.pager.1.gz\": operation not permitted" } })

---- audit_tests::audit_list_filter_by_target_id stdout ----

thread 'audit_tests::audit_list_filter_by_target_id' (104312) panicked at autumn-harvest/tests/integration/audit_tests.rs:125:10:
postgres start: Client(PullImage { descriptor: "postgres:16", err: DockerStreamError { error: "failed to extract layer (application/vnd.oci.image.layer.v1.tar+gzip sha256:bf8787dc3d9f01ed9e374788821940fd733d91f492332ef497e1239c0888faab) to overlayfs as \"extract-215470188-F20j sha256:40302900c72eb4bab05f1925eff7da33f4c8a297120c4482bea3059e6015c818\": failed to convert whiteout file \"etc/alternatives/.wh.pager.1.gz\": operation not permitted" } })

---- audit_tests::audit_list_filter_by_target_type stdout ----

thread 'audit_tests::audit_list_filter_by_target_type' (104313) panicked at autumn-harvest/tests/integration/audit_tests.rs:125:10:
postgres start: Client(PullImage { descriptor: "postgres:16", err: DockerStreamError { error: "failed to extract layer (application/vnd.oci.image.layer.v1.tar+gzip sha256:bf8787dc3d9f01ed9e374788821940fd733d91f492332ef497e1239c0888faab) to overlayfs as \"extract-118702323-zwvn sha256:40302900c72eb4bab05f1925eff7da33f4c8a297120c4482bea3059e6015c818\": failed to convert whiteout file \"etc/alternatives/.wh.pager.1.gz\": operation not permitted" } })

---- audit_tests::audit_list_respects_limit stdout ----

thread 'audit_tests::audit_list_respects_limit' (104315) panicked at autumn-harvest/tests/integration/audit_tests.rs:125:10:
postgres start: Client(PullImage { descriptor: "postgres:16", err: DockerStreamError { error: "failed to extract layer (application/vnd.oci.image.layer.v1.tar+gzip sha256:bf8787dc3d9f01ed9e374788821940fd733d91f492332ef497e1239c0888faab) to overlayfs as \"extract-152127299-BBgz sha256:40302900c72eb4bab05f1925eff7da33f4c8a297120c4482bea3059e6015c818\": failed to convert whiteout file \"etc/alternatives/.wh.pager.1.gz\": operation not permitted" } })

---- audit_tests::audit_list_ordered_by_occurred_at_desc stdout ----

thread 'audit_tests::audit_list_ordered_by_occurred_at_desc' (104314) panicked at autumn-harvest/tests/integration/audit_tests.rs:125:10:
postgres start: Client(PullImage { descriptor: "postgres:16", err: DockerStreamError { error: "failed to extract layer (application/vnd.oci.image.layer.v1.tar+gzip sha256:bf8787dc3d9f01ed9e374788821940fd733d91f492332ef497e1239c0888faab) to overlayfs as \"extract-260739144-LFMB sha256:40302900c72eb4bab05f1925eff7da33f4c8a297120c4482bea3059e6015c818\": failed to convert whiteout file \"etc/alternatives/.wh.pager.1.gz\": operation not permitted" } })

---- audit_tests::failed_audit_record_includes_error_summary stdout ----

thread 'audit_tests::failed_audit_record_includes_error_summary' (104317) panicked at autumn-harvest/tests/integration/audit_tests.rs:125:10:
postgres start: Client(PullImage { descriptor: "postgres:16", err: DockerStreamError { error: "failed to extract layer (application/vnd.oci.image.layer.v1.tar+gzip sha256:bf8787dc3d9f01ed9e374788821940fd733d91f492332ef497e1239c0888faab) to overlayfs as \"extract-511222610-IRGf sha256:40302900c72eb4bab05f1925eff7da33f4c8a297120c4482bea3059e6015c818\": failed to convert whiteout file \"etc/alternatives/.wh.pager.1.gz\": operation not permitted" } })

---- audit_tests::audit_record_with_all_optional_fields stdout ----

thread 'audit_tests::audit_record_with_all_optional_fields' (104316) panicked at autumn-harvest/tests/integration/audit_tests.rs:125:10:
postgres start: Client(PullImage { descriptor: "postgres:16", err: DockerStreamError { error: "failed to extract layer (application/vnd.oci.image.layer.v1.tar+gzip sha256:bf8787dc3d9f01ed9e374788821940fd733d91f492332ef497e1239c0888faab) to overlayfs as \"extract-523914738-IbQ6 sha256:40302900c72eb4bab05f1925eff7da33f4c8a297120c4482bea3059e6015c818\": failed to convert whiteout file \"etc/alternatives/.wh.pager.1.gz\": operation not permitted" } })

---- audit_tests::insert_and_retrieve_audit_record stdout ----

thread 'audit_tests::insert_and_retrieve_audit_record' (104318) panicked at autumn-harvest/tests/integration/audit_tests.rs:125:10:
postgres start: Client(PullImage { descriptor: "postgres:16", err: DockerStreamError { error: "failed to extract layer (application/vnd.oci.image.layer.v1.tar+gzip sha256:bf8787dc3d9f01ed9e374788821940fd733d91f492332ef497e1239c0888faab) to overlayfs as \"extract-566884923-EFfR sha256:40302900c72eb4bab05f1925eff7da33f4c8a297120c4482bea3059e6015c818\": failed to convert whiteout file \"etc/alternatives/.wh.pager.1.gz\": operation not permitted" } })

---- build_routing_tests::db_tests::build_reachability_counts_open_executions_and_pending_tasks stdout ----

thread 'build_routing_tests::db_tests::build_reachability_counts_open_executions_and_pending_tasks' (104326) panicked at autumn-harvest/tests/integration/build_routing_tests.rs:596:14:
failed to start Postgres container: Client(PullImage { descriptor: "postgres:16", err: DockerStreamError { error: "failed to extract layer (application/vnd.oci.image.layer.v1.tar+gzip sha256:bf8787dc3d9f01ed9e374788821940fd733d91f492332ef497e1239c0888faab) to overlayfs as \"extract-697545092-S1t4 sha256:40302900c72eb4bab05f1925eff7da33f4c8a297120c4482bea3059e6015c818\": failed to convert whiteout file \"etc/alternatives/.wh.pager.1.gz\": operation not permitted" } })

---- build_routing_tests::db_tests::clear_build_ramp_on_unknown_queue_returns_none stdout ----

thread 'build_routing_tests::db_tests::clear_build_ramp_on_unknown_queue_returns_none' (104328) panicked at autumn-harvest/tests/integration/build_routing_tests.rs:596:14:
failed to start Postgres container: Client(PullImage { descriptor: "postgres:16", err: DockerStreamError { error: "failed to extract layer (application/vnd.oci.image.layer.v1.tar+gzip sha256:bf8787dc3d9f01ed9e374788821940fd733d91f492332ef497e1239c0888faab) to overlayfs as \"extract-961901083-hxlg sha256:40302900c72eb4bab05f1925eff7da33f4c8a297120c4482bea3059e6015c818\": failed to convert whiteout file \"etc/alternatives/.wh.pager.1.gz\": operation not permitted" } })

---- build_routing_tests::db_tests::clear_build_ramp_nulls_target_and_percent stdout ----

thread 'build_routing_tests::db_tests::clear_build_ramp_nulls_target_and_percent' (104327) panicked at autumn-harvest/tests/integration/build_routing_tests.rs:596:14:
failed to start Postgres container: Client(PullImage { descriptor: "postgres:16", err: DockerStreamError { error: "failed to extract layer (application/vnd.oci.image.layer.v1.tar+gzip sha256:bf8787dc3d9f01ed9e374788821940fd733d91f492332ef497e1239c0888faab) to overlayfs as \"extract-956308201-zgcz sha256:40302900c72eb4bab05f1925eff7da33f4c8a297120c4482bea3059e6015c818\": failed to convert whiteout file \"etc/alternatives/.wh.pager.1.gz\": operation not permitted" } })

---- build_routing_tests::db_tests::compatible_worker_can_claim_task_with_required_build stdout ----

thread 'build_routing_tests::db_tests::compatible_worker_can_claim_task_with_required_build' (104329) panicked at autumn-harvest/tests/integration/build_routing_tests.rs:596:14:
failed to start Postgres container: Client(PullImage { descriptor: "postgres:16", err: DockerStreamError { error: "failed to extract layer (application/vnd.oci.image.layer.v1.tar+gzip sha256:bf8787dc3d9f01ed9e374788821940fd733d91f492332ef497e1239c0888faab) to overlayfs as \"extract-97635215-cwrt sha256:40302900c72eb4bab05f1925eff7da33f4c8a297120c4482bea3059e6015c818\": failed to convert whiteout file \"etc/alternatives/.wh.pager.1.gz\": operation not permitted" } })

---- build_routing_tests::db_tests::declare_and_load_compat_set stdout ----

thread 'build_routing_tests::db_tests::declare_and_load_compat_set' (104330) panicked at autumn-harvest/tests/integration/build_routing_tests.rs:596:14:
failed to start Postgres container: Client(PullImage { descriptor: "postgres:16", err: DockerStreamError { error: "failed to extract layer (application/vnd.oci.image.layer.v1.tar+gzip sha256:bf8787dc3d9f01ed9e374788821940fd733d91f492332ef497e1239c0888faab) to overlayfs as \"extract-8631870-MEOm sha256:40302900c72eb4bab05f1925eff7da33f4c8a297120c4482bea3059e6015c818\": failed to convert whiteout file \"etc/alternatives/.wh.pager.1.gz\": operation not permitted" } })

---- build_routing_tests::db_tests::incompatible_worker_cannot_claim_required_build_task stdout ----

thread 'build_routing_tests::db_tests::incompatible_worker_cannot_claim_required_build_task' (104332) panicked at autumn-harvest/tests/integration/build_routing_tests.rs:596:14:
failed to start Postgres container: Client(PullImage { descriptor: "postgres:16", err: DockerStreamError { error: "failed to extract layer (application/vnd.oci.image.layer.v1.tar+gzip sha256:bf8787dc3d9f01ed9e374788821940fd733d91f492332ef497e1239c0888faab) to overlayfs as \"extract-342089309-DRUk sha256:40302900c72eb4bab05f1925eff7da33f4c8a297120c4482bea3059e6015c818\": failed to convert whiteout file \"etc/alternatives/.wh.pager.1.gz\": operation not permitted" } })

---- build_routing_tests::db_tests::declared_compat_allows_new_worker_to_claim_old_task stdout ----

thread 'build_routing_tests::db_tests::declared_compat_allows_new_worker_to_claim_old_task' (104331) panicked at autumn-harvest/tests/integration/build_routing_tests.rs:596:14:
failed to start Postgres container: Client(PullImage { descriptor: "postgres:16", err: DockerStreamError { error: "failed to extract layer (application/vnd.oci.image.layer.v1.tar+gzip sha256:bf8787dc3d9f01ed9e374788821940fd733d91f492332ef497e1239c0888faab) to overlayfs as \"extract-342745416-S-os sha256:40302900c72eb4bab05f1925eff7da33f4c8a297120c4482bea3059e6015c818\": failed to convert whiteout file \"etc/alternatives/.wh.pager.1.gz\": operation not permitted" } })

---- build_routing_tests::db_tests::legacy_worker_empty_build_id_claims_any_task stdout ----

thread 'build_routing_tests::db_tests::legacy_worker_empty_build_id_claims_any_task' (104333) panicked at autumn-harvest/tests/integration/build_routing_tests.rs:596:14:
failed to start Postgres container: Client(PullImage { descriptor: "postgres:16", err: DockerStreamError { error: "failed to extract layer (application/vnd.oci.image.layer.v1.tar+gzip sha256:bf8787dc3d9f01ed9e374788821940fd733d91f492332ef497e1239c0888faab) to overlayfs as \"extract-412060425-PLTK sha256:40302900c72eb4bab05f1925eff7da33f4c8a297120c4482bea3059e6015c818\": failed to convert whiteout file \"etc/alternatives/.wh.pager.1.gz\": operation not permitted" } })

---- build_routing_tests::db_tests::list_workers_filters_by_build_id stdout ----

thread 'build_routing_tests::db_tests::list_workers_filters_by_build_id' (104334) panicked at autumn-harvest/tests/integration/build_routing_tests.rs:596:14:
failed to start Postgres container: Client(PullImage { descriptor: "postgres:16", err: DockerStreamError { error: "failed to extract layer (application/vnd.oci.image.layer.v1.tar+gzip sha256:bf8787dc3d9f01ed9e374788821940fd733d91f492332ef497e1239c0888faab) to overlayfs as \"extract-411394525-njm8 sha256:40302900c72eb4bab05f1925eff7da33f4c8a297120c4482bea3059e6015c818\": failed to convert whiteout file \"etc/alternatives/.wh.pager.1.gz\": operation not permitted" } })

---- build_routing_tests::db_tests::pre_ramp_policy_row_without_ramp_columns_still_routes_to_base_build stdout ----

thread 'build_routing_tests::db_tests::pre_ramp_policy_row_without_ramp_columns_still_routes_to_base_build' (104335) panicked at autumn-harvest/tests/integration/build_routing_tests.rs:596:14:
failed to start Postgres container: Client(PullImage { descriptor: "postgres:16", err: DockerStreamError { error: "failed to extract layer (application/vnd.oci.image.layer.v1.tar+gzip sha256:bf8787dc3d9f01ed9e374788821940fd733d91f492332ef497e1239c0888faab) to overlayfs as \"extract-711147164-epBe sha256:40302900c72eb4bab05f1925eff7da33f4c8a297120c4482bea3059e6015c818\": failed to convert whiteout file \"etc/alternatives/.wh.pager.1.gz\": operation not permitted" } })

---- build_routing_tests::db_tests::ramp_back_to_zero_stops_new_starts_from_reaching_target stdout ----

thread 'build_routing_tests::db_tests::ramp_back_to_zero_stops_new_starts_from_reaching_target' (104336) panicked at autumn-harvest/tests/integration/build_routing_tests.rs:596:14:
failed to start Postgres container: Client(PullImage { descriptor: "postgres:16", err: DockerStreamError { error: "failed to extract layer (application/vnd.oci.image.layer.v1.tar+gzip sha256:bf8787dc3d9f01ed9e374788821940fd733d91f492332ef497e1239c0888faab) to overlayfs as \"extract-753113866-0Jya sha256:40302900c72eb4bab05f1925eff7da33f4c8a297120c4482bea3059e6015c818\": failed to convert whiteout file \"etc/alternatives/.wh.pager.1.gz\": operation not permitted" } })

---- build_routing_tests::db_tests::safe_to_retire_true_when_no_open_executions_or_pending_tasks stdout ----

thread 'build_routing_tests::db_tests::safe_to_retire_true_when_no_open_executions_or_pending_tasks' (104338) panicked at autumn-harvest/tests/integration/build_routing_tests.rs:596:14:
failed to start Postgres container: Client(PullImage { descriptor: "postgres:16", err: DockerStreamError { error: "failed to extract layer (application/vnd.oci.image.layer.v1.tar+gzip sha256:bf8787dc3d9f01ed9e374788821940fd733d91f492332ef497e1239c0888faab) to overlayfs as \"extract-796806211-Ilnj sha256:40302900c72eb4bab05f1925eff7da33f4c8a297120c4482bea3059e6015c818\": failed to convert whiteout file \"etc/alternatives/.wh.pager.1.gz\": operation not permitted" } })

---- build_routing_tests::db_tests::revoke_compat_removes_entry stdout ----

thread 'build_routing_tests::db_tests::revoke_compat_removes_entry' (104337) panicked at autumn-harvest/tests/integration/build_routing_tests.rs:596:14:
failed to start Postgres container: Client(PullImage { descriptor: "postgres:16", err: DockerStreamError { error: "failed to extract layer (application/vnd.oci.image.layer.v1.tar+gzip sha256:bf8787dc3d9f01ed9e374788821940fd733d91f492332ef497e1239c0888faab) to overlayfs as \"extract-799210047-wChU sha256:40302900c72eb4bab05f1925eff7da33f4c8a297120c4482bea3059e6015c818\": failed to convert whiteout file \"etc/alternatives/.wh.pager.1.gz\": operation not permitted" } })

---- build_routing_tests::db_tests::set_and_get_build_policy_for_queue stdout ----

thread 'build_routing_tests::db_tests::set_and_get_build_policy_for_queue' (104339) panicked at autumn-harvest/tests/integration/build_routing_tests.rs:596:14:
failed to start Postgres container: Client(PullImage { descriptor: "postgres:16", err: DockerStreamError { error: "failed to extract layer (application/vnd.oci.image.layer.v1.tar+gzip sha256:bf8787dc3d9f01ed9e374788821940fd733d91f492332ef497e1239c0888faab) to overlayfs as \"extract-221672101-PkLO sha256:40302900c72eb4bab05f1925eff7da33f4c8a297120c4482bea3059e6015c818\": failed to convert whiteout file \"etc/alternatives/.wh.pager.1.gz\": operation not permitted" } })

---- build_routing_tests::db_tests::set_build_ramp_updates_target_and_percent_on_existing_policy stdout ----

thread 'build_routing_tests::db_tests::set_build_ramp_updates_target_and_percent_on_existing_policy' (104340) panicked at autumn-harvest/tests/integration/build_routing_tests.rs:596:14:
failed to start Postgres container: Client(PullImage { descriptor: "postgres:16", err: DockerStreamError { error: "failed to extract layer (application/vnd.oci.image.layer.v1.tar+gzip sha256:bf8787dc3d9f01ed9e374788821940fd733d91f492332ef497e1239c0888faab) to overlayfs as \"extract-279902854-W09P sha256:40302900c72eb4bab05f1925eff7da33f4c8a297120c4482bea3059e6015c818\": failed to convert whiteout file \"etc/alternatives/.wh.pager.1.gz\": operation not permitted" } })

---- build_routing_tests::db_tests::set_build_ramp_without_base_policy_is_config_error stdout ----

thread 'build_routing_tests::db_tests::set_build_ramp_without_base_policy_is_config_error' (104341) panicked at autumn-harvest/tests/integration/build_routing_tests.rs:596:14:
failed to start Postgres container: Client(PullImage { descriptor: "postgres:16", err: DockerStreamError { error: "failed to extract layer (application/vnd.oci.image.layer.v1.tar+gzip sha256:bf8787dc3d9f01ed9e374788821940fd733d91f492332ef497e1239c0888faab) to overlayfs as \"extract-313522986-4B-9 sha256:40302900c72eb4bab05f1925eff7da33f4c8a297120c4482bea3059e6015c818\": failed to convert whiteout file \"etc/alternatives/.wh.pager.1.gz\": operation not permitted" } })

---- build_routing_tests::db_tests::start_stamps_base_build_when_ramp_is_zero stdout ----

thread 'build_routing_tests::db_tests::start_stamps_base_build_when_ramp_is_zero' (104342) panicked at autumn-harvest/tests/integration/build_routing_tests.rs:596:14:
failed to start Postgres container: Client(PullImage { descriptor: "postgres:16", err: DockerStreamError { error: "failed to extract layer (application/vnd.oci.image.layer.v1.tar+gzip sha256:bf8787dc3d9f01ed9e374788821940fd733d91f492332ef497e1239c0888faab) to overlayfs as \"extract-307088320-y3Su sha256:40302900c72eb4bab05f1925eff7da33f4c8a297120c4482bea3059e6015c818\": failed to convert whiteout file \"etc/alternatives/.wh.pager.1.gz\": operation not permitted" } })

---- build_routing_tests::db_tests::start_stamps_target_build_for_fully_ramped_queue stdout ----

thread 'build_routing_tests::db_tests::start_stamps_target_build_for_fully_ramped_queue' (104343) panicked at autumn-harvest/tests/integration/build_routing_tests.rs:596:14:
failed to start Postgres container: Client(PullImage { descriptor: "postgres:16", err: DockerStreamError { error: "failed to extract layer (application/vnd.oci.image.layer.v1.tar+gzip sha256:bf8787dc3d9f01ed9e374788821940fd733d91f492332ef497e1239c0888faab) to overlayfs as \"extract-540061175-eIJc sha256:40302900c72eb4bab05f1925eff7da33f4c8a297120c4482bea3059e6015c818\": failed to convert whiteout file \"etc/alternatives/.wh.pager.1.gz\": operation not permitted" } })

---- build_routing_tests::db_tests::task_without_required_build_claimed_by_any_worker stdout ----

thread 'build_routing_tests::db_tests::task_without_required_build_claimed_by_any_worker' (104344) panicked at autumn-harvest/tests/integration/build_routing_tests.rs:596:14:
failed to start Postgres container: Client(PullImage { descriptor: "postgres:16", err: DockerStreamError { error: "failed to extract layer (application/vnd.oci.image.layer.v1.tar+gzip sha256:bf8787dc3d9f01ed9e374788821940fd733d91f492332ef497e1239c0888faab) to overlayfs as \"extract-591452571-qHnI sha256:40302900c72eb4bab05f1925eff7da33f4c8a297120c4482bea3059e6015c818\": failed to convert whiteout file \"etc/alternatives/.wh.pager.1.gz\": operation not permitted" } })

---- build_routing_tests::db_tests::worker_registration_stores_build_id_and_deployment_name stdout ----

thread 'build_routing_tests::db_tests::worker_registration_stores_build_id_and_deployment_name' (104345) panicked at autumn-harvest/tests/integration/build_routing_tests.rs:596:14:
failed to start Postgres container: Client(PullImage { descriptor: "postgres:16", err: DockerStreamError { error: "failed to extract layer (application/vnd.oci.image.layer.v1.tar+gzip sha256:bf8787dc3d9f01ed9e374788821940fd733d91f492332ef497e1239c0888faab) to overlayfs as \"extract-632579148-y5HH sha256:40302900c72eb4bab05f1925eff7da33f4c8a297120c4482bea3059e6015c818\": failed to convert whiteout file \"etc/alternatives/.wh.pager.1.gz\": operation not permitted" } })

---- cache_delta_load_tests::cold_path_reads_full_history_every_task stdout ----

thread 'cache_delta_load_tests::cold_path_reads_full_history_every_task' (104366) panicked at autumn-harvest/tests/integration/cache_delta_load_tests.rs:135:10:
failed to start Postgres container: Client(PullImage { descriptor: "postgres:16", err: DockerStreamError { error: "failed to extract layer (application/vnd.oci.image.layer.v1.tar+gzip sha256:bf8787dc3d9f01ed9e374788821940fd733d91f492332ef497e1239c0888faab) to overlayfs as \"extract-773007640-g8jW sha256:40302900c72eb4bab05f1925eff7da33f4c8a297120c4482bea3059e6015c818\": failed to convert whiteout file \"etc/alternatives/.wh.pager.1.gz\": operation not permitted" } })

---- cache_delta_load_tests::sticky_routing_on_vs_off_reload_count stdout ----

thread 'cache_delta_load_tests::sticky_routing_on_vs_off_reload_count' (104367) panicked at autumn-harvest/tests/integration/cache_delta_load_tests.rs:135:10:
failed to start Postgres container: Client(PullImage { descriptor: "postgres:16", err: DockerStreamError { error: "failed to extract layer (application/vnd.oci.image.layer.v1.tar+gzip sha256:bf8787dc3d9f01ed9e374788821940fd733d91f492332ef497e1239c0888faab) to overlayfs as \"extract-937565712-EL2f sha256:40302900c72eb4bab05f1925eff7da33f4c8a297120c4482bea3059e6015c818\": failed to convert whiteout file \"etc/alternatives/.wh.pager.1.gz\": operation not permitted" } })

---- cache_delta_load_tests::warm_path_delta_load_reads_only_new_events stdout ----

thread 'cache_delta_load_tests::warm_path_delta_load_reads_only_new_events' (104368) panicked at autumn-harvest/tests/integration/cache_delta_load_tests.rs:135:10:
failed to start Postgres container: Client(PullImage { descriptor: "postgres:16", err: DockerStreamError { error: "failed to extract layer (application/vnd.oci.image.layer.v1.tar+gzip sha256:bf8787dc3d9f01ed9e374788821940fd733d91f492332ef497e1239c0888faab) to overlayfs as \"extract-967762922-wmdS sha256:40302900c72eb4bab05f1925eff7da33f4c8a297120c4482bea3059e6015c818\": failed to convert whiteout file \"etc/alternatives/.wh.pager.1.gz\": operation not permitted" } })

---- cancellation_tests::activity_exits_early_on_workflow_cancellation stdout ----

thread 'cancellation_tests::activity_exits_early_on_workflow_cancellation' (104369) panicked at autumn-harvest/tests/integration/cancellation_tests.rs:143:10:
failed to start Postgres container: Client(PullImage { descriptor: "postgres:16", err: DockerStreamError { error: "failed to extract layer (application/vnd.oci.image.layer.v1.tar+gzip sha256:bf8787dc3d9f01ed9e374788821940fd733d91f492332ef497e1239c0888faab) to overlayfs as \"extract-999986953-YmXH sha256:40302900c72eb4bab05f1925eff7da33f4c8a297120c4482bea3059e6015c818\": failed to convert whiteout file \"etc/alternatives/.wh.pager.1.gz\": operation not permitted" } })

---- cancellation_tests::activity_without_cancellation_check_completes_normally stdout ----

thread 'cancellation_tests::activity_without_cancellation_check_completes_normally' (104372) panicked at autumn-harvest/tests/integration/cancellation_tests.rs:143:10:
failed to start Postgres container: Client(PullImage { descriptor: "postgres:16", err: DockerStreamError { error: "failed to extract layer (application/vnd.oci.image.layer.v1.tar+gzip sha256:bf8787dc3d9f01ed9e374788821940fd733d91f492332ef497e1239c0888faab) to overlayfs as \"extract-180533235-5swx sha256:40302900c72eb4bab05f1925eff7da33f4c8a297120c4482bea3059e6015c818\": failed to convert whiteout file \"etc/alternatives/.wh.pager.1.gz\": operation not permitted" } })

---- cancellation_tests::cancel_running_workflow_marks_execution_cancelled_and_fails_open_tasks stdout ----

thread 'cancellation_tests::cancel_running_workflow_marks_execution_cancelled_and_fails_open_tasks' (104375) panicked at autumn-harvest/tests/integration/cancellation_tests.rs:118:10:
failed to start Postgres container: Client(PullImage { descriptor: "postgres:16", err: DockerStreamError { error: "failed to extract layer (application/vnd.oci.image.layer.v1.tar+gzip sha256:bf8787dc3d9f01ed9e374788821940fd733d91f492332ef497e1239c0888faab) to overlayfs as \"extract-318037734-gS4n sha256:40302900c72eb4bab05f1925eff7da33f4c8a297120c4482bea3059e6015c818\": failed to convert whiteout file \"etc/alternatives/.wh.pager.1.gz\": operation not permitted" } })

---- cancellation_tests::cancelling_an_already_cancelled_workflow_is_idempotent stdout ----

thread 'cancellation_tests::cancelling_an_already_cancelled_workflow_is_idempotent' (104376) panicked at autumn-harvest/tests/integration/cancellation_tests.rs:118:10:
failed to start Postgres container: Client(PullImage { descriptor: "postgres:16", err: DockerStreamError { error: "failed to extract layer (application/vnd.oci.image.layer.v1.tar+gzip sha256:bf8787dc3d9f01ed9e374788821940fd733d91f492332ef497e1239c0888faab) to overlayfs as \"extract-360958699-IXEI sha256:40302900c72eb4bab05f1925eff7da33f4c8a297120c4482bea3059e6015c818\": failed to convert whiteout file \"etc/alternatives/.wh.pager.1.gz\": operation not permitted" } })

---- cancellation_tests::heartbeat_checkpoint_preserved_across_cancel_signal stdout ----

thread 'cancellation_tests::heartbeat_checkpoint_preserved_across_cancel_signal' (104377) panicked at autumn-harvest/tests/integration/cancellation_tests.rs:118:10:
failed to start Postgres container: Client(PullImage { descriptor: "postgres:16", err: DockerStreamError { error: "failed to extract layer (application/vnd.oci.image.layer.v1.tar+gzip sha256:bf8787dc3d9f01ed9e374788821940fd733d91f492332ef497e1239c0888faab) to overlayfs as \"extract-406968830-YKEQ sha256:40302900c72eb4bab05f1925eff7da33f4c8a297120c4482bea3059e6015c818\": failed to convert whiteout file \"etc/alternatives/.wh.pager.1.gz\": operation not permitted" } })

---- cancellation_tests::running_activity_heartbeat_observes_workflow_cancellation stdout ----

thread 'cancellation_tests::running_activity_heartbeat_observes_workflow_cancellation' (104378) panicked at autumn-harvest/tests/integration/cancellation_tests.rs:143:10:
failed to start Postgres container: Client(PullImage { descriptor: "postgres:16", err: DockerStreamError { error: "failed to extract layer (application/vnd.oci.image.layer.v1.tar+gzip sha256:bf8787dc3d9f01ed9e374788821940fd733d91f492332ef497e1239c0888faab) to overlayfs as \"extract-593449971-ggWe sha256:40302900c72eb4bab05f1925eff7da33f4c8a297120c4482bea3059e6015c818\": failed to convert whiteout file \"etc/alternatives/.wh.pager.1.gz\": operation not permitted" } })

---- cancellation_tests::signal_insert_waits_for_concurrent_cancellation_lock stdout ----

thread 'cancellation_tests::signal_insert_waits_for_concurrent_cancellation_lock' (104381) panicked at autumn-harvest/tests/integration/cancellation_tests.rs:143:10:
failed to start Postgres container: Client(PullImage { descriptor: "postgres:16", err: DockerStreamError { error: "failed to extract layer (application/vnd.oci.image.layer.v1.tar+gzip sha256:bf8787dc3d9f01ed9e374788821940fd733d91f492332ef497e1239c0888faab) to overlayfs as \"extract-706327845-CC3a sha256:40302900c72eb4bab05f1925eff7da33f4c8a297120c4482bea3059e6015c818\": failed to convert whiteout file \"etc/alternatives/.wh.pager.1.gz\": operation not permitted" } })

---- cancellation_tests::signals_to_cancelled_workflows_are_rejected stdout ----

thread 'cancellation_tests::signals_to_cancelled_workflows_are_rejected' (104384) panicked at autumn-harvest/tests/integration/cancellation_tests.rs:118:10:
failed to start Postgres container: Client(PullImage { descriptor: "postgres:16", err: DockerStreamError { error: "failed to extract layer (application/vnd.oci.image.layer.v1.tar+gzip sha256:bf8787dc3d9f01ed9e374788821940fd733d91f492332ef497e1239c0888faab) to overlayfs as \"extract-744451702-FcCM sha256:40302900c72eb4bab05f1925eff7da33f4c8a297120c4482bea3059e6015c818\": failed to convert whiteout file \"etc/alternatives/.wh.pager.1.gz\": operation not permitted" } })

---- cancellation_tests::uncooperative_activity_is_hard_aborted_after_grace_period stdout ----

thread 'cancellation_tests::uncooperative_activity_is_hard_aborted_after_grace_period' (104385) panicked at autumn-harvest/tests/integration/cancellation_tests.rs:143:10:
failed to start Postgres container: Client(PullImage { descriptor: "postgres:16", err: DockerStreamError { error: "failed to extract layer (application/vnd.oci.image.layer.v1.tar+gzip sha256:bf8787dc3d9f01ed9e374788821940fd733d91f492332ef497e1239c0888faab) to overlayfs as \"extract-786415061-24Xp sha256:40302900c72eb4bab05f1925eff7da33f4c8a297120c4482bea3059e6015c818\": failed to convert whiteout file \"etc/alternatives/.wh.pager.1.gz\": operation not permitted" } })

---- child_policy_tests::cascade_records_child_events_only_after_winning_child_transition stdout ----

thread 'child_policy_tests::cascade_records_child_events_only_after_winning_child_transition' (104405) panicked at autumn-harvest/tests/integration/child_policy_tests.rs:130:10:
failed to start Postgres container: Client(PullImage { descriptor: "postgres:16", err: DockerStreamError { error: "failed to extract layer (application/vnd.oci.image.layer.v1.tar+gzip sha256:bf8787dc3d9f01ed9e374788821940fd733d91f492332ef497e1239c0888faab) to overlayfs as \"extract-142537214-nWnl sha256:40302900c72eb4bab05f1925eff7da33f4c8a297120c4482bea3059e6015c818\": failed to convert whiteout file \"etc/alternatives/.wh.pager.1.gz\": operation not permitted" } })

---- child_policy_tests::child_workflow_detached_abandon_outlives_parent_completion stdout ----

thread 'child_policy_tests::child_workflow_detached_abandon_outlives_parent_completion' (104407) panicked at autumn-harvest/tests/integration/child_policy_tests.rs:130:10:
failed to start Postgres container: Client(PullImage { descriptor: "postgres:16", err: DockerStreamError { error: "failed to extract layer (application/vnd.oci.image.layer.v1.tar+gzip sha256:bf8787dc3d9f01ed9e374788821940fd733d91f492332ef497e1239c0888faab) to overlayfs as \"extract-178393422-bQic sha256:40302900c72eb4bab05f1925eff7da33f4c8a297120c4482bea3059e6015c818\": failed to convert whiteout file \"etc/alternatives/.wh.pager.1.gz\": operation not permitted" } })

---- child_policy_tests::child_workflow_cancel_cascade_request_cancel stdout ----

thread 'child_policy_tests::child_workflow_cancel_cascade_request_cancel' (104406) panicked at autumn-harvest/tests/integration/child_policy_tests.rs:130:10:
failed to start Postgres container: Client(PullImage { descriptor: "postgres:16", err: DockerStreamError { error: "failed to extract layer (application/vnd.oci.image.layer.v1.tar+gzip sha256:bf8787dc3d9f01ed9e374788821940fd733d91f492332ef497e1239c0888faab) to overlayfs as \"extract-177604255-67a0 sha256:40302900c72eb4bab05f1925eff7da33f4c8a297120c4482bea3059e6015c818\": failed to convert whiteout file \"etc/alternatives/.wh.pager.1.gz\": operation not permitted" } })

---- child_policy_tests::child_workflow_terminate_cascade_on_parent_failure stdout ----

thread 'child_policy_tests::child_workflow_terminate_cascade_on_parent_failure' (104408) panicked at autumn-harvest/tests/integration/child_policy_tests.rs:130:10:
failed to start Postgres container: Client(PullImage { descriptor: "postgres:16", err: DockerStreamError { error: "failed to extract layer (application/vnd.oci.image.layer.v1.tar+gzip sha256:bf8787dc3d9f01ed9e374788821940fd733d91f492332ef497e1239c0888faab) to overlayfs as \"extract-239444203-RL5h sha256:40302900c72eb4bab05f1925eff7da33f4c8a297120c4482bea3059e6015c818\": failed to convert whiteout file \"etc/alternatives/.wh.pager.1.gz\": operation not permitted" } })

---- child_policy_tests::detached_child_continue_as_new_failure_does_not_wake_parent stdout ----

thread 'child_policy_tests::detached_child_continue_as_new_failure_does_not_wake_parent' (104409) panicked at autumn-harvest/tests/integration/child_policy_tests.rs:130:10:
failed to start Postgres container: Client(PullImage { descriptor: "postgres:16", err: DockerStreamError { error: "failed to extract layer (application/vnd.oci.image.layer.v1.tar+gzip sha256:bf8787dc3d9f01ed9e374788821940fd733d91f492332ef497e1239c0888faab) to overlayfs as \"extract-526534049-NGOt sha256:40302900c72eb4bab05f1925eff7da33f4c8a297120c4482bea3059e6015c818\": failed to convert whiteout file \"etc/alternatives/.wh.pager.1.gz\": operation not permitted" } })

---- child_policy_tests::detached_child_execution_timeout_does_not_wake_parent stdout ----

thread 'child_policy_tests::detached_child_execution_timeout_does_not_wake_parent' (104410) panicked at autumn-harvest/tests/integration/child_policy_tests.rs:130:10:
failed to start Postgres container: Client(PullImage { descriptor: "postgres:16", err: DockerStreamError { error: "failed to extract layer (application/vnd.oci.image.layer.v1.tar+gzip sha256:bf8787dc3d9f01ed9e374788821940fd733d91f492332ef497e1239c0888faab) to overlayfs as \"extract-588242715-SChT sha256:40302900c72eb4bab05f1925eff7da33f4c8a297120c4482bea3059e6015c818\": failed to convert whiteout file \"etc/alternatives/.wh.pager.1.gz\": operation not permitted" } })

---- child_policy_tests::detached_child_task_receives_trace_context stdout ----

thread 'child_policy_tests::detached_child_task_receives_trace_context' (104411) panicked at autumn-harvest/tests/integration/child_policy_tests.rs:130:10:
failed to start Postgres container: Client(PullImage { descriptor: "postgres:16", err: DockerStreamError { error: "failed to extract layer (application/vnd.oci.image.layer.v1.tar+gzip sha256:bf8787dc3d9f01ed9e374788821940fd733d91f492332ef497e1239c0888faab) to overlayfs as \"extract-569178674-03ag sha256:40302900c72eb4bab05f1925eff7da33f4c8a297120c4482bea3059e6015c818\": failed to convert whiteout file \"etc/alternatives/.wh.pager.1.gz\": operation not permitted" } })

---- child_policy_tests::detached_child_workflow_uses_registered_concurrency_policy stdout ----

thread 'child_policy_tests::detached_child_workflow_uses_registered_concurrency_policy' (104412) panicked at autumn-harvest/tests/integration/child_policy_tests.rs:130:10:
failed to start Postgres container: Client(PullImage { descriptor: "postgres:16", err: DockerStreamError { error: "failed to extract layer (application/vnd.oci.image.layer.v1.tar+gzip sha256:bf8787dc3d9f01ed9e374788821940fd733d91f492332ef497e1239c0888faab) to overlayfs as \"extract-626478745-o0e5 sha256:40302900c72eb4bab05f1925eff7da33f4c8a297120c4482bea3059e6015c818\": failed to convert whiteout file \"etc/alternatives/.wh.pager.1.gz\": operation not permitted" } })

---- child_policy_tests::detached_spawn_before_local_activity_is_persisted stdout ----

thread 'child_policy_tests::detached_spawn_before_local_activity_is_persisted' (104413) panicked at autumn-harvest/tests/integration/child_policy_tests.rs:130:10:
failed to start Postgres container: Client(PullImage { descriptor: "postgres:16", err: DockerStreamError { error: "failed to extract layer (application/vnd.oci.image.layer.v1.tar+gzip sha256:bf8787dc3d9f01ed9e374788821940fd733d91f492332ef497e1239c0888faab) to overlayfs as \"extract-922318717-phmK sha256:40302900c72eb4bab05f1925eff7da33f4c8a297120c4482bea3059e6015c818\": failed to convert whiteout file \"etc/alternatives/.wh.pager.1.gz\": operation not permitted" } })

---- child_policy_tests::history_cap_failure_cascades_detached_children stdout ----

thread 'child_policy_tests::history_cap_failure_cascades_detached_children' (104414) panicked at autumn-harvest/tests/integration/child_policy_tests.rs:130:10:
failed to start Postgres container: Client(PullImage { descriptor: "postgres:16", err: DockerStreamError { error: "failed to extract layer (application/vnd.oci.image.layer.v1.tar+gzip sha256:bf8787dc3d9f01ed9e374788821940fd733d91f492332ef497e1239c0888faab) to overlayfs as \"extract-970969250-lQwy sha256:40302900c72eb4bab05f1925eff7da33f4c8a297120c4482bea3059e6015c818\": failed to convert whiteout file \"etc/alternatives/.wh.pager.1.gz\": operation not permitted" } })

---- child_policy_tests::parent_terminate_cascade_applies_child_descendant_policy stdout ----

thread 'child_policy_tests::parent_terminate_cascade_applies_child_descendant_policy' (104419) panicked at autumn-harvest/tests/integration/child_policy_tests.rs:130:10:
failed to start Postgres container: Client(PullImage { descriptor: "postgres:16", err: DockerStreamError { error: "failed to extract layer (application/vnd.oci.image.layer.v1.tar+gzip sha256:bf8787dc3d9f01ed9e374788821940fd733d91f492332ef497e1239c0888faab) to overlayfs as \"extract-973071300-3m7A sha256:40302900c72eb4bab05f1925eff7da33f4c8a297120c4482bea3059e6015c818\": failed to convert whiteout file \"etc/alternatives/.wh.pager.1.gz\": operation not permitted" } })

---- child_policy_tests::signal_then_detached_only_remainder_persists_spawn_and_completes stdout ----

thread 'child_policy_tests::signal_then_detached_only_remainder_persists_spawn_and_completes' (104420) panicked at autumn-harvest/tests/integration/child_policy_tests.rs:130:10:
failed to start Postgres container: Client(PullImage { descriptor: "postgres:16", err: DockerStreamError { error: "failed to extract layer (application/vnd.oci.image.layer.v1.tar+gzip sha256:bf8787dc3d9f01ed9e374788821940fd733d91f492332ef497e1239c0888faab) to overlayfs as \"extract-25969865-B6Nb sha256:40302900c72eb4bab05f1925eff7da33f4c8a297120c4482bea3059e6015c818\": failed to convert whiteout file \"etc/alternatives/.wh.pager.1.gz\": operation not permitted" } })

---- child_policy_tests::terminal_detached_spawn_setup_error_fails_workflow stdout ----

thread 'child_policy_tests::terminal_detached_spawn_setup_error_fails_workflow' (104421) panicked at autumn-harvest/tests/integration/child_policy_tests.rs:130:10:
failed to start Postgres container: Client(PullImage { descriptor: "postgres:16", err: DockerStreamError { error: "failed to extract layer (application/vnd.oci.image.layer.v1.tar+gzip sha256:bf8787dc3d9f01ed9e374788821940fd733d91f492332ef497e1239c0888faab) to overlayfs as \"extract-297170420-BtwQ sha256:40302900c72eb4bab05f1925eff7da33f4c8a297120c4482bea3059e6015c818\": failed to convert whiteout file \"etc/alternatives/.wh.pager.1.gz\": operation not permitted" } })

---- child_policy_tests::workflow_reset_cascades_detached_children stdout ----

thread 'child_policy_tests::workflow_reset_cascades_detached_children' (104422) panicked at autumn-harvest/tests/integration/child_policy_tests.rs:130:10:
failed to start Postgres container: Client(PullImage { descriptor: "postgres:16", err: DockerStreamError { error: "failed to extract layer (application/vnd.oci.image.layer.v1.tar+gzip sha256:bf8787dc3d9f01ed9e374788821940fd733d91f492332ef497e1239c0888faab) to overlayfs as \"extract-368572927-qbT4 sha256:40302900c72eb4bab05f1925eff7da33f4c8a297120c4482bea3059e6015c818\": failed to convert whiteout file \"etc/alternatives/.wh.pager.1.gz\": operation not permitted" } })

---- child_policy_tests::workflow_task_timeout_cascades_detached_children stdout ----

thread 'child_policy_tests::workflow_task_timeout_cascades_detached_children' (104423) panicked at autumn-harvest/tests/integration/child_policy_tests.rs:130:10:
failed to start Postgres container: Client(PullImage { descriptor: "postgres:16", err: DockerStreamError { error: "failed to extract layer (application/vnd.oci.image.layer.v1.tar+gzip sha256:bf8787dc3d9f01ed9e374788821940fd733d91f492332ef497e1239c0888faab) to overlayfs as \"extract-366028134-YhKU sha256:40302900c72eb4bab05f1925eff7da33f4c8a297120c4482bea3059e6015c818\": failed to convert whiteout file \"etc/alternatives/.wh.pager.1.gz\": operation not permitted" } })

---- completion_callback_tests::enqueue_is_idempotent_on_re_evaluation stdout ----

thread 'completion_callback_tests::enqueue_is_idempotent_on_re_evaluation' (104429) panicked at autumn-harvest/tests/integration/completion_callback_tests.rs:183:10:
failed to start Postgres container: Client(PullImage { descriptor: "postgres:16", err: DockerStreamError { error: "failed to extract layer (application/vnd.oci.image.layer.v1.tar+gzip sha256:bf8787dc3d9f01ed9e374788821940fd733d91f492332ef497e1239c0888faab) to overlayfs as \"extract-420621929-oh6U sha256:40302900c72eb4bab05f1925eff7da33f4c8a297120c4482bea3059e6015c818\": failed to convert whiteout file \"etc/alternatives/.wh.pager.1.gz\": operation not permitted" } })

---- completion_callback_tests::enqueue_on_completion_creates_one_row_per_matching_target stdout ----

thread 'completion_callback_tests::enqueue_on_completion_creates_one_row_per_matching_target' (104430) panicked at autumn-harvest/tests/integration/completion_callback_tests.rs:183:10:
failed to start Postgres container: Client(PullImage { descriptor: "postgres:16", err: DockerStreamError { error: "failed to extract layer (application/vnd.oci.image.layer.v1.tar+gzip sha256:bf8787dc3d9f01ed9e374788821940fd733d91f492332ef497e1239c0888faab) to overlayfs as \"extract-813209515-ZFkM sha256:40302900c72eb4bab05f1925eff7da33f4c8a297120c4482bea3059e6015c818\": failed to convert whiteout file \"etc/alternatives/.wh.pager.1.gz\": operation not permitted" } })

---- completion_callback_tests::enqueue_skips_targets_whose_filter_does_not_match stdout ----

thread 'completion_callback_tests::enqueue_skips_targets_whose_filter_does_not_match' (104431) panicked at autumn-harvest/tests/integration/completion_callback_tests.rs:183:10:
failed to start Postgres container: Client(PullImage { descriptor: "postgres:16", err: DockerStreamError { error: "failed to extract layer (application/vnd.oci.image.layer.v1.tar+gzip sha256:bf8787dc3d9f01ed9e374788821940fd733d91f492332ef497e1239c0888faab) to overlayfs as \"extract-197223932-NgHF sha256:40302900c72eb4bab05f1925eff7da33f4c8a297120c4482bea3059e6015c818\": failed to convert whiteout file \"etc/alternatives/.wh.pager.1.gz\": operation not permitted" } })

---- completion_callback_tests::erase_racing_a_dead_letter_write_does_not_reintroduce_pii stdout ----

thread 'completion_callback_tests::erase_racing_a_dead_letter_write_does_not_reintroduce_pii' (104432) panicked at autumn-harvest/tests/integration/completion_callback_tests.rs:183:10:
failed to start Postgres container: Client(PullImage { descriptor: "postgres:16", err: DockerStreamError { error: "failed to extract layer (application/vnd.oci.image.layer.v1.tar+gzip sha256:bf8787dc3d9f01ed9e374788821940fd733d91f492332ef497e1239c0888faab) to overlayfs as \"extract-582722006-RuET sha256:40302900c72eb4bab05f1925eff7da33f4c8a297120c4482bea3059e6015c818\": failed to convert whiteout file \"etc/alternatives/.wh.pager.1.gz\": operation not permitted" } })

---- completion_callback_tests::list_deliveries_for_execution_returns_rows_in_callback_index_order stdout ----

thread 'completion_callback_tests::list_deliveries_for_execution_returns_rows_in_callback_index_order' (104433) panicked at autumn-harvest/tests/integration/completion_callback_tests.rs:183:10:
failed to start Postgres container: Client(PullImage { descriptor: "postgres:16", err: DockerStreamError { error: "failed to extract layer (application/vnd.oci.image.layer.v1.tar+gzip sha256:bf8787dc3d9f01ed9e374788821940fd733d91f492332ef497e1239c0888faab) to overlayfs as \"extract-964493241-vuby sha256:40302900c72eb4bab05f1925eff7da33f4c8a297120c4482bea3059e6015c818\": failed to convert whiteout file \"etc/alternatives/.wh.pager.1.gz\": operation not permitted" } })

---- completion_callback_tests::no_targets_configured_enqueues_nothing stdout ----

thread 'completion_callback_tests::no_targets_configured_enqueues_nothing' (104436) panicked at autumn-harvest/tests/integration/completion_callback_tests.rs:183:10:
failed to start Postgres container: Client(PullImage { descriptor: "postgres:16", err: DockerStreamError { error: "failed to extract layer (application/vnd.oci.image.layer.v1.tar+gzip sha256:bf8787dc3d9f01ed9e374788821940fd733d91f492332ef497e1239c0888faab) to overlayfs as \"extract-361485733-_Iq- sha256:40302900c72eb4bab05f1925eff7da33f4c8a297120c4482bea3059e6015c818\": failed to convert whiteout file \"etc/alternatives/.wh.pager.1.gz\": operation not permitted" } })

---- completion_callback_tests::redrive_dead_letter_delegates_a_callback_row_to_completion_delivery_redrive stdout ----

thread 'completion_callback_tests::redrive_dead_letter_delegates_a_callback_row_to_completion_delivery_redrive' (104437) panicked at autumn-harvest/tests/integration/completion_callback_tests.rs:183:10:
failed to start Postgres container: Client(PullImage { descriptor: "postgres:16", err: DockerStreamError { error: "failed to extract layer (application/vnd.oci.image.layer.v1.tar+gzip sha256:bf8787dc3d9f01ed9e374788821940fd733d91f492332ef497e1239c0888faab) to overlayfs as \"extract-779232425-t-u6 sha256:40302900c72eb4bab05f1925eff7da33f4c8a297120c4482bea3059e6015c818\": failed to convert whiteout file \"etc/alternatives/.wh.pager.1.gz\": operation not permitted" } })

---- completion_callback_tests::redrive_delivery_is_a_no_op_on_an_unknown_id stdout ----

thread 'completion_callback_tests::redrive_delivery_is_a_no_op_on_an_unknown_id' (104439) panicked at autumn-harvest/tests/integration/completion_callback_tests.rs:183:10:
failed to start Postgres container: Client(PullImage { descriptor: "postgres:16", err: DockerStreamError { error: "failed to extract layer (application/vnd.oci.image.layer.v1.tar+gzip sha256:bf8787dc3d9f01ed9e374788821940fd733d91f492332ef497e1239c0888faab) to overlayfs as \"extract-311958150-3MrJ sha256:40302900c72eb4bab05f1925eff7da33f4c8a297120c4482bea3059e6015c818\": failed to convert whiteout file \"etc/alternatives/.wh.pager.1.gz\": operation not permitted" } })

---- completion_callback_tests::redrive_delivery_is_a_no_op_when_delivery_belongs_to_a_different_execution stdout ----

thread 'completion_callback_tests::redrive_delivery_is_a_no_op_when_delivery_belongs_to_a_different_execution' (104442) panicked at autumn-harvest/tests/integration/completion_callback_tests.rs:183:10:
failed to start Postgres container: Client(PullImage { descriptor: "postgres:16", err: DockerStreamError { error: "failed to extract layer (application/vnd.oci.image.layer.v1.tar+gzip sha256:bf8787dc3d9f01ed9e374788821940fd733d91f492332ef497e1239c0888faab) to overlayfs as \"extract-684968707-ymBP sha256:40302900c72eb4bab05f1925eff7da33f4c8a297120c4482bea3059e6015c818\": failed to convert whiteout file \"etc/alternatives/.wh.pager.1.gz\": operation not permitted" } })

---- completion_callback_tests::redrive_delivery_rejects_a_non_failed_delivery stdout ----

thread 'completion_callback_tests::redrive_delivery_rejects_a_non_failed_delivery' (104443) panicked at autumn-harvest/tests/integration/completion_callback_tests.rs:183:10:
failed to start Postgres container: Client(PullImage { descriptor: "postgres:16", err: DockerStreamError { error: "failed to extract layer (application/vnd.oci.image.layer.v1.tar+gzip sha256:bf8787dc3d9f01ed9e374788821940fd733d91f492332ef497e1239c0888faab) to overlayfs as \"extract-67007963-kQtz sha256:40302900c72eb4bab05f1925eff7da33f4c8a297120c4482bea3059e6015c818\": failed to convert whiteout file \"etc/alternatives/.wh.pager.1.gz\": operation not permitted" } })

---- completion_callback_tests::redrive_delivery_resets_a_failed_row_and_clears_its_dlq_entry stdout ----

thread 'completion_callback_tests::redrive_delivery_resets_a_failed_row_and_clears_its_dlq_entry' (104446) panicked at autumn-harvest/tests/integration/completion_callback_tests.rs:183:10:
failed to start Postgres container: Client(PullImage { descriptor: "postgres:16", err: DockerStreamError { error: "failed to extract layer (application/vnd.oci.image.layer.v1.tar+gzip sha256:bf8787dc3d9f01ed9e374788821940fd733d91f492332ef497e1239c0888faab) to overlayfs as \"extract-469758143-6qd8 sha256:40302900c72eb4bab05f1925eff7da33f4c8a297120c4482bea3059e6015c818\": failed to convert whiteout file \"etc/alternatives/.wh.pager.1.gz\": operation not permitted" } })

---- completion_callback_tests::replay_dead_letter_delegates_a_callback_row_to_completion_delivery_redrive stdout ----

thread 'completion_callback_tests::replay_dead_letter_delegates_a_callback_row_to_completion_delivery_redrive' (104447) panicked at autumn-harvest/tests/integration/completion_callback_tests.rs:183:10:
failed to start Postgres container: Client(PullImage { descriptor: "postgres:16", err: DockerStreamError { error: "failed to extract layer (application/vnd.oci.image.layer.v1.tar+gzip sha256:bf8787dc3d9f01ed9e374788821940fd733d91f492332ef497e1239c0888faab) to overlayfs as \"extract-849627262-hT63 sha256:40302900c72eb4bab05f1925eff7da33f4c8a297120c4482bea3059e6015c818\": failed to convert whiteout file \"etc/alternatives/.wh.pager.1.gz\": operation not permitted" } })

---- completion_callback_tests::scanner_dead_letters_on_retry_exhaustion stdout ----

thread 'completion_callback_tests::scanner_dead_letters_on_retry_exhaustion' (104449) panicked at autumn-harvest/tests/integration/completion_callback_tests.rs:183:10:
failed to start Postgres container: Client(PullImage { descriptor: "postgres:16", err: DockerStreamError { error: "failed to extract layer (application/vnd.oci.image.layer.v1.tar+gzip sha256:bf8787dc3d9f01ed9e374788821940fd733d91f492332ef497e1239c0888faab) to overlayfs as \"extract-213874294-VRFK sha256:40302900c72eb4bab05f1925eff7da33f4c8a297120c4482bea3059e6015c818\": failed to convert whiteout file \"etc/alternatives/.wh.pager.1.gz\": operation not permitted" } })

---- completion_callback_tests::scanner_dispatches_a_batch_of_deliveries_concurrently_not_sequentially stdout ----

thread 'completion_callback_tests::scanner_dispatches_a_batch_of_deliveries_concurrently_not_sequentially' (104452) panicked at autumn-harvest/tests/integration/completion_callback_tests.rs:183:10:
failed to start Postgres container: Client(PullImage { descriptor: "postgres:16", err: DockerStreamError { error: "failed to extract layer (application/vnd.oci.image.layer.v1.tar+gzip sha256:bf8787dc3d9f01ed9e374788821940fd733d91f492332ef497e1239c0888faab) to overlayfs as \"extract-598937181-R_aJ sha256:40302900c72eb4bab05f1925eff7da33f4c8a297120c4482bea3059e6015c818\": failed to convert whiteout file \"etc/alternatives/.wh.pager.1.gz\": operation not permitted" } })

---- completion_callback_tests::scanner_ignores_rows_not_yet_due stdout ----

thread 'completion_callback_tests::scanner_ignores_rows_not_yet_due' (104453) panicked at autumn-harvest/tests/integration/completion_callback_tests.rs:183:10:
failed to start Postgres container: Client(PullImage { descriptor: "postgres:16", err: DockerStreamError { error: "failed to extract layer (application/vnd.oci.image.layer.v1.tar+gzip sha256:bf8787dc3d9f01ed9e374788821940fd733d91f492332ef497e1239c0888faab) to overlayfs as \"extract-966460056-uOr1 sha256:40302900c72eb4bab05f1925eff7da33f4c8a297120c4482bea3059e6015c818\": failed to convert whiteout file \"etc/alternatives/.wh.pager.1.gz\": operation not permitted" } })

---- completion_callback_tests::scanner_marks_delivered_on_2xx stdout ----

thread 'completion_callback_tests::scanner_marks_delivered_on_2xx' (104456) panicked at autumn-harvest/tests/integration/completion_callback_tests.rs:183:10:
failed to start Postgres container: Client(PullImage { descriptor: "postgres:16", err: DockerStreamError { error: "failed to extract layer (application/vnd.oci.image.layer.v1.tar+gzip sha256:bf8787dc3d9f01ed9e374788821940fd733d91f492332ef497e1239c0888faab) to overlayfs as \"extract-340871654-0-vI sha256:40302900c72eb4bab05f1925eff7da33f4c8a297120c4482bea3059e6015c818\": failed to convert whiteout file \"etc/alternatives/.wh.pager.1.gz\": operation not permitted" } })

---- completion_callback_tests::scanner_rejects_dispatch_when_target_is_no_longer_allowlisted stdout ----

thread 'completion_callback_tests::scanner_rejects_dispatch_when_target_is_no_longer_allowlisted' (104458) panicked at autumn-harvest/tests/integration/completion_callback_tests.rs:183:10:
failed to start Postgres container: Client(PullImage { descriptor: "postgres:16", err: DockerStreamError { error: "failed to extract layer (application/vnd.oci.image.layer.v1.tar+gzip sha256:bf8787dc3d9f01ed9e374788821940fd733d91f492332ef497e1239c0888faab) to overlayfs as \"extract-721757386-_4T6 sha256:40302900c72eb4bab05f1925eff7da33f4c8a297120c4482bea3059e6015c818\": failed to convert whiteout file \"etc/alternatives/.wh.pager.1.gz\": operation not permitted" } })

---- cross_workflow_cancel_tests::test_already_terminal_target_is_no_op_success stdout ----

thread 'cross_workflow_cancel_tests::test_already_terminal_target_is_no_op_success' (104482) panicked at autumn-harvest/tests/integration/cross_workflow_cancel_tests.rs:135:10:
failed to start Postgres container: Client(PullImage { descriptor: "postgres:16", err: DockerStreamError { error: "failed to extract layer (application/vnd.oci.image.layer.v1.tar+gzip sha256:bf8787dc3d9f01ed9e374788821940fd733d91f492332ef497e1239c0888faab) to overlayfs as \"extract-99563837-CKRE sha256:40302900c72eb4bab05f1925eff7da33f4c8a297120c4482bea3059e6015c818\": failed to convert whiteout file \"etc/alternatives/.wh.pager.1.gz\": operation not permitted" } })

---- completion_callback_tests::scanner_reschedules_with_backoff_on_non_2xx stdout ----

thread 'completion_callback_tests::scanner_reschedules_with_backoff_on_non_2xx' (104460) panicked at autumn-harvest/tests/integration/completion_callback_tests.rs:183:10:
failed to start Postgres container: Client(PullImage { descriptor: "postgres:16", err: DockerStreamError { error: "failed to extract layer (application/vnd.oci.image.layer.v1.tar+gzip sha256:bf8787dc3d9f01ed9e374788821940fd733d91f492332ef497e1239c0888faab) to overlayfs as \"extract-120259242-hnbO sha256:40302900c72eb4bab05f1925eff7da33f4c8a297120c4482bea3059e6015c818\": failed to convert whiteout file \"etc/alternatives/.wh.pager.1.gz\": operation not permitted" } })

---- cross_workflow_cancel_tests::test_cross_shard_cancel_via_outbox stdout ----

thread 'cross_workflow_cancel_tests::test_cross_shard_cancel_via_outbox' (104483) panicked at autumn-harvest/tests/integration/cross_workflow_cancel_tests.rs:135:10:
failed to start Postgres container: Client(PullImage { descriptor: "postgres:16", err: DockerStreamError { error: "failed to extract layer (application/vnd.oci.image.layer.v1.tar+gzip sha256:bf8787dc3d9f01ed9e374788821940fd733d91f492332ef497e1239c0888faab) to overlayfs as \"extract-477991648-ln4m sha256:40302900c72eb4bab05f1925eff7da33f4c8a297120c4482bea3059e6015c818\": failed to convert whiteout file \"etc/alternatives/.wh.pager.1.gz\": operation not permitted" } })

---- completion_callback_tests::scanner_schedules_backoff_from_attempt_completion_not_claim_time stdout ----

thread 'completion_callback_tests::scanner_schedules_backoff_from_attempt_completion_not_claim_time' (104462) panicked at autumn-harvest/tests/integration/completion_callback_tests.rs:183:10:
failed to start Postgres container: Client(PullImage { descriptor: "postgres:16", err: DockerStreamError { error: "failed to extract layer (application/vnd.oci.image.layer.v1.tar+gzip sha256:bf8787dc3d9f01ed9e374788821940fd733d91f492332ef497e1239c0888faab) to overlayfs as \"extract-503184404-w3MH sha256:40302900c72eb4bab05f1925eff7da33f4c8a297120c4482bea3059e6015c818\": failed to convert whiteout file \"etc/alternatives/.wh.pager.1.gz\": operation not permitted" } })

---- cross_workflow_signal_tests::test_cross_shard_outbox_delivery stdout ----

thread 'cross_workflow_signal_tests::test_cross_shard_outbox_delivery' (104487) panicked at autumn-harvest/tests/integration/cross_workflow_signal_tests.rs:133:10:
failed to start Postgres container: Client(PullImage { descriptor: "postgres:16", err: DockerStreamError { error: "failed to extract layer (application/vnd.oci.image.layer.v1.tar+gzip sha256:bf8787dc3d9f01ed9e374788821940fd733d91f492332ef497e1239c0888faab) to overlayfs as \"extract-903410784-S362 sha256:40302900c72eb4bab05f1925eff7da33f4c8a297120c4482bea3059e6015c818\": failed to convert whiteout file \"etc/alternatives/.wh.pager.1.gz\": operation not permitted" } })

---- cross_workflow_cancel_tests::test_grace_window_expiry_unknown_target stdout ----

thread 'cross_workflow_cancel_tests::test_grace_window_expiry_unknown_target' (104484) panicked at autumn-harvest/tests/integration/cross_workflow_cancel_tests.rs:135:10:
failed to start Postgres container: Client(PullImage { descriptor: "postgres:16", err: DockerStreamError { error: "failed to extract layer (application/vnd.oci.image.layer.v1.tar+gzip sha256:bf8787dc3d9f01ed9e374788821940fd733d91f492332ef497e1239c0888faab) to overlayfs as \"extract-906745544-ZH8q sha256:40302900c72eb4bab05f1925eff7da33f4c8a297120c4482bea3059e6015c818\": failed to convert whiteout file \"etc/alternatives/.wh.pager.1.gz\": operation not permitted" } })

---- completion_callback_tests::scanner_scopes_claims_to_the_assigned_shard_when_shards_share_a_pool stdout ----

thread 'completion_callback_tests::scanner_scopes_claims_to_the_assigned_shard_when_shards_share_a_pool' (104464) panicked at autumn-harvest/tests/integration/completion_callback_tests.rs:183:10:
failed to start Postgres container: Client(PullImage { descriptor: "postgres:16", err: DockerStreamError { error: "failed to extract layer (application/vnd.oci.image.layer.v1.tar+gzip sha256:bf8787dc3d9f01ed9e374788821940fd733d91f492332ef497e1239c0888faab) to overlayfs as \"extract-908342581-XdIu sha256:40302900c72eb4bab05f1925eff7da33f4c8a297120c4482bea3059e6015c818\": failed to convert whiteout file \"etc/alternatives/.wh.pager.1.gz\": operation not permitted" } })

---- cross_workflow_cancel_tests::test_same_shard_live_cancel stdout ----

thread 'cross_workflow_cancel_tests::test_same_shard_live_cancel' (104485) panicked at autumn-harvest/tests/integration/cross_workflow_cancel_tests.rs:135:10:
failed to start Postgres container: Client(PullImage { descriptor: "postgres:16", err: DockerStreamError { error: "failed to extract layer (application/vnd.oci.image.layer.v1.tar+gzip sha256:bf8787dc3d9f01ed9e374788821940fd733d91f492332ef497e1239c0888faab) to overlayfs as \"extract-285044137--yX- sha256:40302900c72eb4bab05f1925eff7da33f4c8a297120c4482bea3059e6015c818\": failed to convert whiteout file \"etc/alternatives/.wh.pager.1.gz\": operation not permitted" } })

---- cross_workflow_signal_tests::test_grace_window_expiration stdout ----

thread 'cross_workflow_signal_tests::test_grace_window_expiration' (104488) panicked at autumn-harvest/tests/integration/cross_workflow_signal_tests.rs:133:10:
failed to start Postgres container: Client(PullImage { descriptor: "postgres:16", err: DockerStreamError { error: "failed to extract layer (application/vnd.oci.image.layer.v1.tar+gzip sha256:bf8787dc3d9f01ed9e374788821940fd733d91f492332ef497e1239c0888faab) to overlayfs as \"extract-283365261-Km8g sha256:40302900c72eb4bab05f1925eff7da33f4c8a297120c4482bea3059e6015c818\": failed to convert whiteout file \"etc/alternatives/.wh.pager.1.gz\": operation not permitted" } })

---- cross_workflow_signal_tests::test_mixed_timer_suspension_signal_wakes_timer stdout ----

thread 'cross_workflow_signal_tests::test_mixed_timer_suspension_signal_wakes_timer' (104489) panicked at autumn-harvest/tests/integration/cross_workflow_signal_tests.rs:133:10:
failed to start Postgres container: Client(PullImage { descriptor: "postgres:16", err: DockerStreamError { error: "failed to extract layer (application/vnd.oci.image.layer.v1.tar+gzip sha256:bf8787dc3d9f01ed9e374788821940fd733d91f492332ef497e1239c0888faab) to overlayfs as \"extract-676811683-OiaM sha256:40302900c72eb4bab05f1925eff7da33f4c8a297120c4482bea3059e6015c818\": failed to convert whiteout file \"etc/alternatives/.wh.pager.1.gz\": operation not permitted" } })

---- cross_workflow_signal_tests::test_same_shard_not_found_retry stdout ----

thread 'cross_workflow_signal_tests::test_same_shard_not_found_retry' (104490) panicked at autumn-harvest/tests/integration/cross_workflow_signal_tests.rs:133:10:
failed to start Postgres container: Client(PullImage { descriptor: "postgres:16", err: DockerStreamError { error: "failed to extract layer (application/vnd.oci.image.layer.v1.tar+gzip sha256:bf8787dc3d9f01ed9e374788821940fd733d91f492332ef497e1239c0888faab) to overlayfs as \"extract-51249567-96Aw sha256:40302900c72eb4bab05f1925eff7da33f4c8a297120c4482bea3059e6015c818\": failed to convert whiteout file \"etc/alternatives/.wh.pager.1.gz\": operation not permitted" } })

---- debounce_tests::debounce_conflict_merges_completion_callbacks_instead_of_overwriting stdout ----

thread 'debounce_tests::debounce_conflict_merges_completion_callbacks_instead_of_overwriting' (104551) panicked at autumn-harvest/tests/integration/debounce_tests.rs:174:10:
postgres start: Client(PullImage { descriptor: "postgres:16", err: DockerStreamError { error: "failed to extract layer (application/vnd.oci.image.layer.v1.tar+gzip sha256:bf8787dc3d9f01ed9e374788821940fd733d91f492332ef497e1239c0888faab) to overlayfs as \"extract-113064135-D5pB sha256:40302900c72eb4bab05f1925eff7da33f4c8a297120c4482bea3059e6015c818\": failed to convert whiteout file \"etc/alternatives/.wh.pager.1.gz\": operation not permitted" } })

---- debounce_tests::burst_collapse_k_upserts_produce_one_row_and_one_execution stdout ----

thread 'debounce_tests::burst_collapse_k_upserts_produce_one_row_and_one_execution' (104550) panicked at autumn-harvest/tests/integration/debounce_tests.rs:174:10:
postgres start: Client(PullImage { descriptor: "postgres:16", err: DockerStreamError { error: "failed to extract layer (application/vnd.oci.image.layer.v1.tar+gzip sha256:bf8787dc3d9f01ed9e374788821940fd733d91f492332ef497e1239c0888faab) to overlayfs as \"extract-263225896-v-RI sha256:40302900c72eb4bab05f1925eff7da33f4c8a297120c4482bea3059e6015c818\": failed to convert whiteout file \"etc/alternatives/.wh.pager.1.gz\": operation not permitted" } })

---- debounce_tests::fire_due_debounced_starts_threads_completion_callbacks_into_the_started_execution stdout ----

thread 'debounce_tests::fire_due_debounced_starts_threads_completion_callbacks_into_the_started_execution' (104552) panicked at autumn-harvest/tests/integration/debounce_tests.rs:174:10:
postgres start: Client(PullImage { descriptor: "postgres:16", err: DockerStreamError { error: "failed to extract layer (application/vnd.oci.image.layer.v1.tar+gzip sha256:bf8787dc3d9f01ed9e374788821940fd733d91f492332ef497e1239c0888faab) to overlayfs as \"extract-450976177-dxgx sha256:40302900c72eb4bab05f1925eff7da33f4c8a297120c4482bea3059e6015c818\": failed to convert whiteout file \"etc/alternatives/.wh.pager.1.gz\": operation not permitted" } })

---- debounce_tests::fire_emits_debounce_fired_metric stdout ----

thread 'debounce_tests::fire_emits_debounce_fired_metric' (104553) panicked at autumn-harvest/tests/integration/debounce_tests.rs:174:10:
postgres start: Client(PullImage { descriptor: "postgres:16", err: DockerStreamError { error: "failed to extract layer (application/vnd.oci.image.layer.v1.tar+gzip sha256:bf8787dc3d9f01ed9e374788821940fd733d91f492332ef497e1239c0888faab) to overlayfs as \"extract-492905242-jztX sha256:40302900c72eb4bab05f1925eff7da33f4c8a297120c4482bea3059e6015c818\": failed to convert whiteout file \"etc/alternatives/.wh.pager.1.gz\": operation not permitted" } })

---- debounce_tests::independent_keys_produce_independent_executions stdout ----

thread 'debounce_tests::independent_keys_produce_independent_executions' (104554) panicked at autumn-harvest/tests/integration/debounce_tests.rs:174:10:
postgres start: Client(PullImage { descriptor: "postgres:16", err: DockerStreamError { error: "failed to extract layer (application/vnd.oci.image.layer.v1.tar+gzip sha256:bf8787dc3d9f01ed9e374788821940fd733d91f492332ef497e1239c0888faab) to overlayfs as \"extract-549282713-8EuG sha256:40302900c72eb4bab05f1925eff7da33f4c8a297120c4482bea3059e6015c818\": failed to convert whiteout file \"etc/alternatives/.wh.pager.1.gz\": operation not permitted" } })

---- debounce_tests::last_input_wins stdout ----

thread 'debounce_tests::last_input_wins' (104555) panicked at autumn-harvest/tests/integration/debounce_tests.rs:174:10:
postgres start: Client(PullImage { descriptor: "postgres:16", err: DockerStreamError { error: "failed to extract layer (application/vnd.oci.image.layer.v1.tar+gzip sha256:bf8787dc3d9f01ed9e374788821940fd733d91f492332ef497e1239c0888faab) to overlayfs as \"extract-602945667-NRCx sha256:40302900c72eb4bab05f1925eff7da33f4c8a297120c4482bea3059e6015c818\": failed to convert whiteout file \"etc/alternatives/.wh.pager.1.gz\": operation not permitted" } })

---- debounce_tests::list_pending_debounce_surfaces_pending_records stdout ----

thread 'debounce_tests::list_pending_debounce_surfaces_pending_records' (104556) panicked at autumn-harvest/tests/integration/debounce_tests.rs:174:10:
postgres start: Client(PullImage { descriptor: "postgres:16", err: DockerStreamError { error: "failed to extract layer (application/vnd.oci.image.layer.v1.tar+gzip sha256:bf8787dc3d9f01ed9e374788821940fd733d91f492332ef497e1239c0888faab) to overlayfs as \"extract-830786184-pf76 sha256:40302900c72eb4bab05f1925eff7da33f4c8a297120c4482bea3059e6015c818\": failed to convert whiteout file \"etc/alternatives/.wh.pager.1.gz\": operation not permitted" } })

---- debounce_tests::max_wait_cap_prevents_endless_deferral stdout ----

thread 'debounce_tests::max_wait_cap_prevents_endless_deferral' (104557) panicked at autumn-harvest/tests/integration/debounce_tests.rs:174:10:
postgres start: Client(PullImage { descriptor: "postgres:16", err: DockerStreamError { error: "failed to extract layer (application/vnd.oci.image.layer.v1.tar+gzip sha256:bf8787dc3d9f01ed9e374788821940fd733d91f492332ef497e1239c0888faab) to overlayfs as \"extract-883416137-4dvk sha256:40302900c72eb4bab05f1925eff7da33f4c8a297120c4482bea3059e6015c818\": failed to convert whiteout file \"etc/alternatives/.wh.pager.1.gz\": operation not permitted" } })

---- debounce_tests::no_debounce_policy_uses_normal_start_path stdout ----

thread 'debounce_tests::no_debounce_policy_uses_normal_start_path' (104558) panicked at autumn-harvest/tests/integration/debounce_tests.rs:174:10:
postgres start: Client(PullImage { descriptor: "postgres:16", err: DockerStreamError { error: "failed to extract layer (application/vnd.oci.image.layer.v1.tar+gzip sha256:bf8787dc3d9f01ed9e374788821940fd733d91f492332ef497e1239c0888faab) to overlayfs as \"extract-928293199-NGh- sha256:40302900c72eb4bab05f1925eff7da33f4c8a297120c4482bea3059e6015c818\": failed to convert whiteout file \"etc/alternatives/.wh.pager.1.gz\": operation not permitted" } })

---- debounce_tests::thousand_upserts_produce_exactly_one_execution stdout ----

thread 'debounce_tests::thousand_upserts_produce_exactly_one_execution' (104559) panicked at autumn-harvest/tests/integration/debounce_tests.rs:174:10:
postgres start: Client(PullImage { descriptor: "postgres:16", err: DockerStreamError { error: "failed to extract layer (application/vnd.oci.image.layer.v1.tar+gzip sha256:bf8787dc3d9f01ed9e374788821940fd733d91f492332ef497e1239c0888faab) to overlayfs as \"extract-981291001-fNtz sha256:40302900c72eb4bab05f1925eff7da33f4c8a297120c4482bea3059e6015c818\": failed to convert whiteout file \"etc/alternatives/.wh.pager.1.gz\": operation not permitted" } })

---- debounce_tests::trailing_edge_extends_deadline_and_scanner_respects_it stdout ----

thread 'debounce_tests::trailing_edge_extends_deadline_and_scanner_respects_it' (104560) panicked at autumn-harvest/tests/integration/debounce_tests.rs:174:10:
postgres start: Client(PullImage { descriptor: "postgres:16", err: DockerStreamError { error: "failed to extract layer (application/vnd.oci.image.layer.v1.tar+gzip sha256:bf8787dc3d9f01ed9e374788821940fd733d91f492332ef497e1239c0888faab) to overlayfs as \"extract-235290856-OuMC sha256:40302900c72eb4bab05f1925eff7da33f4c8a297120c4482bea3059e6015c818\": failed to convert whiteout file \"etc/alternatives/.wh.pager.1.gz\": operation not permitted" } })

---- delayed_start_tests::test_delayed_start_cancel_before_firing stdout ----

thread 'delayed_start_tests::test_delayed_start_cancel_before_firing' (104562) panicked at autumn-harvest/tests/integration/delayed_start_tests.rs:112:10:
failed to start Postgres container: Client(PullImage { descriptor: "postgres:16", err: DockerStreamError { error: "failed to extract layer (application/vnd.oci.image.layer.v1.tar+gzip sha256:bf8787dc3d9f01ed9e374788821940fd733d91f492332ef497e1239c0888faab) to overlayfs as \"extract-276566009-1f2m sha256:40302900c72eb4bab05f1925eff7da33f4c8a297120c4482bea3059e6015c818\": failed to convert whiteout file \"etc/alternatives/.wh.pager.1.gz\": operation not permitted" } })

---- delayed_start_tests::test_delayed_start_no_premature_dispatch stdout ----

thread 'delayed_start_tests::test_delayed_start_no_premature_dispatch' (104563) panicked at autumn-harvest/tests/integration/delayed_start_tests.rs:315:10:
failed to start Postgres container: Client(PullImage { descriptor: "postgres:16", err: DockerStreamError { error: "failed to extract layer (application/vnd.oci.image.layer.v1.tar+gzip sha256:bf8787dc3d9f01ed9e374788821940fd733d91f492332ef497e1239c0888faab) to overlayfs as \"extract-305842849-Blfu sha256:40302900c72eb4bab05f1925eff7da33f4c8a297120c4482bea3059e6015c818\": failed to convert whiteout file \"etc/alternatives/.wh.pager.1.gz\": operation not permitted" } })

---- delayed_start_tests::test_delayed_start_validation stdout ----

thread 'delayed_start_tests::test_delayed_start_validation' (104566) panicked at autumn-harvest/tests/integration/delayed_start_tests.rs:112:10:
failed to start Postgres container: Client(PullImage { descriptor: "postgres:16", err: DockerStreamError { error: "failed to extract layer (application/vnd.oci.image.layer.v1.tar+gzip sha256:bf8787dc3d9f01ed9e374788821940fd733d91f492332ef497e1239c0888faab) to overlayfs as \"extract-360052664-WyLV sha256:40302900c72eb4bab05f1925eff7da33f4c8a297120c4482bea3059e6015c818\": failed to convert whiteout file \"etc/alternatives/.wh.pager.1.gz\": operation not permitted" } })

---- delayed_start_tests::test_delayed_start_workflow_started_event_timestamp stdout ----

thread 'delayed_start_tests::test_delayed_start_workflow_started_event_timestamp' (104567) panicked at autumn-harvest/tests/integration/delayed_start_tests.rs:112:10:
failed to start Postgres container: Client(PullImage { descriptor: "postgres:16", err: DockerStreamError { error: "failed to extract layer (application/vnd.oci.image.layer.v1.tar+gzip sha256:bf8787dc3d9f01ed9e374788821940fd733d91f492332ef497e1239c0888faab) to overlayfs as \"extract-589893703-9h78 sha256:40302900c72eb4bab05f1925eff7da33f4c8a297120c4482bea3059e6015c818\": failed to convert whiteout file \"etc/alternatives/.wh.pager.1.gz\": operation not permitted" } })

---- delayed_start_tests::test_immediate_start_skew_tolerance stdout ----

thread 'delayed_start_tests::test_immediate_start_skew_tolerance' (104568) panicked at autumn-harvest/tests/integration/delayed_start_tests.rs:112:10:
failed to start Postgres container: Client(PullImage { descriptor: "postgres:16", err: DockerStreamError { error: "failed to extract layer (application/vnd.oci.image.layer.v1.tar+gzip sha256:bf8787dc3d9f01ed9e374788821940fd733d91f492332ef497e1239c0888faab) to overlayfs as \"extract-665631820-vZML sha256:40302900c72eb4bab05f1925eff7da33f4c8a297120c4482bea3059e6015c818\": failed to convert whiteout file \"etc/alternatives/.wh.pager.1.gz\": operation not permitted" } })

---- event_batch_tests::a_later_admissions_completion_callbacks_are_merged_not_dropped stdout ----

thread 'event_batch_tests::a_later_admissions_completion_callbacks_are_merged_not_dropped' (104696) panicked at autumn-harvest/tests/integration/event_batch_tests.rs:131:10:
postgres start: Client(PullImage { descriptor: "postgres:16", err: DockerStreamError { error: "failed to extract layer (application/vnd.oci.image.layer.v1.tar+gzip sha256:bf8787dc3d9f01ed9e374788821940fd733d91f492332ef497e1239c0888faab) to overlayfs as \"extract-855684189-YMea sha256:40302900c72eb4bab05f1925eff7da33f4c8a297120c4482bea3059e6015c818\": failed to convert whiteout file \"etc/alternatives/.wh.pager.1.gz\": operation not permitted" } })

---- event_batch_tests::size_triggered_flush_threads_completion_callbacks_into_the_started_execution stdout ----

thread 'event_batch_tests::size_triggered_flush_threads_completion_callbacks_into_the_started_execution' (104697) panicked at autumn-harvest/tests/integration/event_batch_tests.rs:131:10:
postgres start: Client(PullImage { descriptor: "postgres:16", err: DockerStreamError { error: "failed to extract layer (application/vnd.oci.image.layer.v1.tar+gzip sha256:bf8787dc3d9f01ed9e374788821940fd733d91f492332ef497e1239c0888faab) to overlayfs as \"extract-883960396-LrFy sha256:40302900c72eb4bab05f1925eff7da33f4c8a297120c4482bea3059e6015c818\": failed to convert whiteout file \"etc/alternatives/.wh.pager.1.gz\": operation not permitted" } })

---- event_batch_tests::test_event_batch_accumulation_and_size_flush stdout ----

thread 'event_batch_tests::test_event_batch_accumulation_and_size_flush' (104698) panicked at autumn-harvest/tests/integration/event_batch_tests.rs:131:10:
postgres start: Client(PullImage { descriptor: "postgres:16", err: DockerStreamError { error: "failed to extract layer (application/vnd.oci.image.layer.v1.tar+gzip sha256:bf8787dc3d9f01ed9e374788821940fd733d91f492332ef497e1239c0888faab) to overlayfs as \"extract-968136848-OAEE sha256:40302900c72eb4bab05f1925eff7da33f4c8a297120c4482bea3059e6015c818\": failed to convert whiteout file \"etc/alternatives/.wh.pager.1.gz\": operation not permitted" } })

---- event_batch_tests::test_event_batch_time_flush stdout ----

thread 'event_batch_tests::test_event_batch_time_flush' (104699) panicked at autumn-harvest/tests/integration/event_batch_tests.rs:131:10:
postgres start: Client(PullImage { descriptor: "postgres:16", err: DockerStreamError { error: "failed to extract layer (application/vnd.oci.image.layer.v1.tar+gzip sha256:bf8787dc3d9f01ed9e374788821940fd733d91f492332ef497e1239c0888faab) to overlayfs as \"extract-57149232-G4yU sha256:40302900c72eb4bab05f1925eff7da33f4c8a297120c4482bea3059e6015c818\": failed to convert whiteout file \"etc/alternatives/.wh.pager.1.gz\": operation not permitted" } })

---- event_batch_tests::time_triggered_flush_threads_completion_callbacks_into_the_started_execution stdout ----

thread 'event_batch_tests::time_triggered_flush_threads_completion_callbacks_into_the_started_execution' (104700) panicked at autumn-harvest/tests/integration/event_batch_tests.rs:131:10:
postgres start: Client(PullImage { descriptor: "postgres:16", err: DockerStreamError { error: "failed to extract layer (application/vnd.oci.image.layer.v1.tar+gzip sha256:bf8787dc3d9f01ed9e374788821940fd733d91f492332ef497e1239c0888faab) to overlayfs as \"extract-234243627-5d_9 sha256:40302900c72eb4bab05f1925eff7da33f4c8a297120c4482bea3059e6015c818\": failed to convert whiteout file \"etc/alternatives/.wh.pager.1.gz\": operation not permitted" } })

---- force_fail_tests::completed_task_returns_conflict stdout ----

thread 'force_fail_tests::completed_task_returns_conflict' (104739) panicked at autumn-harvest/tests/integration/force_fail_tests.rs:143:10:
postgres start: Client(PullImage { descriptor: "postgres:16", err: DockerStreamError { error: "failed to extract layer (application/vnd.oci.image.layer.v1.tar+gzip sha256:bf8787dc3d9f01ed9e374788821940fd733d91f492332ef497e1239c0888faab) to overlayfs as \"extract-344521475-Iv02 sha256:40302900c72eb4bab05f1925eff7da33f4c8a297120c4482bea3059e6015c818\": failed to convert whiteout file \"etc/alternatives/.wh.pager.1.gz\": operation not permitted" } })

---- force_fail_tests::force_fail_on_paused_execution_succeeds stdout ----

thread 'force_fail_tests::force_fail_on_paused_execution_succeeds' (104740) panicked at autumn-harvest/tests/integration/force_fail_tests.rs:143:10:
postgres start: Client(PullImage { descriptor: "postgres:16", err: DockerStreamError { error: "failed to extract layer (application/vnd.oci.image.layer.v1.tar+gzip sha256:bf8787dc3d9f01ed9e374788821940fd733d91f492332ef497e1239c0888faab) to overlayfs as \"extract-385524950-9VJ- sha256:40302900c72eb4bab05f1925eff7da33f4c8a297120c4482bea3059e6015c818\": failed to convert whiteout file \"etc/alternatives/.wh.pager.1.gz\": operation not permitted" } })

---- force_fail_tests::genuinely_failed_task_returns_conflict stdout ----

thread 'force_fail_tests::genuinely_failed_task_returns_conflict' (104742) panicked at autumn-harvest/tests/integration/force_fail_tests.rs:143:10:
postgres start: Client(PullImage { descriptor: "postgres:16", err: DockerStreamError { error: "failed to extract layer (application/vnd.oci.image.layer.v1.tar+gzip sha256:bf8787dc3d9f01ed9e374788821940fd733d91f492332ef497e1239c0888faab) to overlayfs as \"extract-425433939-WA93 sha256:40302900c72eb4bab05f1925eff7da33f4c8a297120c4482bea3059e6015c818\": failed to convert whiteout file \"etc/alternatives/.wh.pager.1.gz\": operation not permitted" } })

---- force_fail_tests::late_completion_after_force_fail_is_ignored stdout ----

thread 'force_fail_tests::late_completion_after_force_fail_is_ignored' (104743) panicked at autumn-harvest/tests/integration/force_fail_tests.rs:143:10:
postgres start: Client(PullImage { descriptor: "postgres:16", err: DockerStreamError { error: "failed to extract layer (application/vnd.oci.image.layer.v1.tar+gzip sha256:bf8787dc3d9f01ed9e374788821940fd733d91f492332ef497e1239c0888faab) to overlayfs as \"extract-631461835-FXMN sha256:40302900c72eb4bab05f1925eff7da33f4c8a297120c4482bea3059e6015c818\": failed to convert whiteout file \"etc/alternatives/.wh.pager.1.gz\": operation not permitted" } })

---- force_fail_tests::late_retryable_error_cannot_resurrect_failed_row stdout ----

thread 'force_fail_tests::late_retryable_error_cannot_resurrect_failed_row' (104744) panicked at autumn-harvest/tests/integration/force_fail_tests.rs:143:10:
postgres start: Client(PullImage { descriptor: "postgres:16", err: DockerStreamError { error: "failed to extract layer (application/vnd.oci.image.layer.v1.tar+gzip sha256:bf8787dc3d9f01ed9e374788821940fd733d91f492332ef497e1239c0888faab) to overlayfs as \"extract-726942883-99vg sha256:40302900c72eb4bab05f1925eff7da33f4c8a297120c4482bea3059e6015c818\": failed to convert whiteout file \"etc/alternatives/.wh.pager.1.gz\": operation not permitted" } })

---- force_fail_tests::pending_task_returns_conflict stdout ----

thread 'force_fail_tests::pending_task_returns_conflict' (104746) panicked at autumn-harvest/tests/integration/force_fail_tests.rs:143:10:
postgres start: Client(PullImage { descriptor: "postgres:16", err: DockerStreamError { error: "failed to extract layer (application/vnd.oci.image.layer.v1.tar+gzip sha256:bf8787dc3d9f01ed9e374788821940fd733d91f492332ef497e1239c0888faab) to overlayfs as \"extract-820906771-XlDl sha256:40302900c72eb4bab05f1925eff7da33f4c8a297120c4482bea3059e6015c818\": failed to convert whiteout file \"etc/alternatives/.wh.pager.1.gz\": operation not permitted" } })

---- force_fail_tests::legacy_task_terminal_history_returns_conflict_not_404 stdout ----

thread 'force_fail_tests::legacy_task_terminal_history_returns_conflict_not_404' (104745) panicked at autumn-harvest/tests/integration/force_fail_tests.rs:143:10:
postgres start: Client(PullImage { descriptor: "postgres:16", err: DockerStreamError { error: "failed to extract layer (application/vnd.oci.image.layer.v1.tar+gzip sha256:bf8787dc3d9f01ed9e374788821940fd733d91f492332ef497e1239c0888faab) to overlayfs as \"extract-869269406-Jj7E sha256:40302900c72eb4bab05f1925eff7da33f4c8a297120c4482bea3059e6015c818\": failed to convert whiteout file \"etc/alternatives/.wh.pager.1.gz\": operation not permitted" } })

---- force_fail_tests::remaining_retries_are_skipped stdout ----

thread 'force_fail_tests::remaining_retries_are_skipped' (104747) panicked at autumn-harvest/tests/integration/force_fail_tests.rs:143:10:
postgres start: Client(PullImage { descriptor: "postgres:16", err: DockerStreamError { error: "failed to extract layer (application/vnd.oci.image.layer.v1.tar+gzip sha256:bf8787dc3d9f01ed9e374788821940fd733d91f492332ef497e1239c0888faab) to overlayfs as \"extract-11412545-w4CS sha256:40302900c72eb4bab05f1925eff7da33f4c8a297120c4482bea3059e6015c818\": failed to convert whiteout file \"etc/alternatives/.wh.pager.1.gz\": operation not permitted" } })

---- force_fail_tests::retry_after_forced_run_sealed_is_idempotent_no_op stdout ----

thread 'force_fail_tests::retry_after_forced_run_sealed_is_idempotent_no_op' (104748) panicked at autumn-harvest/tests/integration/force_fail_tests.rs:143:10:
postgres start: Client(PullImage { descriptor: "postgres:16", err: DockerStreamError { error: "failed to extract layer (application/vnd.oci.image.layer.v1.tar+gzip sha256:bf8787dc3d9f01ed9e374788821940fd733d91f492332ef497e1239c0888faab) to overlayfs as \"extract-102330807-_y5c sha256:40302900c72eb4bab05f1925eff7da33f4c8a297120c4482bea3059e6015c818\": failed to convert whiteout file \"etc/alternatives/.wh.pager.1.gz\": operation not permitted" } })

---- force_fail_tests::running_task_is_force_failed stdout ----

thread 'force_fail_tests::running_task_is_force_failed' (104749) panicked at autumn-harvest/tests/integration/force_fail_tests.rs:143:10:
postgres start: Client(PullImage { descriptor: "postgres:16", err: DockerStreamError { error: "failed to extract layer (application/vnd.oci.image.layer.v1.tar+gzip sha256:bf8787dc3d9f01ed9e374788821940fd733d91f492332ef497e1239c0888faab) to overlayfs as \"extract-201993140-I6cI sha256:40302900c72eb4bab05f1925eff7da33f4c8a297120c4482bea3059e6015c818\": failed to convert whiteout file \"etc/alternatives/.wh.pager.1.gz\": operation not permitted" } })

---- force_fail_tests::task_for_different_workflow_returns_not_found stdout ----

thread 'force_fail_tests::task_for_different_workflow_returns_not_found' (104751) panicked at autumn-harvest/tests/integration/force_fail_tests.rs:143:10:
postgres start: Client(PullImage { descriptor: "postgres:16", err: DockerStreamError { error: "failed to extract layer (application/vnd.oci.image.layer.v1.tar+gzip sha256:bf8787dc3d9f01ed9e374788821940fd733d91f492332ef497e1239c0888faab) to overlayfs as \"extract-397030356-pJDG sha256:40302900c72eb4bab05f1925eff7da33f4c8a297120c4482bea3059e6015c818\": failed to convert whiteout file \"etc/alternatives/.wh.pager.1.gz\": operation not permitted" } })

---- force_fail_tests::terminal_execution_returns_conflict stdout ----

thread 'force_fail_tests::terminal_execution_returns_conflict' (104752) panicked at autumn-harvest/tests/integration/force_fail_tests.rs:143:10:
postgres start: Client(PullImage { descriptor: "postgres:16", err: DockerStreamError { error: "failed to extract layer (application/vnd.oci.image.layer.v1.tar+gzip sha256:bf8787dc3d9f01ed9e374788821940fd733d91f492332ef497e1239c0888faab) to overlayfs as \"extract-485868663-TxX_ sha256:40302900c72eb4bab05f1925eff7da33f4c8a297120c4482bea3059e6015c818\": failed to convert whiteout file \"etc/alternatives/.wh.pager.1.gz\": operation not permitted" } })

---- force_fail_tests::terminal_history_with_running_row_returns_conflict stdout ----

thread 'force_fail_tests::terminal_history_with_running_row_returns_conflict' (104753) panicked at autumn-harvest/tests/integration/force_fail_tests.rs:143:10:
postgres start: Client(PullImage { descriptor: "postgres:16", err: DockerStreamError { error: "failed to extract layer (application/vnd.oci.image.layer.v1.tar+gzip sha256:bf8787dc3d9f01ed9e374788821940fd733d91f492332ef497e1239c0888faab) to overlayfs as \"extract-592038358-NAR6 sha256:40302900c72eb4bab05f1925eff7da33f4c8a297120c4482bea3059e6015c818\": failed to convert whiteout file \"etc/alternatives/.wh.pager.1.gz\": operation not permitted" } })

---- force_fail_tests::workflow_task_is_woken stdout ----

thread 'force_fail_tests::workflow_task_is_woken' (104755) panicked at autumn-harvest/tests/integration/force_fail_tests.rs:143:10:
postgres start: Client(PullImage { descriptor: "postgres:16", err: DockerStreamError { error: "failed to extract layer (application/vnd.oci.image.layer.v1.tar+gzip sha256:bf8787dc3d9f01ed9e374788821940fd733d91f492332ef497e1239c0888faab) to overlayfs as \"extract-878585807-V8Df sha256:40302900c72eb4bab05f1925eff7da33f4c8a297120c4482bea3059e6015c818\": failed to convert whiteout file \"etc/alternatives/.wh.pager.1.gz\": operation not permitted" } })

---- force_fail_tests::workflow_task_type_returns_conflict stdout ----

thread 'force_fail_tests::workflow_task_type_returns_conflict' (104756) panicked at autumn-harvest/tests/integration/force_fail_tests.rs:143:10:
postgres start: Client(PullImage { descriptor: "postgres:16", err: DockerStreamError { error: "failed to extract layer (application/vnd.oci.image.layer.v1.tar+gzip sha256:bf8787dc3d9f01ed9e374788821940fd733d91f492332ef497e1239c0888faab) to overlayfs as \"extract-967056187-wRZM sha256:40302900c72eb4bab05f1925eff7da33f4c8a297120c4482bea3059e6015c818\": failed to convert whiteout file \"etc/alternatives/.wh.pager.1.gz\": operation not permitted" } })

---- integration_e2e::activity_context_exposes_attempt_and_previous_failure_on_retry stdout ----

thread 'integration_e2e::activity_context_exposes_attempt_and_previous_failure_on_retry' (104830) panicked at autumn-harvest/tests/integration/integration_e2e.rs:292:10:
failed to start Postgres container: Client(PullImage { descriptor: "postgres:16", err: DockerStreamError { error: "failed to extract layer (application/vnd.oci.image.layer.v1.tar+gzip sha256:bf8787dc3d9f01ed9e374788821940fd733d91f492332ef497e1239c0888faab) to overlayfs as \"extract-287023468-4FVo sha256:40302900c72eb4bab05f1925eff7da33f4c8a297120c4482bea3059e6015c818\": failed to convert whiteout file \"etc/alternatives/.wh.pager.1.gz\": operation not permitted" } })

---- integration_e2e::activity_retry_resumes_from_persisted_heartbeat_details stdout ----

thread 'integration_e2e::activity_retry_resumes_from_persisted_heartbeat_details' (104833) panicked at autumn-harvest/tests/integration/integration_e2e.rs:292:10:
failed to start Postgres container: Client(PullImage { descriptor: "postgres:16", err: DockerStreamError { error: "failed to extract layer (application/vnd.oci.image.layer.v1.tar+gzip sha256:bf8787dc3d9f01ed9e374788821940fd733d91f492332ef497e1239c0888faab) to overlayfs as \"extract-339193364-l5VZ sha256:40302900c72eb4bab05f1925eff7da33f4c8a297120c4482bea3059e6015c818\": failed to convert whiteout file \"etc/alternatives/.wh.pager.1.gz\": operation not permitted" } })

---- integration_e2e::child_continue_as_new_rejection_wakes_parent_with_child_failure stdout ----

thread 'integration_e2e::child_continue_as_new_rejection_wakes_parent_with_child_failure' (104836) panicked at autumn-harvest/tests/integration/integration_e2e.rs:292:10:
failed to start Postgres container: Client(PullImage { descriptor: "postgres:16", err: DockerStreamError { error: "failed to extract layer (application/vnd.oci.image.layer.v1.tar+gzip sha256:bf8787dc3d9f01ed9e374788821940fd733d91f492332ef497e1239c0888faab) to overlayfs as \"extract-663654473-ofLx sha256:40302900c72eb4bab05f1925eff7da33f4c8a297120c4482bea3059e6015c818\": failed to convert whiteout file \"etc/alternatives/.wh.pager.1.gz\": operation not permitted" } })

---- integration_e2e::claim_task_excludes_other_workers_while_sticky_active stdout ----

thread 'integration_e2e::claim_task_excludes_other_workers_while_sticky_active' (104842) panicked at autumn-harvest/tests/integration/integration_e2e.rs:265:10:
failed to start Postgres container: Client(PullImage { descriptor: "postgres:16", err: DockerStreamError { error: "failed to extract layer (application/vnd.oci.image.layer.v1.tar+gzip sha256:bf8787dc3d9f01ed9e374788821940fd733d91f492332ef497e1239c0888faab) to overlayfs as \"extract-796605710-9_kh sha256:40302900c72eb4bab05f1925eff7da33f4c8a297120c4482bea3059e6015c818\": failed to convert whiteout file \"etc/alternatives/.wh.pager.1.gz\": operation not permitted" } })

---- force_fail_tests::second_call_is_idempotent_no_op stdout ----

thread 'force_fail_tests::second_call_is_idempotent_no_op' (104750) panicked at autumn-harvest/tests/integration/force_fail_tests.rs:143:10:
postgres start: Client(PullImage { descriptor: "postgres:16", err: DockerStreamError { error: "failed to extract layer (application/vnd.oci.image.layer.v1.tar+gzip sha256:bf8787dc3d9f01ed9e374788821940fd733d91f492332ef497e1239c0888faab) to overlayfs as \"extract-279894299-KokN sha256:40302900c72eb4bab05f1925eff7da33f4c8a297120c4482bea3059e6015c818\": failed to convert whiteout file \"etc/alternatives/.wh.pager.1.gz\": operation not permitted" } })

---- integration_e2e::claim_task_falls_back_to_any_worker_after_sticky_expires stdout ----

thread 'integration_e2e::claim_task_falls_back_to_any_worker_after_sticky_expires' (104891) panicked at autumn-harvest/tests/integration/integration_e2e.rs:265:10:
failed to start Postgres container: Client(PullImage { descriptor: "postgres:16", err: DockerStreamError { error: "failed to extract layer (application/vnd.oci.image.layer.v1.tar+gzip sha256:bf8787dc3d9f01ed9e374788821940fd733d91f492332ef497e1239c0888faab) to overlayfs as \"extract-938823028-7Tq3 sha256:40302900c72eb4bab05f1925eff7da33f4c8a297120c4482bea3059e6015c818\": failed to convert whiteout file \"etc/alternatives/.wh.pager.1.gz\": operation not permitted" } })

---- integration_e2e::claim_task_returns_none_on_empty_queue stdout ----

thread 'integration_e2e::claim_task_returns_none_on_empty_queue' (104893) panicked at autumn-harvest/tests/integration/integration_e2e.rs:265:10:
failed to start Postgres container: Client(PullImage { descriptor: "postgres:16", err: DockerStreamError { error: "failed to extract layer (application/vnd.oci.image.layer.v1.tar+gzip sha256:bf8787dc3d9f01ed9e374788821940fd733d91f492332ef497e1239c0888faab) to overlayfs as \"extract-590942516-tPXk sha256:40302900c72eb4bab05f1925eff7da33f4c8a297120c4482bea3059e6015c818\": failed to convert whiteout file \"etc/alternatives/.wh.pager.1.gz\": operation not permitted" } })

---- integration_e2e::claim_task_treats_expired_sticky_rows_like_unpinned_rows stdout ----

thread 'integration_e2e::claim_task_treats_expired_sticky_rows_like_unpinned_rows' (104894) panicked at autumn-harvest/tests/integration/integration_e2e.rs:265:10:
failed to start Postgres container: Client(PullImage { descriptor: "postgres:16", err: DockerStreamError { error: "failed to extract layer (application/vnd.oci.image.layer.v1.tar+gzip sha256:bf8787dc3d9f01ed9e374788821940fd733d91f492332ef497e1239c0888faab) to overlayfs as \"extract-61796980-rVrr sha256:40302900c72eb4bab05f1925eff7da33f4c8a297120c4482bea3059e6015c818\": failed to convert whiteout file \"etc/alternatives/.wh.pager.1.gz\": operation not permitted" } })

---- integration_e2e::concurrency_cap_failure_frees_slot_and_does_not_wedge_queue stdout ----

thread 'integration_e2e::concurrency_cap_failure_frees_slot_and_does_not_wedge_queue' (104895) panicked at autumn-harvest/tests/integration/integration_e2e.rs:265:10:
failed to start Postgres container: Client(PullImage { descriptor: "postgres:16", err: DockerStreamError { error: "failed to extract layer (application/vnd.oci.image.layer.v1.tar+gzip sha256:bf8787dc3d9f01ed9e374788821940fd733d91f492332ef497e1239c0888faab) to overlayfs as \"extract-442759831-QvXP sha256:40302900c72eb4bab05f1925eff7da33f4c8a297120c4482bea3059e6015c818\": failed to convert whiteout file \"etc/alternatives/.wh.pager.1.gz\": operation not permitted" } })

---- integration_e2e::concurrency_cap_limits_concurrent_claims_cluster_wide stdout ----

thread 'integration_e2e::concurrency_cap_limits_concurrent_claims_cluster_wide' (104896) panicked at autumn-harvest/tests/integration/integration_e2e.rs:265:10:
failed to start Postgres container: Client(PullImage { descriptor: "postgres:16", err: DockerStreamError { error: "failed to extract layer (application/vnd.oci.image.layer.v1.tar+gzip sha256:bf8787dc3d9f01ed9e374788821940fd733d91f492332ef497e1239c0888faab) to overlayfs as \"extract-597548710-rba9 sha256:40302900c72eb4bab05f1925eff7da33f4c8a297120c4482bea3059e6015c818\": failed to convert whiteout file \"etc/alternatives/.wh.pager.1.gz\": operation not permitted" } })

---- integration_e2e::concurrency_cap_null_key_tasks_are_unaffected_by_saturated_key stdout ----

thread 'integration_e2e::concurrency_cap_null_key_tasks_are_unaffected_by_saturated_key' (104897) panicked at autumn-harvest/tests/integration/integration_e2e.rs:265:10:
failed to start Postgres container: Client(PullImage { descriptor: "postgres:16", err: DockerStreamError { error: "failed to extract layer (application/vnd.oci.image.layer.v1.tar+gzip sha256:bf8787dc3d9f01ed9e374788821940fd733d91f492332ef497e1239c0888faab) to overlayfs as \"extract-777011263-dvnR sha256:40302900c72eb4bab05f1925eff7da33f4c8a297120c4482bea3059e6015c818\": failed to convert whiteout file \"etc/alternatives/.wh.pager.1.gz\": operation not permitted" } })

---- integration_e2e::concurrency_cap_shared_key_budget_is_not_doubled stdout ----

thread 'integration_e2e::concurrency_cap_shared_key_budget_is_not_doubled' (104898) panicked at autumn-harvest/tests/integration/integration_e2e.rs:265:10:
failed to start Postgres container: Client(PullImage { descriptor: "postgres:16", err: DockerStreamError { error: "failed to extract layer (application/vnd.oci.image.layer.v1.tar+gzip sha256:bf8787dc3d9f01ed9e374788821940fd733d91f492332ef497e1239c0888faab) to overlayfs as \"extract-142681488-TJn_ sha256:40302900c72eb4bab05f1925eff7da33f4c8a297120c4482bea3059e6015c818\": failed to convert whiteout file \"etc/alternatives/.wh.pager.1.gz\": operation not permitted" } })

---- integration_e2e::continue_as_new_down_migration_rewrites_historical_runs_for_rollback stdout ----

thread 'integration_e2e::continue_as_new_down_migration_rewrites_historical_runs_for_rollback' (104899) panicked at autumn-harvest/tests/integration/integration_e2e.rs:292:10:
failed to start Postgres container: Client(PullImage { descriptor: "postgres:16", err: DockerStreamError { error: "failed to extract layer (application/vnd.oci.image.layer.v1.tar+gzip sha256:bf8787dc3d9f01ed9e374788821940fd733d91f492332ef497e1239c0888faab) to overlayfs as \"extract-533944870-B1ev sha256:40302900c72eb4bab05f1925eff7da33f4c8a297120c4482bea3059e6015c818\": failed to convert whiteout file \"etc/alternatives/.wh.pager.1.gz\": operation not permitted" } })

---- force_fail_tests::unknown_task_returns_not_found stdout ----

thread 'force_fail_tests::unknown_task_returns_not_found' (104754) panicked at autumn-harvest/tests/integration/force_fail_tests.rs:143:10:
postgres start: Client(PullImage { descriptor: "postgres:16", err: DockerStreamError { error: "failed to extract layer (application/vnd.oci.image.layer.v1.tar+gzip sha256:bf8787dc3d9f01ed9e374788821940fd733d91f492332ef497e1239c0888faab) to overlayfs as \"extract-778405594-kFk8 sha256:40302900c72eb4bab05f1925eff7da33f4c8a297120c4482bea3059e6015c818\": failed to convert whiteout file \"etc/alternatives/.wh.pager.1.gz\": operation not permitted" } })

---- integration_e2e::drain_accepted_sets_status_to_draining stdout ----

thread 'integration_e2e::drain_accepted_sets_status_to_draining' (104903) panicked at autumn-harvest/tests/integration/integration_e2e.rs:265:10:
failed to start Postgres container: Client(PullImage { descriptor: "postgres:16", err: DockerStreamError { error: "failed to extract layer (application/vnd.oci.image.layer.v1.tar+gzip sha256:bf8787dc3d9f01ed9e374788821940fd733d91f492332ef497e1239c0888faab) to overlayfs as \"extract-139282319-0PPo sha256:40302900c72eb4bab05f1925eff7da33f4c8a297120c4482bea3059e6015c818\": failed to convert whiteout file \"etc/alternatives/.wh.pager.1.gz\": operation not permitted" } })

---- integration_e2e::circuit_breaker_short_circuits_after_tripping stdout ----

thread 'integration_e2e::circuit_breaker_short_circuits_after_tripping' (104839) panicked at autumn-harvest/tests/integration/integration_e2e.rs:292:10:
failed to start Postgres container: Client(PullImage { descriptor: "postgres:16", err: DockerStreamError { error: "failed to extract layer (application/vnd.oci.image.layer.v1.tar+gzip sha256:bf8787dc3d9f01ed9e374788821940fd733d91f492332ef497e1239c0888faab) to overlayfs as \"extract-718265431-xvTC sha256:40302900c72eb4bab05f1925eff7da33f4c8a297120c4482bea3059e6015c818\": failed to convert whiteout file \"etc/alternatives/.wh.pager.1.gz\": operation not permitted" } })

---- integration_e2e::drain_already_stopped_after_transition stdout ----

thread 'integration_e2e::drain_already_stopped_after_transition' (104905) panicked at autumn-harvest/tests/integration/integration_e2e.rs:265:10:
failed to start Postgres container: Client(PullImage { descriptor: "postgres:16", err: DockerStreamError { error: "failed to extract layer (application/vnd.oci.image.layer.v1.tar+gzip sha256:bf8787dc3d9f01ed9e374788821940fd733d91f492332ef497e1239c0888faab) to overlayfs as \"extract-96959438-Xjoe sha256:40302900c72eb4bab05f1925eff7da33f4c8a297120c4482bea3059e6015c818\": failed to convert whiteout file \"etc/alternatives/.wh.pager.1.gz\": operation not permitted" } })

---- integration_e2e::drain_not_found_for_unknown_worker stdout ----

thread 'integration_e2e::drain_not_found_for_unknown_worker' (104906) panicked at autumn-harvest/tests/integration/integration_e2e.rs:265:10:
failed to start Postgres container: Client(PullImage { descriptor: "postgres:16", err: DockerStreamError { error: "failed to extract layer (application/vnd.oci.image.layer.v1.tar+gzip sha256:bf8787dc3d9f01ed9e374788821940fd733d91f492332ef497e1239c0888faab) to overlayfs as \"extract-575059757-CvYR sha256:40302900c72eb4bab05f1925eff7da33f4c8a297120c4482bea3059e6015c818\": failed to convert whiteout file \"etc/alternatives/.wh.pager.1.gz\": operation not permitted" } })

---- integration_e2e::dead_letter_queue_lifecycle stdout ----

thread 'integration_e2e::dead_letter_queue_lifecycle' (104902) panicked at autumn-harvest/tests/integration/integration_e2e.rs:265:10:
failed to start Postgres container: Client(PullImage { descriptor: "postgres:16", err: DockerStreamError { error: "failed to extract layer (application/vnd.oci.image.layer.v1.tar+gzip sha256:bf8787dc3d9f01ed9e374788821940fd733d91f492332ef497e1239c0888faab) to overlayfs as \"extract-674214881-4FXj sha256:40302900c72eb4bab05f1925eff7da33f4c8a297120c4482bea3059e6015c818\": failed to convert whiteout file \"etc/alternatives/.wh.pager.1.gz\": operation not permitted" } })

---- integration_e2e::drain_with_explicit_deadline_is_stored stdout ----

thread 'integration_e2e::drain_with_explicit_deadline_is_stored' (104908) panicked at autumn-harvest/tests/integration/integration_e2e.rs:265:10:
failed to start Postgres container: Client(PullImage { descriptor: "postgres:16", err: DockerStreamError { error: "failed to extract layer (application/vnd.oci.image.layer.v1.tar+gzip sha256:bf8787dc3d9f01ed9e374788821940fd733d91f492332ef497e1239c0888faab) to overlayfs as \"extract-53420462-idok sha256:40302900c72eb4bab05f1925eff7da33f4c8a297120c4482bea3059e6015c818\": failed to convert whiteout file \"etc/alternatives/.wh.pager.1.gz\": operation not permitted" } })

---- integration_e2e::drop_dag_runs_migration_copies_legacy_rows_to_workflow_executions stdout ----

thread 'integration_e2e::drop_dag_runs_migration_copies_legacy_rows_to_workflow_executions' (104909) panicked at autumn-harvest/tests/integration/integration_e2e.rs:265:10:
failed to start Postgres container: Client(PullImage { descriptor: "postgres:16", err: DockerStreamError { error: "failed to extract layer (application/vnd.oci.image.layer.v1.tar+gzip sha256:bf8787dc3d9f01ed9e374788821940fd733d91f492332ef497e1239c0888faab) to overlayfs as \"extract-422028010-B6er sha256:40302900c72eb4bab05f1925eff7da33f4c8a297120c4482bea3059e6015c818\": failed to convert whiteout file \"etc/alternatives/.wh.pager.1.gz\": operation not permitted" } })

---- integration_e2e::drop_dag_runs_migration_does_not_turn_queued_runs_into_running_workflows stdout ----

thread 'integration_e2e::drop_dag_runs_migration_does_not_turn_queued_runs_into_running_workflows' (104910) panicked at autumn-harvest/tests/integration/integration_e2e.rs:265:10:
failed to start Postgres container: Client(PullImage { descriptor: "postgres:16", err: DockerStreamError { error: "failed to extract layer (application/vnd.oci.image.layer.v1.tar+gzip sha256:bf8787dc3d9f01ed9e374788821940fd733d91f492332ef497e1239c0888faab) to overlayfs as \"extract-800965146-uhRz sha256:40302900c72eb4bab05f1925eff7da33f4c8a297120c4482bea3059e6015c818\": failed to convert whiteout file \"etc/alternatives/.wh.pager.1.gz\": operation not permitted" } })

---- integration_e2e::drop_dag_runs_migration_preserves_subsecond_legacy_run_identities stdout ----

thread 'integration_e2e::drop_dag_runs_migration_preserves_subsecond_legacy_run_identities' (104911) panicked at autumn-harvest/tests/integration/integration_e2e.rs:265:10:
failed to start Postgres container: Client(PullImage { descriptor: "postgres:16", err: DockerStreamError { error: "failed to extract layer (application/vnd.oci.image.layer.v1.tar+gzip sha256:bf8787dc3d9f01ed9e374788821940fd733d91f492332ef497e1239c0888faab) to overlayfs as \"extract-175268293-TGrF sha256:40302900c72eb4bab05f1925eff7da33f4c8a297120c4482bea3059e6015c818\": failed to convert whiteout file \"etc/alternatives/.wh.pager.1.gz\": operation not permitted" } })

---- integration_e2e::duplicate_event_id_is_rejected stdout ----

thread 'integration_e2e::duplicate_event_id_is_rejected' (104912) panicked at autumn-harvest/tests/integration/integration_e2e.rs:265:10:
failed to start Postgres container: Client(PullImage { descriptor: "postgres:16", err: DockerStreamError { error: "failed to extract layer (application/vnd.oci.image.layer.v1.tar+gzip sha256:bf8787dc3d9f01ed9e374788821940fd733d91f492332ef497e1239c0888faab) to overlayfs as \"extract-554866526-p62- sha256:40302900c72eb4bab05f1925eff7da33f4c8a297120c4482bea3059e6015c818\": failed to convert whiteout file \"etc/alternatives/.wh.pager.1.gz\": operation not permitted" } })

---- integration_e2e::enqueue_inside_transaction_emits_notification_on_commit stdout ----

thread 'integration_e2e::enqueue_inside_transaction_emits_notification_on_commit' (104913) panicked at autumn-harvest/tests/integration/integration_e2e.rs:292:10:
failed to start Postgres container: Client(PullImage { descriptor: "postgres:16", err: DockerStreamError { error: "failed to extract layer (application/vnd.oci.image.layer.v1.tar+gzip sha256:bf8787dc3d9f01ed9e374788821940fd733d91f492332ef497e1239c0888faab) to overlayfs as \"extract-942416275-ymk1 sha256:40302900c72eb4bab05f1925eff7da33f4c8a297120c4482bea3059e6015c818\": failed to convert whiteout file \"etc/alternatives/.wh.pager.1.gz\": operation not permitted" } })

---- integration_e2e::enqueue_with_sticky_pin_stores_worker_and_expiry stdout ----

thread 'integration_e2e::enqueue_with_sticky_pin_stores_worker_and_expiry' (104914) panicked at autumn-harvest/tests/integration/integration_e2e.rs:265:10:
failed to start Postgres container: Client(PullImage { descriptor: "postgres:16", err: DockerStreamError { error: "failed to extract layer (application/vnd.oci.image.layer.v1.tar+gzip sha256:bf8787dc3d9f01ed9e374788821940fd733d91f492332ef497e1239c0888faab) to overlayfs as \"extract-309383915-UP7P sha256:40302900c72eb4bab05f1925eff7da33f4c8a297120c4482bea3059e6015c818\": failed to convert whiteout file \"etc/alternatives/.wh.pager.1.gz\": operation not permitted" } })

---- integration_e2e::claim_task_prefers_sticky_worker_within_window stdout ----

thread 'integration_e2e::claim_task_prefers_sticky_worker_within_window' (104892) panicked at autumn-harvest/tests/integration/integration_e2e.rs:265:10:
failed to start Postgres container: Client(PullImage { descriptor: "postgres:16", err: DockerStreamError { error: "failed to extract layer (application/vnd.oci.image.layer.v1.tar+gzip sha256:bf8787dc3d9f01ed9e374788821940fd733d91f492332ef497e1239c0888faab) to overlayfs as \"extract-512610868-UUQ8 sha256:40302900c72eb4bab05f1925eff7da33f4c8a297120c4482bea3059e6015c818\": failed to convert whiteout file \"etc/alternatives/.wh.pager.1.gz\": operation not permitted" } })

---- integration_e2e::event_store_round_trip stdout ----

thread 'integration_e2e::event_store_round_trip' (104915) panicked at autumn-harvest/tests/integration/integration_e2e.rs:265:10:
failed to start Postgres container: Client(PullImage { descriptor: "postgres:16", err: DockerStreamError { error: "failed to extract layer (application/vnd.oci.image.layer.v1.tar+gzip sha256:bf8787dc3d9f01ed9e374788821940fd733d91f492332ef497e1239c0888faab) to overlayfs as \"extract-687577215-vpcB sha256:40302900c72eb4bab05f1925eff7da33f4c8a297120c4482bea3059e6015c818\": failed to convert whiteout file \"etc/alternatives/.wh.pager.1.gz\": operation not permitted" } })

---- integration_e2e::full_workflow_lifecycle stdout ----

thread 'integration_e2e::full_workflow_lifecycle' (104916) panicked at autumn-harvest/tests/integration/integration_e2e.rs:265:10:
failed to start Postgres container: Client(PullImage { descriptor: "postgres:16", err: DockerStreamError { error: "failed to extract layer (application/vnd.oci.image.layer.v1.tar+gzip sha256:bf8787dc3d9f01ed9e374788821940fd733d91f492332ef497e1239c0888faab) to overlayfs as \"extract-880195393-GeDI sha256:40302900c72eb4bab05f1925eff7da33f4c8a297120c4482bea3059e6015c818\": failed to convert whiteout file \"etc/alternatives/.wh.pager.1.gz\": operation not permitted" } })

---- integration_e2e::legacy_string_failure_in_non_retryable_errors_fails_fast stdout ----

thread 'integration_e2e::legacy_string_failure_in_non_retryable_errors_fails_fast' (104917) panicked at autumn-harvest/tests/integration/integration_e2e.rs:292:10:
failed to start Postgres container: Client(PullImage { descriptor: "postgres:16", err: DockerStreamError { error: "failed to extract layer (application/vnd.oci.image.layer.v1.tar+gzip sha256:bf8787dc3d9f01ed9e374788821940fd733d91f492332ef497e1239c0888faab) to overlayfs as \"extract-59444351-y-Vc sha256:40302900c72eb4bab05f1925eff7da33f4c8a297120c4482bea3059e6015c818\": failed to convert whiteout file \"etc/alternatives/.wh.pager.1.gz\": operation not permitted" } })

---- integration_e2e::legacy_workflow_uniqueness_schema_can_be_upgraded_for_idempotent_starts stdout ----

thread 'integration_e2e::legacy_workflow_uniqueness_schema_can_be_upgraded_for_idempotent_starts' (104920) panicked at autumn-harvest/tests/integration/integration_e2e.rs:312:10:
failed to start Postgres container: Client(PullImage { descriptor: "postgres:16", err: DockerStreamError { error: "failed to extract layer (application/vnd.oci.image.layer.v1.tar+gzip sha256:bf8787dc3d9f01ed9e374788821940fd733d91f492332ef497e1239c0888faab) to overlayfs as \"extract-253986699-Q-4D sha256:40302900c72eb4bab05f1925eff7da33f4c8a297120c4482bea3059e6015c818\": failed to convert whiteout file \"etc/alternatives/.wh.pager.1.gz\": operation not permitted" } })

---- integration_e2e::non_retryable_activity_fails_fast_on_attempt_one stdout ----

thread 'integration_e2e::non_retryable_activity_fails_fast_on_attempt_one' (104921) panicked at autumn-harvest/tests/integration/integration_e2e.rs:292:10:
failed to start Postgres container: Client(PullImage { descriptor: "postgres:16", err: DockerStreamError { error: "failed to extract layer (application/vnd.oci.image.layer.v1.tar+gzip sha256:bf8787dc3d9f01ed9e374788821940fd733d91f492332ef497e1239c0888faab) to overlayfs as \"extract-434730472-JcbR sha256:40302900c72eb4bab05f1925eff7da33f4c8a297120c4482bea3059e6015c818\": failed to convert whiteout file \"etc/alternatives/.wh.pager.1.gz\": operation not permitted" } })

---- integration_e2e::overlap_policy_buffer_all_queues_multiple_slots stdout ----

thread 'integration_e2e::overlap_policy_buffer_all_queues_multiple_slots' (104924) panicked at autumn-harvest/tests/integration/integration_e2e.rs:292:10:
failed to start Postgres container: Client(PullImage { descriptor: "postgres:16", err: DockerStreamError { error: "failed to extract layer (application/vnd.oci.image.layer.v1.tar+gzip sha256:bf8787dc3d9f01ed9e374788821940fd733d91f492332ef497e1239c0888faab) to overlayfs as \"extract-637665928-S7sw sha256:40302900c72eb4bab05f1925eff7da33f4c8a297120c4482bea3059e6015c818\": failed to convert whiteout file \"etc/alternatives/.wh.pager.1.gz\": operation not permitted" } })

---- integration_e2e::drain_preview_returns_active_workers stdout ----

thread 'integration_e2e::drain_preview_returns_active_workers' (104907) panicked at autumn-harvest/tests/integration/integration_e2e.rs:265:10:
failed to start Postgres container: Client(PullImage { descriptor: "postgres:16", err: DockerStreamError { error: "failed to extract layer (application/vnd.oci.image.layer.v1.tar+gzip sha256:bf8787dc3d9f01ed9e374788821940fd733d91f492332ef497e1239c0888faab) to overlayfs as \"extract-700968854-JW_c sha256:40302900c72eb4bab05f1925eff7da33f4c8a297120c4482bea3059e6015c818\": failed to convert whiteout file \"etc/alternatives/.wh.pager.1.gz\": operation not permitted" } })

---- integration_e2e::overlap_policy_buffer_one_queues_single_slot stdout ----

thread 'integration_e2e::overlap_policy_buffer_one_queues_single_slot' (104927) panicked at autumn-harvest/tests/integration/integration_e2e.rs:292:10:
failed to start Postgres container: Client(PullImage { descriptor: "postgres:16", err: DockerStreamError { error: "failed to extract layer (application/vnd.oci.image.layer.v1.tar+gzip sha256:bf8787dc3d9f01ed9e374788821940fd733d91f492332ef497e1239c0888faab) to overlayfs as \"extract-818195215-T8uV sha256:40302900c72eb4bab05f1925eff7da33f4c8a297120c4482bea3059e6015c818\": failed to convert whiteout file \"etc/alternatives/.wh.pager.1.gz\": operation not permitted" } })

---- integration_e2e::drain_already_draining_on_second_call stdout ----

thread 'integration_e2e::drain_already_draining_on_second_call' (104904) panicked at autumn-harvest/tests/integration/integration_e2e.rs:265:10:
failed to start Postgres container: Client(PullImage { descriptor: "postgres:16", err: DockerStreamError { error: "failed to extract layer (application/vnd.oci.image.layer.v1.tar+gzip sha256:bf8787dc3d9f01ed9e374788821940fd733d91f492332ef497e1239c0888faab) to overlayfs as \"extract-270985965-3wlZ sha256:40302900c72eb4bab05f1925eff7da33f4c8a297120c4482bea3059e6015c818\": failed to convert whiteout file \"etc/alternatives/.wh.pager.1.gz\": operation not permitted" } })

---- integration_e2e::overlap_policy_buffer_one_survives_scheduler_restart stdout ----

thread 'integration_e2e::overlap_policy_buffer_one_survives_scheduler_restart' (104930) panicked at autumn-harvest/tests/integration/integration_e2e.rs:292:10:
failed to start Postgres container: Client(PullImage { descriptor: "postgres:16", err: DockerStreamError { error: "failed to extract layer (application/vnd.oci.image.layer.v1.tar+gzip sha256:bf8787dc3d9f01ed9e374788821940fd733d91f492332ef497e1239c0888faab) to overlayfs as \"extract-21741988-nJMx sha256:40302900c72eb4bab05f1925eff7da33f4c8a297120c4482bea3059e6015c818\": failed to convert whiteout file \"etc/alternatives/.wh.pager.1.gz\": operation not permitted" } })

---- integration_e2e::overlap_policy_cancel_other_cancels_inflight_run stdout ----

thread 'integration_e2e::overlap_policy_cancel_other_cancels_inflight_run' (104933) panicked at autumn-harvest/tests/integration/integration_e2e.rs:292:10:
failed to start Postgres container: Client(PullImage { descriptor: "postgres:16", err: DockerStreamError { error: "failed to extract layer (application/vnd.oci.image.layer.v1.tar+gzip sha256:bf8787dc3d9f01ed9e374788821940fd733d91f492332ef497e1239c0888faab) to overlayfs as \"extract-97930249-h5cP sha256:40302900c72eb4bab05f1925eff7da33f4c8a297120c4482bea3059e6015c818\": failed to convert whiteout file \"etc/alternatives/.wh.pager.1.gz\": operation not permitted" } })

---- integration_e2e::overlap_policy_skip_explicitly_drops_new_firings stdout ----

thread 'integration_e2e::overlap_policy_skip_explicitly_drops_new_firings' (104936) panicked at autumn-harvest/tests/integration/integration_e2e.rs:292:10:
failed to start Postgres container: Client(PullImage { descriptor: "postgres:16", err: DockerStreamError { error: "failed to extract layer (application/vnd.oci.image.layer.v1.tar+gzip sha256:bf8787dc3d9f01ed9e374788821940fd733d91f492332ef497e1239c0888faab) to overlayfs as \"extract-201565010-iNzu sha256:40302900c72eb4bab05f1925eff7da33f4c8a297120c4482bea3059e6015c818\": failed to convert whiteout file \"etc/alternatives/.wh.pager.1.gz\": operation not permitted" } })

---- integration_e2e::overlap_policy_terminate_other_terminates_inflight_run stdout ----

thread 'integration_e2e::overlap_policy_terminate_other_terminates_inflight_run' (104939) panicked at autumn-harvest/tests/integration/integration_e2e.rs:292:10:
failed to start Postgres container: Client(PullImage { descriptor: "postgres:16", err: DockerStreamError { error: "failed to extract layer (application/vnd.oci.image.layer.v1.tar+gzip sha256:bf8787dc3d9f01ed9e374788821940fd733d91f492332ef497e1239c0888faab) to overlayfs as \"extract-399063588-6qiM sha256:40302900c72eb4bab05f1925eff7da33f4c8a297120c4482bea3059e6015c818\": failed to convert whiteout file \"etc/alternatives/.wh.pager.1.gz\": operation not permitted" } })

---- integration_e2e::park_workflow_task_with_sticky_hint_pins_to_worker stdout ----

thread 'integration_e2e::park_workflow_task_with_sticky_hint_pins_to_worker' (104942) panicked at autumn-harvest/tests/integration/integration_e2e.rs:265:10:
failed to start Postgres container: Client(PullImage { descriptor: "postgres:16", err: DockerStreamError { error: "failed to extract layer (application/vnd.oci.image.layer.v1.tar+gzip sha256:bf8787dc3d9f01ed9e374788821940fd733d91f492332ef497e1239c0888faab) to overlayfs as \"extract-441460333-HWCK sha256:40302900c72eb4bab05f1925eff7da33f4c8a297120c4482bea3059e6015c818\": failed to convert whiteout file \"etc/alternatives/.wh.pager.1.gz\": operation not permitted" } })

---- integration_e2e::per_key_concurrency_does_not_block_other_keys stdout ----

thread 'integration_e2e::per_key_concurrency_does_not_block_other_keys' (104944) panicked at autumn-harvest/tests/integration/integration_e2e.rs:265:10:
failed to start Postgres container: Client(PullImage { descriptor: "postgres:16", err: DockerStreamError { error: "failed to extract layer (application/vnd.oci.image.layer.v1.tar+gzip sha256:bf8787dc3d9f01ed9e374788821940fd733d91f492332ef497e1239c0888faab) to overlayfs as \"extract-590357560-cvu6 sha256:40302900c72eb4bab05f1925eff7da33f4c8a297120c4482bea3059e6015c818\": failed to convert whiteout file \"etc/alternatives/.wh.pager.1.gz\": operation not permitted" } })

---- integration_e2e::queue_listener_receives_enqueue_notification stdout ----

thread 'integration_e2e::queue_listener_receives_enqueue_notification' (104946) panicked at autumn-harvest/tests/integration/integration_e2e.rs:292:10:
failed to start Postgres container: Client(PullImage { descriptor: "postgres:16", err: DockerStreamError { error: "failed to extract layer (application/vnd.oci.image.layer.v1.tar+gzip sha256:bf8787dc3d9f01ed9e374788821940fd733d91f492332ef497e1239c0888faab) to overlayfs as \"extract-826935768-RBSC sha256:40302900c72eb4bab05f1925eff7da33f4c8a297120c4482bea3059e6015c818\": failed to convert whiteout file \"etc/alternatives/.wh.pager.1.gz\": operation not permitted" } })

---- integration_e2e::reschedule_task_clears_stale_heartbeat_timestamp stdout ----

thread 'integration_e2e::reschedule_task_clears_stale_heartbeat_timestamp' (104947) panicked at autumn-harvest/tests/integration/integration_e2e.rs:292:10:
failed to start Postgres container: Client(PullImage { descriptor: "postgres:16", err: DockerStreamError { error: "failed to extract layer (application/vnd.oci.image.layer.v1.tar+gzip sha256:bf8787dc3d9f01ed9e374788821940fd733d91f492332ef497e1239c0888faab) to overlayfs as \"extract-971108960-8o6Q sha256:40302900c72eb4bab05f1925eff7da33f4c8a297120c4482bea3059e6015c818\": failed to convert whiteout file \"etc/alternatives/.wh.pager.1.gz\": operation not permitted" } })

---- integration_e2e::reuse_policy_allow_duplicate_cancelled_returns_existing stdout ----

thread 'integration_e2e::reuse_policy_allow_duplicate_cancelled_returns_existing' (104948) panicked at autumn-harvest/tests/integration/integration_e2e.rs:265:10:
failed to start Postgres container: Client(PullImage { descriptor: "postgres:16", err: DockerStreamError { error: "failed to extract layer (application/vnd.oci.image.layer.v1.tar+gzip sha256:bf8787dc3d9f01ed9e374788821940fd733d91f492332ef497e1239c0888faab) to overlayfs as \"extract-212265463-9176 sha256:40302900c72eb4bab05f1925eff7da33f4c8a297120c4482bea3059e6015c818\": failed to convert whiteout file \"etc/alternatives/.wh.pager.1.gz\": operation not permitted" } })

---- integration_e2e::reuse_policy_allow_duplicate_completed_returns_existing stdout ----

thread 'integration_e2e::reuse_policy_allow_duplicate_completed_returns_existing' (104949) panicked at autumn-harvest/tests/integration/integration_e2e.rs:265:10:
failed to start Postgres container: Client(PullImage { descriptor: "postgres:16", err: DockerStreamError { error: "failed to extract layer (application/vnd.oci.image.layer.v1.tar+gzip sha256:bf8787dc3d9f01ed9e374788821940fd733d91f492332ef497e1239c0888faab) to overlayfs as \"extract-346295040-HmNw sha256:40302900c72eb4bab05f1925eff7da33f4c8a297120c4482bea3059e6015c818\": failed to convert whiteout file \"etc/alternatives/.wh.pager.1.gz\": operation not permitted" } })

---- integration_e2e::reuse_policy_allow_duplicate_failed_returns_existing stdout ----

thread 'integration_e2e::reuse_policy_allow_duplicate_failed_returns_existing' (104950) panicked at autumn-harvest/tests/integration/integration_e2e.rs:265:10:
failed to start Postgres container: Client(PullImage { descriptor: "postgres:16", err: DockerStreamError { error: "failed to extract layer (application/vnd.oci.image.layer.v1.tar+gzip sha256:bf8787dc3d9f01ed9e374788821940fd733d91f492332ef497e1239c0888faab) to overlayfs as \"extract-594049535-jtjo sha256:40302900c72eb4bab05f1925eff7da33f4c8a297120c4482bea3059e6015c818\": failed to convert whiteout file \"etc/alternatives/.wh.pager.1.gz\": operation not permitted" } })

---- integration_e2e::reuse_policy_allow_duplicate_no_prior_creates stdout ----

thread 'integration_e2e::reuse_policy_allow_duplicate_no_prior_creates' (104951) panicked at autumn-harvest/tests/integration/integration_e2e.rs:265:10:
failed to start Postgres container: Client(PullImage { descriptor: "postgres:16", err: DockerStreamError { error: "failed to extract layer (application/vnd.oci.image.layer.v1.tar+gzip sha256:bf8787dc3d9f01ed9e374788821940fd733d91f492332ef497e1239c0888faab) to overlayfs as \"extract-736601342-6Llq sha256:40302900c72eb4bab05f1925eff7da33f4c8a297120c4482bea3059e6015c818\": failed to convert whiteout file \"etc/alternatives/.wh.pager.1.gz\": operation not permitted" } })

---- integration_e2e::queue_listener_handles_quoted_queue_names stdout ----

thread 'integration_e2e::queue_listener_handles_quoted_queue_names' (104945) panicked at autumn-harvest/tests/integration/integration_e2e.rs:292:10:
failed to start Postgres container: Client(PullImage { descriptor: "postgres:16", err: DockerStreamError { error: "failed to extract layer (application/vnd.oci.image.layer.v1.tar+gzip sha256:bf8787dc3d9f01ed9e374788821940fd733d91f492332ef497e1239c0888faab) to overlayfs as \"extract-784169481-Ik5r sha256:40302900c72eb4bab05f1925eff7da33f4c8a297120c4482bea3059e6015c818\": failed to convert whiteout file \"etc/alternatives/.wh.pager.1.gz\": operation not permitted" } })

---- integration_e2e::reuse_policy_allow_duplicate_running_returns_existing stdout ----

thread 'integration_e2e::reuse_policy_allow_duplicate_running_returns_existing' (104952) panicked at autumn-harvest/tests/integration/integration_e2e.rs:265:10:
failed to start Postgres container: Client(PullImage { descriptor: "postgres:16", err: DockerStreamError { error: "failed to extract layer (application/vnd.oci.image.layer.v1.tar+gzip sha256:bf8787dc3d9f01ed9e374788821940fd733d91f492332ef497e1239c0888faab) to overlayfs as \"extract-977536409-PPKp sha256:40302900c72eb4bab05f1925eff7da33f4c8a297120c4482bea3059e6015c818\": failed to convert whiteout file \"etc/alternatives/.wh.pager.1.gz\": operation not permitted" } })

---- integration_e2e::reuse_policy_allow_failed_only_completed_returns_existing stdout ----

thread 'integration_e2e::reuse_policy_allow_failed_only_completed_returns_existing' (104954) panicked at autumn-harvest/tests/integration/integration_e2e.rs:265:10:
failed to start Postgres container: Client(PullImage { descriptor: "postgres:16", err: DockerStreamError { error: "failed to extract layer (application/vnd.oci.image.layer.v1.tar+gzip sha256:bf8787dc3d9f01ed9e374788821940fd733d91f492332ef497e1239c0888faab) to overlayfs as \"extract-179505983-tcFL sha256:40302900c72eb4bab05f1925eff7da33f4c8a297120c4482bea3059e6015c818\": failed to convert whiteout file \"etc/alternatives/.wh.pager.1.gz\": operation not permitted" } })

---- integration_e2e::reuse_policy_allow_failed_only_failed_starts_fresh stdout ----

thread 'integration_e2e::reuse_policy_allow_failed_only_failed_starts_fresh' (104955) panicked at autumn-harvest/tests/integration/integration_e2e.rs:265:10:
failed to start Postgres container: Client(PullImage { descriptor: "postgres:16", err: DockerStreamError { error: "failed to extract layer (application/vnd.oci.image.layer.v1.tar+gzip sha256:bf8787dc3d9f01ed9e374788821940fd733d91f492332ef497e1239c0888faab) to overlayfs as \"extract-346432896-P_Lp sha256:40302900c72eb4bab05f1925eff7da33f4c8a297120c4482bea3059e6015c818\": failed to convert whiteout file \"etc/alternatives/.wh.pager.1.gz\": operation not permitted" } })

---- integration_e2e::reuse_policy_allow_failed_only_no_prior_creates stdout ----

thread 'integration_e2e::reuse_policy_allow_failed_only_no_prior_creates' (104956) panicked at autumn-harvest/tests/integration/integration_e2e.rs:265:10:
failed to start Postgres container: Client(PullImage { descriptor: "postgres:16", err: DockerStreamError { error: "failed to extract layer (application/vnd.oci.image.layer.v1.tar+gzip sha256:bf8787dc3d9f01ed9e374788821940fd733d91f492332ef497e1239c0888faab) to overlayfs as \"extract-545161049-Io1i sha256:40302900c72eb4bab05f1925eff7da33f4c8a297120c4482bea3059e6015c818\": failed to convert whiteout file \"etc/alternatives/.wh.pager.1.gz\": operation not permitted" } })

---- integration_e2e::reuse_policy_allow_failed_only_running_returns_existing stdout ----

thread 'integration_e2e::reuse_policy_allow_failed_only_running_returns_existing' (104957) panicked at autumn-harvest/tests/integration/integration_e2e.rs:265:10:
failed to start Postgres container: Client(PullImage { descriptor: "postgres:16", err: DockerStreamError { error: "failed to extract layer (application/vnd.oci.image.layer.v1.tar+gzip sha256:bf8787dc3d9f01ed9e374788821940fd733d91f492332ef497e1239c0888faab) to overlayfs as \"extract-736125417-EwDd sha256:40302900c72eb4bab05f1925eff7da33f4c8a297120c4482bea3059e6015c818\": failed to convert whiteout file \"etc/alternatives/.wh.pager.1.gz\": operation not permitted" } })

---- integration_e2e::reuse_policy_reject_duplicate_cancelled_errors stdout ----

thread 'integration_e2e::reuse_policy_reject_duplicate_cancelled_errors' (104958) panicked at autumn-harvest/tests/integration/integration_e2e.rs:265:10:
failed to start Postgres container: Client(PullImage { descriptor: "postgres:16", err: DockerStreamError { error: "failed to extract layer (application/vnd.oci.image.layer.v1.tar+gzip sha256:bf8787dc3d9f01ed9e374788821940fd733d91f492332ef497e1239c0888faab) to overlayfs as \"extract-918681478-ttSt sha256:40302900c72eb4bab05f1925eff7da33f4c8a297120c4482bea3059e6015c818\": failed to convert whiteout file \"etc/alternatives/.wh.pager.1.gz\": operation not permitted" } })

---- integration_e2e::reuse_policy_reject_duplicate_completed_errors stdout ----

thread 'integration_e2e::reuse_policy_reject_duplicate_completed_errors' (104959) panicked at autumn-harvest/tests/integration/integration_e2e.rs:265:10:
failed to start Postgres container: Client(PullImage { descriptor: "postgres:16", err: DockerStreamError { error: "failed to extract layer (application/vnd.oci.image.layer.v1.tar+gzip sha256:bf8787dc3d9f01ed9e374788821940fd733d91f492332ef497e1239c0888faab) to overlayfs as \"extract-105244168-cGox sha256:40302900c72eb4bab05f1925eff7da33f4c8a297120c4482bea3059e6015c818\": failed to convert whiteout file \"etc/alternatives/.wh.pager.1.gz\": operation not permitted" } })

---- integration_e2e::reuse_policy_reject_duplicate_failed_errors stdout ----

thread 'integration_e2e::reuse_policy_reject_duplicate_failed_errors' (104960) panicked at autumn-harvest/tests/integration/integration_e2e.rs:265:10:
failed to start Postgres container: Client(PullImage { descriptor: "postgres:16", err: DockerStreamError { error: "failed to extract layer (application/vnd.oci.image.layer.v1.tar+gzip sha256:bf8787dc3d9f01ed9e374788821940fd733d91f492332ef497e1239c0888faab) to overlayfs as \"extract-294210878-oSZ9 sha256:40302900c72eb4bab05f1925eff7da33f4c8a297120c4482bea3059e6015c818\": failed to convert whiteout file \"etc/alternatives/.wh.pager.1.gz\": operation not permitted" } })

---- integration_e2e::reuse_policy_reject_duplicate_no_prior_creates stdout ----

thread 'integration_e2e::reuse_policy_reject_duplicate_no_prior_creates' (104961) panicked at autumn-harvest/tests/integration/integration_e2e.rs:265:10:
failed to start Postgres container: Client(PullImage { descriptor: "postgres:16", err: DockerStreamError { error: "failed to extract layer (application/vnd.oci.image.layer.v1.tar+gzip sha256:bf8787dc3d9f01ed9e374788821940fd733d91f492332ef497e1239c0888faab) to overlayfs as \"extract-487224891-LPZx sha256:40302900c72eb4bab05f1925eff7da33f4c8a297120c4482bea3059e6015c818\": failed to convert whiteout file \"etc/alternatives/.wh.pager.1.gz\": operation not permitted" } })

---- integration_e2e::reuse_policy_reject_duplicate_running_errors stdout ----

thread 'integration_e2e::reuse_policy_reject_duplicate_running_errors' (104962) panicked at autumn-harvest/tests/integration/integration_e2e.rs:265:10:
failed to start Postgres container: Client(PullImage { descriptor: "postgres:16", err: DockerStreamError { error: "failed to extract layer (application/vnd.oci.image.layer.v1.tar+gzip sha256:bf8787dc3d9f01ed9e374788821940fd733d91f492332ef497e1239c0888faab) to overlayfs as \"extract-669760322-fRNv sha256:40302900c72eb4bab05f1925eff7da33f4c8a297120c4482bea3059e6015c818\": failed to convert whiteout file \"etc/alternatives/.wh.pager.1.gz\": operation not permitted" } })

---- integration_e2e::reuse_policy_terminate_if_running_cancelled_starts_fresh stdout ----

thread 'integration_e2e::reuse_policy_terminate_if_running_cancelled_starts_fresh' (104963) panicked at autumn-harvest/tests/integration/integration_e2e.rs:265:10:
failed to start Postgres container: Client(PullImage { descriptor: "postgres:16", err: DockerStreamError { error: "failed to extract layer (application/vnd.oci.image.layer.v1.tar+gzip sha256:bf8787dc3d9f01ed9e374788821940fd733d91f492332ef497e1239c0888faab) to overlayfs as \"extract-861079162-5Mb2 sha256:40302900c72eb4bab05f1925eff7da33f4c8a297120c4482bea3059e6015c818\": failed to convert whiteout file \"etc/alternatives/.wh.pager.1.gz\": operation not permitted" } })

---- integration_e2e::reuse_policy_terminate_if_running_completed_starts_fresh stdout ----

thread 'integration_e2e::reuse_policy_terminate_if_running_completed_starts_fresh' (104964) panicked at autumn-harvest/tests/integration/integration_e2e.rs:265:10:
failed to start Postgres container: Client(PullImage { descriptor: "postgres:16", err: DockerStreamError { error: "failed to extract layer (application/vnd.oci.image.layer.v1.tar+gzip sha256:bf8787dc3d9f01ed9e374788821940fd733d91f492332ef497e1239c0888faab) to overlayfs as \"extract-68402798-ZWXe sha256:40302900c72eb4bab05f1925eff7da33f4c8a297120c4482bea3059e6015c818\": failed to convert whiteout file \"etc/alternatives/.wh.pager.1.gz\": operation not permitted" } })

---- integration_e2e::per_key_concurrency_cap_enforced_across_fleet stdout ----

thread 'integration_e2e::per_key_concurrency_cap_enforced_across_fleet' (104943) panicked at autumn-harvest/tests/integration/integration_e2e.rs:265:10:
failed to start Postgres container: Client(PullImage { descriptor: "postgres:16", err: DockerStreamError { error: "failed to extract layer (application/vnd.oci.image.layer.v1.tar+gzip sha256:bf8787dc3d9f01ed9e374788821940fd733d91f492332ef497e1239c0888faab) to overlayfs as \"extract-234828998-Iu7U sha256:40302900c72eb4bab05f1925eff7da33f4c8a297120c4482bea3059e6015c818\": failed to convert whiteout file \"etc/alternatives/.wh.pager.1.gz\": operation not permitted" } })

---- integration_e2e::reuse_policy_terminate_if_running_failed_starts_fresh stdout ----

thread 'integration_e2e::reuse_policy_terminate_if_running_failed_starts_fresh' (104965) panicked at autumn-harvest/tests/integration/integration_e2e.rs:265:10:
failed to start Postgres container: Client(PullImage { descriptor: "postgres:16", err: DockerStreamError { error: "failed to extract layer (application/vnd.oci.image.layer.v1.tar+gzip sha256:bf8787dc3d9f01ed9e374788821940fd733d91f492332ef497e1239c0888faab) to overlayfs as \"extract-269200388-ajH5 sha256:40302900c72eb4bab05f1925eff7da33f4c8a297120c4482bea3059e6015c818\": failed to convert whiteout file \"etc/alternatives/.wh.pager.1.gz\": operation not permitted" } })

---- integration_e2e::reuse_policy_terminate_if_running_no_prior_creates stdout ----

thread 'integration_e2e::reuse_policy_terminate_if_running_no_prior_creates' (104966) panicked at autumn-harvest/tests/integration/integration_e2e.rs:265:10:
failed to start Postgres container: Client(PullImage { descriptor: "postgres:16", err: DockerStreamError { error: "failed to extract layer (application/vnd.oci.image.layer.v1.tar+gzip sha256:bf8787dc3d9f01ed9e374788821940fd733d91f492332ef497e1239c0888faab) to overlayfs as \"extract-442201613-cq5s sha256:40302900c72eb4bab05f1925eff7da33f4c8a297120c4482bea3059e6015c818\": failed to convert whiteout file \"etc/alternatives/.wh.pager.1.gz\": operation not permitted" } })

---- integration_e2e::reuse_policy_terminate_if_running_running_cancels_and_starts_fresh stdout ----

thread 'integration_e2e::reuse_policy_terminate_if_running_running_cancels_and_starts_fresh' (104968) panicked at autumn-harvest/tests/integration/integration_e2e.rs:265:10:
failed to start Postgres container: Client(PullImage { descriptor: "postgres:16", err: DockerStreamError { error: "failed to extract layer (application/vnd.oci.image.layer.v1.tar+gzip sha256:bf8787dc3d9f01ed9e374788821940fd733d91f492332ef497e1239c0888faab) to overlayfs as \"extract-644933701-kcIO sha256:40302900c72eb4bab05f1925eff7da33f4c8a297120c4482bea3059e6015c818\": failed to convert whiteout file \"etc/alternatives/.wh.pager.1.gz\": operation not permitted" } })

---- integration_e2e::search_attrs_survive_worker_crash_and_resume stdout ----

thread 'integration_e2e::search_attrs_survive_worker_crash_and_resume' (104969) panicked at autumn-harvest/tests/integration/integration_e2e.rs:292:10:
failed to start Postgres container: Client(PullImage { descriptor: "postgres:16", err: DockerStreamError { error: "failed to extract layer (application/vnd.oci.image.layer.v1.tar+gzip sha256:bf8787dc3d9f01ed9e374788821940fd733d91f492332ef497e1239c0888faab) to overlayfs as \"extract-827015616-EqA2 sha256:40302900c72eb4bab05f1925eff7da33f4c8a297120c4482bea3059e6015c818\": failed to convert whiteout file \"etc/alternatives/.wh.pager.1.gz\": operation not permitted" } })

---- integration_e2e::search_attrs_upsert_visible_after_update_and_filterable stdout ----

thread 'integration_e2e::search_attrs_upsert_visible_after_update_and_filterable' (104972) panicked at autumn-harvest/tests/integration/integration_e2e.rs:292:10:
failed to start Postgres container: Client(PullImage { descriptor: "postgres:16", err: DockerStreamError { error: "failed to extract layer (application/vnd.oci.image.layer.v1.tar+gzip sha256:bf8787dc3d9f01ed9e374788821940fd733d91f492332ef497e1239c0888faab) to overlayfs as \"extract-33736202-2qHa sha256:40302900c72eb4bab05f1925eff7da33f4c8a297120c4482bea3059e6015c818\": failed to convert whiteout file \"etc/alternatives/.wh.pager.1.gz\": operation not permitted" } })

---- integration_e2e::signal_blocked_workflow_times_out_at_deadline stdout ----

thread 'integration_e2e::signal_blocked_workflow_times_out_at_deadline' (104975) panicked at autumn-harvest/tests/integration/integration_e2e.rs:292:10:
failed to start Postgres container: Client(PullImage { descriptor: "postgres:16", err: DockerStreamError { error: "failed to extract layer (application/vnd.oci.image.layer.v1.tar+gzip sha256:bf8787dc3d9f01ed9e374788821940fd733d91f492332ef497e1239c0888faab) to overlayfs as \"extract-198635096-q8H9 sha256:40302900c72eb4bab05f1925eff7da33f4c8a297120c4482bea3059e6015c818\": failed to convert whiteout file \"etc/alternatives/.wh.pager.1.gz\": operation not permitted" } })

---- integration_e2e::test_rolling_deploy_capability_routing_with_database_enforcement stdout ----

thread 'integration_e2e::test_rolling_deploy_capability_routing_with_database_enforcement' (104976) panicked at autumn-harvest/tests/integration/integration_e2e.rs:292:10:
failed to start Postgres container: Client(PullImage { descriptor: "postgres:16", err: DockerStreamError { error: "failed to extract layer (application/vnd.oci.image.layer.v1.tar+gzip sha256:bf8787dc3d9f01ed9e374788821940fd733d91f492332ef497e1239c0888faab) to overlayfs as \"extract-436468001-et1s sha256:40302900c72eb4bab05f1925eff7da33f4c8a297120c4482bea3059e6015c818\": failed to convert whiteout file \"etc/alternatives/.wh.pager.1.gz\": operation not permitted" } })

---- integration_e2e::timeout_enforcement_fails_pending_activity_and_wakes_workflow stdout ----

thread 'integration_e2e::timeout_enforcement_fails_pending_activity_and_wakes_workflow' (104979) panicked at autumn-harvest/tests/integration/integration_e2e.rs:292:10:
failed to start Postgres container: Client(PullImage { descriptor: "postgres:16", err: DockerStreamError { error: "failed to extract layer (application/vnd.oci.image.layer.v1.tar+gzip sha256:bf8787dc3d9f01ed9e374788821940fd733d91f492332ef497e1239c0888faab) to overlayfs as \"extract-584448070-mWp- sha256:40302900c72eb4bab05f1925eff7da33f4c8a297120c4482bea3059e6015c818\": failed to convert whiteout file \"etc/alternatives/.wh.pager.1.gz\": operation not permitted" } })

---- integration_e2e::wake_workflow_task_does_not_requeue_active_running_task stdout ----

thread 'integration_e2e::wake_workflow_task_does_not_requeue_active_running_task' (104980) panicked at autumn-harvest/tests/integration/integration_e2e.rs:292:10:
failed to start Postgres container: Client(PullImage { descriptor: "postgres:16", err: DockerStreamError { error: "failed to extract layer (application/vnd.oci.image.layer.v1.tar+gzip sha256:bf8787dc3d9f01ed9e374788821940fd733d91f492332ef497e1239c0888faab) to overlayfs as \"extract-815333167-cmlP sha256:40302900c72eb4bab05f1925eff7da33f4c8a297120c4482bea3059e6015c818\": failed to convert whiteout file \"etc/alternatives/.wh.pager.1.gz\": operation not permitted" } })

---- integration_e2e::reuse_policy_allow_failed_only_cancelled_starts_fresh stdout ----

thread 'integration_e2e::reuse_policy_allow_failed_only_cancelled_starts_fresh' (104953) panicked at autumn-harvest/tests/integration/integration_e2e.rs:265:10:
failed to start Postgres container: Client(PullImage { descriptor: "postgres:16", err: DockerStreamError { error: "failed to extract layer (application/vnd.oci.image.layer.v1.tar+gzip sha256:bf8787dc3d9f01ed9e374788821940fd733d91f492332ef497e1239c0888faab) to overlayfs as \"extract-864621850-o1FZ sha256:40302900c72eb4bab05f1925eff7da33f4c8a297120c4482bea3059e6015c818\": failed to convert whiteout file \"etc/alternatives/.wh.pager.1.gz\": operation not permitted" } })

---- integration_e2e::wake_workflow_task_emits_notification stdout ----

thread 'integration_e2e::wake_workflow_task_emits_notification' (104981) panicked at autumn-harvest/tests/integration/integration_e2e.rs:292:10:
failed to start Postgres container: Client(PullImage { descriptor: "postgres:16", err: DockerStreamError { error: "failed to extract layer (application/vnd.oci.image.layer.v1.tar+gzip sha256:bf8787dc3d9f01ed9e374788821940fd733d91f492332ef497e1239c0888faab) to overlayfs as \"extract-977880429-xey0 sha256:40302900c72eb4bab05f1925eff7da33f4c8a297120c4482bea3059e6015c818\": failed to convert whiteout file \"etc/alternatives/.wh.pager.1.gz\": operation not permitted" } })

---- integration_e2e::wake_workflow_task_refreshes_sticky_until stdout ----

thread 'integration_e2e::wake_workflow_task_refreshes_sticky_until' (104982) panicked at autumn-harvest/tests/integration/integration_e2e.rs:265:10:
failed to start Postgres container: Client(PullImage { descriptor: "postgres:16", err: DockerStreamError { error: "failed to extract layer (application/vnd.oci.image.layer.v1.tar+gzip sha256:bf8787dc3d9f01ed9e374788821940fd733d91f492332ef497e1239c0888faab) to overlayfs as \"extract-211712325-PJvl sha256:40302900c72eb4bab05f1925eff7da33f4c8a297120c4482bea3059e6015c818\": failed to convert whiteout file \"etc/alternatives/.wh.pager.1.gz\": operation not permitted" } })

---- integration_e2e::wake_workflow_task_retries_after_losing_the_park_row_lock_race stdout ----

thread 'integration_e2e::wake_workflow_task_retries_after_losing_the_park_row_lock_race' (104983) panicked at autumn-harvest/tests/integration/integration_e2e.rs:292:10:
failed to start Postgres container: Client(PullImage { descriptor: "postgres:16", err: DockerStreamError { error: "failed to extract layer (application/vnd.oci.image.layer.v1.tar+gzip sha256:bf8787dc3d9f01ed9e374788821940fd733d91f492332ef497e1239c0888faab) to overlayfs as \"extract-258858168-qiNK sha256:40302900c72eb4bab05f1925eff7da33f4c8a297120c4482bea3059e6015c818\": failed to convert whiteout file \"etc/alternatives/.wh.pager.1.gz\": operation not permitted" } })

---- integration_e2e::worker_builder_state_is_visible_to_workflow_and_activity stdout ----

thread 'integration_e2e::worker_builder_state_is_visible_to_workflow_and_activity' (104986) panicked at autumn-harvest/tests/integration/integration_e2e.rs:292:10:
failed to start Postgres container: Client(PullImage { descriptor: "postgres:16", err: DockerStreamError { error: "failed to extract layer (application/vnd.oci.image.layer.v1.tar+gzip sha256:bf8787dc3d9f01ed9e374788821940fd733d91f492332ef497e1239c0888faab) to overlayfs as \"extract-411528881-u0RD sha256:40302900c72eb4bab05f1925eff7da33f4c8a297120c4482bea3059e6015c818\": failed to convert whiteout file \"etc/alternatives/.wh.pager.1.gz\": operation not permitted" } })

---- integration_e2e::worker_completes_parent_workflow_after_child_workflow_round_trip stdout ----

thread 'integration_e2e::worker_completes_parent_workflow_after_child_workflow_round_trip' (104989) panicked at autumn-harvest/tests/integration/integration_e2e.rs:292:10:
failed to start Postgres container: Client(PullImage { descriptor: "postgres:16", err: DockerStreamError { error: "failed to extract layer (application/vnd.oci.image.layer.v1.tar+gzip sha256:bf8787dc3d9f01ed9e374788821940fd733d91f492332ef497e1239c0888faab) to overlayfs as \"extract-585105550-ni6b sha256:40302900c72eb4bab05f1925eff7da33f4c8a297120c4482bea3059e6015c818\": failed to convert whiteout file \"etc/alternatives/.wh.pager.1.gz\": operation not permitted" } })

---- integration_e2e::worker_completes_parent_workflow_with_child_fan_out stdout ----

thread 'integration_e2e::worker_completes_parent_workflow_with_child_fan_out' (104992) panicked at autumn-harvest/tests/integration/integration_e2e.rs:292:10:
failed to start Postgres container: Client(PullImage { descriptor: "postgres:16", err: DockerStreamError { error: "failed to extract layer (application/vnd.oci.image.layer.v1.tar+gzip sha256:bf8787dc3d9f01ed9e374788821940fd733d91f492332ef497e1239c0888faab) to overlayfs as \"extract-647110539-ml74 sha256:40302900c72eb4bab05f1925eff7da33f4c8a297120c4482bea3059e6015c818\": failed to convert whiteout file \"etc/alternatives/.wh.pager.1.gz\": operation not permitted" } })

---- integration_e2e::worker_completes_parent_workflow_with_parallel_child_workflows stdout ----

thread 'integration_e2e::worker_completes_parent_workflow_with_parallel_child_workflows' (104995) panicked at autumn-harvest/tests/integration/integration_e2e.rs:292:10:
failed to start Postgres container: Client(PullImage { descriptor: "postgres:16", err: DockerStreamError { error: "failed to extract layer (application/vnd.oci.image.layer.v1.tar+gzip sha256:bf8787dc3d9f01ed9e374788821940fd733d91f492332ef497e1239c0888faab) to overlayfs as \"extract-798738737-ZUqc sha256:40302900c72eb4bab05f1925eff7da33f4c8a297120c4482bea3059e6015c818\": failed to convert whiteout file \"etc/alternatives/.wh.pager.1.gz\": operation not permitted" } })

---- integration_e2e::worker_completes_ten_child_fan_out_within_wall_clock_bound stdout ----

thread 'integration_e2e::worker_completes_ten_child_fan_out_within_wall_clock_bound' (104998) panicked at autumn-harvest/tests/integration/integration_e2e.rs:292:10:
failed to start Postgres container: Client(PullImage { descriptor: "postgres:16", err: DockerStreamError { error: "failed to extract layer (application/vnd.oci.image.layer.v1.tar+gzip sha256:bf8787dc3d9f01ed9e374788821940fd733d91f492332ef497e1239c0888faab) to overlayfs as \"extract-993856019-dQi7 sha256:40302900c72eb4bab05f1925eff7da33f4c8a297120c4482bea3059e6015c818\": failed to convert whiteout file \"etc/alternatives/.wh.pager.1.gz\": operation not permitted" } })

---- integration_e2e::worker_completes_workflow_after_signal_delivery stdout ----

thread 'integration_e2e::worker_completes_workflow_after_signal_delivery' (105011) panicked at autumn-harvest/tests/integration/integration_e2e.rs:292:10:
failed to start Postgres container: Client(PullImage { descriptor: "postgres:16", err: DockerStreamError { error: "failed to extract layer (application/vnd.oci.image.layer.v1.tar+gzip sha256:bf8787dc3d9f01ed9e374788821940fd733d91f492332ef497e1239c0888faab) to overlayfs as \"extract-46611495-PQRI sha256:40302900c72eb4bab05f1925eff7da33f4c8a297120c4482bea3059e6015c818\": failed to convert whiteout file \"etc/alternatives/.wh.pager.1.gz\": operation not permitted" } })

---- integration_e2e::worker_completes_workflow_task_and_persists_result stdout ----

thread 'integration_e2e::worker_completes_workflow_task_and_persists_result' (105014) panicked at autumn-harvest/tests/integration/integration_e2e.rs:292:10:
failed to start Postgres container: Client(PullImage { descriptor: "postgres:16", err: DockerStreamError { error: "failed to extract layer (application/vnd.oci.image.layer.v1.tar+gzip sha256:bf8787dc3d9f01ed9e374788821940fd733d91f492332ef497e1239c0888faab) to overlayfs as \"extract-187548957-cDsn sha256:40302900c72eb4bab05f1925eff7da33f4c8a297120c4482bea3059e6015c818\": failed to convert whiteout file \"etc/alternatives/.wh.pager.1.gz\": operation not permitted" } })

---- integration_e2e::worker_completes_workflow_with_activity_round_trip stdout ----

thread 'integration_e2e::worker_completes_workflow_with_activity_round_trip' (105017) panicked at autumn-harvest/tests/integration/integration_e2e.rs:292:10:
failed to start Postgres container: Client(PullImage { descriptor: "postgres:16", err: DockerStreamError { error: "failed to extract layer (application/vnd.oci.image.layer.v1.tar+gzip sha256:bf8787dc3d9f01ed9e374788821940fd733d91f492332ef497e1239c0888faab) to overlayfs as \"extract-409076685-qcsh sha256:40302900c72eb4bab05f1925eff7da33f4c8a297120c4482bea3059e6015c818\": failed to convert whiteout file \"etc/alternatives/.wh.pager.1.gz\": operation not permitted" } })

---- integration_e2e::worker_continues_as_new_with_fresh_history_and_same_workflow_id stdout ----

thread 'integration_e2e::worker_continues_as_new_with_fresh_history_and_same_workflow_id' (105023) panicked at autumn-harvest/tests/integration/integration_e2e.rs:292:10:
failed to start Postgres container: Client(PullImage { descriptor: "postgres:16", err: DockerStreamError { error: "failed to extract layer (application/vnd.oci.image.layer.v1.tar+gzip sha256:bf8787dc3d9f01ed9e374788821940fd733d91f492332ef497e1239c0888faab) to overlayfs as \"extract-576405406-Mjc5 sha256:40302900c72eb4bab05f1925eff7da33f4c8a297120c4482bea3059e6015c818\": failed to convert whiteout file \"etc/alternatives/.wh.pager.1.gz\": operation not permitted" } })

---- integration_e2e::worker_fails_orphaned_activity_task_without_scheduled_event stdout ----

thread 'integration_e2e::worker_fails_orphaned_activity_task_without_scheduled_event' (105026) panicked at autumn-harvest/tests/integration/integration_e2e.rs:292:10:
failed to start Postgres container: Client(PullImage { descriptor: "postgres:16", err: DockerStreamError { error: "failed to extract layer (application/vnd.oci.image.layer.v1.tar+gzip sha256:bf8787dc3d9f01ed9e374788821940fd733d91f492332ef497e1239c0888faab) to overlayfs as \"extract-795117278-Vp-X sha256:40302900c72eb4bab05f1925eff7da33f4c8a297120c4482bea3059e6015c818\": failed to convert whiteout file \"etc/alternatives/.wh.pager.1.gz\": operation not permitted" } })

---- integration_e2e::worker_fails_workflow_when_activity_start_to_close_timeout_elapses stdout ----

thread 'integration_e2e::worker_fails_workflow_when_activity_start_to_close_timeout_elapses' (105029) panicked at autumn-harvest/tests/integration/integration_e2e.rs:292:10:
failed to start Postgres container: Client(PullImage { descriptor: "postgres:16", err: DockerStreamError { error: "failed to extract layer (application/vnd.oci.image.layer.v1.tar+gzip sha256:bf8787dc3d9f01ed9e374788821940fd733d91f492332ef497e1239c0888faab) to overlayfs as \"extract-978012341-ky_r sha256:40302900c72eb4bab05f1925eff7da33f4c8a297120c4482bea3059e6015c818\": failed to convert whiteout file \"etc/alternatives/.wh.pager.1.gz\": operation not permitted" } })

---- integration_e2e::worker_handles_early_ingested_signal_before_activity stdout ----

thread 'integration_e2e::worker_handles_early_ingested_signal_before_activity' (105032) panicked at autumn-harvest/tests/integration/integration_e2e.rs:292:10:
failed to start Postgres container: Client(PullImage { descriptor: "postgres:16", err: DockerStreamError { error: "failed to extract layer (application/vnd.oci.image.layer.v1.tar+gzip sha256:bf8787dc3d9f01ed9e374788821940fd733d91f492332ef497e1239c0888faab) to overlayfs as \"extract-218266084-vYTN sha256:40302900c72eb4bab05f1925eff7da33f4c8a297120c4482bea3059e6015c818\": failed to convert whiteout file \"etc/alternatives/.wh.pager.1.gz\": operation not permitted" } })

---- integration_e2e::reuse_policy_terminate_if_running_retry_after_partial_failure_is_idempotent stdout ----

thread 'integration_e2e::reuse_policy_terminate_if_running_retry_after_partial_failure_is_idempotent' (104967) panicked at autumn-harvest/tests/integration/integration_e2e.rs:265:10:
failed to start Postgres container: Client(PullImage { descriptor: "postgres:16", err: DockerStreamError { error: "failed to extract layer (application/vnd.oci.image.layer.v1.tar+gzip sha256:bf8787dc3d9f01ed9e374788821940fd733d91f492332ef497e1239c0888faab) to overlayfs as \"extract-365866595-KOSA sha256:40302900c72eb4bab05f1925eff7da33f4c8a297120c4482bea3059e6015c818\": failed to convert whiteout file \"etc/alternatives/.wh.pager.1.gz\": operation not permitted" } })

---- integration_e2e::worker_marks_workflow_failed_when_handler_errors stdout ----

thread 'integration_e2e::worker_marks_workflow_failed_when_handler_errors' (105035) panicked at autumn-harvest/tests/integration/integration_e2e.rs:292:10:
failed to start Postgres container: Client(PullImage { descriptor: "postgres:16", err: DockerStreamError { error: "failed to extract layer (application/vnd.oci.image.layer.v1.tar+gzip sha256:bf8787dc3d9f01ed9e374788821940fd733d91f492332ef497e1239c0888faab) to overlayfs as \"extract-364063474-dTg7 sha256:40302900c72eb4bab05f1925eff7da33f4c8a297120c4482bea3059e6015c818\": failed to convert whiteout file \"etc/alternatives/.wh.pager.1.gz\": operation not permitted" } })

---- integration_e2e::worker_saga_unwind_emits_compensated_counter_exactly_once_across_decision_cycles stdout ----

thread 'integration_e2e::worker_saga_unwind_emits_compensated_counter_exactly_once_across_decision_cycles' (105041) panicked at autumn-harvest/tests/integration/integration_e2e.rs:292:10:
failed to start Postgres container: Client(PullImage { descriptor: "postgres:16", err: DockerStreamError { error: "failed to extract layer (application/vnd.oci.image.layer.v1.tar+gzip sha256:bf8787dc3d9f01ed9e374788821940fd733d91f492332ef497e1239c0888faab) to overlayfs as \"extract-756500022-xL1m sha256:40302900c72eb4bab05f1925eff7da33f4c8a297120c4482bea3059e6015c818\": failed to convert whiteout file \"etc/alternatives/.wh.pager.1.gz\": operation not permitted" } })

---- integration_e2e::workflow_schedule_dag_only_deployment_unaffected stdout ----

thread 'integration_e2e::workflow_schedule_dag_only_deployment_unaffected' (105050) panicked at autumn-harvest/tests/integration/integration_e2e.rs:292:10:
failed to start Postgres container: Client(PullImage { descriptor: "postgres:16", err: DockerStreamError { error: "failed to extract layer (application/vnd.oci.image.layer.v1.tar+gzip sha256:bf8787dc3d9f01ed9e374788821940fd733d91f492332ef497e1239c0888faab) to overlayfs as \"extract-125464004-VlxT sha256:40302900c72eb4bab05f1925eff7da33f4c8a297120c4482bea3059e6015c818\": failed to convert whiteout file \"etc/alternatives/.wh.pager.1.gz\": operation not permitted" } })

---- integration_e2e::worker_completes_workflow_with_timer_round_trip stdout ----

thread 'integration_e2e::worker_completes_workflow_with_timer_round_trip' (105020) panicked at autumn-harvest/tests/integration/integration_e2e.rs:292:10:
failed to start Postgres container: Client(PullImage { descriptor: "postgres:16", err: DockerStreamError { error: "failed to extract layer (application/vnd.oci.image.layer.v1.tar+gzip sha256:bf8787dc3d9f01ed9e374788821940fd733d91f492332ef497e1239c0888faab) to overlayfs as \"extract-190059153-3BEv sha256:40302900c72eb4bab05f1925eff7da33f4c8a297120c4482bea3059e6015c818\": failed to convert whiteout file \"etc/alternatives/.wh.pager.1.gz\": operation not permitted" } })

---- integration_e2e::workflow_schedule_pause_and_resume stdout ----

thread 'integration_e2e::workflow_schedule_pause_and_resume' (105058) panicked at autumn-harvest/tests/integration/integration_e2e.rs:292:10:
failed to start Postgres container: Client(PullImage { descriptor: "postgres:16", err: DockerStreamError { error: "failed to extract layer (application/vnd.oci.image.layer.v1.tar+gzip sha256:bf8787dc3d9f01ed9e374788821940fd733d91f492332ef497e1239c0888faab) to overlayfs as \"extract-556212726-ihuv sha256:40302900c72eb4bab05f1925eff7da33f4c8a297120c4482bea3059e6015c818\": failed to convert whiteout file \"etc/alternatives/.wh.pager.1.gz\": operation not permitted" } })

---- integration_e2e::worker_parent_branches_on_typed_child_failure_across_categories stdout ----

thread 'integration_e2e::worker_parent_branches_on_typed_child_failure_across_categories' (105038) panicked at autumn-harvest/tests/integration/integration_e2e.rs:292:10:
failed to start Postgres container: Client(PullImage { descriptor: "postgres:16", err: DockerStreamError { error: "failed to extract layer (application/vnd.oci.image.layer.v1.tar+gzip sha256:bf8787dc3d9f01ed9e374788821940fd733d91f492332ef497e1239c0888faab) to overlayfs as \"extract-349248041-sXnn sha256:40302900c72eb4bab05f1925eff7da33f4c8a297120c4482bea3059e6015c818\": failed to convert whiteout file \"etc/alternatives/.wh.pager.1.gz\": operation not permitted" } })

---- integration_e2e::workflow_schedule_baseline_dispatches_multiple_runs stdout ----

thread 'integration_e2e::workflow_schedule_baseline_dispatches_multiple_runs' (105044) panicked at autumn-harvest/tests/integration/integration_e2e.rs:292:10:
failed to start Postgres container: Client(PullImage { descriptor: "postgres:16", err: DockerStreamError { error: "failed to extract layer (application/vnd.oci.image.layer.v1.tar+gzip sha256:bf8787dc3d9f01ed9e374788821940fd733d91f492332ef497e1239c0888faab) to overlayfs as \"extract-501928223-v2pg sha256:40302900c72eb4bab05f1925eff7da33f4c8a297120c4482bea3059e6015c818\": failed to convert whiteout file \"etc/alternatives/.wh.pager.1.gz\": operation not permitted" } })

---- legal_hold_tests::expired_hold_becomes_eligible_and_is_deleted stdout ----

thread 'legal_hold_tests::expired_hold_becomes_eligible_and_is_deleted' (105064) panicked at autumn-harvest/tests/integration/legal_hold_tests.rs:85:10:
failed to start Postgres container: Client(PullImage { descriptor: "postgres:16", err: DockerStreamError { error: "failed to extract layer (application/vnd.oci.image.layer.v1.tar+gzip sha256:bf8787dc3d9f01ed9e374788821940fd733d91f492332ef497e1239c0888faab) to overlayfs as \"extract-719194909-Delw sha256:40302900c72eb4bab05f1925eff7da33f4c8a297120c4482bea3059e6015c818\": failed to convert whiteout file \"etc/alternatives/.wh.pager.1.gz\": operation not permitted" } })

---- legal_hold_tests::held_child_is_skipped_not_failed_during_cascade stdout ----

thread 'legal_hold_tests::held_child_is_skipped_not_failed_during_cascade' (105066) panicked at autumn-harvest/tests/integration/legal_hold_tests.rs:85:10:
failed to start Postgres container: Client(PullImage { descriptor: "postgres:16", err: DockerStreamError { error: "failed to extract layer (application/vnd.oci.image.layer.v1.tar+gzip sha256:bf8787dc3d9f01ed9e374788821940fd733d91f492332ef497e1239c0888faab) to overlayfs as \"extract-88310244-QDFY sha256:40302900c72eb4bab05f1925eff7da33f4c8a297120c4482bea3059e6015c818\": failed to convert whiteout file \"etc/alternatives/.wh.pager.1.gz\": operation not permitted" } })

---- integration_e2e::workflow_schedule_max_active_runs_enforced stdout ----

thread 'integration_e2e::workflow_schedule_max_active_runs_enforced' (105053) panicked at autumn-harvest/tests/integration/integration_e2e.rs:292:10:
failed to start Postgres container: Client(PullImage { descriptor: "postgres:16", err: DockerStreamError { error: "failed to extract layer (application/vnd.oci.image.layer.v1.tar+gzip sha256:bf8787dc3d9f01ed9e374788821940fd733d91f492332ef497e1239c0888faab) to overlayfs as \"extract-258293186-g-HE sha256:40302900c72eb4bab05f1925eff7da33f4c8a297120c4482bea3059e6015c818\": failed to convert whiteout file \"etc/alternatives/.wh.pager.1.gz\": operation not permitted" } })

---- legal_hold_tests::held_row_is_not_archived stdout ----

thread 'legal_hold_tests::held_row_is_not_archived' (105068) panicked at autumn-harvest/tests/integration/legal_hold_tests.rs:85:10:
failed to start Postgres container: Client(PullImage { descriptor: "postgres:16", err: DockerStreamError { error: "failed to extract layer (application/vnd.oci.image.layer.v1.tar+gzip sha256:bf8787dc3d9f01ed9e374788821940fd733d91f492332ef497e1239c0888faab) to overlayfs as \"extract-636220174-I5DX sha256:40302900c72eb4bab05f1925eff7da33f4c8a297120c4482bea3059e6015c818\": failed to convert whiteout file \"etc/alternatives/.wh.pager.1.gz\": operation not permitted" } })

---- legal_hold_tests::erase_rejected_while_held stdout ----

thread 'legal_hold_tests::erase_rejected_while_held' (105063) panicked at autumn-harvest/tests/integration/legal_hold_tests.rs:85:10:
failed to start Postgres container: Client(PullImage { descriptor: "postgres:16", err: DockerStreamError { error: "failed to extract layer (application/vnd.oci.image.layer.v1.tar+gzip sha256:bf8787dc3d9f01ed9e374788821940fd733d91f492332ef497e1239c0888faab) to overlayfs as \"extract-688809079--iIM sha256:40302900c72eb4bab05f1925eff7da33f4c8a297120c4482bea3059e6015c818\": failed to convert whiteout file \"etc/alternatives/.wh.pager.1.gz\": operation not permitted" } })

---- legal_hold_tests::hold_placed_mid_tick_is_not_deleted stdout ----

thread 'legal_hold_tests::hold_placed_mid_tick_is_not_deleted' (105070) panicked at autumn-harvest/tests/integration/legal_hold_tests.rs:85:10:
failed to start Postgres container: Client(PullImage { descriptor: "postgres:16", err: DockerStreamError { error: "failed to extract layer (application/vnd.oci.image.layer.v1.tar+gzip sha256:bf8787dc3d9f01ed9e374788821940fd733d91f492332ef497e1239c0888faab) to overlayfs as \"extract-79089811-X2j3 sha256:40302900c72eb4bab05f1925eff7da33f4c8a297120c4482bea3059e6015c818\": failed to convert whiteout file \"etc/alternatives/.wh.pager.1.gz\": operation not permitted" } })

---- legal_hold_tests::held_execution_survives_and_metric_is_zero_for_it stdout ----

thread 'legal_hold_tests::held_execution_survives_and_metric_is_zero_for_it' (105067) panicked at autumn-harvest/tests/integration/legal_hold_tests.rs:85:10:
failed to start Postgres container: Client(PullImage { descriptor: "postgres:16", err: DockerStreamError { error: "failed to extract layer (application/vnd.oci.image.layer.v1.tar+gzip sha256:bf8787dc3d9f01ed9e374788821940fd733d91f492332ef497e1239c0888faab) to overlayfs as \"extract-221303872-AlSS sha256:40302900c72eb4bab05f1925eff7da33f4c8a297120c4482bea3059e6015c818\": failed to convert whiteout file \"etc/alternatives/.wh.pager.1.gz\": operation not permitted" } })

---- legal_hold_tests::indefinitely_held_row_survives_two_ticks_metric_zero stdout ----

thread 'legal_hold_tests::indefinitely_held_row_survives_two_ticks_metric_zero' (105072) panicked at autumn-harvest/tests/integration/legal_hold_tests.rs:85:10:
failed to start Postgres container: Client(PullImage { descriptor: "postgres:16", err: DockerStreamError { error: "failed to extract layer (application/vnd.oci.image.layer.v1.tar+gzip sha256:bf8787dc3d9f01ed9e374788821940fd733d91f492332ef497e1239c0888faab) to overlayfs as \"extract-613530857-ON_T sha256:40302900c72eb4bab05f1925eff7da33f4c8a297120c4482bea3059e6015c818\": failed to convert whiteout file \"etc/alternatives/.wh.pager.1.gz\": operation not permitted" } })

---- legal_hold_tests::hold_on_running_execution_persists_and_is_untouched_by_tick stdout ----

thread 'legal_hold_tests::hold_on_running_execution_persists_and_is_untouched_by_tick' (105069) panicked at autumn-harvest/tests/integration/legal_hold_tests.rs:85:10:
failed to start Postgres container: Client(PullImage { descriptor: "postgres:16", err: DockerStreamError { error: "failed to extract layer (application/vnd.oci.image.layer.v1.tar+gzip sha256:bf8787dc3d9f01ed9e374788821940fd733d91f492332ef497e1239c0888faab) to overlayfs as \"extract-519663459-u384 sha256:40302900c72eb4bab05f1925eff7da33f4c8a297120c4482bea3059e6015c818\": failed to convert whiteout file \"etc/alternatives/.wh.pager.1.gz\": operation not permitted" } })

---- legal_hold_tests::hold_trumps_global_and_override stdout ----

thread 'legal_hold_tests::hold_trumps_global_and_override' (105071) panicked at autumn-harvest/tests/integration/legal_hold_tests.rs:85:10:
failed to start Postgres container: Client(PullImage { descriptor: "postgres:16", err: DockerStreamError { error: "failed to extract layer (application/vnd.oci.image.layer.v1.tar+gzip sha256:bf8787dc3d9f01ed9e374788821940fd733d91f492332ef497e1239c0888faab) to overlayfs as \"extract-11137187-Sfri sha256:40302900c72eb4bab05f1925eff7da33f4c8a297120c4482bea3059e6015c818\": failed to convert whiteout file \"etc/alternatives/.wh.pager.1.gz\": operation not permitted" } })

---- legal_hold_tests::expired_hold_is_overwritten_by_a_fresh_set stdout ----

thread 'legal_hold_tests::expired_hold_is_overwritten_by_a_fresh_set' (105065) panicked at autumn-harvest/tests/integration/legal_hold_tests.rs:85:10:
failed to start Postgres container: Client(PullImage { descriptor: "postgres:16", err: DockerStreamError { error: "failed to extract layer (application/vnd.oci.image.layer.v1.tar+gzip sha256:bf8787dc3d9f01ed9e374788821940fd733d91f492332ef497e1239c0888faab) to overlayfs as \"extract-385458702-jMkY sha256:40302900c72eb4bab05f1925eff7da33f4c8a297120c4482bea3059e6015c818\": failed to convert whiteout file \"etc/alternatives/.wh.pager.1.gz\": operation not permitted" } })

---- legal_hold_tests::set_release_idempotency_round_trip stdout ----

thread 'legal_hold_tests::set_release_idempotency_round_trip' (105075) panicked at autumn-harvest/tests/integration/legal_hold_tests.rs:85:10:
failed to start Postgres container: Client(PullImage { descriptor: "postgres:16", err: DockerStreamError { error: "failed to extract layer (application/vnd.oci.image.layer.v1.tar+gzip sha256:bf8787dc3d9f01ed9e374788821940fd733d91f492332ef497e1239c0888faab) to overlayfs as \"extract-392153890-9tRm sha256:40302900c72eb4bab05f1925eff7da33f4c8a297120c4482bea3059e6015c818\": failed to convert whiteout file \"etc/alternatives/.wh.pager.1.gz\": operation not permitted" } })

---- metrics_integration::child_hard_cap_dlq_notifies_parent_and_stops_inline_growth stdout ----

thread 'metrics_integration::child_hard_cap_dlq_notifies_parent_and_stops_inline_growth' (105162) panicked at autumn-harvest/tests/integration/metrics_integration.rs:315:10:
failed to start Postgres container: Client(PullImage { descriptor: "postgres:16", err: DockerStreamError { error: "failed to extract layer (application/vnd.oci.image.layer.v1.tar+gzip sha256:bf8787dc3d9f01ed9e374788821940fd733d91f492332ef497e1239c0888faab) to overlayfs as \"extract-535562411-pTo2 sha256:40302900c72eb4bab05f1925eff7da33f4c8a297120c4482bea3059e6015c818\": failed to convert whiteout file \"etc/alternatives/.wh.pager.1.gz\": operation not permitted" } })

---- legal_hold_tests::release_of_expired_hold_clears_columns stdout ----

thread 'legal_hold_tests::release_of_expired_hold_clears_columns' (105073) panicked at autumn-harvest/tests/integration/legal_hold_tests.rs:85:10:
failed to start Postgres container: Client(PullImage { descriptor: "postgres:16", err: DockerStreamError { error: "failed to extract layer (application/vnd.oci.image.layer.v1.tar+gzip sha256:bf8787dc3d9f01ed9e374788821940fd733d91f492332ef497e1239c0888faab) to overlayfs as \"extract-733809054--Exs sha256:40302900c72eb4bab05f1925eff7da33f4c8a297120c4482bea3059e6015c818\": failed to convert whiteout file \"etc/alternatives/.wh.pager.1.gz\": operation not permitted" } })

---- metrics_integration::continue_as_new_records_history_size_and_rotation_metrics stdout ----

thread 'metrics_integration::continue_as_new_records_history_size_and_rotation_metrics' (105176) panicked at autumn-harvest/tests/integration/metrics_integration.rs:315:10:
failed to start Postgres container: Client(PullImage { descriptor: "postgres:16", err: DockerStreamError { error: "failed to extract layer (application/vnd.oci.image.layer.v1.tar+gzip sha256:bf8787dc3d9f01ed9e374788821940fd733d91f492332ef497e1239c0888faab) to overlayfs as \"extract-818419604-ya6_ sha256:40302900c72eb4bab05f1925eff7da33f4c8a297120c4482bea3059e6015c818\": failed to convert whiteout file \"etc/alternatives/.wh.pager.1.gz\": operation not permitted" } })

---- legal_hold_tests::set_legal_hold_with_past_until_reports_inactive stdout ----

thread 'legal_hold_tests::set_legal_hold_with_past_until_reports_inactive' (105074) panicked at autumn-harvest/tests/integration/legal_hold_tests.rs:85:10:
failed to start Postgres container: Client(PullImage { descriptor: "postgres:16", err: DockerStreamError { error: "failed to extract layer (application/vnd.oci.image.layer.v1.tar+gzip sha256:bf8787dc3d9f01ed9e374788821940fd733d91f492332ef497e1239c0888faab) to overlayfs as \"extract-650981875-2ZnF sha256:40302900c72eb4bab05f1925eff7da33f4c8a297120c4482bea3059e6015c818\": failed to convert whiteout file \"etc/alternatives/.wh.pager.1.gz\": operation not permitted" } })

---- metrics_integration::local_activity_retries_stop_when_hard_cap_is_reached stdout ----

thread 'metrics_integration::local_activity_retries_stop_when_hard_cap_is_reached' (105564) panicked at autumn-harvest/tests/integration/metrics_integration.rs:315:10:
failed to start Postgres container: Client(PullImage { descriptor: "postgres:16", err: DockerStreamError { error: "failed to extract layer (application/vnd.oci.image.layer.v1.tar+gzip sha256:bf8787dc3d9f01ed9e374788821940fd733d91f492332ef497e1239c0888faab) to overlayfs as \"extract-613124858-smOG sha256:40302900c72eb4bab05f1925eff7da33f4c8a297120c4482bea3059e6015c818\": failed to convert whiteout file \"etc/alternatives/.wh.pager.1.gz\": operation not permitted" } })

---- metrics_integration::dlq_depth_sampler_emits_dlq_entries_metric stdout ----

thread 'metrics_integration::dlq_depth_sampler_emits_dlq_entries_metric' (105518) panicked at autumn-harvest/tests/integration/metrics_integration.rs:315:10:
failed to start Postgres container: Client(PullImage { descriptor: "postgres:16", err: DockerStreamError { error: "failed to extract layer (application/vnd.oci.image.layer.v1.tar+gzip sha256:bf8787dc3d9f01ed9e374788821940fd733d91f492332ef497e1239c0888faab) to overlayfs as \"extract-761346869-cB0d sha256:40302900c72eb4bab05f1925eff7da33f4c8a297120c4482bea3059e6015c818\": failed to convert whiteout file \"etc/alternatives/.wh.pager.1.gz\": operation not permitted" } })

---- metrics_integration::oldest_pending_age_excludes_paused_executions stdout ----

thread 'metrics_integration::oldest_pending_age_excludes_paused_executions' (105595) panicked at autumn-harvest/tests/integration/metrics_integration.rs:315:10:
failed to start Postgres container: Client(PullImage { descriptor: "postgres:16", err: DockerStreamError { error: "failed to extract layer (application/vnd.oci.image.layer.v1.tar+gzip sha256:bf8787dc3d9f01ed9e374788821940fd733d91f492332ef497e1239c0888faab) to overlayfs as \"extract-17786258-dMNd sha256:40302900c72eb4bab05f1925eff7da33f4c8a297120c4482bea3059e6015c818\": failed to convert whiteout file \"etc/alternatives/.wh.pager.1.gz\": operation not permitted" } })

---- metrics_integration::oldest_pending_age_excludes_rate_limited_tasks stdout ----

thread 'metrics_integration::oldest_pending_age_excludes_rate_limited_tasks' (106116) panicked at autumn-harvest/tests/integration/metrics_integration.rs:315:10:
failed to start Postgres container: Client(PullImage { descriptor: "postgres:16", err: DockerStreamError { error: "failed to extract layer (application/vnd.oci.image.layer.v1.tar+gzip sha256:bf8787dc3d9f01ed9e374788821940fd733d91f492332ef497e1239c0888faab) to overlayfs as \"extract-75395080-O3UO sha256:40302900c72eb4bab05f1925eff7da33f4c8a297120c4482bea3059e6015c818\": failed to convert whiteout file \"etc/alternatives/.wh.pager.1.gz\": operation not permitted" } })

---- metrics_integration::oldest_pending_age_excludes_saturated_concurrency_cap stdout ----

thread 'metrics_integration::oldest_pending_age_excludes_saturated_concurrency_cap' (106120) panicked at autumn-harvest/tests/integration/metrics_integration.rs:315:10:
failed to start Postgres container: Client(PullImage { descriptor: "postgres:16", err: DockerStreamError { error: "failed to extract layer (application/vnd.oci.image.layer.v1.tar+gzip sha256:bf8787dc3d9f01ed9e374788821940fd733d91f492332ef497e1239c0888faab) to overlayfs as \"extract-346744689-woU7 sha256:40302900c72eb4bab05f1925eff7da33f4c8a297120c4482bea3059e6015c818\": failed to convert whiteout file \"etc/alternatives/.wh.pager.1.gz\": operation not permitted" } })

---- metrics_integration::schedule_to_start_histogram_emitted_at_dispatch stdout ----

thread 'metrics_integration::schedule_to_start_histogram_emitted_at_dispatch' (106259) panicked at autumn-harvest/tests/integration/metrics_integration.rs:315:10:
failed to start Postgres container: Client(PullImage { descriptor: "postgres:16", err: DockerStreamError { error: "failed to extract layer (application/vnd.oci.image.layer.v1.tar+gzip sha256:bf8787dc3d9f01ed9e374788821940fd733d91f492332ef497e1239c0888faab) to overlayfs as \"extract-522444402-QTDT sha256:40302900c72eb4bab05f1925eff7da33f4c8a297120c4482bea3059e6015c818\": failed to convert whiteout file \"etc/alternatives/.wh.pager.1.gz\": operation not permitted" } })

---- metrics_integration::suspended_commands_that_reach_hard_cap_move_to_dlq_immediately stdout ----

thread 'metrics_integration::suspended_commands_that_reach_hard_cap_move_to_dlq_immediately' (106290) panicked at autumn-harvest/tests/integration/metrics_integration.rs:315:10:
failed to start Postgres container: Client(PullImage { descriptor: "postgres:16", err: DockerStreamError { error: "failed to extract layer (application/vnd.oci.image.layer.v1.tar+gzip sha256:bf8787dc3d9f01ed9e374788821940fd733d91f492332ef497e1239c0888faab) to overlayfs as \"extract-956223619-dBG3 sha256:40302900c72eb4bab05f1925eff7da33f4c8a297120c4482bea3059e6015c818\": failed to convert whiteout file \"etc/alternatives/.wh.pager.1.gz\": operation not permitted" } })

---- metrics_integration::workflow_and_activity_metrics_are_recorded stdout ----

thread 'metrics_integration::workflow_and_activity_metrics_are_recorded' (106312) panicked at autumn-harvest/tests/integration/metrics_integration.rs:315:10:
failed to start Postgres container: Client(PullImage { descriptor: "postgres:16", err: DockerStreamError { error: "failed to extract layer (application/vnd.oci.image.layer.v1.tar+gzip sha256:bf8787dc3d9f01ed9e374788821940fd733d91f492332ef497e1239c0888faab) to overlayfs as \"extract-527358161-lpDX sha256:40302900c72eb4bab05f1925eff7da33f4c8a297120c4482bea3059e6015c818\": failed to convert whiteout file \"etc/alternatives/.wh.pager.1.gz\": operation not permitted" } })

---- metrics_integration::workflow_completed_with_unfinished_updates_emits_metric stdout ----

thread 'metrics_integration::workflow_completed_with_unfinished_updates_emits_metric' (106325) panicked at autumn-harvest/tests/integration/metrics_integration.rs:315:10:
failed to start Postgres container: Client(PullImage { descriptor: "postgres:16", err: DockerStreamError { error: "failed to extract layer (application/vnd.oci.image.layer.v1.tar+gzip sha256:bf8787dc3d9f01ed9e374788821940fd733d91f492332ef497e1239c0888faab) to overlayfs as \"extract-849257202-1xvh sha256:40302900c72eb4bab05f1925eff7da33f4c8a297120c4482bea3059e6015c818\": failed to convert whiteout file \"etc/alternatives/.wh.pager.1.gz\": operation not permitted" } })

---- metrics_integration::workflow_hard_cap_dlq_preserves_terminal_attempt_count stdout ----

thread 'metrics_integration::workflow_hard_cap_dlq_preserves_terminal_attempt_count' (106349) panicked at autumn-harvest/tests/integration/metrics_integration.rs:315:10:
failed to start Postgres container: Client(PullImage { descriptor: "postgres:16", err: DockerStreamError { error: "failed to extract layer (application/vnd.oci.image.layer.v1.tar+gzip sha256:bf8787dc3d9f01ed9e374788821940fd733d91f492332ef497e1239c0888faab) to overlayfs as \"extract-262083121-wVMi sha256:40302900c72eb4bab05f1925eff7da33f4c8a297120c4482bea3059e6015c818\": failed to convert whiteout file \"etc/alternatives/.wh.pager.1.gz\": operation not permitted" } })

---- metrics_integration::workflow_hard_cap_moves_offender_to_dlq stdout ----

thread 'metrics_integration::workflow_hard_cap_moves_offender_to_dlq' (106381) panicked at autumn-harvest/tests/integration/metrics_integration.rs:315:10:
failed to start Postgres container: Client(PullImage { descriptor: "postgres:16", err: DockerStreamError { error: "failed to extract layer (application/vnd.oci.image.layer.v1.tar+gzip sha256:bf8787dc3d9f01ed9e374788821940fd733d91f492332ef497e1239c0888faab) to overlayfs as \"extract-733075403-Liwl sha256:40302900c72eb4bab05f1925eff7da33f4c8a297120c4482bea3059e6015c818\": failed to convert whiteout file \"etc/alternatives/.wh.pager.1.gz\": operation not permitted" } })

---- metrics_integration::detached_parent_close_cascade_counts_against_history_cap stdout ----

thread 'metrics_integration::detached_parent_close_cascade_counts_against_history_cap' (105264) panicked at autumn-harvest/tests/integration/metrics_integration.rs:315:10:
failed to start Postgres container: Client(PullImage { descriptor: "postgres:16", err: DockerStreamError { error: "failed to extract layer (application/vnd.oci.image.layer.v1.tar+gzip sha256:bf8787dc3d9f01ed9e374788821940fd733d91f492332ef497e1239c0888faab) to overlayfs as \"extract-156075516-CTsn sha256:40302900c72eb4bab05f1925eff7da33f4c8a297120c4482bea3059e6015c818\": failed to convert whiteout file \"etc/alternatives/.wh.pager.1.gz\": operation not permitted" } })

---- nd_block_tests::author_error_still_fails_terminally stdout ----

thread 'nd_block_tests::author_error_still_fails_terminally' (106410) panicked at autumn-harvest/tests/integration/nd_block_tests.rs:272:10:
failed to start Postgres container: Client(PullImage { descriptor: "postgres:16", err: DockerStreamError { error: "failed to extract layer (application/vnd.oci.image.layer.v1.tar+gzip sha256:bf8787dc3d9f01ed9e374788821940fd733d91f492332ef497e1239c0888faab) to overlayfs as \"extract-231402977-x4OA sha256:40302900c72eb4bab05f1925eff7da33f4c8a297120c4482bea3059e6015c818\": failed to convert whiteout file \"etc/alternatives/.wh.pager.1.gz\": operation not permitted" } })

---- metrics_integration::workflow_non_determinism_metric_and_search_attrs_are_recorded stdout ----

thread 'metrics_integration::workflow_non_determinism_metric_and_search_attrs_are_recorded' (106404) panicked at autumn-harvest/tests/integration/metrics_integration.rs:315:10:
failed to start Postgres container: Client(PullImage { descriptor: "postgres:16", err: DockerStreamError { error: "failed to extract layer (application/vnd.oci.image.layer.v1.tar+gzip sha256:bf8787dc3d9f01ed9e374788821940fd733d91f492332ef497e1239c0888faab) to overlayfs as \"extract-344206852-_8RL sha256:40302900c72eb4bab05f1925eff7da33f4c8a297120c4482bea3059e6015c818\": failed to convert whiteout file \"etc/alternatives/.wh.pager.1.gz\": operation not permitted" } })

---- nd_block_tests::blocked_execution_resumes_after_rollback stdout ----

thread 'nd_block_tests::blocked_execution_resumes_after_rollback' (106434) panicked at autumn-harvest/tests/integration/nd_block_tests.rs:272:10:
failed to start Postgres container: Client(PullImage { descriptor: "postgres:16", err: DockerStreamError { error: "failed to extract layer (application/vnd.oci.image.layer.v1.tar+gzip sha256:bf8787dc3d9f01ed9e374788821940fd733d91f492332ef497e1239c0888faab) to overlayfs as \"extract-674272937--syN sha256:40302900c72eb4bab05f1925eff7da33f4c8a297120c4482bea3059e6015c818\": failed to convert whiteout file \"etc/alternatives/.wh.pager.1.gz\": operation not permitted" } })

---- nd_block_tests::completion_never_touches_search_attrs_on_a_row_that_was_never_nd_blocked stdout ----

thread 'nd_block_tests::completion_never_touches_search_attrs_on_a_row_that_was_never_nd_blocked' (106455) panicked at autumn-harvest/tests/integration/nd_block_tests.rs:272:10:
failed to start Postgres container: Client(PullImage { descriptor: "postgres:16", err: DockerStreamError { error: "failed to extract layer (application/vnd.oci.image.layer.v1.tar+gzip sha256:bf8787dc3d9f01ed9e374788821940fd733d91f492332ef497e1239c0888faab) to overlayfs as \"extract-100038870-N3_z sha256:40302900c72eb4bab05f1925eff7da33f4c8a297120c4482bea3059e6015c818\": failed to convert whiteout file \"etc/alternatives/.wh.pager.1.gz\": operation not permitted" } })

---- metrics_integration::oldest_pending_age_query_positive_then_zero_after_drain stdout ----

thread 'metrics_integration::oldest_pending_age_query_positive_then_zero_after_drain' (106125) panicked at autumn-harvest/tests/integration/metrics_integration.rs:315:10:
failed to start Postgres container: Client(PullImage { descriptor: "postgres:16", err: DockerStreamError { error: "failed to extract layer (application/vnd.oci.image.layer.v1.tar+gzip sha256:bf8787dc3d9f01ed9e374788821940fd733d91f492332ef497e1239c0888faab) to overlayfs as \"extract-264980355-qy1Q sha256:40302900c72eb4bab05f1925eff7da33f4c8a297120c4482bea3059e6015c818\": failed to convert whiteout file \"etc/alternatives/.wh.pager.1.gz\": operation not permitted" } })

---- nd_block_tests::divergent_replay_blocks_instead_of_failing stdout ----

thread 'nd_block_tests::divergent_replay_blocks_instead_of_failing' (106634) panicked at autumn-harvest/tests/integration/nd_block_tests.rs:272:10:
failed to start Postgres container: Client(PullImage { descriptor: "postgres:16", err: DockerStreamError { error: "failed to extract layer (application/vnd.oci.image.layer.v1.tar+gzip sha256:bf8787dc3d9f01ed9e374788821940fd733d91f492332ef497e1239c0888faab) to overlayfs as \"extract-200591609-rLfV sha256:40302900c72eb4bab05f1925eff7da33f4c8a297120c4482bea3059e6015c818\": failed to convert whiteout file \"etc/alternatives/.wh.pager.1.gz\": operation not permitted" } })

---- nd_block_tests::nd_block_clears_stale_mixed_signal_suspension_sentinel stdout ----

thread 'nd_block_tests::nd_block_clears_stale_mixed_signal_suspension_sentinel' (106643) panicked at autumn-harvest/tests/integration/nd_block_tests.rs:272:10:
failed to start Postgres container: Client(PullImage { descriptor: "postgres:16", err: DockerStreamError { error: "failed to extract layer (application/vnd.oci.image.layer.v1.tar+gzip sha256:bf8787dc3d9f01ed9e374788821940fd733d91f492332ef497e1239c0888faab) to overlayfs as \"extract-659759873-gn33 sha256:40302900c72eb4bab05f1925eff7da33f4c8a297120c4482bea3059e6015c818\": failed to convert whiteout file \"etc/alternatives/.wh.pager.1.gz\": operation not permitted" } })

---- nd_block_tests::reblock_increments_count_and_grows_backoff stdout ----

thread 'nd_block_tests::reblock_increments_count_and_grows_backoff' (106668) panicked at autumn-harvest/tests/integration/nd_block_tests.rs:272:10:
failed to start Postgres container: Client(PullImage { descriptor: "postgres:16", err: DockerStreamError { error: "failed to extract layer (application/vnd.oci.image.layer.v1.tar+gzip sha256:bf8787dc3d9f01ed9e374788821940fd733d91f492332ef497e1239c0888faab) to overlayfs as \"extract-85354662-TnMg sha256:40302900c72eb4bab05f1925eff7da33f4c8a297120c4482bea3059e6015c818\": failed to convert whiteout file \"etc/alternatives/.wh.pager.1.gz\": operation not permitted" } })

---- nd_block_tests::continue_as_new_successor_does_not_inherit_stale_nd_search_attrs stdout ----

thread 'nd_block_tests::continue_as_new_successor_does_not_inherit_stale_nd_search_attrs' (106496) panicked at autumn-harvest/tests/integration/nd_block_tests.rs:272:10:
failed to start Postgres container: Client(PullImage { descriptor: "postgres:16", err: DockerStreamError { error: "failed to extract layer (application/vnd.oci.image.layer.v1.tar+gzip sha256:bf8787dc3d9f01ed9e374788821940fd733d91f492332ef497e1239c0888faab) to overlayfs as \"extract-285782296-1euv sha256:40302900c72eb4bab05f1925eff7da33f4c8a297120c4482bea3059e6015c818\": failed to convert whiteout file \"etc/alternatives/.wh.pager.1.gz\": operation not permitted" } })

---- panic_containment_tests::activity_handler_panic_is_contained_and_retried_then_terminal stdout ----

thread 'panic_containment_tests::activity_handler_panic_is_contained_and_retried_then_terminal' (106683) panicked at autumn-harvest/tests/integration/panic_containment_tests.rs:196:10:
failed to start Postgres container: Client(PullImage { descriptor: "postgres:16", err: DockerStreamError { error: "failed to extract layer (application/vnd.oci.image.layer.v1.tar+gzip sha256:bf8787dc3d9f01ed9e374788821940fd733d91f492332ef497e1239c0888faab) to overlayfs as \"extract-523306315--nBV sha256:40302900c72eb4bab05f1925eff7da33f4c8a297120c4482bea3059e6015c818\": failed to convert whiteout file \"etc/alternatives/.wh.pager.1.gz\": operation not permitted" } })

---- panic_containment_tests::backing_off_activity_task_error_column_carries_the_panic_message stdout ----

thread 'panic_containment_tests::backing_off_activity_task_error_column_carries_the_panic_message' (106705) panicked at autumn-harvest/tests/integration/panic_containment_tests.rs:196:10:
failed to start Postgres container: Client(PullImage { descriptor: "postgres:16", err: DockerStreamError { error: "failed to extract layer (application/vnd.oci.image.layer.v1.tar+gzip sha256:bf8787dc3d9f01ed9e374788821940fd733d91f492332ef497e1239c0888faab) to overlayfs as \"extract-704744829-EnDI sha256:40302900c72eb4bab05f1925eff7da33f4c8a297120c4482bea3059e6015c818\": failed to convert whiteout file \"etc/alternatives/.wh.pager.1.gz\": operation not permitted" } })

---- panic_containment_tests::child_workflow_panic_surfaces_to_parent_as_typed_handler_panic stdout ----

thread 'panic_containment_tests::child_workflow_panic_surfaces_to_parent_as_typed_handler_panic' (106748) panicked at autumn-harvest/tests/integration/panic_containment_tests.rs:196:10:
failed to start Postgres container: Client(PullImage { descriptor: "postgres:16", err: DockerStreamError { error: "failed to extract layer (application/vnd.oci.image.layer.v1.tar+gzip sha256:bf8787dc3d9f01ed9e374788821940fd733d91f492332ef497e1239c0888faab) to overlayfs as \"extract-998760650-leFH sha256:40302900c72eb4bab05f1925eff7da33f4c8a297120c4482bea3059e6015c818\": failed to convert whiteout file \"etc/alternatives/.wh.pager.1.gz\": operation not permitted" } })

---- panic_containment_tests::local_activity_handler_panic_is_contained_and_retried_then_terminal stdout ----

thread 'panic_containment_tests::local_activity_handler_panic_is_contained_and_retried_then_terminal' (106775) panicked at autumn-harvest/tests/integration/panic_containment_tests.rs:196:10:
failed to start Postgres container: Client(PullImage { descriptor: "postgres:16", err: DockerStreamError { error: "failed to extract layer (application/vnd.oci.image.layer.v1.tar+gzip sha256:bf8787dc3d9f01ed9e374788821940fd733d91f492332ef497e1239c0888faab) to overlayfs as \"extract-168106894-l-ND sha256:40302900c72eb4bab05f1925eff7da33f4c8a297120c4482bea3059e6015c818\": failed to convert whiteout file \"etc/alternatives/.wh.pager.1.gz\": operation not permitted" } })

---- panic_containment_tests::panicking_activity_task_leaves_running_within_one_poll_interval stdout ----

thread 'panic_containment_tests::panicking_activity_task_leaves_running_within_one_poll_interval' (106821) panicked at autumn-harvest/tests/integration/panic_containment_tests.rs:196:10:
failed to start Postgres container: Client(PullImage { descriptor: "postgres:16", err: DockerStreamError { error: "failed to extract layer (application/vnd.oci.image.layer.v1.tar+gzip sha256:bf8787dc3d9f01ed9e374788821940fd733d91f492332ef497e1239c0888faab) to overlayfs as \"extract-459346937-1_81 sha256:40302900c72eb4bab05f1925eff7da33f4c8a297120c4482bea3059e6015c818\": failed to convert whiteout file \"etc/alternatives/.wh.pager.1.gz\": operation not permitted" } })

---- panic_containment_tests::workflow_construction_phase_panic_is_contained_as_handler_panic_terminal stdout ----

thread 'panic_containment_tests::workflow_construction_phase_panic_is_contained_as_handler_panic_terminal' (106833) panicked at autumn-harvest/tests/integration/panic_containment_tests.rs:196:10:
failed to start Postgres container: Client(PullImage { descriptor: "postgres:16", err: DockerStreamError { error: "failed to extract layer (application/vnd.oci.image.layer.v1.tar+gzip sha256:bf8787dc3d9f01ed9e374788821940fd733d91f492332ef497e1239c0888faab) to overlayfs as \"extract-594166746-QO08 sha256:40302900c72eb4bab05f1925eff7da33f4c8a297120c4482bea3059e6015c818\": failed to convert whiteout file \"etc/alternatives/.wh.pager.1.gz\": operation not permitted" } })

---- panic_containment_tests::workflow_handler_panic_is_re_dispatched_then_terminal_within_budget stdout ----

thread 'panic_containment_tests::workflow_handler_panic_is_re_dispatched_then_terminal_within_budget' (106881) panicked at autumn-harvest/tests/integration/panic_containment_tests.rs:196:10:
failed to start Postgres container: Client(PullImage { descriptor: "postgres:16", err: DockerStreamError { error: "failed to extract layer (application/vnd.oci.image.layer.v1.tar+gzip sha256:bf8787dc3d9f01ed9e374788821940fd733d91f492332ef497e1239c0888faab) to overlayfs as \"extract-894762911-lw95 sha256:40302900c72eb4bab05f1925eff7da33f4c8a297120c4482bea3059e6015c818\": failed to convert whiteout file \"etc/alternatives/.wh.pager.1.gz\": operation not permitted" } })

---- panic_containment_tests::workflow_panic_max_attempts_zero_is_terminal_on_first_panic stdout ----

thread 'panic_containment_tests::workflow_panic_max_attempts_zero_is_terminal_on_first_panic' (106884) panicked at autumn-harvest/tests/integration/panic_containment_tests.rs:196:10:
failed to start Postgres container: Client(PullImage { descriptor: "postgres:16", err: DockerStreamError { error: "failed to extract layer (application/vnd.oci.image.layer.v1.tar+gzip sha256:bf8787dc3d9f01ed9e374788821940fd733d91f492332ef497e1239c0888faab) to overlayfs as \"extract-40151911-Fn8_ sha256:40302900c72eb4bab05f1925eff7da33f4c8a297120c4482bea3059e6015c818\": failed to convert whiteout file \"etc/alternatives/.wh.pager.1.gz\": operation not permitted" } })

---- pause_tests::activity_schedule_to_close_enforcement_yields_to_a_pause_committed_after_the_scan stdout ----

thread 'pause_tests::activity_schedule_to_close_enforcement_yields_to_a_pause_committed_after_the_scan' (106905) panicked at autumn-harvest/tests/integration/pause_tests.rs:148:10:
failed to start Postgres container: Client(PullImage { descriptor: "postgres:16", err: DockerStreamError { error: "failed to extract layer (application/vnd.oci.image.layer.v1.tar+gzip sha256:bf8787dc3d9f01ed9e374788821940fd733d91f492332ef497e1239c0888faab) to overlayfs as \"extract-339757485-LO4z sha256:40302900c72eb4bab05f1925eff7da33f4c8a297120c4482bea3059e6015c818\": failed to convert whiteout file \"etc/alternatives/.wh.pager.1.gz\": operation not permitted" } })

---- pause_tests::cancel_beats_pause stdout ----

thread 'pause_tests::cancel_beats_pause' (106934) panicked at autumn-harvest/tests/integration/pause_tests.rs:148:10:
failed to start Postgres container: Client(PullImage { descriptor: "postgres:16", err: DockerStreamError { error: "failed to extract layer (application/vnd.oci.image.layer.v1.tar+gzip sha256:bf8787dc3d9f01ed9e374788821940fd733d91f492332ef497e1239c0888faab) to overlayfs as \"extract-786504107-ljLD sha256:40302900c72eb4bab05f1925eff7da33f4c8a297120c4482bea3059e6015c818\": failed to convert whiteout file \"etc/alternatives/.wh.pager.1.gz\": operation not permitted" } })

---- pause_tests::external_task_enforcement_yields_to_a_pause_committed_after_the_scan stdout ----

thread 'pause_tests::external_task_enforcement_yields_to_a_pause_committed_after_the_scan' (106953) panicked at autumn-harvest/tests/integration/pause_tests.rs:148:10:
failed to start Postgres container: Client(PullImage { descriptor: "postgres:16", err: DockerStreamError { error: "failed to extract layer (application/vnd.oci.image.layer.v1.tar+gzip sha256:bf8787dc3d9f01ed9e374788821940fd733d91f492332ef497e1239c0888faab) to overlayfs as \"extract-253844487-ogHU sha256:40302900c72eb4bab05f1925eff7da33f4c8a297120c4482bea3059e6015c818\": failed to convert whiteout file \"etc/alternatives/.wh.pager.1.gz\": operation not permitted" } })

---- pause_tests::external_task_timeout_scanner_skips_paused_executions stdout ----

thread 'pause_tests::external_task_timeout_scanner_skips_paused_executions' (106970) panicked at autumn-harvest/tests/integration/pause_tests.rs:148:10:
failed to start Postgres container: Client(PullImage { descriptor: "postgres:16", err: DockerStreamError { error: "failed to extract layer (application/vnd.oci.image.layer.v1.tar+gzip sha256:bf8787dc3d9f01ed9e374788821940fd733d91f492332ef497e1239c0888faab) to overlayfs as \"extract-669316100-Ng1z sha256:40302900c72eb4bab05f1925eff7da33f4c8a297120c4482bea3059e6015c818\": failed to convert whiteout file \"etc/alternatives/.wh.pager.1.gz\": operation not permitted" } })

---- pause_tests::auto_resume_expired_pauses_force_resumes stdout ----

thread 'pause_tests::auto_resume_expired_pauses_force_resumes' (106916) panicked at autumn-harvest/tests/integration/pause_tests.rs:148:10:
failed to start Postgres container: Client(PullImage { descriptor: "postgres:16", err: DockerStreamError { error: "failed to extract layer (application/vnd.oci.image.layer.v1.tar+gzip sha256:bf8787dc3d9f01ed9e374788821940fd733d91f492332ef497e1239c0888faab) to overlayfs as \"extract-462379345-OBgi sha256:40302900c72eb4bab05f1925eff7da33f4c8a297120c4482bea3059e6015c818\": failed to convert whiteout file \"etc/alternatives/.wh.pager.1.gz\": operation not permitted" } })

---- pause_tests::pause_during_inflight_decision_task_discards_pending_commands stdout ----

thread 'pause_tests::pause_during_inflight_decision_task_discards_pending_commands' (107116) panicked at autumn-harvest/tests/integration/pause_tests.rs:148:10:
failed to start Postgres container: Client(PullImage { descriptor: "postgres:16", err: DockerStreamError { error: "failed to extract layer (application/vnd.oci.image.layer.v1.tar+gzip sha256:bf8787dc3d9f01ed9e374788821940fd733d91f492332ef497e1239c0888faab) to overlayfs as \"extract-637931510-zRww sha256:40302900c72eb4bab05f1925eff7da33f4c8a297120c4482bea3059e6015c818\": failed to convert whiteout file \"etc/alternatives/.wh.pager.1.gz\": operation not permitted" } })

---- pause_tests::pause_is_idempotent stdout ----

thread 'pause_tests::pause_is_idempotent' (107146) panicked at autumn-harvest/tests/integration/pause_tests.rs:148:10:
failed to start Postgres container: Client(PullImage { descriptor: "postgres:16", err: DockerStreamError { error: "failed to extract layer (application/vnd.oci.image.layer.v1.tar+gzip sha256:bf8787dc3d9f01ed9e374788821940fd733d91f492332ef497e1239c0888faab) to overlayfs as \"extract-41666896-yQOl sha256:40302900c72eb4bab05f1925eff7da33f4c8a297120c4482bea3059e6015c818\": failed to convert whiteout file \"etc/alternatives/.wh.pager.1.gz\": operation not permitted" } })

---- pause_tests::pause_defers_timer_then_resume_fires_and_replays_deterministically stdout ----

thread 'pause_tests::pause_defers_timer_then_resume_fires_and_replays_deterministically' (106993) panicked at autumn-harvest/tests/integration/pause_tests.rs:148:10:
failed to start Postgres container: Client(PullImage { descriptor: "postgres:16", err: DockerStreamError { error: "failed to extract layer (application/vnd.oci.image.layer.v1.tar+gzip sha256:bf8787dc3d9f01ed9e374788821940fd733d91f492332ef497e1239c0888faab) to overlayfs as \"extract-84275847-cdmR sha256:40302900c72eb4bab05f1925eff7da33f4c8a297120c4482bea3059e6015c818\": failed to convert whiteout file \"etc/alternatives/.wh.pager.1.gz\": operation not permitted" } })

---- pause_tests::pause_rejects_terminal_execution stdout ----

thread 'pause_tests::pause_rejects_terminal_execution' (107165) panicked at autumn-harvest/tests/integration/pause_tests.rs:148:10:
failed to start Postgres container: Client(PullImage { descriptor: "postgres:16", err: DockerStreamError { error: "failed to extract layer (application/vnd.oci.image.layer.v1.tar+gzip sha256:bf8787dc3d9f01ed9e374788821940fd733d91f492332ef497e1239c0888faab) to overlayfs as \"extract-605697099-GTRm sha256:40302900c72eb4bab05f1925eff7da33f4c8a297120c4482bea3059e6015c818\": failed to convert whiteout file \"etc/alternatives/.wh.pager.1.gz\": operation not permitted" } })

---- pause_tests::pause_then_resume_transitions_and_records_events stdout ----

thread 'pause_tests::pause_then_resume_transitions_and_records_events' (107168) panicked at autumn-harvest/tests/integration/pause_tests.rs:148:10:
failed to start Postgres container: Client(PullImage { descriptor: "postgres:16", err: DockerStreamError { error: "failed to extract layer (application/vnd.oci.image.layer.v1.tar+gzip sha256:bf8787dc3d9f01ed9e374788821940fd733d91f492332ef497e1239c0888faab) to overlayfs as \"extract-605018835-Shx9 sha256:40302900c72eb4bab05f1925eff7da33f4c8a297120c4482bea3059e6015c818\": failed to convert whiteout file \"etc/alternatives/.wh.pager.1.gz\": operation not permitted" } })

---- pause_tests::pause_unknown_execution_is_not_found stdout ----

thread 'pause_tests::pause_unknown_execution_is_not_found' (107173) panicked at autumn-harvest/tests/integration/pause_tests.rs:148:10:
failed to start Postgres container: Client(PullImage { descriptor: "postgres:16", err: DockerStreamError { error: "failed to extract layer (application/vnd.oci.image.layer.v1.tar+gzip sha256:bf8787dc3d9f01ed9e374788821940fd733d91f492332ef497e1239c0888faab) to overlayfs as \"extract-956376242-8Fbg sha256:40302900c72eb4bab05f1925eff7da33f4c8a297120c4482bea3059e6015c818\": failed to convert whiteout file \"etc/alternatives/.wh.pager.1.gz\": operation not permitted" } })

---- pause_tests::paused_workflow_task_is_not_claimed stdout ----

thread 'pause_tests::paused_workflow_task_is_not_claimed' (107175) panicked at autumn-harvest/tests/integration/pause_tests.rs:148:10:
failed to start Postgres container: Client(PullImage { descriptor: "postgres:16", err: DockerStreamError { error: "failed to extract layer (application/vnd.oci.image.layer.v1.tar+gzip sha256:bf8787dc3d9f01ed9e374788821940fd733d91f492332ef497e1239c0888faab) to overlayfs as \"extract-34893786-oRTF sha256:40302900c72eb4bab05f1925eff7da33f4c8a297120c4482bea3059e6015c818\": failed to convert whiteout file \"etc/alternatives/.wh.pager.1.gz\": operation not permitted" } })

---- pause_tests::resume_extends_deadline_by_pause_duration stdout ----

thread 'pause_tests::resume_extends_deadline_by_pause_duration' (107196) panicked at autumn-harvest/tests/integration/pause_tests.rs:148:10:
failed to start Postgres container: Client(PullImage { descriptor: "postgres:16", err: DockerStreamError { error: "failed to extract layer (application/vnd.oci.image.layer.v1.tar+gzip sha256:bf8787dc3d9f01ed9e374788821940fd733d91f492332ef497e1239c0888faab) to overlayfs as \"extract-382196002-8AdY sha256:40302900c72eb4bab05f1925eff7da33f4c8a297120c4482bea3059e6015c818\": failed to convert whiteout file \"etc/alternatives/.wh.pager.1.gz\": operation not permitted" } })

---- pause_tests::resume_of_completed_execution_is_a_success_noop stdout ----

thread 'pause_tests::resume_of_completed_execution_is_a_success_noop' (107203) panicked at autumn-harvest/tests/integration/pause_tests.rs:148:10:
failed to start Postgres container: Client(PullImage { descriptor: "postgres:16", err: DockerStreamError { error: "failed to extract layer (application/vnd.oci.image.layer.v1.tar+gzip sha256:bf8787dc3d9f01ed9e374788821940fd733d91f492332ef497e1239c0888faab) to overlayfs as \"extract-475768013--JGb sha256:40302900c72eb4bab05f1925eff7da33f4c8a297120c4482bea3059e6015c818\": failed to convert whiteout file \"etc/alternatives/.wh.pager.1.gz\": operation not permitted" } })

---- pause_tests::resume_of_running_execution_is_a_success_noop stdout ----

thread 'pause_tests::resume_of_running_execution_is_a_success_noop' (107213) panicked at autumn-harvest/tests/integration/pause_tests.rs:148:10:
failed to start Postgres container: Client(PullImage { descriptor: "postgres:16", err: DockerStreamError { error: "failed to extract layer (application/vnd.oci.image.layer.v1.tar+gzip sha256:bf8787dc3d9f01ed9e374788821940fd733d91f492332ef497e1239c0888faab) to overlayfs as \"extract-807171479-mcKW sha256:40302900c72eb4bab05f1925eff7da33f4c8a297120c4482bea3059e6015c818\": failed to convert whiteout file \"etc/alternatives/.wh.pager.1.gz\": operation not permitted" } })

---- pause_tests::resume_of_unknown_execution_is_not_found stdout ----

thread 'pause_tests::resume_of_unknown_execution_is_not_found' (107218) panicked at autumn-harvest/tests/integration/pause_tests.rs:148:10:
failed to start Postgres container: Client(PullImage { descriptor: "postgres:16", err: DockerStreamError { error: "failed to extract layer (application/vnd.oci.image.layer.v1.tar+gzip sha256:bf8787dc3d9f01ed9e374788821940fd733d91f492332ef497e1239c0888faab) to overlayfs as \"extract-926648003-bIra sha256:40302900c72eb4bab05f1925eff7da33f4c8a297120c4482bea3059e6015c818\": failed to convert whiteout file \"etc/alternatives/.wh.pager.1.gz\": operation not permitted" } })

---- pause_tests::resume_shifts_external_task_schedule_to_close_by_pause_span stdout ----

thread 'pause_tests::resume_shifts_external_task_schedule_to_close_by_pause_span' (107225) panicked at autumn-harvest/tests/integration/pause_tests.rs:148:10:
failed to start Postgres container: Client(PullImage { descriptor: "postgres:16", err: DockerStreamError { error: "failed to extract layer (application/vnd.oci.image.layer.v1.tar+gzip sha256:bf8787dc3d9f01ed9e374788821940fd733d91f492332ef497e1239c0888faab) to overlayfs as \"extract-266851482-yFPD sha256:40302900c72eb4bab05f1925eff7da33f4c8a297120c4482bea3059e6015c818\": failed to convert whiteout file \"etc/alternatives/.wh.pager.1.gz\": operation not permitted" } })

---- pause_tests::resume_shifts_schedule_to_close_at_by_pause_span stdout ----

thread 'pause_tests::resume_shifts_schedule_to_close_at_by_pause_span' (107227) panicked at autumn-harvest/tests/integration/pause_tests.rs:148:10:
failed to start Postgres container: Client(PullImage { descriptor: "postgres:16", err: DockerStreamError { error: "failed to extract layer (application/vnd.oci.image.layer.v1.tar+gzip sha256:bf8787dc3d9f01ed9e374788821940fd733d91f492332ef497e1239c0888faab) to overlayfs as \"extract-390140284-h9ms sha256:40302900c72eb4bab05f1925eff7da33f4c8a297120c4482bea3059e6015c818\": failed to convert whiteout file \"etc/alternatives/.wh.pager.1.gz\": operation not permitted" } })

---- nd_block_tests::blocked_child_does_not_notify_parent stdout ----

thread 'nd_block_tests::blocked_child_does_not_notify_parent' (106425) panicked at autumn-harvest/tests/integration/nd_block_tests.rs:272:10:
failed to start Postgres container: Client(PullImage { descriptor: "postgres:16", err: DockerStreamError { error: "failed to extract layer (application/vnd.oci.image.layer.v1.tar+gzip sha256:bf8787dc3d9f01ed9e374788821940fd733d91f492332ef497e1239c0888faab) to overlayfs as \"extract-929532446-45uH sha256:40302900c72eb4bab05f1925eff7da33f4c8a297120c4482bea3059e6015c818\": failed to convert whiteout file \"etc/alternatives/.wh.pager.1.gz\": operation not permitted" } })

---- pause_tests::resume_shifts_scheduled_at_for_frozen_rows_only stdout ----

thread 'pause_tests::resume_shifts_scheduled_at_for_frozen_rows_only' (107229) panicked at autumn-harvest/tests/integration/pause_tests.rs:148:10:
failed to start Postgres container: Client(PullImage { descriptor: "postgres:16", err: DockerStreamError { error: "failed to extract layer (application/vnd.oci.image.layer.v1.tar+gzip sha256:bf8787dc3d9f01ed9e374788821940fd733d91f492332ef497e1239c0888faab) to overlayfs as \"extract-782579482-5tF- sha256:40302900c72eb4bab05f1925eff7da33f4c8a297120c4482bea3059e6015c818\": failed to convert whiteout file \"etc/alternatives/.wh.pager.1.gz\": operation not permitted" } })

---- pause_tests::resume_without_deadline_leaves_it_null stdout ----

thread 'pause_tests::resume_without_deadline_leaves_it_null' (107230) panicked at autumn-harvest/tests/integration/pause_tests.rs:148:10:
failed to start Postgres container: Client(PullImage { descriptor: "postgres:16", err: DockerStreamError { error: "failed to extract layer (application/vnd.oci.image.layer.v1.tar+gzip sha256:bf8787dc3d9f01ed9e374788821940fd733d91f492332ef497e1239c0888faab) to overlayfs as \"extract-938972153-IoBQ sha256:40302900c72eb4bab05f1925eff7da33f4c8a297120c4482bea3059e6015c818\": failed to convert whiteout file \"etc/alternatives/.wh.pager.1.gz\": operation not permitted" } })

---- pause_tests::retry_path_requeues_when_a_concurrent_pause_committed_after_the_gate stdout ----

thread 'pause_tests::retry_path_requeues_when_a_concurrent_pause_committed_after_the_gate' (107235) panicked at autumn-harvest/tests/integration/pause_tests.rs:148:10:
failed to start Postgres container: Client(PullImage { descriptor: "postgres:16", err: DockerStreamError { error: "failed to extract layer (application/vnd.oci.image.layer.v1.tar+gzip sha256:bf8787dc3d9f01ed9e374788821940fd733d91f492332ef497e1239c0888faab) to overlayfs as \"extract-176947321-vDSP sha256:40302900c72eb4bab05f1925eff7da33f4c8a297120c4482bea3059e6015c818\": failed to convert whiteout file \"etc/alternatives/.wh.pager.1.gz\": operation not permitted" } })

---- pause_tests::retry_path_requeues_when_a_concurrent_resume_shifted_the_deadline stdout ----

thread 'pause_tests::retry_path_requeues_when_a_concurrent_resume_shifted_the_deadline' (107241) panicked at autumn-harvest/tests/integration/pause_tests.rs:148:10:
failed to start Postgres container: Client(PullImage { descriptor: "postgres:16", err: DockerStreamError { error: "failed to extract layer (application/vnd.oci.image.layer.v1.tar+gzip sha256:bf8787dc3d9f01ed9e374788821940fd733d91f492332ef497e1239c0888faab) to overlayfs as \"extract-269657759-kuDT sha256:40302900c72eb4bab05f1925eff7da33f4c8a297120c4482bea3059e6015c818\": failed to convert whiteout file \"etc/alternatives/.wh.pager.1.gz\": operation not permitted" } })

---- pause_tests::schedule_to_close_scanner_skips_paused_executions stdout ----

thread 'pause_tests::schedule_to_close_scanner_skips_paused_executions' (107247) panicked at autumn-harvest/tests/integration/pause_tests.rs:148:10:
failed to start Postgres container: Client(PullImage { descriptor: "postgres:16", err: DockerStreamError { error: "failed to extract layer (application/vnd.oci.image.layer.v1.tar+gzip sha256:bf8787dc3d9f01ed9e374788821940fd733d91f492332ef497e1239c0888faab) to overlayfs as \"extract-381923465-UgUc sha256:40302900c72eb4bab05f1925eff7da33f4c8a297120c4482bea3059e6015c818\": failed to convert whiteout file \"etc/alternatives/.wh.pager.1.gz\": operation not permitted" } })

---- pause_tests::schedule_to_start_scanner_spares_frozen_rows_but_enforces_unfrozen_paused_rows stdout ----

thread 'pause_tests::schedule_to_start_scanner_spares_frozen_rows_but_enforces_unfrozen_paused_rows' (107253) panicked at autumn-harvest/tests/integration/pause_tests.rs:148:10:
failed to start Postgres container: Client(PullImage { descriptor: "postgres:16", err: DockerStreamError { error: "failed to extract layer (application/vnd.oci.image.layer.v1.tar+gzip sha256:bf8787dc3d9f01ed9e374788821940fd733d91f492332ef497e1239c0888faab) to overlayfs as \"extract-643401610-ohn_ sha256:40302900c72eb4bab05f1925eff7da33f4c8a297120c4482bea3059e6015c818\": failed to convert whiteout file \"etc/alternatives/.wh.pager.1.gz\": operation not permitted" } })

---- payload_offload_db_tests::offload_round_trips_through_postgres_with_tiny_event_row stdout ----

thread 'payload_offload_db_tests::offload_round_trips_through_postgres_with_tiny_event_row' (107311) panicked at autumn-harvest/tests/integration/payload_offload_db_tests.rs:172:10:
failed to start Postgres container: Client(PullImage { descriptor: "postgres:16", err: DockerStreamError { error: "failed to extract layer (application/vnd.oci.image.layer.v1.tar+gzip sha256:bf8787dc3d9f01ed9e374788821940fd733d91f492332ef497e1239c0888faab) to overlayfs as \"extract-990639076-LsgC sha256:40302900c72eb4bab05f1925eff7da33f4c8a297120c4482bea3059e6015c818\": failed to convert whiteout file \"etc/alternatives/.wh.pager.1.gz\": operation not permitted" } })

---- poison_pill_tests::clean_reschedule_resets_crash_streak stdout ----

thread 'poison_pill_tests::clean_reschedule_resets_crash_streak' (107385) panicked at autumn-harvest/tests/integration/poison_pill_tests.rs:146:10:
postgres start: Client(PullImage { descriptor: "postgres:16", err: DockerStreamError { error: "failed to extract layer (application/vnd.oci.image.layer.v1.tar+gzip sha256:bf8787dc3d9f01ed9e374788821940fd733d91f492332ef497e1239c0888faab) to overlayfs as \"extract-97013397-S95Q sha256:40302900c72eb4bab05f1925eff7da33f4c8a297120c4482bea3059e6015c818\": failed to convert whiteout file \"etc/alternatives/.wh.pager.1.gz\": operation not permitted" } })

---- poison_pill_tests::live_worker_task_is_not_reclaimed stdout ----

thread 'poison_pill_tests::live_worker_task_is_not_reclaimed' (107387) panicked at autumn-harvest/tests/integration/poison_pill_tests.rs:146:10:
postgres start: Client(PullImage { descriptor: "postgres:16", err: DockerStreamError { error: "failed to extract layer (application/vnd.oci.image.layer.v1.tar+gzip sha256:bf8787dc3d9f01ed9e374788821940fd733d91f492332ef497e1239c0888faab) to overlayfs as \"extract-513457115-r91Z sha256:40302900c72eb4bab05f1925eff7da33f4c8a297120c4482bea3059e6015c818\": failed to convert whiteout file \"etc/alternatives/.wh.pager.1.gz\": operation not permitted" } })

---- poison_pill_tests::orphan_at_threshold_is_quarantined stdout ----

thread 'poison_pill_tests::orphan_at_threshold_is_quarantined' (107393) panicked at autumn-harvest/tests/integration/poison_pill_tests.rs:146:10:
postgres start: Client(PullImage { descriptor: "postgres:16", err: DockerStreamError { error: "failed to extract layer (application/vnd.oci.image.layer.v1.tar+gzip sha256:bf8787dc3d9f01ed9e374788821940fd733d91f492332ef497e1239c0888faab) to overlayfs as \"extract-958574128-PMtW sha256:40302900c72eb4bab05f1925eff7da33f4c8a297120c4482bea3059e6015c818\": failed to convert whiteout file \"etc/alternatives/.wh.pager.1.gz\": operation not permitted" } })

---- poison_pill_tests::orphan_under_threshold_is_requeued stdout ----

thread 'poison_pill_tests::orphan_under_threshold_is_requeued' (107400) panicked at autumn-harvest/tests/integration/poison_pill_tests.rs:146:10:
postgres start: Client(PullImage { descriptor: "postgres:16", err: DockerStreamError { error: "failed to extract layer (application/vnd.oci.image.layer.v1.tar+gzip sha256:bf8787dc3d9f01ed9e374788821940fd733d91f492332ef497e1239c0888faab) to overlayfs as \"extract-384778845-S-o1 sha256:40302900c72eb4bab05f1925eff7da33f4c8a297120c4482bea3059e6015c818\": failed to convert whiteout file \"etc/alternatives/.wh.pager.1.gz\": operation not permitted" } })

---- pause_tests::update_during_pause_is_rejected stdout ----

thread 'pause_tests::update_during_pause_is_rejected' (107254) panicked at autumn-harvest/tests/integration/pause_tests.rs:148:10:
failed to start Postgres container: Client(PullImage { descriptor: "postgres:16", err: DockerStreamError { error: "failed to extract layer (application/vnd.oci.image.layer.v1.tar+gzip sha256:bf8787dc3d9f01ed9e374788821940fd733d91f492332ef497e1239c0888faab) to overlayfs as \"extract-555601885-5xY4 sha256:40302900c72eb4bab05f1925eff7da33f4c8a297120c4482bea3059e6015c818\": failed to convert whiteout file \"etc/alternatives/.wh.pager.1.gz\": operation not permitted" } })

---- poison_pill_tests::poison_pill_counts_toward_schedule_auto_pause stdout ----

thread 'poison_pill_tests::poison_pill_counts_toward_schedule_auto_pause' (107411) panicked at autumn-harvest/tests/integration/poison_pill_tests.rs:146:10:
postgres start: Client(PullImage { descriptor: "postgres:16", err: DockerStreamError { error: "failed to extract layer (application/vnd.oci.image.layer.v1.tar+gzip sha256:bf8787dc3d9f01ed9e374788821940fd733d91f492332ef497e1239c0888faab) to overlayfs as \"extract-808343654-iPhC sha256:40302900c72eb4bab05f1925eff7da33f4c8a297120c4482bea3059e6015c818\": failed to convert whiteout file \"etc/alternatives/.wh.pager.1.gz\": operation not permitted" } })

---- poison_pill_tests::replay_into_terminal_workflow_is_rejected stdout ----

thread 'poison_pill_tests::replay_into_terminal_workflow_is_rejected' (107412) panicked at autumn-harvest/tests/integration/poison_pill_tests.rs:146:10:
postgres start: Client(PullImage { descriptor: "postgres:16", err: DockerStreamError { error: "failed to extract layer (application/vnd.oci.image.layer.v1.tar+gzip sha256:bf8787dc3d9f01ed9e374788821940fd733d91f492332ef497e1239c0888faab) to overlayfs as \"extract-990495355-W1gg sha256:40302900c72eb4bab05f1925eff7da33f4c8a297120c4482bea3059e6015c818\": failed to convert whiteout file \"etc/alternatives/.wh.pager.1.gz\": operation not permitted" } })

---- poison_pill_tests::threshold_zero_never_quarantines stdout ----

thread 'poison_pill_tests::threshold_zero_never_quarantines' (107422) panicked at autumn-harvest/tests/integration/poison_pill_tests.rs:146:10:
postgres start: Client(PullImage { descriptor: "postgres:16", err: DockerStreamError { error: "failed to extract layer (application/vnd.oci.image.layer.v1.tar+gzip sha256:bf8787dc3d9f01ed9e374788821940fd733d91f492332ef497e1239c0888faab) to overlayfs as \"extract-274968418-f-vJ sha256:40302900c72eb4bab05f1925eff7da33f4c8a297120c4482bea3059e6015c818\": failed to convert whiteout file \"etc/alternatives/.wh.pager.1.gz\": operation not permitted" } })

---- queue_fairness_tests::dispatch_counter_records_per_queue_claims stdout ----

thread 'queue_fairness_tests::dispatch_counter_records_per_queue_claims' (107485) panicked at autumn-harvest/tests/integration/queue_fairness_tests.rs:144:10:
failed to start Postgres container: Client(PullImage { descriptor: "postgres:16", err: DockerStreamError { error: "failed to extract layer (application/vnd.oci.image.layer.v1.tar+gzip sha256:bf8787dc3d9f01ed9e374788821940fd733d91f492332ef497e1239c0888faab) to overlayfs as \"extract-609038091-jCcg sha256:40302900c72eb4bab05f1925eff7da33f4c8a297120c4482bea3059e6015c818\": failed to convert whiteout file \"etc/alternatives/.wh.pager.1.gz\": operation not permitted" } })

---- queue_fairness_tests::no_starvation_low_weight_queue_drains_to_completion stdout ----

thread 'queue_fairness_tests::no_starvation_low_weight_queue_drains_to_completion' (107486) panicked at autumn-harvest/tests/integration/queue_fairness_tests.rs:144:10:
failed to start Postgres container: Client(PullImage { descriptor: "postgres:16", err: DockerStreamError { error: "failed to extract layer (application/vnd.oci.image.layer.v1.tar+gzip sha256:bf8787dc3d9f01ed9e374788821940fd733d91f492332ef497e1239c0888faab) to overlayfs as \"extract-712692546-MPzc sha256:40302900c72eb4bab05f1925eff7da33f4c8a297120c4482bea3059e6015c818\": failed to convert whiteout file \"etc/alternatives/.wh.pager.1.gz\": operation not permitted" } })

---- payload_offload_db_tests::shared_blob_stays_referenced_until_last_execution_gone stdout ----

thread 'payload_offload_db_tests::shared_blob_stays_referenced_until_last_execution_gone' (107312) panicked at autumn-harvest/tests/integration/payload_offload_db_tests.rs:172:10:
failed to start Postgres container: Client(PullImage { descriptor: "postgres:16", err: DockerStreamError { error: "failed to extract layer (application/vnd.oci.image.layer.v1.tar+gzip sha256:bf8787dc3d9f01ed9e374788821940fd733d91f492332ef497e1239c0888faab) to overlayfs as \"extract-779383824-zJNX sha256:40302900c72eb4bab05f1925eff7da33f4c8a297120c4482bea3059e6015c818\": failed to convert whiteout file \"etc/alternatives/.wh.pager.1.gz\": operation not permitted" } })

---- queue_fairness_tests::weighted_claim_distribution_tracks_3_to_1_ratio stdout ----

thread 'queue_fairness_tests::weighted_claim_distribution_tracks_3_to_1_ratio' (107489) panicked at autumn-harvest/tests/integration/queue_fairness_tests.rs:144:10:
failed to start Postgres container: Client(PullImage { descriptor: "postgres:16", err: DockerStreamError { error: "failed to extract layer (application/vnd.oci.image.layer.v1.tar+gzip sha256:bf8787dc3d9f01ed9e374788821940fd733d91f492332ef497e1239c0888faab) to overlayfs as \"extract-94936919-Og-X sha256:40302900c72eb4bab05f1925eff7da33f4c8a297120c4482bea3059e6015c818\": failed to convert whiteout file \"etc/alternatives/.wh.pager.1.gz\": operation not permitted" } })

---- redrive_tests::bulk_redrive_respects_max_matched_vs_redriven stdout ----

thread 'redrive_tests::bulk_redrive_respects_max_matched_vs_redriven' (107494) panicked at autumn-harvest/tests/integration/redrive_tests.rs:171:10:
postgres start: Client(PullImage { descriptor: "postgres:16", err: DockerStreamError { error: "failed to extract layer (application/vnd.oci.image.layer.v1.tar+gzip sha256:bf8787dc3d9f01ed9e374788821940fd733d91f492332ef497e1239c0888faab) to overlayfs as \"extract-362330345-2Ze1 sha256:40302900c72eb4bab05f1925eff7da33f4c8a297120c4482bea3059e6015c818\": failed to convert whiteout file \"etc/alternatives/.wh.pager.1.gz\": operation not permitted" } })

---- redrive_tests::redrive_by_explicit_ids_targets_only_those_rows stdout ----

thread 'redrive_tests::redrive_by_explicit_ids_targets_only_those_rows' (107496) panicked at autumn-harvest/tests/integration/redrive_tests.rs:171:10:
postgres start: Client(PullImage { descriptor: "postgres:16", err: DockerStreamError { error: "failed to extract layer (application/vnd.oci.image.layer.v1.tar+gzip sha256:bf8787dc3d9f01ed9e374788821940fd733d91f492332ef497e1239c0888faab) to overlayfs as \"extract-577502009-ra-v sha256:40302900c72eb4bab05f1925eff7da33f4c8a297120c4482bea3059e6015c818\": failed to convert whiteout file \"etc/alternatives/.wh.pager.1.gz\": operation not permitted" } })

---- redrive_tests::redrive_cancelled_execution_is_rejected stdout ----

thread 'redrive_tests::redrive_cancelled_execution_is_rejected' (107497) panicked at autumn-harvest/tests/integration/redrive_tests.rs:171:10:
postgres start: Client(PullImage { descriptor: "postgres:16", err: DockerStreamError { error: "failed to extract layer (application/vnd.oci.image.layer.v1.tar+gzip sha256:bf8787dc3d9f01ed9e374788821940fd733d91f492332ef497e1239c0888faab) to overlayfs as \"extract-953491699-6HJp sha256:40302900c72eb4bab05f1925eff7da33f4c8a297120c4482bea3059e6015c818\": failed to convert whiteout file \"etc/alternatives/.wh.pager.1.gz\": operation not permitted" } })

---- redrive_tests::redrive_completed_execution_is_rejected stdout ----

thread 'redrive_tests::redrive_completed_execution_is_rejected' (107498) panicked at autumn-harvest/tests/integration/redrive_tests.rs:171:10:
postgres start: Client(PullImage { descriptor: "postgres:16", err: DockerStreamError { error: "failed to extract layer (application/vnd.oci.image.layer.v1.tar+gzip sha256:bf8787dc3d9f01ed9e374788821940fd733d91f492332ef497e1239c0888faab) to overlayfs as \"extract-63306217-TarA sha256:40302900c72eb4bab05f1925eff7da33f4c8a297120c4482bea3059e6015c818\": failed to convert whiteout file \"etc/alternatives/.wh.pager.1.gz\": operation not permitted" } })

---- redrive_tests::redrive_emits_metric_per_outcome stdout ----

thread 'redrive_tests::redrive_emits_metric_per_outcome' (107500) panicked at autumn-harvest/tests/integration/redrive_tests.rs:171:10:
postgres start: Client(PullImage { descriptor: "postgres:16", err: DockerStreamError { error: "failed to extract layer (application/vnd.oci.image.layer.v1.tar+gzip sha256:bf8787dc3d9f01ed9e374788821940fd733d91f492332ef497e1239c0888faab) to overlayfs as \"extract-337105096-wiix sha256:40302900c72eb4bab05f1925eff7da33f4c8a297120c4482bea3059e6015c818\": failed to convert whiteout file \"etc/alternatives/.wh.pager.1.gz\": operation not permitted" } })

---- redrive_tests::bulk_redrive_dry_run_mutates_nothing stdout ----

thread 'redrive_tests::bulk_redrive_dry_run_mutates_nothing' (107492) panicked at autumn-harvest/tests/integration/redrive_tests.rs:171:10:
postgres start: Client(PullImage { descriptor: "postgres:16", err: DockerStreamError { error: "failed to extract layer (application/vnd.oci.image.layer.v1.tar+gzip sha256:bf8787dc3d9f01ed9e374788821940fd733d91f492332ef497e1239c0888faab) to overlayfs as \"extract-279704380-sm8M sha256:40302900c72eb4bab05f1925eff7da33f4c8a297120c4482bea3059e6015c818\": failed to convert whiteout file \"etc/alternatives/.wh.pager.1.gz\": operation not permitted" } })

---- redrive_tests::redrive_failed_execution_reactivates_and_appends stdout ----

thread 'redrive_tests::redrive_failed_execution_reactivates_and_appends' (107501) panicked at autumn-harvest/tests/integration/redrive_tests.rs:171:10:
postgres start: Client(PullImage { descriptor: "postgres:16", err: DockerStreamError { error: "failed to extract layer (application/vnd.oci.image.layer.v1.tar+gzip sha256:bf8787dc3d9f01ed9e374788821940fd733d91f492332ef497e1239c0888faab) to overlayfs as \"extract-560945712-VxRf sha256:40302900c72eb4bab05f1925eff7da33f4c8a297120c4482bea3059e6015c818\": failed to convert whiteout file \"etc/alternatives/.wh.pager.1.gz\": operation not permitted" } })

---- redrive_tests::redrive_idempotent_second_call_skips stdout ----

thread 'redrive_tests::redrive_idempotent_second_call_skips' (107506) panicked at autumn-harvest/tests/integration/redrive_tests.rs:171:10:
postgres start: Client(PullImage { descriptor: "postgres:16", err: DockerStreamError { error: "failed to extract layer (application/vnd.oci.image.layer.v1.tar+gzip sha256:bf8787dc3d9f01ed9e374788821940fd733d91f492332ef497e1239c0888faab) to overlayfs as \"extract-816179304-OBGQ sha256:40302900c72eb4bab05f1925eff7da33f4c8a297120c4482bea3059e6015c818\": failed to convert whiteout file \"etc/alternatives/.wh.pager.1.gz\": operation not permitted" } })

---- redrive_tests::redrive_running_execution_is_skip_noop stdout ----

thread 'redrive_tests::redrive_running_execution_is_skip_noop' (107508) panicked at autumn-harvest/tests/integration/redrive_tests.rs:171:10:
postgres start: Client(PullImage { descriptor: "postgres:16", err: DockerStreamError { error: "failed to extract layer (application/vnd.oci.image.layer.v1.tar+gzip sha256:bf8787dc3d9f01ed9e374788821940fd733d91f492332ef497e1239c0888faab) to overlayfs as \"extract-16695959-AKld sha256:40302900c72eb4bab05f1925eff7da33f4c8a297120c4482bea3059e6015c818\": failed to convert whiteout file \"etc/alternatives/.wh.pager.1.gz\": operation not permitted" } })

---- replay_canary_tests::test_replay_canary_divergent_workflow stdout ----

thread 'replay_canary_tests::test_replay_canary_divergent_workflow' (107509) panicked at autumn-harvest/tests/integration/replay_canary_tests.rs:120:10:
postgres start: Client(PullImage { descriptor: "postgres:16", err: DockerStreamError { error: "failed to extract layer (application/vnd.oci.image.layer.v1.tar+gzip sha256:bf8787dc3d9f01ed9e374788821940fd733d91f492332ef497e1239c0888faab) to overlayfs as \"extract-298422406-BMQL sha256:40302900c72eb4bab05f1925eff7da33f4c8a297120c4482bea3059e6015c818\": failed to convert whiteout file \"etc/alternatives/.wh.pager.1.gz\": operation not permitted" } })

---- replay_canary_tests::test_replay_canary_simple_pass stdout ----

thread 'replay_canary_tests::test_replay_canary_simple_pass' (107523) panicked at autumn-harvest/tests/integration/replay_canary_tests.rs:120:10:
postgres start: Client(PullImage { descriptor: "postgres:16", err: DockerStreamError { error: "failed to extract layer (application/vnd.oci.image.layer.v1.tar+gzip sha256:bf8787dc3d9f01ed9e374788821940fd733d91f492332ef497e1239c0888faab) to overlayfs as \"extract-483956470-D0lZ sha256:40302900c72eb4bab05f1925eff7da33f4c8a297120c4482bea3059e6015c818\": failed to convert whiteout file \"etc/alternatives/.wh.pager.1.gz\": operation not permitted" } })

---- replay_canary_tests::test_replay_canary_suspended_workflow stdout ----

thread 'replay_canary_tests::test_replay_canary_suspended_workflow' (107531) panicked at autumn-harvest/tests/integration/replay_canary_tests.rs:120:10:
postgres start: Client(PullImage { descriptor: "postgres:16", err: DockerStreamError { error: "failed to extract layer (application/vnd.oci.image.layer.v1.tar+gzip sha256:bf8787dc3d9f01ed9e374788821940fd733d91f492332ef497e1239c0888faab) to overlayfs as \"extract-737769614-div3 sha256:40302900c72eb4bab05f1925eff7da33f4c8a297120c4482bea3059e6015c818\": failed to convert whiteout file \"etc/alternatives/.wh.pager.1.gz\": operation not permitted" } })

---- replayer_integration_tests::replay_from_db_unchanged_workflow_succeeds stdout ----

thread 'replayer_integration_tests::replay_from_db_unchanged_workflow_succeeds' (107620) panicked at autumn-harvest/tests/integration/replayer_integration_tests.rs:131:10:
failed to start Postgres container: Client(PullImage { descriptor: "postgres:16", err: DockerStreamError { error: "failed to extract layer (application/vnd.oci.image.layer.v1.tar+gzip sha256:bf8787dc3d9f01ed9e374788821940fd733d91f492332ef497e1239c0888faab) to overlayfs as \"extract-319711114-CWxn sha256:40302900c72eb4bab05f1925eff7da33f4c8a297120c4482bea3059e6015c818\": failed to convert whiteout file \"etc/alternatives/.wh.pager.1.gz\": operation not permitted" } })

---- replayer_integration_tests::replay_from_db_detects_non_determinism stdout ----

thread 'replayer_integration_tests::replay_from_db_detects_non_determinism' (107618) panicked at autumn-harvest/tests/integration/replayer_integration_tests.rs:131:10:
failed to start Postgres container: Client(PullImage { descriptor: "postgres:16", err: DockerStreamError { error: "failed to extract layer (application/vnd.oci.image.layer.v1.tar+gzip sha256:bf8787dc3d9f01ed9e374788821940fd733d91f492332ef497e1239c0888faab) to overlayfs as \"extract-355311345-zCH0 sha256:40302900c72eb4bab05f1925eff7da33f4c8a297120c4482bea3059e6015c818\": failed to convert whiteout file \"etc/alternatives/.wh.pager.1.gz\": operation not permitted" } })

---- replayer_integration_tests::replay_from_db_unknown_exec_id_returns_error stdout ----

thread 'replayer_integration_tests::replay_from_db_unknown_exec_id_returns_error' (107636) panicked at autumn-harvest/tests/integration/replayer_integration_tests.rs:131:10:
failed to start Postgres container: Client(PullImage { descriptor: "postgres:16", err: DockerStreamError { error: "failed to extract layer (application/vnd.oci.image.layer.v1.tar+gzip sha256:bf8787dc3d9f01ed9e374788821940fd733d91f492332ef497e1239c0888faab) to overlayfs as \"extract-781223500-MkG- sha256:40302900c72eb4bab05f1925eff7da33f4c8a297120c4482bea3059e6015c818\": failed to convert whiteout file \"etc/alternatives/.wh.pager.1.gz\": operation not permitted" } })

---- replayer_integration_tests::replay_from_db_unregistered_handler_surfaces_as_workflow_failed stdout ----

thread 'replayer_integration_tests::replay_from_db_unregistered_handler_surfaces_as_workflow_failed' (107637) panicked at autumn-harvest/tests/integration/replayer_integration_tests.rs:131:10:
failed to start Postgres container: Client(PullImage { descriptor: "postgres:16", err: DockerStreamError { error: "failed to extract layer (application/vnd.oci.image.layer.v1.tar+gzip sha256:bf8787dc3d9f01ed9e374788821940fd733d91f492332ef497e1239c0888faab) to overlayfs as \"extract-847217217-JwLj sha256:40302900c72eb4bab05f1925eff7da33f4c8a297120c4482bea3059e6015c818\": failed to convert whiteout file \"etc/alternatives/.wh.pager.1.gz\": operation not permitted" } })

---- retention_overrides_tests::dry_run_reports_per_type_counts_without_deleting stdout ----

thread 'retention_overrides_tests::dry_run_reports_per_type_counts_without_deleting' (107753) panicked at autumn-harvest/tests/integration/retention_overrides_tests.rs:157:10:
failed to start Postgres container: Client(PullImage { descriptor: "postgres:16", err: DockerStreamError { error: "failed to extract layer (application/vnd.oci.image.layer.v1.tar+gzip sha256:bf8787dc3d9f01ed9e374788821940fd733d91f492332ef497e1239c0888faab) to overlayfs as \"extract-732236813-88SU sha256:40302900c72eb4bab05f1925eff7da33f4c8a297120c4482bea3059e6015c818\": failed to convert whiteout file \"etc/alternatives/.wh.pager.1.gz\": operation not permitted" } })

---- retention_overrides_tests::no_overrides_behaves_like_global_only stdout ----

thread 'retention_overrides_tests::no_overrides_behaves_like_global_only' (107772) panicked at autumn-harvest/tests/integration/retention_overrides_tests.rs:157:10:
failed to start Postgres container: Client(PullImage { descriptor: "postgres:16", err: DockerStreamError { error: "failed to extract layer (application/vnd.oci.image.layer.v1.tar+gzip sha256:bf8787dc3d9f01ed9e374788821940fd733d91f492332ef497e1239c0888faab) to overlayfs as \"extract-189165130-SLlD sha256:40302900c72eb4bab05f1925eff7da33f4c8a297120c4482bea3059e6015c818\": failed to convert whiteout file \"etc/alternatives/.wh.pager.1.gz\": operation not permitted" } })

---- retention_overrides_tests::not_yet_eligible_backlog_does_not_starve_eligible_deletion stdout ----

thread 'retention_overrides_tests::not_yet_eligible_backlog_does_not_starve_eligible_deletion' (107775) panicked at autumn-harvest/tests/integration/retention_overrides_tests.rs:157:10:
failed to start Postgres container: Client(PullImage { descriptor: "postgres:16", err: DockerStreamError { error: "failed to extract layer (application/vnd.oci.image.layer.v1.tar+gzip sha256:bf8787dc3d9f01ed9e374788821940fd733d91f492332ef497e1239c0888faab) to overlayfs as \"extract-322370844-laTL sha256:40302900c72eb4bab05f1925eff7da33f4c8a297120c4482bea3059e6015c818\": failed to convert whiteout file \"etc/alternatives/.wh.pager.1.gz\": operation not permitted" } })

---- redrive_tests::redrive_filter_dimensions_select_the_right_subset stdout ----

thread 'redrive_tests::redrive_filter_dimensions_select_the_right_subset' (107505) panicked at autumn-harvest/tests/integration/redrive_tests.rs:171:10:
postgres start: Client(PullImage { descriptor: "postgres:16", err: DockerStreamError { error: "failed to extract layer (application/vnd.oci.image.layer.v1.tar+gzip sha256:bf8787dc3d9f01ed9e374788821940fd733d91f492332ef497e1239c0888faab) to overlayfs as \"extract-885771116-cXOA sha256:40302900c72eb4bab05f1925eff7da33f4c8a297120c4482bea3059e6015c818\": failed to convert whiteout file \"etc/alternatives/.wh.pager.1.gz\": operation not permitted" } })

---- retention_overrides_tests::overrides_only_never_deletes_types_without_override stdout ----

thread 'retention_overrides_tests::overrides_only_never_deletes_types_without_override' (107808) panicked at autumn-harvest/tests/integration/retention_overrides_tests.rs:157:10:
failed to start Postgres container: Client(PullImage { descriptor: "postgres:16", err: DockerStreamError { error: "failed to extract layer (application/vnd.oci.image.layer.v1.tar+gzip sha256:bf8787dc3d9f01ed9e374788821940fd733d91f492332ef497e1239c0888faab) to overlayfs as \"extract-862906028-aCoJ sha256:40302900c72eb4bab05f1925eff7da33f4c8a297120c4482bea3059e6015c818\": failed to convert whiteout file \"etc/alternatives/.wh.pager.1.gz\": operation not permitted" } })

---- retention_summary_tests::delete_demotes_into_a_summary_row stdout ----

thread 'retention_summary_tests::delete_demotes_into_a_summary_row' (107823) panicked at autumn-harvest/tests/integration/retention_summary_tests.rs:172:10:
failed to start Postgres container: Client(PullImage { descriptor: "postgres:16", err: DockerStreamError { error: "failed to extract layer (application/vnd.oci.image.layer.v1.tar+gzip sha256:bf8787dc3d9f01ed9e374788821940fd733d91f492332ef497e1239c0888faab) to overlayfs as \"extract-64775351-EiDm sha256:40302900c72eb4bab05f1925eff7da33f4c8a297120c4482bea3059e6015c818\": failed to convert whiteout file \"etc/alternatives/.wh.pager.1.gz\": operation not permitted" } })

---- retention_summary_tests::erase_after_gc_scrubs_the_summary stdout ----

thread 'retention_summary_tests::erase_after_gc_scrubs_the_summary' (107835) panicked at autumn-harvest/tests/integration/retention_summary_tests.rs:172:10:
failed to start Postgres container: Client(PullImage { descriptor: "postgres:16", err: DockerStreamError { error: "failed to extract layer (application/vnd.oci.image.layer.v1.tar+gzip sha256:bf8787dc3d9f01ed9e374788821940fd733d91f492332ef497e1239c0888faab) to overlayfs as \"extract-282656141-ZDF3 sha256:40302900c72eb4bab05f1925eff7da33f4c8a297120c4482bea3059e6015c818\": failed to convert whiteout file \"etc/alternatives/.wh.pager.1.gz\": operation not permitted" } })

---- retention_summary_tests::erase_before_gc_summary_captures_tombstone stdout ----

thread 'retention_summary_tests::erase_before_gc_summary_captures_tombstone' (107851) panicked at autumn-harvest/tests/integration/retention_summary_tests.rs:172:10:
failed to start Postgres container: Client(PullImage { descriptor: "postgres:16", err: DockerStreamError { error: "failed to extract layer (application/vnd.oci.image.layer.v1.tar+gzip sha256:bf8787dc3d9f01ed9e374788821940fd733d91f492332ef497e1239c0888faab) to overlayfs as \"extract-509034823-MSDC sha256:40302900c72eb4bab05f1925eff7da33f4c8a297120c4482bea3059e6015c818\": failed to convert whiteout file \"etc/alternatives/.wh.pager.1.gz\": operation not permitted" } })

---- retention_summary_tests::erase_execution_exists_still_scrubs_callback_pii stdout ----

thread 'retention_summary_tests::erase_execution_exists_still_scrubs_callback_pii' (107854) panicked at autumn-harvest/tests/integration/retention_summary_tests.rs:172:10:
failed to start Postgres container: Client(PullImage { descriptor: "postgres:16", err: DockerStreamError { error: "failed to extract layer (application/vnd.oci.image.layer.v1.tar+gzip sha256:bf8787dc3d9f01ed9e374788821940fd733d91f492332ef497e1239c0888faab) to overlayfs as \"extract-760493933-ffir sha256:40302900c72eb4bab05f1925eff7da33f4c8a297120c4482bea3059e6015c818\": failed to convert whiteout file \"etc/alternatives/.wh.pager.1.gz\": operation not permitted" } })

---- retention_summary_tests::erase_parent_recurses_into_grandchild_summary stdout ----

thread 'retention_summary_tests::erase_parent_recurses_into_grandchild_summary' (107857) panicked at autumn-harvest/tests/integration/retention_summary_tests.rs:172:10:
failed to start Postgres container: Client(PullImage { descriptor: "postgres:16", err: DockerStreamError { error: "failed to extract layer (application/vnd.oci.image.layer.v1.tar+gzip sha256:bf8787dc3d9f01ed9e374788821940fd733d91f492332ef497e1239c0888faab) to overlayfs as \"extract-936523088-zlKB sha256:40302900c72eb4bab05f1925eff7da33f4c8a297120c4482bea3059e6015c818\": failed to convert whiteout file \"etc/alternatives/.wh.pager.1.gz\": operation not permitted" } })

---- retention_summary_tests::erase_parent_scrubs_a_demoted_child_summary stdout ----

thread 'retention_summary_tests::erase_parent_scrubs_a_demoted_child_summary' (107864) panicked at autumn-harvest/tests/integration/retention_summary_tests.rs:172:10:
failed to start Postgres container: Client(PullImage { descriptor: "postgres:16", err: DockerStreamError { error: "failed to extract layer (application/vnd.oci.image.layer.v1.tar+gzip sha256:bf8787dc3d9f01ed9e374788821940fd733d91f492332ef497e1239c0888faab) to overlayfs as \"extract-249832191-75CR sha256:40302900c72eb4bab05f1925eff7da33f4c8a297120c4482bea3059e6015c818\": failed to convert whiteout file \"etc/alternatives/.wh.pager.1.gz\": operation not permitted" } })

---- retention_summary_tests::erase_summary_only_scrubs_lingering_completion_callback_pii stdout ----

thread 'retention_summary_tests::erase_summary_only_scrubs_lingering_completion_callback_pii' (107865) panicked at autumn-harvest/tests/integration/retention_summary_tests.rs:172:10:
failed to start Postgres container: Client(PullImage { descriptor: "postgres:16", err: DockerStreamError { error: "failed to extract layer (application/vnd.oci.image.layer.v1.tar+gzip sha256:bf8787dc3d9f01ed9e374788821940fd733d91f492332ef497e1239c0888faab) to overlayfs as \"extract-396912601-2rB6 sha256:40302900c72eb4bab05f1925eff7da33f4c8a297120c4482bea3059e6015c818\": failed to convert whiteout file \"etc/alternatives/.wh.pager.1.gz\": operation not permitted" } })

---- retention_summary_tests::legal_held_execution_is_not_summarized_until_released stdout ----

thread 'retention_summary_tests::legal_held_execution_is_not_summarized_until_released' (107868) panicked at autumn-harvest/tests/integration/retention_summary_tests.rs:172:10:
failed to start Postgres container: Client(PullImage { descriptor: "postgres:16", err: DockerStreamError { error: "failed to extract layer (application/vnd.oci.image.layer.v1.tar+gzip sha256:bf8787dc3d9f01ed9e374788821940fd733d91f492332ef497e1239c0888faab) to overlayfs as \"extract-736149596-hmCx sha256:40302900c72eb4bab05f1925eff7da33f4c8a297120c4482bea3059e6015c818\": failed to convert whiteout file \"etc/alternatives/.wh.pager.1.gz\": operation not permitted" } })

---- retention_overrides_tests::override_longer_survives_shorter_deleted stdout ----

thread 'retention_overrides_tests::override_longer_survives_shorter_deleted' (107795) panicked at autumn-harvest/tests/integration/retention_overrides_tests.rs:157:10:
failed to start Postgres container: Client(PullImage { descriptor: "postgres:16", err: DockerStreamError { error: "failed to extract layer (application/vnd.oci.image.layer.v1.tar+gzip sha256:bf8787dc3d9f01ed9e374788821940fd733d91f492332ef497e1239c0888faab) to overlayfs as \"extract-718937893-JUCF sha256:40302900c72eb4bab05f1925eff7da33f4c8a297120c4482bea3059e6015c818\": failed to convert whiteout file \"etc/alternatives/.wh.pager.1.gz\": operation not permitted" } })

---- retention_summary_tests::offloaded_payload_is_marked_not_stored stdout ----

thread 'retention_summary_tests::offloaded_payload_is_marked_not_stored' (107872) panicked at autumn-harvest/tests/integration/retention_summary_tests.rs:172:10:
failed to start Postgres container: Client(PullImage { descriptor: "postgres:16", err: DockerStreamError { error: "failed to extract layer (application/vnd.oci.image.layer.v1.tar+gzip sha256:bf8787dc3d9f01ed9e374788821940fd733d91f492332ef497e1239c0888faab) to overlayfs as \"extract-860150154--hay sha256:40302900c72eb4bab05f1925eff7da33f4c8a297120c4482bea3059e6015c818\": failed to convert whiteout file \"etc/alternatives/.wh.pager.1.gz\": operation not permitted" } })

---- retention_summary_tests::summary_disabled_deletes_and_writes_no_summary stdout ----

thread 'retention_summary_tests::summary_disabled_deletes_and_writes_no_summary' (107883) panicked at autumn-harvest/tests/integration/retention_summary_tests.rs:172:10:
failed to start Postgres container: Client(PullImage { descriptor: "postgres:16", err: DockerStreamError { error: "failed to extract layer (application/vnd.oci.image.layer.v1.tar+gzip sha256:bf8787dc3d9f01ed9e374788821940fd733d91f492332ef497e1239c0888faab) to overlayfs as \"extract-192089058-KbTV sha256:40302900c72eb4bab05f1925eff7da33f4c8a297120c4482bea3059e6015c818\": failed to convert whiteout file \"etc/alternatives/.wh.pager.1.gz\": operation not permitted" } })

---- retention_summary_tests::payload_capture_stores_verbatim_and_marks_oversized stdout ----

thread 'retention_summary_tests::payload_capture_stores_verbatim_and_marks_oversized' (107882) panicked at autumn-harvest/tests/integration/retention_summary_tests.rs:172:10:
failed to start Postgres container: Client(PullImage { descriptor: "postgres:16", err: DockerStreamError { error: "failed to extract layer (application/vnd.oci.image.layer.v1.tar+gzip sha256:bf8787dc3d9f01ed9e374788821940fd733d91f492332ef497e1239c0888faab) to overlayfs as \"extract-201592489-MvpX sha256:40302900c72eb4bab05f1925eff7da33f4c8a297120c4482bea3059e6015c818\": failed to convert whiteout file \"etc/alternatives/.wh.pager.1.gz\": operation not permitted" } })

---- retention_summary_tests::summary_gc_deletes_expired_and_emits_metric stdout ----

thread 'retention_summary_tests::summary_gc_deletes_expired_and_emits_metric' (107887) panicked at autumn-harvest/tests/integration/retention_summary_tests.rs:172:10:
failed to start Postgres container: Client(PullImage { descriptor: "postgres:16", err: DockerStreamError { error: "failed to extract layer (application/vnd.oci.image.layer.v1.tar+gzip sha256:bf8787dc3d9f01ed9e374788821940fd733d91f492332ef497e1239c0888faab) to overlayfs as \"extract-315233619-DWlE sha256:40302900c72eb4bab05f1925eff7da33f4c8a297120c4482bea3059e6015c818\": failed to convert whiteout file \"etc/alternatives/.wh.pager.1.gz\": operation not permitted" } })

---- retention_summary_tests::unbounded_summary_retention_never_gcs stdout ----

thread 'retention_summary_tests::unbounded_summary_retention_never_gcs' (107897) panicked at autumn-harvest/tests/integration/retention_summary_tests.rs:172:10:
failed to start Postgres container: Client(PullImage { descriptor: "postgres:16", err: DockerStreamError { error: "failed to extract layer (application/vnd.oci.image.layer.v1.tar+gzip sha256:bf8787dc3d9f01ed9e374788821940fd733d91f492332ef497e1239c0888faab) to overlayfs as \"extract-625664754-6Byb sha256:40302900c72eb4bab05f1925eff7da33f4c8a297120c4482bea3059e6015c818\": failed to convert whiteout file \"etc/alternatives/.wh.pager.1.gz\": operation not permitted" } })

---- retry_now_tests::already_eligible_task_is_idempotent_no_op stdout ----

thread 'retry_now_tests::already_eligible_task_is_idempotent_no_op' (107898) panicked at autumn-harvest/tests/integration/retry_now_tests.rs:124:10:
failed to start Postgres container: Client(PullImage { descriptor: "postgres:16", err: DockerStreamError { error: "failed to extract layer (application/vnd.oci.image.layer.v1.tar+gzip sha256:bf8787dc3d9f01ed9e374788821940fd733d91f492332ef497e1239c0888faab) to overlayfs as \"extract-676318089-vfaJ sha256:40302900c72eb4bab05f1925eff7da33f4c8a297120c4482bea3059e6015c818\": failed to convert whiteout file \"etc/alternatives/.wh.pager.1.gz\": operation not permitted" } })

---- retry_now_tests::attempt_counter_is_not_changed stdout ----

thread 'retry_now_tests::attempt_counter_is_not_changed' (107900) panicked at autumn-harvest/tests/integration/retry_now_tests.rs:124:10:
failed to start Postgres container: Client(PullImage { descriptor: "postgres:16", err: DockerStreamError { error: "failed to extract layer (application/vnd.oci.image.layer.v1.tar+gzip sha256:bf8787dc3d9f01ed9e374788821940fd733d91f492332ef497e1239c0888faab) to overlayfs as \"extract-759560231-wr7s sha256:40302900c72eb4bab05f1925eff7da33f4c8a297120c4482bea3059e6015c818\": failed to convert whiteout file \"etc/alternatives/.wh.pager.1.gz\": operation not permitted" } })

---- retry_now_tests::backing_off_task_is_advanced_to_now stdout ----

thread 'retry_now_tests::backing_off_task_is_advanced_to_now' (107929) panicked at autumn-harvest/tests/integration/retry_now_tests.rs:124:10:
failed to start Postgres container: Client(PullImage { descriptor: "postgres:16", err: DockerStreamError { error: "failed to extract layer (application/vnd.oci.image.layer.v1.tar+gzip sha256:bf8787dc3d9f01ed9e374788821940fd733d91f492332ef497e1239c0888faab) to overlayfs as \"extract-118128434-u6Us sha256:40302900c72eb4bab05f1925eff7da33f4c8a297120c4482bea3059e6015c818\": failed to convert whiteout file \"etc/alternatives/.wh.pager.1.gz\": operation not permitted" } })

---- retry_now_tests::idempotent_second_call_also_succeeds stdout ----

thread 'retry_now_tests::idempotent_second_call_also_succeeds' (107931) panicked at autumn-harvest/tests/integration/retry_now_tests.rs:124:10:
failed to start Postgres container: Client(PullImage { descriptor: "postgres:16", err: DockerStreamError { error: "failed to extract layer (application/vnd.oci.image.layer.v1.tar+gzip sha256:bf8787dc3d9f01ed9e374788821940fd733d91f492332ef497e1239c0888faab) to overlayfs as \"extract-192239623-UGoR sha256:40302900c72eb4bab05f1925eff7da33f4c8a297120c4482bea3059e6015c818\": failed to convert whiteout file \"etc/alternatives/.wh.pager.1.gz\": operation not permitted" } })

---- retry_now_tests::running_task_returns_conflict_error stdout ----

thread 'retry_now_tests::running_task_returns_conflict_error' (107932) panicked at autumn-harvest/tests/integration/retry_now_tests.rs:124:10:
failed to start Postgres container: Client(PullImage { descriptor: "postgres:16", err: DockerStreamError { error: "failed to extract layer (application/vnd.oci.image.layer.v1.tar+gzip sha256:bf8787dc3d9f01ed9e374788821940fd733d91f492332ef497e1239c0888faab) to overlayfs as \"extract-241066506-55RG sha256:40302900c72eb4bab05f1925eff7da33f4c8a297120c4482bea3059e6015c818\": failed to convert whiteout file \"etc/alternatives/.wh.pager.1.gz\": operation not permitted" } })

---- retry_now_tests::task_for_different_workflow_returns_not_found stdout ----

thread 'retry_now_tests::task_for_different_workflow_returns_not_found' (107941) panicked at autumn-harvest/tests/integration/retry_now_tests.rs:124:10:
failed to start Postgres container: Client(PullImage { descriptor: "postgres:16", err: DockerStreamError { error: "failed to extract layer (application/vnd.oci.image.layer.v1.tar+gzip sha256:bf8787dc3d9f01ed9e374788821940fd733d91f492332ef497e1239c0888faab) to overlayfs as \"extract-556354592-einX sha256:40302900c72eb4bab05f1925eff7da33f4c8a297120c4482bea3059e6015c818\": failed to convert whiteout file \"etc/alternatives/.wh.pager.1.gz\": operation not permitted" } })

---- retry_now_tests::unknown_task_id_returns_not_found stdout ----

thread 'retry_now_tests::unknown_task_id_returns_not_found' (107943) panicked at autumn-harvest/tests/integration/retry_now_tests.rs:124:10:
failed to start Postgres container: Client(PullImage { descriptor: "postgres:16", err: DockerStreamError { error: "failed to extract layer (application/vnd.oci.image.layer.v1.tar+gzip sha256:bf8787dc3d9f01ed9e374788821940fd733d91f492332ef497e1239c0888faab) to overlayfs as \"extract-629883135-mpnZ sha256:40302900c72eb4bab05f1925eff7da33f4c8a297120c4482bea3059e6015c818\": failed to convert whiteout file \"etc/alternatives/.wh.pager.1.gz\": operation not permitted" } })

---- schedule_decisions::test_purge_old_schedule_decisions stdout ----

thread 'schedule_decisions::test_purge_old_schedule_decisions' (107982) panicked at autumn-harvest/tests/integration/schedule_decisions.rs:115:10:
postgres start: Client(PullImage { descriptor: "postgres:16", err: DockerStreamError { error: "failed to extract layer (application/vnd.oci.image.layer.v1.tar+gzip sha256:bf8787dc3d9f01ed9e374788821940fd733d91f492332ef497e1239c0888faab) to overlayfs as \"extract-920367857-_x7l sha256:40302900c72eb4bab05f1925eff7da33f4c8a297120c4482bea3059e6015c818\": failed to convert whiteout file \"etc/alternatives/.wh.pager.1.gz\": operation not permitted" } })

---- schedule_decisions::test_record_decision_graceful_failure stdout ----

thread 'schedule_decisions::test_record_decision_graceful_failure' (107984) panicked at autumn-harvest/tests/integration/schedule_decisions.rs:115:10:
postgres start: Client(PullImage { descriptor: "postgres:16", err: DockerStreamError { error: "failed to extract layer (application/vnd.oci.image.layer.v1.tar+gzip sha256:bf8787dc3d9f01ed9e374788821940fd733d91f492332ef497e1239c0888faab) to overlayfs as \"extract-3756904-s4YK sha256:40302900c72eb4bab05f1925eff7da33f4c8a297120c4482bea3059e6015c818\": failed to convert whiteout file \"etc/alternatives/.wh.pager.1.gz\": operation not permitted" } })

---- schedule_decisions::test_record_decision_graceful_success stdout ----

thread 'schedule_decisions::test_record_decision_graceful_success' (107987) panicked at autumn-harvest/tests/integration/schedule_decisions.rs:115:10:
postgres start: Client(PullImage { descriptor: "postgres:16", err: DockerStreamError { error: "failed to extract layer (application/vnd.oci.image.layer.v1.tar+gzip sha256:bf8787dc3d9f01ed9e374788821940fd733d91f492332ef497e1239c0888faab) to overlayfs as \"extract-110026811-nP91 sha256:40302900c72eb4bab05f1925eff7da33f4c8a297120c4482bea3059e6015c818\": failed to convert whiteout file \"etc/alternatives/.wh.pager.1.gz\": operation not permitted" } })

---- schedule_runs_tests::keyset_cursor_paginates_without_overlap stdout ----

thread 'schedule_runs_tests::keyset_cursor_paginates_without_overlap' (108002) panicked at autumn-harvest/tests/integration/schedule_runs_tests.rs:142:10:
postgres start: Client(PullImage { descriptor: "postgres:16", err: DockerStreamError { error: "failed to extract layer (application/vnd.oci.image.layer.v1.tar+gzip sha256:bf8787dc3d9f01ed9e374788821940fd733d91f492332ef497e1239c0888faab) to overlayfs as \"extract-356436241-etXI sha256:40302900c72eb4bab05f1925eff7da33f4c8a297120c4482bea3059e6015c818\": failed to convert whiteout file \"etc/alternatives/.wh.pager.1.gz\": operation not permitted" } })

---- schedule_runs_tests::keyset_cursor_uses_slot_key stdout ----

thread 'schedule_runs_tests::keyset_cursor_uses_slot_key' (108007) panicked at autumn-harvest/tests/integration/schedule_runs_tests.rs:142:10:
postgres start: Client(PullImage { descriptor: "postgres:16", err: DockerStreamError { error: "failed to extract layer (application/vnd.oci.image.layer.v1.tar+gzip sha256:bf8787dc3d9f01ed9e374788821940fd733d91f492332ef497e1239c0888faab) to overlayfs as \"extract-458670965-P6la sha256:40302900c72eb4bab05f1925eff7da33f4c8a297120c4482bea3059e6015c818\": failed to convert whiteout file \"etc/alternatives/.wh.pager.1.gz\": operation not permitted" } })

---- schedule_runs_tests::list_orders_by_logical_slot_and_returns_error stdout ----

thread 'schedule_runs_tests::list_orders_by_logical_slot_and_returns_error' (108013) panicked at autumn-harvest/tests/integration/schedule_runs_tests.rs:142:10:
postgres start: Client(PullImage { descriptor: "postgres:16", err: DockerStreamError { error: "failed to extract layer (application/vnd.oci.image.layer.v1.tar+gzip sha256:bf8787dc3d9f01ed9e374788821940fd733d91f492332ef497e1239c0888faab) to overlayfs as \"extract-551929422-j-jy sha256:40302900c72eb4bab05f1925eff7da33f4c8a297120c4482bea3059e6015c818\": failed to convert whiteout file \"etc/alternatives/.wh.pager.1.gz\": operation not permitted" } })

---- schedule_runs_tests::list_orders_newest_first_and_filters_by_state stdout ----

thread 'schedule_runs_tests::list_orders_newest_first_and_filters_by_state' (108018) panicked at autumn-harvest/tests/integration/schedule_runs_tests.rs:142:10:
postgres start: Client(PullImage { descriptor: "postgres:16", err: DockerStreamError { error: "failed to extract layer (application/vnd.oci.image.layer.v1.tar+gzip sha256:bf8787dc3d9f01ed9e374788821940fd733d91f492332ef497e1239c0888faab) to overlayfs as \"extract-790037720-zL4j sha256:40302900c72eb4bab05f1925eff7da33f4c8a297120c4482bea3059e6015c818\": failed to convert whiteout file \"etc/alternatives/.wh.pager.1.gz\": operation not permitted" } })

---- schedule_runs_tests::origin_is_persisted_for_each_dispatch_source stdout ----

thread 'schedule_runs_tests::origin_is_persisted_for_each_dispatch_source' (108020) panicked at autumn-harvest/tests/integration/schedule_runs_tests.rs:142:10:
postgres start: Client(PullImage { descriptor: "postgres:16", err: DockerStreamError { error: "failed to extract layer (application/vnd.oci.image.layer.v1.tar+gzip sha256:bf8787dc3d9f01ed9e374788821940fd733d91f492332ef497e1239c0888faab) to overlayfs as \"extract-894653133-qFpS sha256:40302900c72eb4bab05f1925eff7da33f4c8a297120c4482bea3059e6015c818\": failed to convert whiteout file \"etc/alternatives/.wh.pager.1.gz\": operation not permitted" } })

---- schedule_runs_tests::summary_counts_scheduled_origin_only stdout ----

thread 'schedule_runs_tests::summary_counts_scheduled_origin_only' (108029) panicked at autumn-harvest/tests/integration/schedule_runs_tests.rs:142:10:
postgres start: Client(PullImage { descriptor: "postgres:16", err: DockerStreamError { error: "failed to extract layer (application/vnd.oci.image.layer.v1.tar+gzip sha256:bf8787dc3d9f01ed9e374788821940fd733d91f492332ef497e1239c0888faab) to overlayfs as \"extract-969827409-pn-Z sha256:40302900c72eb4bab05f1925eff7da33f4c8a297120c4482bea3059e6015c818\": failed to convert whiteout file \"etc/alternatives/.wh.pager.1.gz\": operation not permitted" } })

---- schedule_to_close_tests::enqueue_params_schedule_to_close_at_persisted_and_not_prematurely_fired stdout ----

thread 'schedule_to_close_tests::enqueue_params_schedule_to_close_at_persisted_and_not_prematurely_fired' (108059) panicked at autumn-harvest/tests/integration/schedule_to_close_tests.rs:137:10:
postgres start: Client(PullImage { descriptor: "postgres:16", err: DockerStreamError { error: "failed to extract layer (application/vnd.oci.image.layer.v1.tar+gzip sha256:bf8787dc3d9f01ed9e374788821940fd733d91f492332ef497e1239c0888faab) to overlayfs as \"extract-246435128-d47w sha256:40302900c72eb4bab05f1925eff7da33f4c8a297120c4482bea3059e6015c818\": failed to convert whiteout file \"etc/alternatives/.wh.pager.1.gz\": operation not permitted" } })

---- schedule_to_close_tests::pre_retry_deadline_check_prevents_requeue_when_deadline_exceeded stdout ----

thread 'schedule_to_close_tests::pre_retry_deadline_check_prevents_requeue_when_deadline_exceeded' (108069) panicked at autumn-harvest/tests/integration/schedule_to_close_tests.rs:137:10:
postgres start: Client(PullImage { descriptor: "postgres:16", err: DockerStreamError { error: "failed to extract layer (application/vnd.oci.image.layer.v1.tar+gzip sha256:bf8787dc3d9f01ed9e374788821940fd733d91f492332ef497e1239c0888faab) to overlayfs as \"extract-340182241-BiJW sha256:40302900c72eb4bab05f1925eff7da33f4c8a297120c4482bea3059e6015c818\": failed to convert whiteout file \"etc/alternatives/.wh.pager.1.gz\": operation not permitted" } })

---- schedule_to_close_tests::scanner_does_not_affect_tasks_without_schedule_to_close stdout ----

thread 'schedule_to_close_tests::scanner_does_not_affect_tasks_without_schedule_to_close' (108070) panicked at autumn-harvest/tests/integration/schedule_to_close_tests.rs:137:10:
postgres start: Client(PullImage { descriptor: "postgres:16", err: DockerStreamError { error: "failed to extract layer (application/vnd.oci.image.layer.v1.tar+gzip sha256:bf8787dc3d9f01ed9e374788821940fd733d91f492332ef497e1239c0888faab) to overlayfs as \"extract-425318283-l4R3 sha256:40302900c72eb4bab05f1925eff7da33f4c8a297120c4482bea3059e6015c818\": failed to convert whiteout file \"etc/alternatives/.wh.pager.1.gz\": operation not permitted" } })

---- schedule_to_close_tests::scanner_times_out_pending_task_with_expired_schedule_to_close stdout ----

thread 'schedule_to_close_tests::scanner_times_out_pending_task_with_expired_schedule_to_close' (108074) panicked at autumn-harvest/tests/integration/schedule_to_close_tests.rs:137:10:
postgres start: Client(PullImage { descriptor: "postgres:16", err: DockerStreamError { error: "failed to extract layer (application/vnd.oci.image.layer.v1.tar+gzip sha256:bf8787dc3d9f01ed9e374788821940fd733d91f492332ef497e1239c0888faab) to overlayfs as \"extract-696832300-I-H7 sha256:40302900c72eb4bab05f1925eff7da33f4c8a297120c4482bea3059e6015c818\": failed to convert whiteout file \"etc/alternatives/.wh.pager.1.gz\": operation not permitted" } })

---- schedule_to_close_tests::scanner_times_out_running_task_with_expired_schedule_to_close stdout ----

thread 'schedule_to_close_tests::scanner_times_out_running_task_with_expired_schedule_to_close' (108078) panicked at autumn-harvest/tests/integration/schedule_to_close_tests.rs:137:10:
postgres start: Client(PullImage { descriptor: "postgres:16", err: DockerStreamError { error: "failed to extract layer (application/vnd.oci.image.layer.v1.tar+gzip sha256:bf8787dc3d9f01ed9e374788821940fd733d91f492332ef497e1239c0888faab) to overlayfs as \"extract-803002861-4ZEV sha256:40302900c72eb4bab05f1925eff7da33f4c8a297120c4482bea3059e6015c818\": failed to convert whiteout file \"etc/alternatives/.wh.pager.1.gz\": operation not permitted" } })

---- schedule_update_tests::autopaused_schedule_patch_preserves_then_clears_auto_paused_at stdout ----

thread 'schedule_update_tests::autopaused_schedule_patch_preserves_then_clears_auto_paused_at' (108080) panicked at autumn-harvest/tests/integration/schedule_update_tests.rs:133:10:
postgres start: Client(PullImage { descriptor: "postgres:16", err: DockerStreamError { error: "failed to extract layer (application/vnd.oci.image.layer.v1.tar+gzip sha256:bf8787dc3d9f01ed9e374788821940fd733d91f492332ef497e1239c0888faab) to overlayfs as \"extract-884732532-2ihB sha256:40302900c72eb4bab05f1925eff7da33f4c8a297120c4482bea3059e6015c818\": failed to convert whiteout file \"etc/alternatives/.wh.pager.1.gz\": operation not permitted" } })

---- schedule_update_tests::cadence_change_recomputes_next_run_at_anchored_at_now stdout ----

thread 'schedule_update_tests::cadence_change_recomputes_next_run_at_anchored_at_now' (108090) panicked at autumn-harvest/tests/integration/schedule_update_tests.rs:133:10:
postgres start: Client(PullImage { descriptor: "postgres:16", err: DockerStreamError { error: "failed to extract layer (application/vnd.oci.image.layer.v1.tar+gzip sha256:bf8787dc3d9f01ed9e374788821940fd733d91f492332ef497e1239c0888faab) to overlayfs as \"extract-163900785-vMUS sha256:40302900c72eb4bab05f1925eff7da33f4c8a297120c4482bea3059e6015c818\": failed to convert whiteout file \"etc/alternatives/.wh.pager.1.gz\": operation not permitted" } })

---- schedule_update_tests::cron_to_manual_nulls_next_run_at stdout ----

thread 'schedule_update_tests::cron_to_manual_nulls_next_run_at' (108093) panicked at autumn-harvest/tests/integration/schedule_update_tests.rs:133:10:
postgres start: Client(PullImage { descriptor: "postgres:16", err: DockerStreamError { error: "failed to extract layer (application/vnd.oci.image.layer.v1.tar+gzip sha256:bf8787dc3d9f01ed9e374788821940fd733d91f492332ef497e1239c0888faab) to overlayfs as \"extract-264393261-KL6W sha256:40302900c72eb4bab05f1925eff7da33f4c8a297120c4482bea3059e6015c818\": failed to convert whiteout file \"etc/alternatives/.wh.pager.1.gz\": operation not permitted" } })

---- schedule_update_tests::dag_schedule_row_returns_dag_schedule_outcome stdout ----

thread 'schedule_update_tests::dag_schedule_row_returns_dag_schedule_outcome' (108096) panicked at autumn-harvest/tests/integration/schedule_update_tests.rs:133:10:
postgres start: Client(PullImage { descriptor: "postgres:16", err: DockerStreamError { error: "failed to extract layer (application/vnd.oci.image.layer.v1.tar+gzip sha256:bf8787dc3d9f01ed9e374788821940fd733d91f492332ef497e1239c0888faab) to overlayfs as \"extract-354947910-tEWn sha256:40302900c72eb4bab05f1925eff7da33f4c8a297120c4482bea3059e6015c818\": failed to convert whiteout file \"etc/alternatives/.wh.pager.1.gz\": operation not permitted" } })

---- schedule_update_tests::expired_fire_claim_does_not_block_update stdout ----

thread 'schedule_update_tests::expired_fire_claim_does_not_block_update' (108104) panicked at autumn-harvest/tests/integration/schedule_update_tests.rs:133:10:
postgres start: Client(PullImage { descriptor: "postgres:16", err: DockerStreamError { error: "failed to extract layer (application/vnd.oci.image.layer.v1.tar+gzip sha256:bf8787dc3d9f01ed9e374788821940fd733d91f492332ef497e1239c0888faab) to overlayfs as \"extract-717657766-z4W_ sha256:40302900c72eb4bab05f1925eff7da33f4c8a297120c4482bea3059e6015c818\": failed to convert whiteout file \"etc/alternatives/.wh.pager.1.gz\": operation not permitted" } })

---- schedule_update_tests::invalid_merged_schedule_writes_nothing stdout ----

thread 'schedule_update_tests::invalid_merged_schedule_writes_nothing' (108107) panicked at autumn-harvest/tests/integration/schedule_update_tests.rs:133:10:
postgres start: Client(PullImage { descriptor: "postgres:16", err: DockerStreamError { error: "failed to extract layer (application/vnd.oci.image.layer.v1.tar+gzip sha256:bf8787dc3d9f01ed9e374788821940fd733d91f492332ef497e1239c0888faab) to overlayfs as \"extract-737814215-_JkG sha256:40302900c72eb4bab05f1925eff7da33f4c8a297120c4482bea3059e6015c818\": failed to convert whiteout file \"etc/alternatives/.wh.pager.1.gz\": operation not permitted" } })

---- schedule_update_tests::live_fire_claim_blocks_update_with_claim_live_outcome stdout ----

thread 'schedule_update_tests::live_fire_claim_blocks_update_with_claim_live_outcome' (108115) panicked at autumn-harvest/tests/integration/schedule_update_tests.rs:133:10:
postgres start: Client(PullImage { descriptor: "postgres:16", err: DockerStreamError { error: "failed to extract layer (application/vnd.oci.image.layer.v1.tar+gzip sha256:bf8787dc3d9f01ed9e374788821940fd733d91f492332ef497e1239c0888faab) to overlayfs as \"extract-838448568-4PyE sha256:40302900c72eb4bab05f1925eff7da33f4c8a297120c4482bea3059e6015c818\": failed to convert whiteout file \"etc/alternatives/.wh.pager.1.gz\": operation not permitted" } })

---- schedule_update_tests::manual_to_cron_populates_next_run_at stdout ----

thread 'schedule_update_tests::manual_to_cron_populates_next_run_at' (108140) panicked at autumn-harvest/tests/integration/schedule_update_tests.rs:133:10:
postgres start: Client(PullImage { descriptor: "postgres:16", err: DockerStreamError { error: "failed to extract layer (application/vnd.oci.image.layer.v1.tar+gzip sha256:bf8787dc3d9f01ed9e374788821940fd733d91f492332ef497e1239c0888faab) to overlayfs as \"extract-234060079-Vh-F sha256:40302900c72eb4bab05f1925eff7da33f4c8a297120c4482bea3059e6015c818\": failed to convert whiteout file \"etc/alternatives/.wh.pager.1.gz\": operation not permitted" } })

---- schedule_update_tests::lowering_max_runs_below_runs_started_exhausts_immediately stdout ----

thread 'schedule_update_tests::lowering_max_runs_below_runs_started_exhausts_immediately' (108135) panicked at autumn-harvest/tests/integration/schedule_update_tests.rs:133:10:
postgres start: Client(PullImage { descriptor: "postgres:16", err: DockerStreamError { error: "failed to extract layer (application/vnd.oci.image.layer.v1.tar+gzip sha256:bf8787dc3d9f01ed9e374788821940fd733d91f492332ef497e1239c0888faab) to overlayfs as \"extract-235730461-rV5R sha256:40302900c72eb4bab05f1925eff7da33f4c8a297120c4482bea3059e6015c818\": failed to convert whiteout file \"etc/alternatives/.wh.pager.1.gz\": operation not permitted" } })

---- schedule_update_tests::non_cadence_policy_change_preserves_next_run_at stdout ----

thread 'schedule_update_tests::non_cadence_policy_change_preserves_next_run_at' (108146) panicked at autumn-harvest/tests/integration/schedule_update_tests.rs:133:10:
postgres start: Client(PullImage { descriptor: "postgres:16", err: DockerStreamError { error: "failed to extract layer (application/vnd.oci.image.layer.v1.tar+gzip sha256:bf8787dc3d9f01ed9e374788821940fd733d91f492332ef497e1239c0888faab) to overlayfs as \"extract-309874140-2-2m sha256:40302900c72eb4bab05f1925eff7da33f4c8a297120c4482bea3059e6015c818\": failed to convert whiteout file \"etc/alternatives/.wh.pager.1.gz\": operation not permitted" } })

---- schedule_update_tests::patch_blocks_on_row_lock_and_applies_against_post_commit_row stdout ----

thread 'schedule_update_tests::patch_blocks_on_row_lock_and_applies_against_post_commit_row' (108177) panicked at autumn-harvest/tests/integration/schedule_update_tests.rs:133:10:
postgres start: Client(PullImage { descriptor: "postgres:16", err: DockerStreamError { error: "failed to extract layer (application/vnd.oci.image.layer.v1.tar+gzip sha256:bf8787dc3d9f01ed9e374788821940fd733d91f492332ef497e1239c0888faab) to overlayfs as \"extract-661820823-iWRr sha256:40302900c72eb4bab05f1925eff7da33f4c8a297120c4482bea3059e6015c818\": failed to convert whiteout file \"etc/alternatives/.wh.pager.1.gz\": operation not permitted" } })

---- schedule_update_tests::patch_input_only_changes_input_and_preserves_cadence stdout ----

thread 'schedule_update_tests::patch_input_only_changes_input_and_preserves_cadence' (108181) panicked at autumn-harvest/tests/integration/schedule_update_tests.rs:133:10:
postgres start: Client(PullImage { descriptor: "postgres:16", err: DockerStreamError { error: "failed to extract layer (application/vnd.oci.image.layer.v1.tar+gzip sha256:bf8787dc3d9f01ed9e374788821940fd733d91f492332ef497e1239c0888faab) to overlayfs as \"extract-717184688-QbjO sha256:40302900c72eb4bab05f1925eff7da33f4c8a297120c4482bea3059e6015c818\": failed to convert whiteout file \"etc/alternatives/.wh.pager.1.gz\": operation not permitted" } })

---- schedule_update_tests::patch_on_expired_claim_fences_straggler_finalize stdout ----

thread 'schedule_update_tests::patch_on_expired_claim_fences_straggler_finalize' (108189) panicked at autumn-harvest/tests/integration/schedule_update_tests.rs:133:10:
postgres start: Client(PullImage { descriptor: "postgres:16", err: DockerStreamError { error: "failed to extract layer (application/vnd.oci.image.layer.v1.tar+gzip sha256:bf8787dc3d9f01ed9e374788821940fd733d91f492332ef497e1239c0888faab) to overlayfs as \"extract-761158926-mD92 sha256:40302900c72eb4bab05f1925eff7da33f4c8a297120c4482bea3059e6015c818\": failed to convert whiteout file \"etc/alternatives/.wh.pager.1.gz\": operation not permitted" } })

---- schedule_update_tests::paused_schedule_stays_paused_and_bookkeeping_preserved stdout ----

thread 'schedule_update_tests::paused_schedule_stays_paused_and_bookkeeping_preserved' (108209) panicked at autumn-harvest/tests/integration/schedule_update_tests.rs:133:10:
postgres start: Client(PullImage { descriptor: "postgres:16", err: DockerStreamError { error: "failed to extract layer (application/vnd.oci.image.layer.v1.tar+gzip sha256:bf8787dc3d9f01ed9e374788821940fd733d91f492332ef497e1239c0888faab) to overlayfs as \"extract-96441281-ebFd sha256:40302900c72eb4bab05f1925eff7da33f4c8a297120c4482bea3059e6015c818\": failed to convert whiteout file \"etc/alternatives/.wh.pager.1.gz\": operation not permitted" } })

---- schedule_update_tests::raising_max_runs_clears_exhaustion_and_repopulates_next_run_at stdout ----

thread 'schedule_update_tests::raising_max_runs_clears_exhaustion_and_repopulates_next_run_at' (108210) panicked at autumn-harvest/tests/integration/schedule_update_tests.rs:133:10:
postgres start: Client(PullImage { descriptor: "postgres:16", err: DockerStreamError { error: "failed to extract layer (application/vnd.oci.image.layer.v1.tar+gzip sha256:bf8787dc3d9f01ed9e374788821940fd733d91f492332ef497e1239c0888faab) to overlayfs as \"extract-200802989-wgCu sha256:40302900c72eb4bab05f1925eff7da33f4c8a297120c4482bea3059e6015c818\": failed to convert whiteout file \"etc/alternatives/.wh.pager.1.gz\": operation not permitted" } })

---- schedule_update_tests::tick_fires_fresh_row_not_pre_claim_snapshot stdout ----

thread 'schedule_update_tests::tick_fires_fresh_row_not_pre_claim_snapshot' (108213) panicked at autumn-harvest/tests/integration/schedule_update_tests.rs:133:10:
postgres start: Client(PullImage { descriptor: "postgres:16", err: DockerStreamError { error: "failed to extract layer (application/vnd.oci.image.layer.v1.tar+gzip sha256:bf8787dc3d9f01ed9e374788821940fd733d91f492332ef497e1239c0888faab) to overlayfs as \"extract-222424806-EBGb sha256:40302900c72eb4bab05f1925eff7da33f4c8a297120c4482bea3059e6015c818\": failed to convert whiteout file \"etc/alternatives/.wh.pager.1.gz\": operation not permitted" } })

---- schedule_update_tests::tristate_clear_and_absence_semantics stdout ----

thread 'schedule_update_tests::tristate_clear_and_absence_semantics' (108223) panicked at autumn-harvest/tests/integration/schedule_update_tests.rs:133:10:
postgres start: Client(PullImage { descriptor: "postgres:16", err: DockerStreamError { error: "failed to extract layer (application/vnd.oci.image.layer.v1.tar+gzip sha256:bf8787dc3d9f01ed9e374788821940fd733d91f492332ef497e1239c0888faab) to overlayfs as \"extract-635681992-QmMx sha256:40302900c72eb4bab05f1925eff7da33f4c8a297120c4482bea3059e6015c818\": failed to convert whiteout file \"etc/alternatives/.wh.pager.1.gz\": operation not permitted" } })

---- schedule_update_tests::unknown_id_returns_not_found stdout ----

thread 'schedule_update_tests::unknown_id_returns_not_found' (108227) panicked at autumn-harvest/tests/integration/schedule_update_tests.rs:133:10:
postgres start: Client(PullImage { descriptor: "postgres:16", err: DockerStreamError { error: "failed to extract layer (application/vnd.oci.image.layer.v1.tar+gzip sha256:bf8787dc3d9f01ed9e374788821940fd733d91f492332ef497e1239c0888faab) to overlayfs as \"extract-648424026-c3Bj sha256:40302900c72eb4bab05f1925eff7da33f4c8a297120c4482bea3059e6015c818\": failed to convert whiteout file \"etc/alternatives/.wh.pager.1.gz\": operation not permitted" } })

---- scheduled_time_tests::scheduled_run_has_correct_scheduled_time stdout ----

thread 'scheduled_time_tests::scheduled_run_has_correct_scheduled_time' (108238) panicked at autumn-harvest/tests/integration/scheduled_time_tests.rs:165:55:
postgres start: Client(CreateContainer(DockerResponseServerError { status_code: 500, message: "failed to mount /tmp/containerd-mount3898139361: mount source: \"overlay\", target: \"/tmp/containerd-mount3898139361\", fstype: overlay, flags: 0, data: \"workdir=/var/lib/containerd/io.containerd.snapshotter.v1.overlayfs/snapshots/1290/work,upperdir=/var/lib/containerd/io.containerd.snapshotter.v1.overlayfs/snapshots/1290/fs,lowerdir=/var/lib/containerd/io.containerd.snapshotter.v1.overlayfs/snapshots/1287/fs:/var/lib/containerd/io.containerd.snapshotter.v1.overlayfs/snapshots/1286/fs:/var/lib/containerd/io.containerd.snapshotter.v1.overlayfs/snapshots/1285/fs:/var/lib/containerd/io.containerd.snapshotter.v1.overlayfs/snapshots/1284/fs:/var/lib/containerd/io.containerd.snapshotter.v1.overlayfs/snapshots/1282/fs:/var/lib/containerd/io.containerd.snapshotter.v1.overlayfs/snapshots/1280/fs:/var/lib/containerd/io.containerd.snapshotter.v1.overlayfs/snapshots/1279/fs:/var/lib/containerd/io.containerd.snapshotter.v1.overlayfs/snapshots/1278/fs,index=off\", err: invalid argument" }))

---- scheduled_time_tests::manual_start_has_no_scheduled_time stdout ----

thread 'scheduled_time_tests::manual_start_has_no_scheduled_time' (108231) panicked at autumn-harvest/tests/integration/scheduled_time_tests.rs:165:55:
postgres start: Client(CreateContainer(DockerResponseServerError { status_code: 500, message: "failed to mount /tmp/containerd-mount118268190: mount source: \"overlay\", target: \"/tmp/containerd-mount118268190\", fstype: overlay, flags: 0, data: \"workdir=/var/lib/containerd/io.containerd.snapshotter.v1.overlayfs/snapshots/1288/work,upperdir=/var/lib/containerd/io.containerd.snapshotter.v1.overlayfs/snapshots/1288/fs,lowerdir=/var/lib/containerd/io.containerd.snapshotter.v1.overlayfs/snapshots/1287/fs:/var/lib/containerd/io.containerd.snapshotter.v1.overlayfs/snapshots/1286/fs:/var/lib/containerd/io.containerd.snapshotter.v1.overlayfs/snapshots/1285/fs:/var/lib/containerd/io.containerd.snapshotter.v1.overlayfs/snapshots/1284/fs:/var/lib/containerd/io.containerd.snapshotter.v1.overlayfs/snapshots/1282/fs:/var/lib/containerd/io.containerd.snapshotter.v1.overlayfs/snapshots/1280/fs:/var/lib/containerd/io.containerd.snapshotter.v1.overlayfs/snapshots/1279/fs:/var/lib/containerd/io.containerd.snapshotter.v1.overlayfs/snapshots/1278/fs,index=off\", err: invalid argument" }))

---- scheduled_time_tests::n_slots_produce_n_distinct_scheduled_times stdout ----

thread 'scheduled_time_tests::n_slots_produce_n_distinct_scheduled_times' (108237) panicked at autumn-harvest/tests/integration/scheduled_time_tests.rs:165:55:
postgres start: Client(CreateContainer(DockerResponseServerError { status_code: 500, message: "failed to mount /tmp/containerd-mount286897013: mount source: \"overlay\", target: \"/tmp/containerd-mount286897013\", fstype: overlay, flags: 0, data: \"workdir=/var/lib/containerd/io.containerd.snapshotter.v1.overlayfs/snapshots/1289/work,upperdir=/var/lib/containerd/io.containerd.snapshotter.v1.overlayfs/snapshots/1289/fs,lowerdir=/var/lib/containerd/io.containerd.snapshotter.v1.overlayfs/snapshots/1287/fs:/var/lib/containerd/io.containerd.snapshotter.v1.overlayfs/snapshots/1286/fs:/var/lib/containerd/io.containerd.snapshotter.v1.overlayfs/snapshots/1285/fs:/var/lib/containerd/io.containerd.snapshotter.v1.overlayfs/snapshots/1284/fs:/var/lib/containerd/io.containerd.snapshotter.v1.overlayfs/snapshots/1282/fs:/var/lib/containerd/io.containerd.snapshotter.v1.overlayfs/snapshots/1280/fs:/var/lib/containerd/io.containerd.snapshotter.v1.overlayfs/snapshots/1279/fs:/var/lib/containerd/io.containerd.snapshotter.v1.overlayfs/snapshots/1278/fs,index=off\", err: invalid argument" }))

---- scheduled_time_tests::scheduled_run_replays_deterministically stdout ----

thread 'scheduled_time_tests::scheduled_run_replays_deterministically' (110476) panicked at autumn-harvest/tests/integration/scheduled_time_tests.rs:165:55:
postgres start: Client(CreateContainer(DockerResponseServerError { status_code: 500, message: "failed to mount /tmp/containerd-mount3650031513: mount source: \"overlay\", target: \"/tmp/containerd-mount3650031513\", fstype: overlay, flags: 0, data: \"workdir=/var/lib/containerd/io.containerd.snapshotter.v1.overlayfs/snapshots/1291/work,upperdir=/var/lib/containerd/io.containerd.snapshotter.v1.overlayfs/snapshots/1291/fs,lowerdir=/var/lib/containerd/io.containerd.snapshotter.v1.overlayfs/snapshots/1287/fs:/var/lib/containerd/io.containerd.snapshotter.v1.overlayfs/snapshots/1286/fs:/var/lib/containerd/io.containerd.snapshotter.v1.overlayfs/snapshots/1285/fs:/var/lib/containerd/io.containerd.snapshotter.v1.overlayfs/snapshots/1284/fs:/var/lib/containerd/io.containerd.snapshotter.v1.overlayfs/snapshots/1282/fs:/var/lib/containerd/io.containerd.snapshotter.v1.overlayfs/snapshots/1280/fs:/var/lib/containerd/io.containerd.snapshotter.v1.overlayfs/snapshots/1279/fs:/var/lib/containerd/io.containerd.snapshotter.v1.overlayfs/snapshots/1278/fs,index=off\", err: invalid argument" }))

---- scheduler_auto_pause_tests::auto_paused_schedule_remains_paused_on_subsequent_ticks stdout ----

thread 'scheduler_auto_pause_tests::auto_paused_schedule_remains_paused_on_subsequent_ticks' (110477) panicked at autumn-harvest/tests/integration/scheduler_auto_pause_tests.rs:156:10:
postgres start: Client(PullImage { descriptor: "postgres:16", err: DockerStreamError { error: "failed to extract layer (application/vnd.oci.image.layer.v1.tar+gzip sha256:bf8787dc3d9f01ed9e374788821940fd733d91f492332ef497e1239c0888faab) to overlayfs as \"extract-945497253-vZ4I sha256:40302900c72eb4bab05f1925eff7da33f4c8a297120c4482bea3059e6015c818\": failed to convert whiteout file \"etc/alternatives/.wh.pager.1.gz\": operation not permitted" } })

---- scheduler_auto_pause_tests::schedule_auto_pauses_after_consecutive_failures stdout ----

thread 'scheduler_auto_pause_tests::schedule_auto_pauses_after_consecutive_failures' (110480) panicked at autumn-harvest/tests/integration/scheduler_auto_pause_tests.rs:156:10:
postgres start: Client(PullImage { descriptor: "postgres:16", err: DockerStreamError { error: "failed to extract layer (application/vnd.oci.image.layer.v1.tar+gzip sha256:bf8787dc3d9f01ed9e374788821940fd733d91f492332ef497e1239c0888faab) to overlayfs as \"extract-960504460-n9_C sha256:40302900c72eb4bab05f1925eff7da33f4c8a297120c4482bea3059e6015c818\": failed to convert whiteout file \"etc/alternatives/.wh.pager.1.gz\": operation not permitted" } })

---- scheduler_auto_pause_tests::schedule_fires_when_below_failure_limit stdout ----

thread 'scheduler_auto_pause_tests::schedule_fires_when_below_failure_limit' (110485) panicked at autumn-harvest/tests/integration/scheduler_auto_pause_tests.rs:156:10:
postgres start: Client(PullImage { descriptor: "postgres:16", err: DockerStreamError { error: "failed to extract layer (application/vnd.oci.image.layer.v1.tar+gzip sha256:bf8787dc3d9f01ed9e374788821940fd733d91f492332ef497e1239c0888faab) to overlayfs as \"extract-239830442-5Eus sha256:40302900c72eb4bab05f1925eff7da33f4c8a297120c4482bea3059e6015c818\": failed to convert whiteout file \"etc/alternatives/.wh.pager.1.gz\": operation not permitted" } })

---- scheduler_auto_pause_tests::schedule_resumes_and_resets_failure_count stdout ----

thread 'scheduler_auto_pause_tests::schedule_resumes_and_resets_failure_count' (110506) panicked at autumn-harvest/tests/integration/scheduler_auto_pause_tests.rs:156:10:
postgres start: Client(PullImage { descriptor: "postgres:16", err: DockerStreamError { error: "failed to extract layer (application/vnd.oci.image.layer.v1.tar+gzip sha256:bf8787dc3d9f01ed9e374788821940fd733d91f492332ef497e1239c0888faab) to overlayfs as \"extract-449642688-RR6m sha256:40302900c72eb4bab05f1925eff7da33f4c8a297120c4482bea3059e6015c818\": failed to convert whiteout file \"etc/alternatives/.wh.pager.1.gz\": operation not permitted" } })

---- scheduler_auto_pause_tests::schedule_without_limit_never_auto_pauses stdout ----

thread 'scheduler_auto_pause_tests::schedule_without_limit_never_auto_pauses' (110507) panicked at autumn-harvest/tests/integration/scheduler_auto_pause_tests.rs:156:10:
postgres start: Client(PullImage { descriptor: "postgres:16", err: DockerStreamError { error: "failed to extract layer (application/vnd.oci.image.layer.v1.tar+gzip sha256:bf8787dc3d9f01ed9e374788821940fd733d91f492332ef497e1239c0888faab) to overlayfs as \"extract-482035079-_WWo sha256:40302900c72eb4bab05f1925eff7da33f4c8a297120c4482bea3059e6015c818\": failed to convert whiteout file \"etc/alternatives/.wh.pager.1.gz\": operation not permitted" } })

---- scheduler_bounded_runs_tests::decision_log_records_end_at_reached stdout ----

thread 'scheduler_bounded_runs_tests::decision_log_records_end_at_reached' (110512) panicked at autumn-harvest/tests/integration/scheduler_bounded_runs_tests.rs:189:10:
postgres start: Client(PullImage { descriptor: "postgres:16", err: DockerStreamError { error: "failed to extract layer (application/vnd.oci.image.layer.v1.tar+gzip sha256:bf8787dc3d9f01ed9e374788821940fd733d91f492332ef497e1239c0888faab) to overlayfs as \"extract-635723711-lHMo sha256:40302900c72eb4bab05f1925eff7da33f4c8a297120c4482bea3059e6015c818\": failed to convert whiteout file \"etc/alternatives/.wh.pager.1.gz\": operation not permitted" } })

---- scheduler_bounded_runs_tests::exhausted_schedule_stays_exhausted stdout ----

thread 'scheduler_bounded_runs_tests::exhausted_schedule_stays_exhausted' (110519) panicked at autumn-harvest/tests/integration/scheduler_bounded_runs_tests.rs:189:10:
postgres start: Client(PullImage { descriptor: "postgres:16", err: DockerStreamError { error: "failed to extract layer (application/vnd.oci.image.layer.v1.tar+gzip sha256:bf8787dc3d9f01ed9e374788821940fd733d91f492332ef497e1239c0888faab) to overlayfs as \"extract-943064377-RyIJ sha256:40302900c72eb4bab05f1925eff7da33f4c8a297120c4482bea3059e6015c818\": failed to convert whiteout file \"etc/alternatives/.wh.pager.1.gz\": operation not permitted" } })

---- scheduler_bounded_runs_tests::decision_log_records_max_runs_exhausted stdout ----

thread 'scheduler_bounded_runs_tests::decision_log_records_max_runs_exhausted' (110518) panicked at autumn-harvest/tests/integration/scheduler_bounded_runs_tests.rs:189:10:
postgres start: Client(PullImage { descriptor: "postgres:16", err: DockerStreamError { error: "failed to extract layer (application/vnd.oci.image.layer.v1.tar+gzip sha256:bf8787dc3d9f01ed9e374788821940fd733d91f492332ef497e1239c0888faab) to overlayfs as \"extract-27313800-8NsS sha256:40302900c72eb4bab05f1925eff7da33f4c8a297120c4482bea3059e6015c818\": failed to convert whiteout file \"etc/alternatives/.wh.pager.1.gz\": operation not permitted" } })

---- scheduler_bounded_runs_tests::max_runs_1_fires_once_then_exhausts stdout ----

thread 'scheduler_bounded_runs_tests::max_runs_1_fires_once_then_exhausts' (110522) panicked at autumn-harvest/tests/integration/scheduler_bounded_runs_tests.rs:189:10:
postgres start: Client(PullImage { descriptor: "postgres:16", err: DockerStreamError { error: "failed to extract layer (application/vnd.oci.image.layer.v1.tar+gzip sha256:bf8787dc3d9f01ed9e374788821940fd733d91f492332ef497e1239c0888faab) to overlayfs as \"extract-321983161-9ij8 sha256:40302900c72eb4bab05f1925eff7da33f4c8a297120c4482bea3059e6015c818\": failed to convert whiteout file \"etc/alternatives/.wh.pager.1.gz\": operation not permitted" } })

---- scheduler_bounded_runs_tests::runs_started_incremented_per_dispatch stdout ----

thread 'scheduler_bounded_runs_tests::runs_started_incremented_per_dispatch' (110609) panicked at autumn-harvest/tests/integration/scheduler_bounded_runs_tests.rs:189:10:
postgres start: Client(PullImage { descriptor: "postgres:16", err: DockerStreamError { error: "failed to extract layer (application/vnd.oci.image.layer.v1.tar+gzip sha256:bf8787dc3d9f01ed9e374788821940fd733d91f492332ef497e1239c0888faab) to overlayfs as \"extract-509625816-gbY9 sha256:40302900c72eb4bab05f1925eff7da33f4c8a297120c4482bea3059e6015c818\": failed to convert whiteout file \"etc/alternatives/.wh.pager.1.gz\": operation not permitted" } })

---- scheduler_bounded_runs_tests::paused_schedule_does_not_consume_budget stdout ----

thread 'scheduler_bounded_runs_tests::paused_schedule_does_not_consume_budget' (110607) panicked at autumn-harvest/tests/integration/scheduler_bounded_runs_tests.rs:189:10:
postgres start: Client(PullImage { descriptor: "postgres:16", err: DockerStreamError { error: "failed to extract layer (application/vnd.oci.image.layer.v1.tar+gzip sha256:bf8787dc3d9f01ed9e374788821940fd733d91f492332ef497e1239c0888faab) to overlayfs as \"extract-556020706-GXWX sha256:40302900c72eb4bab05f1925eff7da33f4c8a297120c4482bea3059e6015c818\": failed to convert whiteout file \"etc/alternatives/.wh.pager.1.gz\": operation not permitted" } })

---- scheduler_bounded_runs_tests::schedule_before_end_at_fires_normally stdout ----

thread 'scheduler_bounded_runs_tests::schedule_before_end_at_fires_normally' (110652) panicked at autumn-harvest/tests/integration/scheduler_bounded_runs_tests.rs:189:10:
postgres start: Client(PullImage { descriptor: "postgres:16", err: DockerStreamError { error: "failed to extract layer (application/vnd.oci.image.layer.v1.tar+gzip sha256:bf8787dc3d9f01ed9e374788821940fd733d91f492332ef497e1239c0888faab) to overlayfs as \"extract-724458736-wCKo sha256:40302900c72eb4bab05f1925eff7da33f4c8a297120c4482bea3059e6015c818\": failed to convert whiteout file \"etc/alternatives/.wh.pager.1.gz\": operation not permitted" } })

---- scheduler_bounded_runs_tests::schedule_exhausted_by_end_at_does_not_fire stdout ----

thread 'scheduler_bounded_runs_tests::schedule_exhausted_by_end_at_does_not_fire' (110746) panicked at autumn-harvest/tests/integration/scheduler_bounded_runs_tests.rs:189:10:
postgres start: Client(PullImage { descriptor: "postgres:16", err: DockerStreamError { error: "failed to extract layer (application/vnd.oci.image.layer.v1.tar+gzip sha256:bf8787dc3d9f01ed9e374788821940fd733d91f492332ef497e1239c0888faab) to overlayfs as \"extract-968106008-7sQw sha256:40302900c72eb4bab05f1925eff7da33f4c8a297120c4482bea3059e6015c818\": failed to convert whiteout file \"etc/alternatives/.wh.pager.1.gz\": operation not permitted" } })

---- scheduler_bounded_runs_tests::schedule_exhausted_by_max_runs_does_not_fire stdout ----

thread 'scheduler_bounded_runs_tests::schedule_exhausted_by_max_runs_does_not_fire' (110749) panicked at autumn-harvest/tests/integration/scheduler_bounded_runs_tests.rs:189:10:
postgres start: Client(PullImage { descriptor: "postgres:16", err: DockerStreamError { error: "failed to extract layer (application/vnd.oci.image.layer.v1.tar+gzip sha256:bf8787dc3d9f01ed9e374788821940fd733d91f492332ef497e1239c0888faab) to overlayfs as \"extract-11650955-ADjD sha256:40302900c72eb4bab05f1925eff7da33f4c8a297120c4482bea3059e6015c818\": failed to convert whiteout file \"etc/alternatives/.wh.pager.1.gz\": operation not permitted" } })

---- scheduler_bounded_runs_tests::schedule_without_bounds_fires_normally stdout ----

thread 'scheduler_bounded_runs_tests::schedule_without_bounds_fires_normally' (110774) panicked at autumn-harvest/tests/integration/scheduler_bounded_runs_tests.rs:189:10:
postgres start: Client(PullImage { descriptor: "postgres:16", err: DockerStreamError { error: "failed to extract layer (application/vnd.oci.image.layer.v1.tar+gzip sha256:bf8787dc3d9f01ed9e374788821940fd733d91f492332ef497e1239c0888faab) to overlayfs as \"extract-184967398-VFnZ sha256:40302900c72eb4bab05f1925eff7da33f4c8a297120c4482bea3059e6015c818\": failed to convert whiteout file \"etc/alternatives/.wh.pager.1.gz\": operation not permitted" } })

---- scheduler_carryover_tests::last_error_reflects_prior_failure_and_clears_after_recovery stdout ----

thread 'scheduler_carryover_tests::last_error_reflects_prior_failure_and_clears_after_recovery' (110850) panicked at autumn-harvest/tests/integration/scheduler_carryover_tests.rs:202:10:
postgres start: Client(PullImage { descriptor: "postgres:16", err: DockerStreamError { error: "failed to extract layer (application/vnd.oci.image.layer.v1.tar+gzip sha256:bf8787dc3d9f01ed9e374788821940fd733d91f492332ef497e1239c0888faab) to overlayfs as \"extract-410350254-NliF sha256:40302900c72eb4bab05f1925eff7da33f4c8a297120c4482bea3059e6015c818\": failed to convert whiteout file \"etc/alternatives/.wh.pager.1.gz\": operation not permitted" } })

---- scheduler_carryover_tests::manual_start_has_no_carryover stdout ----

thread 'scheduler_carryover_tests::manual_start_has_no_carryover' (110860) panicked at autumn-harvest/tests/integration/scheduler_carryover_tests.rs:202:10:
postgres start: Client(PullImage { descriptor: "postgres:16", err: DockerStreamError { error: "failed to extract layer (application/vnd.oci.image.layer.v1.tar+gzip sha256:bf8787dc3d9f01ed9e374788821940fd733d91f492332ef497e1239c0888faab) to overlayfs as \"extract-459518466-Ov3o sha256:40302900c72eb4bab05f1925eff7da33f4c8a297120c4482bea3059e6015c818\": failed to convert whiteout file \"etc/alternatives/.wh.pager.1.gz\": operation not permitted" } })

---- scheduler_carryover_tests::skip_policy_does_not_advance_carryover stdout ----

thread 'scheduler_carryover_tests::skip_policy_does_not_advance_carryover' (110907) panicked at autumn-harvest/tests/integration/scheduler_carryover_tests.rs:202:10:
postgres start: Client(PullImage { descriptor: "postgres:16", err: DockerStreamError { error: "failed to extract layer (application/vnd.oci.image.layer.v1.tar+gzip sha256:bf8787dc3d9f01ed9e374788821940fd733d91f492332ef497e1239c0888faab) to overlayfs as \"extract-692130924-zWEB sha256:40302900c72eb4bab05f1925eff7da33f4c8a297120c4482bea3059e6015c818\": failed to convert whiteout file \"etc/alternatives/.wh.pager.1.gz\": operation not permitted" } })

---- scheduler_carryover_tests::two_scheduled_runs_carry_cursor_forward stdout ----

thread 'scheduler_carryover_tests::two_scheduled_runs_carry_cursor_forward' (110982) panicked at autumn-harvest/tests/integration/scheduler_carryover_tests.rs:202:10:
postgres start: Client(PullImage { descriptor: "postgres:16", err: DockerStreamError { error: "failed to extract layer (application/vnd.oci.image.layer.v1.tar+gzip sha256:bf8787dc3d9f01ed9e374788821940fd733d91f492332ef497e1239c0888faab) to overlayfs as \"extract-847104145-AP8- sha256:40302900c72eb4bab05f1925eff7da33f4c8a297120c4482bea3059e6015c818\": failed to convert whiteout file \"etc/alternatives/.wh.pager.1.gz\": operation not permitted" } })

---- scheduler_catchup_tests::legacy_catchup_false_fires_one_slot_compat stdout ----

thread 'scheduler_catchup_tests::legacy_catchup_false_fires_one_slot_compat' (110997) panicked at autumn-harvest/tests/integration/scheduler_catchup_tests.rs:190:10:
postgres start: Client(PullImage { descriptor: "postgres:16", err: DockerStreamError { error: "failed to extract layer (application/vnd.oci.image.layer.v1.tar+gzip sha256:bf8787dc3d9f01ed9e374788821940fd733d91f492332ef497e1239c0888faab) to overlayfs as \"extract-925846229-W-Qr sha256:40302900c72eb4bab05f1925eff7da33f4c8a297120c4482bea3059e6015c818\": failed to convert whiteout file \"etc/alternatives/.wh.pager.1.gz\": operation not permitted" } })

---- scheduler_catchup_tests::legacy_catchup_true_fires_all_slots_compat stdout ----

thread 'scheduler_catchup_tests::legacy_catchup_true_fires_all_slots_compat' (111033) panicked at autumn-harvest/tests/integration/scheduler_catchup_tests.rs:190:10:
postgres start: Client(PullImage { descriptor: "postgres:16", err: DockerStreamError { error: "failed to extract layer (application/vnd.oci.image.layer.v1.tar+gzip sha256:bf8787dc3d9f01ed9e374788821940fd733d91f492332ef497e1239c0888faab) to overlayfs as \"extract-124044434-_Rru sha256:40302900c72eb4bab05f1925eff7da33f4c8a297120c4482bea3059e6015c818\": failed to convert whiteout file \"etc/alternatives/.wh.pager.1.gz\": operation not permitted" } })

---- scheduler_catchup_tests::most_recent_policy_fires_one_and_records_drops stdout ----

thread 'scheduler_catchup_tests::most_recent_policy_fires_one_and_records_drops' (111039) panicked at autumn-harvest/tests/integration/scheduler_catchup_tests.rs:190:10:
postgres start: Client(PullImage { descriptor: "postgres:16", err: DockerStreamError { error: "failed to extract layer (application/vnd.oci.image.layer.v1.tar+gzip sha256:bf8787dc3d9f01ed9e374788821940fd733d91f492332ef497e1239c0888faab) to overlayfs as \"extract-292629313-jsM2 sha256:40302900c72eb4bab05f1925eff7da33f4c8a297120c4482bea3059e6015c818\": failed to convert whiteout file \"etc/alternatives/.wh.pager.1.gz\": operation not permitted" } })

---- scheduler_catchup_tests::window_policy_fires_only_in_window_slots stdout ----

thread 'scheduler_catchup_tests::window_policy_fires_only_in_window_slots' (111040) panicked at autumn-harvest/tests/integration/scheduler_catchup_tests.rs:190:10:
postgres start: Client(PullImage { descriptor: "postgres:16", err: DockerStreamError { error: "failed to extract layer (application/vnd.oci.image.layer.v1.tar+gzip sha256:bf8787dc3d9f01ed9e374788821940fd733d91f492332ef497e1239c0888faab) to overlayfs as \"extract-383927825-pkft sha256:40302900c72eb4bab05f1925eff7da33f4c8a297120c4482bea3059e6015c818\": failed to convert whiteout file \"etc/alternatives/.wh.pager.1.gz\": operation not permitted" } })

---- scheduler_ha_tests::test_expired_claim_is_overridden_for_crash_recovery stdout ----

thread 'scheduler_ha_tests::test_expired_claim_is_overridden_for_crash_recovery' (111079) panicked at autumn-harvest/tests/integration/scheduler_ha_tests.rs:165:10:
postgres start: Client(PullImage { descriptor: "postgres:16", err: DockerStreamError { error: "failed to extract layer (application/vnd.oci.image.layer.v1.tar+gzip sha256:bf8787dc3d9f01ed9e374788821940fd733d91f492332ef497e1239c0888faab) to overlayfs as \"extract-574363070-IwiA sha256:40302900c72eb4bab05f1925eff7da33f4c8a297120c4482bea3059e6015c818\": failed to convert whiteout file \"etc/alternatives/.wh.pager.1.gz\": operation not permitted" } })

---- scheduler_ha_tests::test_ha_concurrent_tick_produces_exactly_one_execution stdout ----

thread 'scheduler_ha_tests::test_ha_concurrent_tick_produces_exactly_one_execution' (111128) panicked at autumn-harvest/tests/integration/scheduler_ha_tests.rs:165:10:
postgres start: Client(PullImage { descriptor: "postgres:16", err: DockerStreamError { error: "failed to extract layer (application/vnd.oci.image.layer.v1.tar+gzip sha256:bf8787dc3d9f01ed9e374788821940fd733d91f492332ef497e1239c0888faab) to overlayfs as \"extract-726222879-KyEJ sha256:40302900c72eb4bab05f1925eff7da33f4c8a297120c4482bea3059e6015c818\": failed to convert whiteout file \"etc/alternatives/.wh.pager.1.gz\": operation not permitted" } })

---- scheduler_ha_tests::test_live_claim_prevents_double_fire stdout ----

thread 'scheduler_ha_tests::test_live_claim_prevents_double_fire' (111145) panicked at autumn-harvest/tests/integration/scheduler_ha_tests.rs:165:10:
postgres start: Client(PullImage { descriptor: "postgres:16", err: DockerStreamError { error: "failed to extract layer (application/vnd.oci.image.layer.v1.tar+gzip sha256:bf8787dc3d9f01ed9e374788821940fd733d91f492332ef497e1239c0888faab) to overlayfs as \"extract-804061907-Ipba sha256:40302900c72eb4bab05f1925eff7da33f4c8a297120c4482bea3059e6015c818\": failed to convert whiteout file \"etc/alternatives/.wh.pager.1.gz\": operation not permitted" } })

---- signal_tests::idempotency_key_is_scoped_per_execution stdout ----

thread 'signal_tests::idempotency_key_is_scoped_per_execution' (111214) panicked at autumn-harvest/tests/integration/signal_tests.rs:99:10:
failed to start Postgres container: Client(PullImage { descriptor: "postgres:16", err: DockerStreamError { error: "failed to extract layer (application/vnd.oci.image.layer.v1.tar+gzip sha256:bf8787dc3d9f01ed9e374788821940fd733d91f492332ef497e1239c0888faab) to overlayfs as \"extract-24742125-hw_F sha256:40302900c72eb4bab05f1925eff7da33f4c8a297120c4482bea3059e6015c818\": failed to convert whiteout file \"etc/alternatives/.wh.pager.1.gz\": operation not permitted" } })

---- signal_tests::idempotent_signal_with_distinct_keys_lands_each_time stdout ----

thread 'signal_tests::idempotent_signal_with_distinct_keys_lands_each_time' (111255) panicked at autumn-harvest/tests/integration/signal_tests.rs:99:10:
failed to start Postgres container: Client(PullImage { descriptor: "postgres:16", err: DockerStreamError { error: "failed to extract layer (application/vnd.oci.image.layer.v1.tar+gzip sha256:bf8787dc3d9f01ed9e374788821940fd733d91f492332ef497e1239c0888faab) to overlayfs as \"extract-217662083-iCPL sha256:40302900c72eb4bab05f1925eff7da33f4c8a297120c4482bea3059e6015c818\": failed to convert whiteout file \"etc/alternatives/.wh.pager.1.gz\": operation not permitted" } })

---- signal_tests::idempotent_signal_with_same_key_lands_exactly_once stdout ----

thread 'signal_tests::idempotent_signal_with_same_key_lands_exactly_once' (111285) panicked at autumn-harvest/tests/integration/signal_tests.rs:99:10:
failed to start Postgres container: Client(PullImage { descriptor: "postgres:16", err: DockerStreamError { error: "failed to extract layer (application/vnd.oci.image.layer.v1.tar+gzip sha256:bf8787dc3d9f01ed9e374788821940fd733d91f492332ef497e1239c0888faab) to overlayfs as \"extract-313761523-4XFR sha256:40302900c72eb4bab05f1925eff7da33f4c8a297120c4482bea3059e6015c818\": failed to convert whiteout file \"etc/alternatives/.wh.pager.1.gz\": operation not permitted" } })

---- signal_tests::plain_send_signal_still_appends_each_call stdout ----

thread 'signal_tests::plain_send_signal_still_appends_each_call' (111306) panicked at autumn-harvest/tests/integration/signal_tests.rs:99:10:
failed to start Postgres container: Client(PullImage { descriptor: "postgres:16", err: DockerStreamError { error: "failed to extract layer (application/vnd.oci.image.layer.v1.tar+gzip sha256:bf8787dc3d9f01ed9e374788821940fd733d91f492332ef497e1239c0888faab) to overlayfs as \"extract-519830305-DJRo sha256:40302900c72eb4bab05f1925eff7da33f4c8a297120c4482bea3059e6015c818\": failed to convert whiteout file \"etc/alternatives/.wh.pager.1.gz\": operation not permitted" } })

---- signal_tests::test_mark_signals_consumed stdout ----

thread 'signal_tests::test_mark_signals_consumed' (111321) panicked at autumn-harvest/tests/integration/signal_tests.rs:99:10:
failed to start Postgres container: Client(PullImage { descriptor: "postgres:16", err: DockerStreamError { error: "failed to extract layer (application/vnd.oci.image.layer.v1.tar+gzip sha256:bf8787dc3d9f01ed9e374788821940fd733d91f492332ef497e1239c0888faab) to overlayfs as \"extract-701770719-xZGW sha256:40302900c72eb4bab05f1925eff7da33f4c8a297120c4482bea3059e6015c818\": failed to convert whiteout file \"etc/alternatives/.wh.pager.1.gz\": operation not permitted" } })

---- signal_tests::test_send_and_load_signals stdout ----

thread 'signal_tests::test_send_and_load_signals' (111337) panicked at autumn-harvest/tests/integration/signal_tests.rs:99:10:
failed to start Postgres container: Client(PullImage { descriptor: "postgres:16", err: DockerStreamError { error: "failed to extract layer (application/vnd.oci.image.layer.v1.tar+gzip sha256:bf8787dc3d9f01ed9e374788821940fd733d91f492332ef497e1239c0888faab) to overlayfs as \"extract-812517754-FOWW sha256:40302900c72eb4bab05f1925eff7da33f4c8a297120c4482bea3059e6015c818\": failed to convert whiteout file \"etc/alternatives/.wh.pager.1.gz\": operation not permitted" } })

---- signal_tests::unkeyed_signal_preserves_at_least_once_behavior stdout ----

thread 'signal_tests::unkeyed_signal_preserves_at_least_once_behavior' (111399) panicked at autumn-harvest/tests/integration/signal_tests.rs:99:10:
failed to start Postgres container: Client(PullImage { descriptor: "postgres:16", err: DockerStreamError { error: "failed to extract layer (application/vnd.oci.image.layer.v1.tar+gzip sha256:bf8787dc3d9f01ed9e374788821940fd733d91f492332ef497e1239c0888faab) to overlayfs as \"extract-992622901-6fDc sha256:40302900c72eb4bab05f1925eff7da33f4c8a297120c4482bea3059e6015c818\": failed to convert whiteout file \"etc/alternatives/.wh.pager.1.gz\": operation not permitted" } })

---- signal_with_start_tests::allow_duplicate_attaches_to_paused_prior_and_buffers_signal stdout ----

thread 'signal_with_start_tests::allow_duplicate_attaches_to_paused_prior_and_buffers_signal' (111439) panicked at autumn-harvest/tests/integration/signal_with_start_tests.rs:114:10:
postgres container should start: Client(PullImage { descriptor: "postgres:16", err: DockerStreamError { error: "failed to extract layer (application/vnd.oci.image.layer.v1.tar+gzip sha256:bf8787dc3d9f01ed9e374788821940fd733d91f492332ef497e1239c0888faab) to overlayfs as \"extract-265133241-hgEW sha256:40302900c72eb4bab05f1925eff7da33f4c8a297120c4482bea3059e6015c818\": failed to convert whiteout file \"etc/alternatives/.wh.pager.1.gz\": operation not permitted" } })

---- signal_with_start_tests::allow_duplicate_failed_only_attaches_to_running_prior stdout ----

thread 'signal_with_start_tests::allow_duplicate_failed_only_attaches_to_running_prior' (111461) panicked at autumn-harvest/tests/integration/signal_with_start_tests.rs:114:10:
postgres container should start: Client(PullImage { descriptor: "postgres:16", err: DockerStreamError { error: "failed to extract layer (application/vnd.oci.image.layer.v1.tar+gzip sha256:bf8787dc3d9f01ed9e374788821940fd733d91f492332ef497e1239c0888faab) to overlayfs as \"extract-356877583-7kpz sha256:40302900c72eb4bab05f1925eff7da33f4c8a297120c4482bea3059e6015c818\": failed to convert whiteout file \"etc/alternatives/.wh.pager.1.gz\": operation not permitted" } })

---- signal_with_start_tests::allow_duplicate_failed_only_starts_fresh_for_failed_prior stdout ----

thread 'signal_with_start_tests::allow_duplicate_failed_only_starts_fresh_for_failed_prior' (111506) panicked at autumn-harvest/tests/integration/signal_with_start_tests.rs:114:10:
postgres container should start: Client(PullImage { descriptor: "postgres:16", err: DockerStreamError { error: "failed to extract layer (application/vnd.oci.image.layer.v1.tar+gzip sha256:bf8787dc3d9f01ed9e374788821940fd733d91f492332ef497e1239c0888faab) to overlayfs as \"extract-521582269-pB6i sha256:40302900c72eb4bab05f1925eff7da33f4c8a297120c4482bea3059e6015c818\": failed to convert whiteout file \"etc/alternatives/.wh.pager.1.gz\": operation not permitted" } })

---- signal_with_start_tests::allow_duplicate_signals_running_execution_and_returns_existing_id stdout ----

thread 'signal_with_start_tests::allow_duplicate_signals_running_execution_and_returns_existing_id' (111545) panicked at autumn-harvest/tests/integration/signal_with_start_tests.rs:114:10:
postgres container should start: Client(PullImage { descriptor: "postgres:16", err: DockerStreamError { error: "failed to extract layer (application/vnd.oci.image.layer.v1.tar+gzip sha256:bf8787dc3d9f01ed9e374788821940fd733d91f492332ef497e1239c0888faab) to overlayfs as \"extract-776014425-KBpG sha256:40302900c72eb4bab05f1925eff7da33f4c8a297120c4482bea3059e6015c818\": failed to convert whiteout file \"etc/alternatives/.wh.pager.1.gz\": operation not permitted" } })

---- signal_with_start_tests::allow_duplicate_with_completed_prior_starts_fresh_and_delivers_signal stdout ----

thread 'signal_with_start_tests::allow_duplicate_with_completed_prior_starts_fresh_and_delivers_signal' (111546) panicked at autumn-harvest/tests/integration/signal_with_start_tests.rs:114:10:
postgres container should start: Client(PullImage { descriptor: "postgres:16", err: DockerStreamError { error: "failed to extract layer (application/vnd.oci.image.layer.v1.tar+gzip sha256:bf8787dc3d9f01ed9e374788821940fd733d91f492332ef497e1239c0888faab) to overlayfs as \"extract-854866127-1o0Z sha256:40302900c72eb4bab05f1925eff7da33f4c8a297120c4482bea3059e6015c818\": failed to convert whiteout file \"etc/alternatives/.wh.pager.1.gz\": operation not permitted" } })

---- signal_with_start_tests::different_idempotency_keys_deliver_independent_signals stdout ----

thread 'signal_with_start_tests::different_idempotency_keys_deliver_independent_signals' (111551) panicked at autumn-harvest/tests/integration/signal_with_start_tests.rs:114:10:
postgres container should start: Client(PullImage { descriptor: "postgres:16", err: DockerStreamError { error: "failed to extract layer (application/vnd.oci.image.layer.v1.tar+gzip sha256:bf8787dc3d9f01ed9e374788821940fd733d91f492332ef497e1239c0888faab) to overlayfs as \"extract-26796439-K1Qm sha256:40302900c72eb4bab05f1925eff7da33f4c8a297120c4482bea3059e6015c818\": failed to convert whiteout file \"etc/alternatives/.wh.pager.1.gz\": operation not permitted" } })

---- signal_with_start_tests::idempotency_key_dedupes_signal_within_the_same_execution stdout ----

thread 'signal_with_start_tests::idempotency_key_dedupes_signal_within_the_same_execution' (111559) panicked at autumn-harvest/tests/integration/signal_with_start_tests.rs:114:10:
postgres container should start: Client(PullImage { descriptor: "postgres:16", err: DockerStreamError { error: "failed to extract layer (application/vnd.oci.image.layer.v1.tar+gzip sha256:bf8787dc3d9f01ed9e374788821940fd733d91f492332ef497e1239c0888faab) to overlayfs as \"extract-268792470-3npM sha256:40302900c72eb4bab05f1925eff7da33f4c8a297120c4482bea3059e6015c818\": failed to convert whiteout file \"etc/alternatives/.wh.pager.1.gz\": operation not permitted" } })

---- signal_with_start_tests::outcome_struct_distinguishes_started_vs_attached stdout ----

thread 'signal_with_start_tests::outcome_struct_distinguishes_started_vs_attached' (111563) panicked at autumn-harvest/tests/integration/signal_with_start_tests.rs:114:10:
postgres container should start: Client(PullImage { descriptor: "postgres:16", err: DockerStreamError { error: "failed to extract layer (application/vnd.oci.image.layer.v1.tar+gzip sha256:bf8787dc3d9f01ed9e374788821940fd733d91f492332ef497e1239c0888faab) to overlayfs as \"extract-351676225-YjdI sha256:40302900c72eb4bab05f1925eff7da33f4c8a297120c4482bea3059e6015c818\": failed to convert whiteout file \"etc/alternatives/.wh.pager.1.gz\": operation not permitted" } })

---- signal_with_start_tests::reject_duplicate_returns_already_exists_for_any_prior_state stdout ----

thread 'signal_with_start_tests::reject_duplicate_returns_already_exists_for_any_prior_state' (111579) panicked at autumn-harvest/tests/integration/signal_with_start_tests.rs:114:10:
postgres container should start: Client(PullImage { descriptor: "postgres:16", err: DockerStreamError { error: "failed to extract layer (application/vnd.oci.image.layer.v1.tar+gzip sha256:bf8787dc3d9f01ed9e374788821940fd733d91f492332ef497e1239c0888faab) to overlayfs as \"extract-546764844-8QLt sha256:40302900c72eb4bab05f1925eff7da33f4c8a297120c4482bea3059e6015c818\": failed to convert whiteout file \"etc/alternatives/.wh.pager.1.gz\": operation not permitted" } })

---- signal_with_start_tests::signal_with_start_appends_signal_to_history_before_first_dispatch stdout ----

thread 'signal_with_start_tests::signal_with_start_appends_signal_to_history_before_first_dispatch' (111638) panicked at autumn-harvest/tests/integration/signal_with_start_tests.rs:114:10:
postgres container should start: Client(PullImage { descriptor: "postgres:16", err: DockerStreamError { error: "failed to extract layer (application/vnd.oci.image.layer.v1.tar+gzip sha256:bf8787dc3d9f01ed9e374788821940fd733d91f492332ef497e1239c0888faab) to overlayfs as \"extract-749581949-ped6 sha256:40302900c72eb4bab05f1925eff7da33f4c8a297120c4482bea3059e6015c818\": failed to convert whiteout file \"etc/alternatives/.wh.pager.1.gz\": operation not permitted" } })

---- signal_with_start_tests::signal_with_start_does_not_validate_start_input_schema_when_attaching_to_a_running_execution stdout ----

thread 'signal_with_start_tests::signal_with_start_does_not_validate_start_input_schema_when_attaching_to_a_running_execution' (111667) panicked at autumn-harvest/tests/integration/signal_with_start_tests.rs:114:10:
postgres container should start: Client(PullImage { descriptor: "postgres:16", err: DockerStreamError { error: "failed to extract layer (application/vnd.oci.image.layer.v1.tar+gzip sha256:bf8787dc3d9f01ed9e374788821940fd733d91f492332ef497e1239c0888faab) to overlayfs as \"extract-864982946-hz_1 sha256:40302900c72eb4bab05f1925eff7da33f4c8a297120c4482bea3059e6015c818\": failed to convert whiteout file \"etc/alternatives/.wh.pager.1.gz\": operation not permitted" } })

---- signal_with_start_tests::signal_with_start_starts_fresh_when_no_prior_execution_exists stdout ----

thread 'signal_with_start_tests::signal_with_start_starts_fresh_when_no_prior_execution_exists' (111708) panicked at autumn-harvest/tests/integration/signal_with_start_tests.rs:114:10:
postgres container should start: Client(PullImage { descriptor: "postgres:16", err: DockerStreamError { error: "failed to extract layer (application/vnd.oci.image.layer.v1.tar+gzip sha256:bf8787dc3d9f01ed9e374788821940fd733d91f492332ef497e1239c0888faab) to overlayfs as \"extract-140386354-YHal sha256:40302900c72eb4bab05f1925eff7da33f4c8a297120c4482bea3059e6015c818\": failed to convert whiteout file \"etc/alternatives/.wh.pager.1.gz\": operation not permitted" } })

---- signal_with_start_tests::signal_with_start_validates_start_input_schema_on_a_genuine_fresh_start stdout ----

thread 'signal_with_start_tests::signal_with_start_validates_start_input_schema_on_a_genuine_fresh_start' (111758) panicked at autumn-harvest/tests/integration/signal_with_start_tests.rs:114:10:
postgres container should start: Client(PullImage { descriptor: "postgres:16", err: DockerStreamError { error: "failed to extract layer (application/vnd.oci.image.layer.v1.tar+gzip sha256:bf8787dc3d9f01ed9e374788821940fd733d91f492332ef497e1239c0888faab) to overlayfs as \"extract-268488306-U4mI sha256:40302900c72eb4bab05f1925eff7da33f4c8a297120c4482bea3059e6015c818\": failed to convert whiteout file \"etc/alternatives/.wh.pager.1.gz\": operation not permitted" } })

---- signal_with_start_tests::terminate_if_running_cancels_then_starts_fresh_and_signals stdout ----

thread 'signal_with_start_tests::terminate_if_running_cancels_then_starts_fresh_and_signals' (111769) panicked at autumn-harvest/tests/integration/signal_with_start_tests.rs:114:10:
postgres container should start: Client(PullImage { descriptor: "postgres:16", err: DockerStreamError { error: "failed to extract layer (application/vnd.oci.image.layer.v1.tar+gzip sha256:bf8787dc3d9f01ed9e374788821940fd733d91f492332ef497e1239c0888faab) to overlayfs as \"extract-380603783-mJHw sha256:40302900c72eb4bab05f1925eff7da33f4c8a297120c4482bea3059e6015c818\": failed to convert whiteout file \"etc/alternatives/.wh.pager.1.gz\": operation not permitted" } })

---- sla_breach_tests::breach_scan_leaves_harvest_events_untouched stdout ----

thread 'sla_breach_tests::breach_scan_leaves_harvest_events_untouched' (111811) panicked at autumn-harvest/tests/integration/sla_breach_tests.rs:139:10:
postgres start: Client(PullImage { descriptor: "postgres:16", err: DockerStreamError { error: "failed to extract layer (application/vnd.oci.image.layer.v1.tar+gzip sha256:bf8787dc3d9f01ed9e374788821940fd733d91f492332ef497e1239c0888faab) to overlayfs as \"extract-538944625-wfhk sha256:40302900c72eb4bab05f1925eff7da33f4c8a297120c4482bea3059e6015c818\": failed to convert whiteout file \"etc/alternatives/.wh.pager.1.gz\": operation not permitted" } })

---- sla_breach_tests::breached_run_is_not_terminated_and_can_complete stdout ----

thread 'sla_breach_tests::breached_run_is_not_terminated_and_can_complete' (111835) panicked at autumn-harvest/tests/integration/sla_breach_tests.rs:139:10:
postgres start: Client(PullImage { descriptor: "postgres:16", err: DockerStreamError { error: "failed to extract layer (application/vnd.oci.image.layer.v1.tar+gzip sha256:bf8787dc3d9f01ed9e374788821940fd733d91f492332ef497e1239c0888faab) to overlayfs as \"extract-764226732-aLwv sha256:40302900c72eb4bab05f1925eff7da33f4c8a297120c4482bea3059e6015c818\": failed to convert whiteout file \"etc/alternatives/.wh.pager.1.gz\": operation not permitted" } })

---- sla_breach_tests::scanner_eligibility_by_state_and_completion stdout ----

thread 'sla_breach_tests::scanner_eligibility_by_state_and_completion' (111846) panicked at autumn-harvest/tests/integration/sla_breach_tests.rs:139:10:
postgres start: Client(PullImage { descriptor: "postgres:16", err: DockerStreamError { error: "failed to extract layer (application/vnd.oci.image.layer.v1.tar+gzip sha256:bf8787dc3d9f01ed9e374788821940fd733d91f492332ef497e1239c0888faab) to overlayfs as \"extract-885394899-FEuA sha256:40302900c72eb4bab05f1925eff7da33f4c8a297120c4482bea3059e6015c818\": failed to convert whiteout file \"etc/alternatives/.wh.pager.1.gz\": operation not permitted" } })

---- sla_breach_tests::scanner_flips_breach_once_and_is_idempotent stdout ----

thread 'sla_breach_tests::scanner_flips_breach_once_and_is_idempotent' (111853) panicked at autumn-harvest/tests/integration/sla_breach_tests.rs:139:10:
postgres start: Client(PullImage { descriptor: "postgres:16", err: DockerStreamError { error: "failed to extract layer (application/vnd.oci.image.layer.v1.tar+gzip sha256:bf8787dc3d9f01ed9e374788821940fd733d91f492332ef497e1239c0888faab) to overlayfs as \"extract-8147172-Q2_D sha256:40302900c72eb4bab05f1925eff7da33f4c8a297120c4482bea3059e6015c818\": failed to convert whiteout file \"etc/alternatives/.wh.pager.1.gz\": operation not permitted" } })

---- sla_breach_tests::terminal_row_past_deadline_breaches_once stdout ----

thread 'sla_breach_tests::terminal_row_past_deadline_breaches_once' (111933) panicked at autumn-harvest/tests/integration/sla_breach_tests.rs:139:10:
postgres start: Client(PullImage { descriptor: "postgres:16", err: DockerStreamError { error: "failed to extract layer (application/vnd.oci.image.layer.v1.tar+gzip sha256:bf8787dc3d9f01ed9e374788821940fd733d91f492332ef497e1239c0888faab) to overlayfs as \"extract-233446359-8KNO sha256:40302900c72eb4bab05f1925eff7da33f4c8a297120c4482bea3059e6015c818\": failed to convert whiteout file \"etc/alternatives/.wh.pager.1.gz\": operation not permitted" } })

---- slot_tuner_tests::tuner_grows_under_load_and_drains_cleanly stdout ----

thread 'slot_tuner_tests::tuner_grows_under_load_and_drains_cleanly' (111956) panicked at autumn-harvest/tests/integration/slot_tuner_tests.rs:140:10:
failed to start Postgres container: Client(PullImage { descriptor: "postgres:16", err: DockerStreamError { error: "failed to extract layer (application/vnd.oci.image.layer.v1.tar+gzip sha256:bf8787dc3d9f01ed9e374788821940fd733d91f492332ef497e1239c0888faab) to overlayfs as \"extract-318905532-eGSF sha256:40302900c72eb4bab05f1925eff7da33f4c8a297120c4482bea3059e6015c818\": failed to convert whiteout file \"etc/alternatives/.wh.pager.1.gz\": operation not permitted" } })

---- slot_tuner_tests::tuner_unset_is_inert stdout ----

thread 'slot_tuner_tests::tuner_unset_is_inert' (111996) panicked at autumn-harvest/tests/integration/slot_tuner_tests.rs:140:10:
failed to start Postgres container: Client(PullImage { descriptor: "postgres:16", err: DockerStreamError { error: "failed to extract layer (application/vnd.oci.image.layer.v1.tar+gzip sha256:bf8787dc3d9f01ed9e374788821940fd733d91f492332ef497e1239c0888faab) to overlayfs as \"extract-448918256-VKB3 sha256:40302900c72eb4bab05f1925eff7da33f4c8a297120c4482bea3059e6015c818\": failed to convert whiteout file \"etc/alternatives/.wh.pager.1.gz\": operation not permitted" } })

---- start_idempotency_tests::dangling_claim_is_reclaimed stdout ----

thread 'start_idempotency_tests::dangling_claim_is_reclaimed' (112073) panicked at autumn-harvest/tests/integration/start_idempotency_tests.rs:161:10:
postgres start: Client(PullImage { descriptor: "postgres:16", err: DockerStreamError { error: "failed to extract layer (application/vnd.oci.image.layer.v1.tar+gzip sha256:bf8787dc3d9f01ed9e374788821940fd733d91f492332ef497e1239c0888faab) to overlayfs as \"extract-670274072-mLCC sha256:40302900c72eb4bab05f1925eff7da33f4c8a297120c4482bea3059e6015c818\": failed to convert whiteout file \"etc/alternatives/.wh.pager.1.gz\": operation not permitted" } })

---- start_idempotency_tests::dedup_hit_short_circuits_reject_duplicate stdout ----

thread 'start_idempotency_tests::dedup_hit_short_circuits_reject_duplicate' (112096) panicked at autumn-harvest/tests/integration/start_idempotency_tests.rs:161:10:
postgres start: Client(PullImage { descriptor: "postgres:16", err: DockerStreamError { error: "failed to extract layer (application/vnd.oci.image.layer.v1.tar+gzip sha256:bf8787dc3d9f01ed9e374788821940fd733d91f492332ef497e1239c0888faab) to overlayfs as \"extract-768405780-YDeH sha256:40302900c72eb4bab05f1925eff7da33f4c8a297120c4482bea3059e6015c818\": failed to convert whiteout file \"etc/alternatives/.wh.pager.1.gz\": operation not permitted" } })

---- start_idempotency_tests::distinct_keys_start_distinct_runs stdout ----

thread 'start_idempotency_tests::distinct_keys_start_distinct_runs' (112121) panicked at autumn-harvest/tests/integration/start_idempotency_tests.rs:161:10:
postgres start: Client(PullImage { descriptor: "postgres:16", err: DockerStreamError { error: "failed to extract layer (application/vnd.oci.image.layer.v1.tar+gzip sha256:bf8787dc3d9f01ed9e374788821940fd733d91f492332ef497e1239c0888faab) to overlayfs as \"extract-872795246-1OgO sha256:40302900c72eb4bab05f1925eff7da33f4c8a297120c4482bea3059e6015c818\": failed to convert whiteout file \"etc/alternatives/.wh.pager.1.gz\": operation not permitted" } })

---- start_idempotency_tests::fresh_key_attaching_to_existing_run_repoints_claim stdout ----

thread 'start_idempotency_tests::fresh_key_attaching_to_existing_run_repoints_claim' (112132) panicked at autumn-harvest/tests/integration/start_idempotency_tests.rs:161:10:
postgres start: Client(PullImage { descriptor: "postgres:16", err: DockerStreamError { error: "failed to extract layer (application/vnd.oci.image.layer.v1.tar+gzip sha256:bf8787dc3d9f01ed9e374788821940fd733d91f492332ef497e1239c0888faab) to overlayfs as \"extract-109552466-Pgwd sha256:40302900c72eb4bab05f1925eff7da33f4c8a297120c4482bea3059e6015c818\": failed to convert whiteout file \"etc/alternatives/.wh.pager.1.gz\": operation not permitted" } })

---- start_idempotency_tests::hundred_same_key_reserves_yield_one_execution stdout ----

thread 'start_idempotency_tests::hundred_same_key_reserves_yield_one_execution' (112139) panicked at autumn-harvest/tests/integration/start_idempotency_tests.rs:161:10:
postgres start: Client(PullImage { descriptor: "postgres:16", err: DockerStreamError { error: "failed to extract layer (application/vnd.oci.image.layer.v1.tar+gzip sha256:bf8787dc3d9f01ed9e374788821940fd733d91f492332ef497e1239c0888faab) to overlayfs as \"extract-206114183-Ke-r sha256:40302900c72eb4bab05f1925eff7da33f4c8a297120c4482bea3059e6015c818\": failed to convert whiteout file \"etc/alternatives/.wh.pager.1.gz\": operation not permitted" } })

---- start_idempotency_tests::key_is_reusable_after_the_window_elapses stdout ----

thread 'start_idempotency_tests::key_is_reusable_after_the_window_elapses' (112143) panicked at autumn-harvest/tests/integration/start_idempotency_tests.rs:161:10:
postgres start: Client(PullImage { descriptor: "postgres:16", err: DockerStreamError { error: "failed to extract layer (application/vnd.oci.image.layer.v1.tar+gzip sha256:bf8787dc3d9f01ed9e374788821940fd733d91f492332ef497e1239c0888faab) to overlayfs as \"extract-284467336-aZOZ sha256:40302900c72eb4bab05f1925eff7da33f4c8a297120c4482bea3059e6015c818\": failed to convert whiteout file \"etc/alternatives/.wh.pager.1.gz\": operation not permitted" } })

---- start_idempotency_tests::purge_deletes_only_expired_rows stdout ----

thread 'start_idempotency_tests::purge_deletes_only_expired_rows' (112165) panicked at autumn-harvest/tests/integration/start_idempotency_tests.rs:161:10:
postgres start: Client(PullImage { descriptor: "postgres:16", err: DockerStreamError { error: "failed to extract layer (application/vnd.oci.image.layer.v1.tar+gzip sha256:bf8787dc3d9f01ed9e374788821940fd733d91f492332ef497e1239c0888faab) to overlayfs as \"extract-540896387-gFaU sha256:40302900c72eb4bab05f1925eff7da33f4c8a297120c4482bea3059e6015c818\": failed to convert whiteout file \"etc/alternatives/.wh.pager.1.gz\": operation not permitted" } })

---- start_idempotency_tests::reserve_rolls_back_when_the_start_fails stdout ----

thread 'start_idempotency_tests::reserve_rolls_back_when_the_start_fails' (112182) panicked at autumn-harvest/tests/integration/start_idempotency_tests.rs:161:10:
postgres start: Client(PullImage { descriptor: "postgres:16", err: DockerStreamError { error: "failed to extract layer (application/vnd.oci.image.layer.v1.tar+gzip sha256:bf8787dc3d9f01ed9e374788821940fd733d91f492332ef497e1239c0888faab) to overlayfs as \"extract-760982159-IBU7 sha256:40302900c72eb4bab05f1925eff7da33f4c8a297120c4482bea3059e6015c818\": failed to convert whiteout file \"etc/alternatives/.wh.pager.1.gz\": operation not permitted" } })

---- start_idempotency_tests::same_key_dedups_to_the_same_execution stdout ----

thread 'start_idempotency_tests::same_key_dedups_to_the_same_execution' (112199) panicked at autumn-harvest/tests/integration/start_idempotency_tests.rs:161:10:
postgres start: Client(PullImage { descriptor: "postgres:16", err: DockerStreamError { error: "failed to extract layer (application/vnd.oci.image.layer.v1.tar+gzip sha256:bf8787dc3d9f01ed9e374788821940fd733d91f492332ef497e1239c0888faab) to overlayfs as \"extract-704054639-z36K sha256:40302900c72eb4bab05f1925eff7da33f4c8a297120c4482bea3059e6015c818\": failed to convert whiteout file \"etc/alternatives/.wh.pager.1.gz\": operation not permitted" } })

---- sticky_routing_tests::db_tests::any_worker_can_claim_after_sticky_expires stdout ----

thread 'sticky_routing_tests::db_tests::any_worker_can_claim_after_sticky_expires' (112218) panicked at autumn-harvest/tests/integration/sticky_routing_tests.rs:470:14:
failed to start Postgres container: Client(PullImage { descriptor: "postgres:16", err: DockerStreamError { error: "failed to extract layer (application/vnd.oci.image.layer.v1.tar+gzip sha256:bf8787dc3d9f01ed9e374788821940fd733d91f492332ef497e1239c0888faab) to overlayfs as \"extract-985344337-lO_L sha256:40302900c72eb4bab05f1925eff7da33f4c8a297120c4482bea3059e6015c818\": failed to convert whiteout file \"etc/alternatives/.wh.pager.1.gz\": operation not permitted" } })

---- sticky_routing_tests::db_tests::enqueue_with_sticky_pin_writes_worker_id_and_ttl_to_db stdout ----

thread 'sticky_routing_tests::db_tests::enqueue_with_sticky_pin_writes_worker_id_and_ttl_to_db' (112227) panicked at autumn-harvest/tests/integration/sticky_routing_tests.rs:470:14:
failed to start Postgres container: Client(PullImage { descriptor: "postgres:16", err: DockerStreamError { error: "failed to extract layer (application/vnd.oci.image.layer.v1.tar+gzip sha256:bf8787dc3d9f01ed9e374788821940fd733d91f492332ef497e1239c0888faab) to overlayfs as \"extract-91579626-cC0E sha256:40302900c72eb4bab05f1925eff7da33f4c8a297120c4482bea3059e6015c818\": failed to convert whiteout file \"etc/alternatives/.wh.pager.1.gz\": operation not permitted" } })

---- sticky_routing_tests::db_tests::enqueue_without_sticky_leaves_pin_columns_null stdout ----

thread 'sticky_routing_tests::db_tests::enqueue_without_sticky_leaves_pin_columns_null' (112233) panicked at autumn-harvest/tests/integration/sticky_routing_tests.rs:470:14:
failed to start Postgres container: Client(PullImage { descriptor: "postgres:16", err: DockerStreamError { error: "failed to extract layer (application/vnd.oci.image.layer.v1.tar+gzip sha256:bf8787dc3d9f01ed9e374788821940fd733d91f492332ef497e1239c0888faab) to overlayfs as \"extract-169293299-a7Xc sha256:40302900c72eb4bab05f1925eff7da33f4c8a297120c4482bea3059e6015c818\": failed to convert whiteout file \"etc/alternatives/.wh.pager.1.gz\": operation not permitted" } })

---- sticky_routing_tests::db_tests::non_sticky_worker_cannot_claim_task_within_ttl stdout ----

thread 'sticky_routing_tests::db_tests::non_sticky_worker_cannot_claim_task_within_ttl' (112242) panicked at autumn-harvest/tests/integration/sticky_routing_tests.rs:470:14:
failed to start Postgres container: Client(PullImage { descriptor: "postgres:16", err: DockerStreamError { error: "failed to extract layer (application/vnd.oci.image.layer.v1.tar+gzip sha256:bf8787dc3d9f01ed9e374788821940fd733d91f492332ef497e1239c0888faab) to overlayfs as \"extract-445983632-dSEh sha256:40302900c72eb4bab05f1925eff7da33f4c8a297120c4482bea3059e6015c818\": failed to convert whiteout file \"etc/alternatives/.wh.pager.1.gz\": operation not permitted" } })

---- sticky_routing_tests::db_tests::park_workflow_task_writes_sticky_affinity_to_db stdout ----

thread 'sticky_routing_tests::db_tests::park_workflow_task_writes_sticky_affinity_to_db' (112243) panicked at autumn-harvest/tests/integration/sticky_routing_tests.rs:470:14:
failed to start Postgres container: Client(PullImage { descriptor: "postgres:16", err: DockerStreamError { error: "failed to extract layer (application/vnd.oci.image.layer.v1.tar+gzip sha256:bf8787dc3d9f01ed9e374788821940fd733d91f492332ef497e1239c0888faab) to overlayfs as \"extract-518317184-8Jpc sha256:40302900c72eb4bab05f1925eff7da33f4c8a297120c4482bea3059e6015c818\": failed to convert whiteout file \"etc/alternatives/.wh.pager.1.gz\": operation not permitted" } })

---- sticky_routing_tests::db_tests::set_task_sticky_affinity_none_clears_existing_pin stdout ----

thread 'sticky_routing_tests::db_tests::set_task_sticky_affinity_none_clears_existing_pin' (112245) panicked at autumn-harvest/tests/integration/sticky_routing_tests.rs:470:14:
failed to start Postgres container: Client(PullImage { descriptor: "postgres:16", err: DockerStreamError { error: "failed to extract layer (application/vnd.oci.image.layer.v1.tar+gzip sha256:bf8787dc3d9f01ed9e374788821940fd733d91f492332ef497e1239c0888faab) to overlayfs as \"extract-603913383-Of0U sha256:40302900c72eb4bab05f1925eff7da33f4c8a297120c4482bea3059e6015c818\": failed to convert whiteout file \"etc/alternatives/.wh.pager.1.gz\": operation not permitted" } })

---- sticky_routing_tests::db_tests::sticky_task_preferred_over_unpinned_task_for_owning_worker stdout ----

thread 'sticky_routing_tests::db_tests::sticky_task_preferred_over_unpinned_task_for_owning_worker' (112255) panicked at autumn-harvest/tests/integration/sticky_routing_tests.rs:470:14:
failed to start Postgres container: Client(PullImage { descriptor: "postgres:16", err: DockerStreamError { error: "failed to extract layer (application/vnd.oci.image.layer.v1.tar+gzip sha256:bf8787dc3d9f01ed9e374788821940fd733d91f492332ef497e1239c0888faab) to overlayfs as \"extract-896949234-hjB4 sha256:40302900c72eb4bab05f1925eff7da33f4c8a297120c4482bea3059e6015c818\": failed to convert whiteout file \"etc/alternatives/.wh.pager.1.gz\": operation not permitted" } })

---- sticky_routing_tests::db_tests::sticky_worker_can_claim_its_pinned_task_within_ttl stdout ----

thread 'sticky_routing_tests::db_tests::sticky_worker_can_claim_its_pinned_task_within_ttl' (112256) panicked at autumn-harvest/tests/integration/sticky_routing_tests.rs:470:14:
failed to start Postgres container: Client(PullImage { descriptor: "postgres:16", err: DockerStreamError { error: "failed to extract layer (application/vnd.oci.image.layer.v1.tar+gzip sha256:bf8787dc3d9f01ed9e374788821940fd733d91f492332ef497e1239c0888faab) to overlayfs as \"extract-970852860-qS0p sha256:40302900c72eb4bab05f1925eff7da33f4c8a297120c4482bea3059e6015c818\": failed to convert whiteout file \"etc/alternatives/.wh.pager.1.gz\": operation not permitted" } })

---- sticky_routing_tests::db_tests::wake_workflow_task_refreshes_sticky_until stdout ----

thread 'sticky_routing_tests::db_tests::wake_workflow_task_refreshes_sticky_until' (112257) panicked at autumn-harvest/tests/integration/sticky_routing_tests.rs:470:14:
failed to start Postgres container: Client(PullImage { descriptor: "postgres:16", err: DockerStreamError { error: "failed to extract layer (application/vnd.oci.image.layer.v1.tar+gzip sha256:bf8787dc3d9f01ed9e374788821940fd733d91f492332ef497e1239c0888faab) to overlayfs as \"extract-72639361-z2KQ sha256:40302900c72eb4bab05f1925eff7da33f4c8a297120c4482bea3059e6015c818\": failed to convert whiteout file \"etc/alternatives/.wh.pager.1.gz\": operation not permitted" } })

---- telemetry_span_tests::all_adr_0001_span_kinds_are_emitted stdout ----

thread 'telemetry_span_tests::all_adr_0001_span_kinds_are_emitted' (112282) panicked at autumn-harvest/tests/integration/telemetry_span_tests.rs:180:10:
failed to start Postgres container: Client(PullImage { descriptor: "postgres:16", err: DockerStreamError { error: "failed to extract layer (application/vnd.oci.image.layer.v1.tar+gzip sha256:bf8787dc3d9f01ed9e374788821940fd733d91f492332ef497e1239c0888faab) to overlayfs as \"extract-370814118-SCIL sha256:40302900c72eb4bab05f1925eff7da33f4c8a297120c4482bea3059e6015c818\": failed to convert whiteout file \"etc/alternatives/.wh.pager.1.gz\": operation not permitted" } })

---- throttle_tests::allow_duplicate_failed_only_does_not_bypass_a_failed_prior stdout ----

thread 'throttle_tests::allow_duplicate_failed_only_does_not_bypass_a_failed_prior' (112286) panicked at autumn-harvest/tests/integration/throttle_tests.rs:205:10:
postgres start: Client(PullImage { descriptor: "postgres:16", err: DockerStreamError { error: "failed to extract layer (application/vnd.oci.image.layer.v1.tar+gzip sha256:bf8787dc3d9f01ed9e374788821940fd733d91f492332ef497e1239c0888faab) to overlayfs as \"extract-443327718-mYsE sha256:40302900c72eb4bab05f1925eff7da33f4c8a297120c4482bea3059e6015c818\": failed to convert whiteout file \"etc/alternatives/.wh.pager.1.gz\": operation not permitted" } })

---- throttle_tests::backlog_read_returns_per_key_counts stdout ----

thread 'throttle_tests::backlog_read_returns_per_key_counts' (112288) panicked at autumn-harvest/tests/integration/throttle_tests.rs:205:10:
postgres start: Client(PullImage { descriptor: "postgres:16", err: DockerStreamError { error: "failed to extract layer (application/vnd.oci.image.layer.v1.tar+gzip sha256:bf8787dc3d9f01ed9e374788821940fd733d91f492332ef497e1239c0888faab) to overlayfs as \"extract-509285079-brpv sha256:40302900c72eb4bab05f1925eff7da33f4c8a297120c4482bea3059e6015c818\": failed to convert whiteout file \"etc/alternatives/.wh.pager.1.gz\": operation not permitted" } })

---- throttle_tests::buffered_drain_drops_oversized_slot_before_deferring stdout ----

thread 'throttle_tests::buffered_drain_drops_oversized_slot_before_deferring' (112311) panicked at autumn-harvest/tests/integration/throttle_tests.rs:205:10:
postgres start: Client(PullImage { descriptor: "postgres:16", err: DockerStreamError { error: "failed to extract layer (application/vnd.oci.image.layer.v1.tar+gzip sha256:bf8787dc3d9f01ed9e374788821940fd733d91f492332ef497e1239c0888faab) to overlayfs as \"extract-821575591-6FE2 sha256:40302900c72eb4bab05f1925eff7da33f4c8a297120c4482bea3059e6015c818\": failed to convert whiteout file \"etc/alternatives/.wh.pager.1.gz\": operation not permitted" } })

---- throttle_tests::burst_paces_and_all_eventually_run stdout ----

thread 'throttle_tests::burst_paces_and_all_eventually_run' (112313) panicked at autumn-harvest/tests/integration/throttle_tests.rs:205:10:
postgres start: Client(PullImage { descriptor: "postgres:16", err: DockerStreamError { error: "failed to extract layer (application/vnd.oci.image.layer.v1.tar+gzip sha256:bf8787dc3d9f01ed9e374788821940fd733d91f492332ef497e1239c0888faab) to overlayfs as \"extract-904764672-Ft8y sha256:40302900c72eb4bab05f1925eff7da33f4c8a297120c4482bea3059e6015c818\": failed to convert whiteout file \"etc/alternatives/.wh.pager.1.gz\": operation not permitted" } })

---- throttle_tests::deferred_past_schedule_to_start_times_out stdout ----

thread 'throttle_tests::deferred_past_schedule_to_start_times_out' (112314) panicked at autumn-harvest/tests/integration/throttle_tests.rs:205:10:
postgres start: Client(PullImage { descriptor: "postgres:16", err: DockerStreamError { error: "failed to extract layer (application/vnd.oci.image.layer.v1.tar+gzip sha256:bf8787dc3d9f01ed9e374788821940fd733d91f492332ef497e1239c0888faab) to overlayfs as \"extract-974162686-5EZO sha256:40302900c72eb4bab05f1925eff7da33f4c8a297120c4482bea3059e6015c818\": failed to convert whiteout file \"etc/alternatives/.wh.pager.1.gz\": operation not permitted" } })

---- throttle_tests::deferred_starts_survive_restart stdout ----

thread 'throttle_tests::deferred_starts_survive_restart' (112317) panicked at autumn-harvest/tests/integration/throttle_tests.rs:205:10:
postgres start: Client(PullImage { descriptor: "postgres:16", err: DockerStreamError { error: "failed to extract layer (application/vnd.oci.image.layer.v1.tar+gzip sha256:bf8787dc3d9f01ed9e374788821940fd733d91f492332ef497e1239c0888faab) to overlayfs as \"extract-272254539-8bbY sha256:40302900c72eb4bab05f1925eff7da33f4c8a297120c4482bea3059e6015c818\": failed to convert whiteout file \"etc/alternatives/.wh.pager.1.gz\": operation not permitted" } })

---- throttle_tests::expired_pending_row_is_not_returned_by_idempotent_retry_lookup stdout ----

thread 'throttle_tests::expired_pending_row_is_not_returned_by_idempotent_retry_lookup' (112319) panicked at autumn-harvest/tests/integration/throttle_tests.rs:205:10:
postgres start: Client(PullImage { descriptor: "postgres:16", err: DockerStreamError { error: "failed to extract layer (application/vnd.oci.image.layer.v1.tar+gzip sha256:bf8787dc3d9f01ed9e374788821940fd733d91f492332ef497e1239c0888faab) to overlayfs as \"extract-368034235-BWlz sha256:40302900c72eb4bab05f1925eff7da33f4c8a297120c4482bea3059e6015c818\": failed to convert whiteout file \"etc/alternatives/.wh.pager.1.gz\": operation not permitted" } })

---- throttle_tests::fire_time_already_exists_still_refunds_token stdout ----

thread 'throttle_tests::fire_time_already_exists_still_refunds_token' (112322) panicked at autumn-harvest/tests/integration/throttle_tests.rs:205:10:
postgres start: Client(PullImage { descriptor: "postgres:16", err: DockerStreamError { error: "failed to extract layer (application/vnd.oci.image.layer.v1.tar+gzip sha256:bf8787dc3d9f01ed9e374788821940fd733d91f492332ef497e1239c0888faab) to overlayfs as \"extract-439113631-zCQa sha256:40302900c72eb4bab05f1925eff7da33f4c8a297120c4482bea3059e6015c818\": failed to convert whiteout file \"etc/alternatives/.wh.pager.1.gz\": operation not permitted" } })

---- throttle_tests::fresh_deferral_is_true_only_on_the_first_insert_not_on_a_retry stdout ----

thread 'throttle_tests::fresh_deferral_is_true_only_on_the_first_insert_not_on_a_retry' (112333) panicked at autumn-harvest/tests/integration/throttle_tests.rs:205:10:
postgres start: Client(PullImage { descriptor: "postgres:16", err: DockerStreamError { error: "failed to extract layer (application/vnd.oci.image.layer.v1.tar+gzip sha256:bf8787dc3d9f01ed9e374788821940fd733d91f492332ef497e1239c0888faab) to overlayfs as \"extract-746092098-bCLF sha256:40302900c72eb4bab05f1925eff7da33f4c8a297120c4482bea3059e6015c818\": failed to convert whiteout file \"etc/alternatives/.wh.pager.1.gz\": operation not permitted" } })

---- throttle_tests::independent_keys_throttle_independently stdout ----

thread 'throttle_tests::independent_keys_throttle_independently' (112335) panicked at autumn-harvest/tests/integration/throttle_tests.rs:205:10:
postgres start: Client(PullImage { descriptor: "postgres:16", err: DockerStreamError { error: "failed to extract layer (application/vnd.oci.image.layer.v1.tar+gzip sha256:bf8787dc3d9f01ed9e374788821940fd733d91f492332ef497e1239c0888faab) to overlayfs as \"extract-810204897-peEH sha256:40302900c72eb4bab05f1925eff7da33f4c8a297120c4482bea3059e6015c818\": failed to convert whiteout file \"etc/alternatives/.wh.pager.1.gz\": operation not permitted" } })

---- throttle_tests::oversized_key_bypasses_when_execution_already_active stdout ----

thread 'throttle_tests::oversized_key_bypasses_when_execution_already_active' (112336) panicked at autumn-harvest/tests/integration/throttle_tests.rs:205:10:
postgres start: Client(PullImage { descriptor: "postgres:16", err: DockerStreamError { error: "failed to extract layer (application/vnd.oci.image.layer.v1.tar+gzip sha256:bf8787dc3d9f01ed9e374788821940fd733d91f492332ef497e1239c0888faab) to overlayfs as \"extract-869275645-WJqM sha256:40302900c72eb4bab05f1925eff7da33f4c8a297120c4482bea3059e6015c818\": failed to convert whiteout file \"etc/alternatives/.wh.pager.1.gz\": operation not permitted" } })

---- throttle_tests::oversized_key_resolves_to_existing_pending_row stdout ----

thread 'throttle_tests::oversized_key_resolves_to_existing_pending_row' (112341) panicked at autumn-harvest/tests/integration/throttle_tests.rs:205:10:
postgres start: Client(PullImage { descriptor: "postgres:16", err: DockerStreamError { error: "failed to extract layer (application/vnd.oci.image.layer.v1.tar+gzip sha256:bf8787dc3d9f01ed9e374788821940fd733d91f492332ef497e1239c0888faab) to overlayfs as \"extract-206749981-f_dD sha256:40302900c72eb4bab05f1925eff7da33f4c8a297120c4482bea3059e6015c818\": failed to convert whiteout file \"etc/alternatives/.wh.pager.1.gz\": operation not permitted" } })

---- throttle_tests::oversized_key_still_rejected_for_a_genuinely_fresh_admission stdout ----

thread 'throttle_tests::oversized_key_still_rejected_for_a_genuinely_fresh_admission' (112343) panicked at autumn-harvest/tests/integration/throttle_tests.rs:205:10:
postgres start: Client(PullImage { descriptor: "postgres:16", err: DockerStreamError { error: "failed to extract layer (application/vnd.oci.image.layer.v1.tar+gzip sha256:bf8787dc3d9f01ed9e374788821940fd733d91f492332ef497e1239c0888faab) to overlayfs as \"extract-290287197-6cSM sha256:40302900c72eb4bab05f1925eff7da33f4c8a297120c4482bea3059e6015c818\": failed to convert whiteout file \"etc/alternatives/.wh.pager.1.gz\": operation not permitted" } })

---- throttle_tests::reject_duplicate_bypasses_throttle_when_execution_already_active stdout ----

thread 'throttle_tests::reject_duplicate_bypasses_throttle_when_execution_already_active' (112348) panicked at autumn-harvest/tests/integration/throttle_tests.rs:205:10:
postgres start: Client(PullImage { descriptor: "postgres:16", err: DockerStreamError { error: "failed to extract layer (application/vnd.oci.image.layer.v1.tar+gzip sha256:bf8787dc3d9f01ed9e374788821940fd733d91f492332ef497e1239c0888faab) to overlayfs as \"extract-336507609-BAIP sha256:40302900c72eb4bab05f1925eff7da33f4c8a297120c4482bea3059e6015c818\": failed to convert whiteout file \"etc/alternatives/.wh.pager.1.gz\": operation not permitted" } })

---- throttle_tests::retry_resolving_to_a_different_key_still_defers_to_the_original_row stdout ----

thread 'throttle_tests::retry_resolving_to_a_different_key_still_defers_to_the_original_row' (112372) panicked at autumn-harvest/tests/integration/throttle_tests.rs:205:10:
postgres start: Client(PullImage { descriptor: "postgres:16", err: DockerStreamError { error: "failed to extract layer (application/vnd.oci.image.layer.v1.tar+gzip sha256:bf8787dc3d9f01ed9e374788821940fd733d91f492332ef497e1239c0888faab) to overlayfs as \"extract-685876520-rjAm sha256:40302900c72eb4bab05f1925eff7da33f4c8a297120c4482bea3059e6015c818\": failed to convert whiteout file \"etc/alternatives/.wh.pager.1.gz\": operation not permitted" } })

---- throttle_tests::retry_with_same_workflow_id_does_not_create_a_second_pending_row stdout ----

thread 'throttle_tests::retry_with_same_workflow_id_does_not_create_a_second_pending_row' (112375) panicked at autumn-harvest/tests/integration/throttle_tests.rs:205:10:
postgres start: Client(PullImage { descriptor: "postgres:16", err: DockerStreamError { error: "failed to extract layer (application/vnd.oci.image.layer.v1.tar+gzip sha256:bf8787dc3d9f01ed9e374788821940fd733d91f492332ef497e1239c0888faab) to overlayfs as \"extract-743263596-yibA sha256:40302900c72eb4bab05f1925eff7da33f4c8a297120c4482bea3059e6015c818\": failed to convert whiteout file \"etc/alternatives/.wh.pager.1.gz\": operation not permitted" } })

---- throttle_tests::scanner_does_not_starve_a_fresh_key_behind_many_exhausted_keys stdout ----

thread 'throttle_tests::scanner_does_not_starve_a_fresh_key_behind_many_exhausted_keys' (112379) panicked at autumn-harvest/tests/integration/throttle_tests.rs:205:10:
postgres start: Client(PullImage { descriptor: "postgres:16", err: DockerStreamError { error: "failed to extract layer (application/vnd.oci.image.layer.v1.tar+gzip sha256:bf8787dc3d9f01ed9e374788821940fd733d91f492332ef497e1239c0888faab) to overlayfs as \"extract-792648421-elIy sha256:40302900c72eb4bab05f1925eff7da33f4c8a297120c4482bea3059e6015c818\": failed to convert whiteout file \"etc/alternatives/.wh.pager.1.gz\": operation not permitted" } })

---- throttle_tests::scanner_does_not_starve_other_keys_behind_one_hot_backlog stdout ----

thread 'throttle_tests::scanner_does_not_starve_other_keys_behind_one_hot_backlog' (112398) panicked at autumn-harvest/tests/integration/throttle_tests.rs:205:10:
postgres start: Client(PullImage { descriptor: "postgres:16", err: DockerStreamError { error: "failed to extract layer (application/vnd.oci.image.layer.v1.tar+gzip sha256:bf8787dc3d9f01ed9e374788821940fd733d91f492332ef497e1239c0888faab) to overlayfs as \"extract-116984686-APFT sha256:40302900c72eb4bab05f1925eff7da33f4c8a297120c4482bea3059e6015c818\": failed to convert whiteout file \"etc/alternatives/.wh.pager.1.gz\": operation not permitted" } })

---- throttle_tests::scanner_fire_of_a_backfill_deferral_does_not_record_schedule_run_metric stdout ----

thread 'throttle_tests::scanner_fire_of_a_backfill_deferral_does_not_record_schedule_run_metric' (112400) panicked at autumn-harvest/tests/integration/throttle_tests.rs:205:10:
postgres start: Client(PullImage { descriptor: "postgres:16", err: DockerStreamError { error: "failed to extract layer (application/vnd.oci.image.layer.v1.tar+gzip sha256:bf8787dc3d9f01ed9e374788821940fd733d91f492332ef497e1239c0888faab) to overlayfs as \"extract-188067907-Yghl sha256:40302900c72eb4bab05f1925eff7da33f4c8a297120c4482bea3059e6015c818\": failed to convert whiteout file \"etc/alternatives/.wh.pager.1.gz\": operation not permitted" } })

---- throttle_tests::scanner_fire_of_a_non_scheduled_deferral_does_not_record_schedule_run_metric stdout ----

thread 'throttle_tests::scanner_fire_of_a_non_scheduled_deferral_does_not_record_schedule_run_metric' (112401) panicked at autumn-harvest/tests/integration/throttle_tests.rs:205:10:
postgres start: Client(PullImage { descriptor: "postgres:16", err: DockerStreamError { error: "failed to extract layer (application/vnd.oci.image.layer.v1.tar+gzip sha256:bf8787dc3d9f01ed9e374788821940fd733d91f492332ef497e1239c0888faab) to overlayfs as \"extract-223661188-HFSl sha256:40302900c72eb4bab05f1925eff7da33f4c8a297120c4482bea3059e6015c818\": failed to convert whiteout file \"etc/alternatives/.wh.pager.1.gz\": operation not permitted" } })

---- throttle_tests::scanner_fire_of_a_scheduled_deferral_records_schedule_run_metric stdout ----

thread 'throttle_tests::scanner_fire_of_a_scheduled_deferral_records_schedule_run_metric' (112411) panicked at autumn-harvest/tests/integration/throttle_tests.rs:205:10:
postgres start: Client(PullImage { descriptor: "postgres:16", err: DockerStreamError { error: "failed to extract layer (application/vnd.oci.image.layer.v1.tar+gzip sha256:bf8787dc3d9f01ed9e374788821940fd733d91f492332ef497e1239c0888faab) to overlayfs as \"extract-561542089-cH8F sha256:40302900c72eb4bab05f1925eff7da33f4c8a297120c4482bea3059e6015c818\": failed to convert whiteout file \"etc/alternatives/.wh.pager.1.gz\": operation not permitted" } })

---- throttle_tests::scanner_readiness_filter_excludes_more_than_batch_size_distinct_exhausted_keys stdout ----

thread 'throttle_tests::scanner_readiness_filter_excludes_more_than_batch_size_distinct_exhausted_keys' (112417) panicked at autumn-harvest/tests/integration/throttle_tests.rs:205:10:
postgres start: Client(PullImage { descriptor: "postgres:16", err: DockerStreamError { error: "failed to extract layer (application/vnd.oci.image.layer.v1.tar+gzip sha256:bf8787dc3d9f01ed9e374788821940fd733d91f492332ef497e1239c0888faab) to overlayfs as \"extract-646253831-yIb2 sha256:40302900c72eb4bab05f1925eff7da33f4c8a297120c4482bea3059e6015c818\": failed to convert whiteout file \"etc/alternatives/.wh.pager.1.gz\": operation not permitted" } })

---- throttle_tests::scheduler_tick_rejects_oversized_input_before_deferring stdout ----

thread 'throttle_tests::scheduler_tick_rejects_oversized_input_before_deferring' (112418) panicked at autumn-harvest/tests/integration/throttle_tests.rs:205:10:
postgres start: Client(PullImage { descriptor: "postgres:16", err: DockerStreamError { error: "failed to extract layer (application/vnd.oci.image.layer.v1.tar+gzip sha256:bf8787dc3d9f01ed9e374788821940fd733d91f492332ef497e1239c0888faab) to overlayfs as \"extract-736163198-iaEN sha256:40302900c72eb4bab05f1925eff7da33f4c8a297120c4482bea3059e6015c818\": failed to convert whiteout file \"etc/alternatives/.wh.pager.1.gz\": operation not permitted" } })

---- throttle_tests::skip_size_check_false_for_a_genuinely_fresh_workflow_id stdout ----

thread 'throttle_tests::skip_size_check_false_for_a_genuinely_fresh_workflow_id' (112421) panicked at autumn-harvest/tests/integration/throttle_tests.rs:205:10:
postgres start: Client(PullImage { descriptor: "postgres:16", err: DockerStreamError { error: "failed to extract layer (application/vnd.oci.image.layer.v1.tar+gzip sha256:bf8787dc3d9f01ed9e374788821940fd733d91f492332ef497e1239c0888faab) to overlayfs as \"extract-12717162-Ugi8 sha256:40302900c72eb4bab05f1925eff7da33f4c8a297120c4482bea3059e6015c818\": failed to convert whiteout file \"etc/alternatives/.wh.pager.1.gz\": operation not permitted" } })

---- throttle_tests::skip_size_check_false_when_terminate_if_running_never_bypasses stdout ----

thread 'throttle_tests::skip_size_check_false_when_terminate_if_running_never_bypasses' (112422) panicked at autumn-harvest/tests/integration/throttle_tests.rs:205:10:
postgres start: Client(PullImage { descriptor: "postgres:16", err: DockerStreamError { error: "failed to extract layer (application/vnd.oci.image.layer.v1.tar+gzip sha256:bf8787dc3d9f01ed9e374788821940fd733d91f492332ef497e1239c0888faab) to overlayfs as \"extract-129246790-EyT7 sha256:40302900c72eb4bab05f1925eff7da33f4c8a297120c4482bea3059e6015c818\": failed to convert whiteout file \"etc/alternatives/.wh.pager.1.gz\": operation not permitted" } })

---- throttle_tests::skip_size_check_true_when_execution_already_active stdout ----

thread 'throttle_tests::skip_size_check_true_when_execution_already_active' (112424) panicked at autumn-harvest/tests/integration/throttle_tests.rs:205:10:
postgres start: Client(PullImage { descriptor: "postgres:16", err: DockerStreamError { error: "failed to extract layer (application/vnd.oci.image.layer.v1.tar+gzip sha256:bf8787dc3d9f01ed9e374788821940fd733d91f492332ef497e1239c0888faab) to overlayfs as \"extract-220710913-3wJf sha256:40302900c72eb4bab05f1925eff7da33f4c8a297120c4482bea3059e6015c818\": failed to convert whiteout file \"etc/alternatives/.wh.pager.1.gz\": operation not permitted" } })

---- throttle_tests::skip_size_check_true_when_pending_row_already_exists stdout ----

thread 'throttle_tests::skip_size_check_true_when_pending_row_already_exists' (112428) panicked at autumn-harvest/tests/integration/throttle_tests.rs:205:10:
postgres start: Client(PullImage { descriptor: "postgres:16", err: DockerStreamError { error: "failed to extract layer (application/vnd.oci.image.layer.v1.tar+gzip sha256:bf8787dc3d9f01ed9e374788821940fd733d91f492332ef497e1239c0888faab) to overlayfs as \"extract-499757622-alLG sha256:40302900c72eb4bab05f1925eff7da33f4c8a297120c4482bea3059e6015c818\": failed to convert whiteout file \"etc/alternatives/.wh.pager.1.gz\": operation not permitted" } })

---- throttle_tests::terminate_if_running_never_bypasses stdout ----

thread 'throttle_tests::terminate_if_running_never_bypasses' (112431) panicked at autumn-harvest/tests/integration/throttle_tests.rs:205:10:
postgres start: Client(PullImage { descriptor: "postgres:16", err: DockerStreamError { error: "failed to extract layer (application/vnd.oci.image.layer.v1.tar+gzip sha256:bf8787dc3d9f01ed9e374788821940fd733d91f492332ef497e1239c0888faab) to overlayfs as \"extract-617449596-75v8 sha256:40302900c72eb4bab05f1925eff7da33f4c8a297120c4482bea3059e6015c818\": failed to convert whiteout file \"etc/alternatives/.wh.pager.1.gz\": operation not permitted" } })

---- throttle_tests::throttled_buffered_deferral_counts_against_max_active_runs stdout ----

thread 'throttle_tests::throttled_buffered_deferral_counts_against_max_active_runs' (112434) panicked at autumn-harvest/tests/integration/throttle_tests.rs:205:10:
postgres start: Client(PullImage { descriptor: "postgres:16", err: DockerStreamError { error: "failed to extract layer (application/vnd.oci.image.layer.v1.tar+gzip sha256:bf8787dc3d9f01ed9e374788821940fd733d91f492332ef497e1239c0888faab) to overlayfs as \"extract-699613777-GzVf sha256:40302900c72eb4bab05f1925eff7da33f4c8a297120c4482bea3059e6015c818\": failed to convert whiteout file \"etc/alternatives/.wh.pager.1.gz\": operation not permitted" } })

---- throttle_tests::throttled_scheduled_deferral_counts_against_max_active_runs stdout ----

thread 'throttle_tests::throttled_scheduled_deferral_counts_against_max_active_runs' (112440) panicked at autumn-harvest/tests/integration/throttle_tests.rs:205:10:
postgres start: Client(PullImage { descriptor: "postgres:16", err: DockerStreamError { error: "failed to extract layer (application/vnd.oci.image.layer.v1.tar+gzip sha256:bf8787dc3d9f01ed9e374788821940fd733d91f492332ef497e1239c0888faab) to overlayfs as \"extract-954760594-p9v1 sha256:40302900c72eb4bab05f1925eff7da33f4c8a297120c4482bea3059e6015c818\": failed to convert whiteout file \"etc/alternatives/.wh.pager.1.gz\": operation not permitted" } })

---- transactional_activity_tests::transactional_activity_err_rolls_back_user_writes stdout ----

thread 'transactional_activity_tests::transactional_activity_err_rolls_back_user_writes' (112442) panicked at autumn-harvest/tests/integration/transactional_activity_tests.rs:168:10:
failed to start Postgres container: Client(PullImage { descriptor: "postgres:16", err: DockerStreamError { error: "failed to extract layer (application/vnd.oci.image.layer.v1.tar+gzip sha256:bf8787dc3d9f01ed9e374788821940fd733d91f492332ef497e1239c0888faab) to overlayfs as \"extract-37969893-64W3 sha256:40302900c72eb4bab05f1925eff7da33f4c8a297120c4482bea3059e6015c818\": failed to convert whiteout file \"etc/alternatives/.wh.pager.1.gz\": operation not permitted" } })

---- typed_stubs_tests::test_typed_workflow_client_stubs stdout ----

thread 'typed_stubs_tests::test_typed_workflow_client_stubs' (112454) panicked at autumn-harvest/tests/integration/typed_stubs_tests.rs:132:10:
failed to start Postgres container: Client(PullImage { descriptor: "postgres:16", err: DockerStreamError { error: "failed to extract layer (application/vnd.oci.image.layer.v1.tar+gzip sha256:bf8787dc3d9f01ed9e374788821940fd733d91f492332ef497e1239c0888faab) to overlayfs as \"extract-469258179-Ln3v sha256:40302900c72eb4bab05f1925eff7da33f4c8a297120c4482bea3059e6015c818\": failed to convert whiteout file \"etc/alternatives/.wh.pager.1.gz\": operation not permitted" } })

---- transactional_activity_tests::transactional_activity_happy_path_atomic_commit stdout ----

thread 'transactional_activity_tests::transactional_activity_happy_path_atomic_commit' (112444) panicked at autumn-harvest/tests/integration/transactional_activity_tests.rs:168:10:
failed to start Postgres container: Client(PullImage { descriptor: "postgres:16", err: DockerStreamError { error: "failed to extract layer (application/vnd.oci.image.layer.v1.tar+gzip sha256:bf8787dc3d9f01ed9e374788821940fd733d91f492332ef497e1239c0888faab) to overlayfs as \"extract-563206167-ly48 sha256:40302900c72eb4bab05f1925eff7da33f4c8a297120c4482bea3059e6015c818\": failed to convert whiteout file \"etc/alternatives/.wh.pager.1.gz\": operation not permitted" } })

---- typed_stubs_tests::test_typed_workflow_client_stubs_invalid_timeout stdout ----

thread 'typed_stubs_tests::test_typed_workflow_client_stubs_invalid_timeout' (112456) panicked at autumn-harvest/tests/integration/typed_stubs_tests.rs:132:10:
failed to start Postgres container: Client(PullImage { descriptor: "postgres:16", err: DockerStreamError { error: "failed to extract layer (application/vnd.oci.image.layer.v1.tar+gzip sha256:bf8787dc3d9f01ed9e374788821940fd733d91f492332ef497e1239c0888faab) to overlayfs as \"extract-698442236--RAX sha256:40302900c72eb4bab05f1925eff7da33f4c8a297120c4482bea3059e6015c818\": failed to convert whiteout file \"etc/alternatives/.wh.pager.1.gz\": operation not permitted" } })

---- typed_stubs_tests::test_typed_workflow_client_stubs_mismatch_validation stdout ----

thread 'typed_stubs_tests::test_typed_workflow_client_stubs_mismatch_validation' (112475) panicked at autumn-harvest/tests/integration/typed_stubs_tests.rs:132:10:
failed to start Postgres container: Client(PullImage { descriptor: "postgres:16", err: DockerStreamError { error: "failed to extract layer (application/vnd.oci.image.layer.v1.tar+gzip sha256:bf8787dc3d9f01ed9e374788821940fd733d91f492332ef497e1239c0888faab) to overlayfs as \"extract-72277484-hT0- sha256:40302900c72eb4bab05f1925eff7da33f4c8a297120c4482bea3059e6015c818\": failed to convert whiteout file \"etc/alternatives/.wh.pager.1.gz\": operation not permitted" } })

---- typed_stubs_tests::test_typed_workflow_client_stubs_signal_with_start stdout ----

thread 'typed_stubs_tests::test_typed_workflow_client_stubs_signal_with_start' (112477) panicked at autumn-harvest/tests/integration/typed_stubs_tests.rs:132:10:
failed to start Postgres container: Client(PullImage { descriptor: "postgres:16", err: DockerStreamError { error: "failed to extract layer (application/vnd.oci.image.layer.v1.tar+gzip sha256:bf8787dc3d9f01ed9e374788821940fd733d91f492332ef497e1239c0888faab) to overlayfs as \"extract-153315547-9ktA sha256:40302900c72eb4bab05f1925eff7da33f4c8a297120c4482bea3059e6015c818\": failed to convert whiteout file \"etc/alternatives/.wh.pager.1.gz\": operation not permitted" } })

---- typed_stubs_tests::test_typed_workflow_client_stubs_signal_with_start_payload_cap stdout ----

thread 'typed_stubs_tests::test_typed_workflow_client_stubs_signal_with_start_payload_cap' (112479) panicked at autumn-harvest/tests/integration/typed_stubs_tests.rs:132:10:
failed to start Postgres container: Client(PullImage { descriptor: "postgres:16", err: DockerStreamError { error: "failed to extract layer (application/vnd.oci.image.layer.v1.tar+gzip sha256:bf8787dc3d9f01ed9e374788821940fd733d91f492332ef497e1239c0888faab) to overlayfs as \"extract-250794713-i_wn sha256:40302900c72eb4bab05f1925eff7da33f4c8a297120c4482bea3059e6015c818\": failed to convert whiteout file \"etc/alternatives/.wh.pager.1.gz\": operation not permitted" } })

---- typed_workflow_failure_tests::db_handle_surface::failed_handle_surfaces_typed_fields_across_categories stdout ----

thread 'typed_workflow_failure_tests::db_handle_surface::failed_handle_surfaces_typed_fields_across_categories' (112495) panicked at autumn-harvest/tests/integration/typed_workflow_failure_tests.rs:296:14:
failed to start Postgres container: Client(PullImage { descriptor: "postgres:16", err: DockerStreamError { error: "failed to extract layer (application/vnd.oci.image.layer.v1.tar+gzip sha256:bf8787dc3d9f01ed9e374788821940fd733d91f492332ef497e1239c0888faab) to overlayfs as \"extract-632971024-QFhr sha256:40302900c72eb4bab05f1925eff7da33f4c8a297120c4482bea3059e6015c818\": failed to convert whiteout file \"etc/alternatives/.wh.pager.1.gz\": operation not permitted" } })

---- typed_stubs_tests::test_typed_workflow_client_stubs_with_options stdout ----

thread 'typed_stubs_tests::test_typed_workflow_client_stubs_with_options' (112493) panicked at autumn-harvest/tests/integration/typed_stubs_tests.rs:132:10:
failed to start Postgres container: Client(PullImage { descriptor: "postgres:16", err: DockerStreamError { error: "failed to extract layer (application/vnd.oci.image.layer.v1.tar+gzip sha256:bf8787dc3d9f01ed9e374788821940fd733d91f492332ef497e1239c0888faab) to overlayfs as \"extract-732051285-7rYy sha256:40302900c72eb4bab05f1925eff7da33f4c8a297120c4482bea3059e6015c818\": failed to convert whiteout file \"etc/alternatives/.wh.pager.1.gz\": operation not permitted" } })

---- typed_workflow_failure_tests::db_handle_surface::result_raw_enriches_from_the_effective_retry_execution stdout ----

thread 'typed_workflow_failure_tests::db_handle_surface::result_raw_enriches_from_the_effective_retry_execution' (112501) panicked at autumn-harvest/tests/integration/typed_workflow_failure_tests.rs:296:14:
failed to start Postgres container: Client(PullImage { descriptor: "postgres:16", err: DockerStreamError { error: "failed to extract layer (application/vnd.oci.image.layer.v1.tar+gzip sha256:bf8787dc3d9f01ed9e374788821940fd733d91f492332ef497e1239c0888faab) to overlayfs as \"extract-872130477-28rX sha256:40302900c72eb4bab05f1925eff7da33f4c8a297120c4482bea3059e6015c818\": failed to convert whiteout file \"etc/alternatives/.wh.pager.1.gz\": operation not permitted" } })

---- updt_with_start_tests::db_tests::should_attach_update_to_running_execution_with_allow_duplicate stdout ----

thread 'updt_with_start_tests::db_tests::should_attach_update_to_running_execution_with_allow_duplicate' (112513) panicked at autumn-harvest/tests/integration/updt_with_start_tests.rs:250:14:
postgres container should start: Client(PullImage { descriptor: "postgres:16", err: DockerStreamError { error: "failed to extract layer (application/vnd.oci.image.layer.v1.tar+gzip sha256:bf8787dc3d9f01ed9e374788821940fd733d91f492332ef497e1239c0888faab) to overlayfs as \"extract-152938603-im_e sha256:40302900c72eb4bab05f1925eff7da33f4c8a297120c4482bea3059e6015c818\": failed to convert whiteout file \"etc/alternatives/.wh.pager.1.gz\": operation not permitted" } })

---- updt_with_start_tests::db_tests::should_deduplicate_via_idempotency_key stdout ----

thread 'updt_with_start_tests::db_tests::should_deduplicate_via_idempotency_key' (112517) panicked at autumn-harvest/tests/integration/updt_with_start_tests.rs:250:14:
postgres container should start: Client(PullImage { descriptor: "postgres:16", err: DockerStreamError { error: "failed to extract layer (application/vnd.oci.image.layer.v1.tar+gzip sha256:bf8787dc3d9f01ed9e374788821940fd733d91f492332ef497e1239c0888faab) to overlayfs as \"extract-163940925-nQOK sha256:40302900c72eb4bab05f1925eff7da33f4c8a297120c4482bea3059e6015c818\": failed to convert whiteout file \"etc/alternatives/.wh.pager.1.gz\": operation not permitted" } })

---- updt_with_start_tests::db_tests::should_return_already_exists_under_reject_duplicate_with_running_prior stdout ----

thread 'updt_with_start_tests::db_tests::should_return_already_exists_under_reject_duplicate_with_running_prior' (112526) panicked at autumn-harvest/tests/integration/updt_with_start_tests.rs:250:14:
postgres container should start: Client(PullImage { descriptor: "postgres:16", err: DockerStreamError { error: "failed to extract layer (application/vnd.oci.image.layer.v1.tar+gzip sha256:bf8787dc3d9f01ed9e374788821940fd733d91f492332ef497e1239c0888faab) to overlayfs as \"extract-328894688-SAiq sha256:40302900c72eb4bab05f1925eff7da33f4c8a297120c4482bea3059e6015c818\": failed to convert whiteout file \"etc/alternatives/.wh.pager.1.gz\": operation not permitted" } })

---- updt_with_start_tests::db_tests::should_start_fresh_and_admit_update_when_no_prior_execution stdout ----

thread 'updt_with_start_tests::db_tests::should_start_fresh_and_admit_update_when_no_prior_execution' (112544) panicked at autumn-harvest/tests/integration/updt_with_start_tests.rs:250:14:
postgres container should start: Client(PullImage { descriptor: "postgres:16", err: DockerStreamError { error: "failed to extract layer (application/vnd.oci.image.layer.v1.tar+gzip sha256:bf8787dc3d9f01ed9e374788821940fd733d91f492332ef497e1239c0888faab) to overlayfs as \"extract-670599374-evD2 sha256:40302900c72eb4bab05f1925eff7da33f4c8a297120c4482bea3059e6015c818\": failed to convert whiteout file \"etc/alternatives/.wh.pager.1.gz\": operation not permitted" } })

---- worker_session_tests::db_tests::broken_session_scanner_ignores_already_completed_session stdout ----

thread 'worker_session_tests::db_tests::broken_session_scanner_ignores_already_completed_session' (112562) panicked at autumn-harvest/tests/integration/worker_session_tests.rs:160:14:
failed to start Postgres container: Client(PullImage { descriptor: "postgres:16", err: DockerStreamError { error: "failed to extract layer (application/vnd.oci.image.layer.v1.tar+gzip sha256:bf8787dc3d9f01ed9e374788821940fd733d91f492332ef497e1239c0888faab) to overlayfs as \"extract-716564775-YPgT sha256:40302900c72eb4bab05f1925eff7da33f4c8a297120c4482bea3059e6015c818\": failed to convert whiteout file \"etc/alternatives/.wh.pager.1.gz\": operation not permitted" } })

---- worker_session_tests::db_tests::broken_session_scanner_leaves_healthy_session_untouched stdout ----

thread 'worker_session_tests::db_tests::broken_session_scanner_leaves_healthy_session_untouched' (112565) panicked at autumn-harvest/tests/integration/worker_session_tests.rs:160:14:
failed to start Postgres container: Client(PullImage { descriptor: "postgres:16", err: DockerStreamError { error: "failed to extract layer (application/vnd.oci.image.layer.v1.tar+gzip sha256:bf8787dc3d9f01ed9e374788821940fd733d91f492332ef497e1239c0888faab) to overlayfs as \"extract-817672861-5MeJ sha256:40302900c72eb4bab05f1925eff7da33f4c8a297120c4482bea3059e6015c818\": failed to convert whiteout file \"etc/alternatives/.wh.pager.1.gz\": operation not permitted" } })

---- worker_session_tests::db_tests::broken_session_scanner_reclaims_session_hosted_by_draining_worker stdout ----

thread 'worker_session_tests::db_tests::broken_session_scanner_reclaims_session_hosted_by_draining_worker' (112585) panicked at autumn-harvest/tests/integration/worker_session_tests.rs:160:14:
failed to start Postgres container: Client(PullImage { descriptor: "postgres:16", err: DockerStreamError { error: "failed to extract layer (application/vnd.oci.image.layer.v1.tar+gzip sha256:bf8787dc3d9f01ed9e374788821940fd733d91f492332ef497e1239c0888faab) to overlayfs as \"extract-115679134-znQr sha256:40302900c72eb4bab05f1925eff7da33f4c8a297120c4482bea3059e6015c818\": failed to convert whiteout file \"etc/alternatives/.wh.pager.1.gz\": operation not permitted" } })

---- worker_session_tests::db_tests::broken_session_scanner_reclaims_session_with_expired_lease_even_if_host_alive stdout ----

thread 'worker_session_tests::db_tests::broken_session_scanner_reclaims_session_with_expired_lease_even_if_host_alive' (112591) panicked at autumn-harvest/tests/integration/worker_session_tests.rs:160:14:
failed to start Postgres container: Client(PullImage { descriptor: "postgres:16", err: DockerStreamError { error: "failed to extract layer (application/vnd.oci.image.layer.v1.tar+gzip sha256:bf8787dc3d9f01ed9e374788821940fd733d91f492332ef497e1239c0888faab) to overlayfs as \"extract-191293043-VUVM sha256:40302900c72eb4bab05f1925eff7da33f4c8a297120c4482bea3059e6015c818\": failed to convert whiteout file \"etc/alternatives/.wh.pager.1.gz\": operation not permitted" } })

---- worker_session_tests::db_tests::broken_session_scanner_reclaims_session_with_no_worker_row stdout ----

thread 'worker_session_tests::db_tests::broken_session_scanner_reclaims_session_with_no_worker_row' (112605) panicked at autumn-harvest/tests/integration/worker_session_tests.rs:160:14:
failed to start Postgres container: Client(PullImage { descriptor: "postgres:16", err: DockerStreamError { error: "failed to extract layer (application/vnd.oci.image.layer.v1.tar+gzip sha256:bf8787dc3d9f01ed9e374788821940fd733d91f492332ef497e1239c0888faab) to overlayfs as \"extract-297418324-z6_D sha256:40302900c72eb4bab05f1925eff7da33f4c8a297120c4482bea3059e6015c818\": failed to convert whiteout file \"etc/alternatives/.wh.pager.1.gz\": operation not permitted" } })

---- worker_session_tests::db_tests::co_location_all_member_activities_share_one_worker_id stdout ----

thread 'worker_session_tests::db_tests::co_location_all_member_activities_share_one_worker_id' (112637) panicked at autumn-harvest/tests/integration/worker_session_tests.rs:704:14:
failed to start Postgres container: Client(PullImage { descriptor: "postgres:16", err: DockerStreamError { error: "failed to extract layer (application/vnd.oci.image.layer.v1.tar+gzip sha256:bf8787dc3d9f01ed9e374788821940fd733d91f492332ef497e1239c0888faab) to overlayfs as \"extract-546302450-YP7- sha256:40302900c72eb4bab05f1925eff7da33f4c8a297120c4482bea3059e6015c818\": failed to convert whiteout file \"etc/alternatives/.wh.pager.1.gz\": operation not permitted" } })

---- worker_session_tests::db_tests::enqueue_with_session_id_writes_column_to_db stdout ----

thread 'worker_session_tests::db_tests::enqueue_with_session_id_writes_column_to_db' (112646) panicked at autumn-harvest/tests/integration/worker_session_tests.rs:160:14:
failed to start Postgres container: Client(PullImage { descriptor: "postgres:16", err: DockerStreamError { error: "failed to extract layer (application/vnd.oci.image.layer.v1.tar+gzip sha256:bf8787dc3d9f01ed9e374788821940fd733d91f492332ef497e1239c0888faab) to overlayfs as \"extract-636357010-F20s sha256:40302900c72eb4bab05f1925eff7da33f4c8a297120c4482bea3059e6015c818\": failed to convert whiteout file \"etc/alternatives/.wh.pager.1.gz\": operation not permitted" } })

---- worker_session_tests::db_tests::enqueue_without_session_id_leaves_column_null stdout ----

thread 'worker_session_tests::db_tests::enqueue_without_session_id_leaves_column_null' (112652) panicked at autumn-harvest/tests/integration/worker_session_tests.rs:160:14:
failed to start Postgres container: Client(PullImage { descriptor: "postgres:16", err: DockerStreamError { error: "failed to extract layer (application/vnd.oci.image.layer.v1.tar+gzip sha256:bf8787dc3d9f01ed9e374788821940fd733d91f492332ef497e1239c0888faab) to overlayfs as \"extract-753234550-P6CM sha256:40302900c72eb4bab05f1925eff7da33f4c8a297120c4482bea3059e6015c818\": failed to convert whiteout file \"etc/alternatives/.wh.pager.1.gz\": operation not permitted" } })

---- worker_session_tests::db_tests::non_session_sticky_task_does_fail_over_after_lease_expires stdout ----

thread 'worker_session_tests::db_tests::non_session_sticky_task_does_fail_over_after_lease_expires' (112660) panicked at autumn-harvest/tests/integration/worker_session_tests.rs:160:14:
failed to start Postgres container: Client(PullImage { descriptor: "postgres:16", err: DockerStreamError { error: "failed to extract layer (application/vnd.oci.image.layer.v1.tar+gzip sha256:bf8787dc3d9f01ed9e374788821940fd733d91f492332ef497e1239c0888faab) to overlayfs as \"extract-27470309-6JH9 sha256:40302900c72eb4bab05f1925eff7da33f4c8a297120c4482bea3059e6015c818\": failed to convert whiteout file \"etc/alternatives/.wh.pager.1.gz\": operation not permitted" } })

---- worker_session_tests::db_tests::non_session_worker_cannot_claim_session_task stdout ----

thread 'worker_session_tests::db_tests::non_session_worker_cannot_claim_session_task' (112670) panicked at autumn-harvest/tests/integration/worker_session_tests.rs:160:14:
failed to start Postgres container: Client(PullImage { descriptor: "postgres:16", err: DockerStreamError { error: "failed to extract layer (application/vnd.oci.image.layer.v1.tar+gzip sha256:bf8787dc3d9f01ed9e374788821940fd733d91f492332ef497e1239c0888faab) to overlayfs as \"extract-124785018-BQ37 sha256:40302900c72eb4bab05f1925eff7da33f4c8a297120c4482bea3059e6015c818\": failed to convert whiteout file \"etc/alternatives/.wh.pager.1.gz\": operation not permitted" } })

---- worker_session_tests::db_tests::session_task_does_not_fail_over_after_sticky_lease_expires stdout ----

thread 'worker_session_tests::db_tests::session_task_does_not_fail_over_after_sticky_lease_expires' (112674) panicked at autumn-harvest/tests/integration/worker_session_tests.rs:160:14:
failed to start Postgres container: Client(PullImage { descriptor: "postgres:16", err: DockerStreamError { error: "failed to extract layer (application/vnd.oci.image.layer.v1.tar+gzip sha256:bf8787dc3d9f01ed9e374788821940fd733d91f492332ef497e1239c0888faab) to overlayfs as \"extract-224336246-GOb1 sha256:40302900c72eb4bab05f1925eff7da33f4c8a297120c4482bea3059e6015c818\": failed to convert whiteout file \"etc/alternatives/.wh.pager.1.gz\": operation not permitted" } })

---- worker_session_tests::db_tests::session_worker_can_claim_its_pinned_task stdout ----

thread 'worker_session_tests::db_tests::session_worker_can_claim_its_pinned_task' (112691) panicked at autumn-harvest/tests/integration/worker_session_tests.rs:160:14:
failed to start Postgres container: Client(PullImage { descriptor: "postgres:16", err: DockerStreamError { error: "failed to extract layer (application/vnd.oci.image.layer.v1.tar+gzip sha256:bf8787dc3d9f01ed9e374788821940fd733d91f492332ef497e1239c0888faab) to overlayfs as \"extract-463595625-DLkc sha256:40302900c72eb4bab05f1925eff7da33f4c8a297120c4482bea3059e6015c818\": failed to convert whiteout file \"etc/alternatives/.wh.pager.1.gz\": operation not permitted" } })

---- workflow_handle_tests::handle_cancel_seals_cancelled stdout ----

thread 'workflow_handle_tests::handle_cancel_seals_cancelled' (112713) panicked at autumn-harvest/tests/integration/workflow_handle_tests.rs:132:10:
failed to start Postgres container: Client(PullImage { descriptor: "postgres:16", err: DockerStreamError { error: "failed to extract layer (application/vnd.oci.image.layer.v1.tar+gzip sha256:bf8787dc3d9f01ed9e374788821940fd733d91f492332ef497e1239c0888faab) to overlayfs as \"extract-588116689-m4nd sha256:40302900c72eb4bab05f1925eff7da33f4c8a297120c4482bea3059e6015c818\": failed to convert whiteout file \"etc/alternatives/.wh.pager.1.gz\": operation not permitted" } })

---- workflow_handle_tests::handle_terminate_is_idempotent_on_terminal stdout ----

thread 'workflow_handle_tests::handle_terminate_is_idempotent_on_terminal' (112724) panicked at autumn-harvest/tests/integration/workflow_handle_tests.rs:132:10:
failed to start Postgres container: Client(PullImage { descriptor: "postgres:16", err: DockerStreamError { error: "failed to extract layer (application/vnd.oci.image.layer.v1.tar+gzip sha256:bf8787dc3d9f01ed9e374788821940fd733d91f492332ef497e1239c0888faab) to overlayfs as \"extract-728843973-aBsf sha256:40302900c72eb4bab05f1925eff7da33f4c8a297120c4482bea3059e6015c818\": failed to convert whiteout file \"etc/alternatives/.wh.pager.1.gz\": operation not permitted" } })

---- workflow_handle_tests::handle_terminate_seals_terminated_and_result_surfaces_terminated stdout ----

thread 'workflow_handle_tests::handle_terminate_seals_terminated_and_result_surfaces_terminated' (112727) panicked at autumn-harvest/tests/integration/workflow_handle_tests.rs:132:10:
failed to start Postgres container: Client(PullImage { descriptor: "postgres:16", err: DockerStreamError { error: "failed to extract layer (application/vnd.oci.image.layer.v1.tar+gzip sha256:bf8787dc3d9f01ed9e374788821940fd733d91f492332ef497e1239c0888faab) to overlayfs as \"extract-982942602-NpVL sha256:40302900c72eb4bab05f1925eff7da33f4c8a297120c4482bea3059e6015c818\": failed to convert whiteout file \"etc/alternatives/.wh.pager.1.gz\": operation not permitted" } })

---- workflow_handle_tests::result_raw_wakes_on_harvest_events_notification stdout ----

thread 'workflow_handle_tests::result_raw_wakes_on_harvest_events_notification' (112729) panicked at autumn-harvest/tests/integration/workflow_handle_tests.rs:132:10:
failed to start Postgres container: Client(PullImage { descriptor: "postgres:16", err: DockerStreamError { error: "failed to extract layer (application/vnd.oci.image.layer.v1.tar+gzip sha256:bf8787dc3d9f01ed9e374788821940fd733d91f492332ef497e1239c0888faab) to overlayfs as \"extract-92808820-I1hw sha256:40302900c72eb4bab05f1925eff7da33f4c8a297120c4482bea3059e6015c818\": failed to convert whiteout file \"etc/alternatives/.wh.pager.1.gz\": operation not permitted" } })

---- workflow_handle_tests::result_raw_with_timeout_returns_timeout_for_running_workflow stdout ----

thread 'workflow_handle_tests::result_raw_with_timeout_returns_timeout_for_running_workflow' (112737) panicked at autumn-harvest/tests/integration/workflow_handle_tests.rs:132:10:
failed to start Postgres container: Client(PullImage { descriptor: "postgres:16", err: DockerStreamError { error: "failed to extract layer (application/vnd.oci.image.layer.v1.tar+gzip sha256:bf8787dc3d9f01ed9e374788821940fd733d91f492332ef497e1239c0888faab) to overlayfs as \"extract-230331209-Nryq sha256:40302900c72eb4bab05f1925eff7da33f4c8a297120c4482bea3059e6015c818\": failed to convert whiteout file \"etc/alternatives/.wh.pager.1.gz\": operation not permitted" } })

---- workflow_handle_tests::result_snapshot_with_wait_returns_none_for_running_workflow stdout ----

thread 'workflow_handle_tests::result_snapshot_with_wait_returns_none_for_running_workflow' (112741) panicked at autumn-harvest/tests/integration/workflow_handle_tests.rs:132:10:
failed to start Postgres container: Client(PullImage { descriptor: "postgres:16", err: DockerStreamError { error: "failed to extract layer (application/vnd.oci.image.layer.v1.tar+gzip sha256:bf8787dc3d9f01ed9e374788821940fd733d91f492332ef497e1239c0888faab) to overlayfs as \"extract-548999453-PvgH sha256:40302900c72eb4bab05f1925eff7da33f4c8a297120c4482bea3059e6015c818\": failed to convert whiteout file \"etc/alternatives/.wh.pager.1.gz\": operation not permitted" } })

---- workflow_handle_tests::typed_handle_terminate_delegates_to_inner stdout ----

thread 'workflow_handle_tests::typed_handle_terminate_delegates_to_inner' (112742) panicked at autumn-harvest/tests/integration/workflow_handle_tests.rs:132:10:
failed to start Postgres container: Client(PullImage { descriptor: "postgres:16", err: DockerStreamError { error: "failed to extract layer (application/vnd.oci.image.layer.v1.tar+gzip sha256:bf8787dc3d9f01ed9e374788821940fd733d91f492332ef497e1239c0888faab) to overlayfs as \"extract-623438104-siL_ sha256:40302900c72eb4bab05f1925eff7da33f4c8a297120c4482bea3059e6015c818\": failed to convert whiteout file \"etc/alternatives/.wh.pager.1.gz\": operation not permitted" } })

---- workflow_handle_tests::workflow_event_listener_receives_append_notification stdout ----

thread 'workflow_handle_tests::workflow_event_listener_receives_append_notification' (112743) panicked at autumn-harvest/tests/integration/workflow_handle_tests.rs:132:10:
failed to start Postgres container: Client(PullImage { descriptor: "postgres:16", err: DockerStreamError { error: "failed to extract layer (application/vnd.oci.image.layer.v1.tar+gzip sha256:bf8787dc3d9f01ed9e374788821940fd733d91f492332ef497e1239c0888faab) to overlayfs as \"extract-720272797-IXii sha256:40302900c72eb4bab05f1925eff7da33f4c8a297120c4482bea3059e6015c818\": failed to convert whiteout file \"etc/alternatives/.wh.pager.1.gz\": operation not permitted" } })

---- workflow_retry_tests::retry_run_has_fresh_history_and_correct_linkage stdout ----

thread 'workflow_retry_tests::retry_run_has_fresh_history_and_correct_linkage' (112793) panicked at autumn-harvest/tests/integration/workflow_retry_tests.rs:311:10:
failed to start Postgres container: Client(PullImage { descriptor: "postgres:16", err: DockerStreamError { error: "failed to extract layer (application/vnd.oci.image.layer.v1.tar+gzip sha256:bf8787dc3d9f01ed9e374788821940fd733d91f492332ef497e1239c0888faab) to overlayfs as \"extract-208823633-GB2O sha256:40302900c72eb4bab05f1925eff7da33f4c8a297120c4482bea3059e6015c818\": failed to convert whiteout file \"etc/alternatives/.wh.pager.1.gz\": operation not permitted" } })

---- workflow_retry_tests::cancelled_workflow_is_not_retried stdout ----

thread 'workflow_retry_tests::cancelled_workflow_is_not_retried' (112790) panicked at autumn-harvest/tests/integration/workflow_retry_tests.rs:311:10:
failed to start Postgres container: Client(PullImage { descriptor: "postgres:16", err: DockerStreamError { error: "failed to extract layer (application/vnd.oci.image.layer.v1.tar+gzip sha256:bf8787dc3d9f01ed9e374788821940fd733d91f492332ef497e1239c0888faab) to overlayfs as \"extract-368205816-hUxs sha256:40302900c72eb4bab05f1925eff7da33f4c8a297120c4482bea3059e6015c818\": failed to convert whiteout file \"etc/alternatives/.wh.pager.1.gz\": operation not permitted" } })

---- workflow_retry_tests::workflow_non_retryable_error_no_retry stdout ----

thread 'workflow_retry_tests::workflow_non_retryable_error_no_retry' (112798) panicked at autumn-harvest/tests/integration/workflow_retry_tests.rs:311:10:
failed to start Postgres container: Client(PullImage { descriptor: "postgres:16", err: DockerStreamError { error: "failed to extract layer (application/vnd.oci.image.layer.v1.tar+gzip sha256:bf8787dc3d9f01ed9e374788821940fd733d91f492332ef497e1239c0888faab) to overlayfs as \"extract-296085202-tiSl sha256:40302900c72eb4bab05f1925eff7da33f4c8a297120c4482bea3059e6015c818\": failed to convert whiteout file \"etc/alternatives/.wh.pager.1.gz\": operation not permitted" } })

---- workflow_retry_tests::workflow_retries_on_transient_failure_and_succeeds stdout ----

thread 'workflow_retry_tests::workflow_retries_on_transient_failure_and_succeeds' (112810) panicked at autumn-harvest/tests/integration/workflow_retry_tests.rs:311:10:
failed to start Postgres container: Client(PullImage { descriptor: "postgres:16", err: DockerStreamError { error: "failed to extract layer (application/vnd.oci.image.layer.v1.tar+gzip sha256:bf8787dc3d9f01ed9e374788821940fd733d91f492332ef497e1239c0888faab) to overlayfs as \"extract-700099564-JxUh sha256:40302900c72eb4bab05f1925eff7da33f4c8a297120c4482bea3059e6015c818\": failed to convert whiteout file \"etc/alternatives/.wh.pager.1.gz\": operation not permitted" } })

---- workflow_retry_tests::workflow_retry_exhaustion_counts_as_one_failure stdout ----

thread 'workflow_retry_tests::workflow_retry_exhaustion_counts_as_one_failure' (112811) panicked at autumn-harvest/tests/integration/workflow_retry_tests.rs:311:10:
failed to start Postgres container: Client(PullImage { descriptor: "postgres:16", err: DockerStreamError { error: "failed to extract layer (application/vnd.oci.image.layer.v1.tar+gzip sha256:bf8787dc3d9f01ed9e374788821940fd733d91f492332ef497e1239c0888faab) to overlayfs as \"extract-762767203-VvMJ sha256:40302900c72eb4bab05f1925eff7da33f4c8a297120c4482bea3059e6015c818\": failed to convert whiteout file \"etc/alternatives/.wh.pager.1.gz\": operation not permitted" } })

---- workflow_retry_tests::workflow_sentinel_string_non_retryable_message_no_retry stdout ----

thread 'workflow_retry_tests::workflow_sentinel_string_non_retryable_message_no_retry' (112813) panicked at autumn-harvest/tests/integration/workflow_retry_tests.rs:311:10:
failed to start Postgres container: Client(PullImage { descriptor: "postgres:16", err: DockerStreamError { error: "failed to extract layer (application/vnd.oci.image.layer.v1.tar+gzip sha256:bf8787dc3d9f01ed9e374788821940fd733d91f492332ef497e1239c0888faab) to overlayfs as \"extract-807000818-32Da sha256:40302900c72eb4bab05f1925eff7da33f4c8a297120c4482bea3059e6015c818\": failed to convert whiteout file \"etc/alternatives/.wh.pager.1.gz\": operation not permitted" } })

---- workflow_retry_tests::workflow_typed_message_collision_still_retries stdout ----

thread 'workflow_retry_tests::workflow_typed_message_collision_still_retries' (112818) panicked at autumn-harvest/tests/integration/workflow_retry_tests.rs:311:10:
failed to start Postgres container: Client(PullImage { descriptor: "postgres:16", err: DockerStreamError { error: "failed to extract layer (application/vnd.oci.image.layer.v1.tar+gzip sha256:bf8787dc3d9f01ed9e374788821940fd733d91f492332ef497e1239c0888faab) to overlayfs as \"extract-184837991-njfi sha256:40302900c72eb4bab05f1925eff7da33f4c8a297120c4482bea3059e6015c818\": failed to convert whiteout file \"etc/alternatives/.wh.pager.1.gz\": operation not permitted" } })

---- workflow_retry_tests::workflow_typed_non_retryable_error_type_no_retry stdout ----

thread 'workflow_retry_tests::workflow_typed_non_retryable_error_type_no_retry' (112821) panicked at autumn-harvest/tests/integration/workflow_retry_tests.rs:311:10:
failed to start Postgres container: Client(PullImage { descriptor: "postgres:16", err: DockerStreamError { error: "failed to extract layer (application/vnd.oci.image.layer.v1.tar+gzip sha256:bf8787dc3d9f01ed9e374788821940fd733d91f492332ef497e1239c0888faab) to overlayfs as \"extract-236407910-wbur sha256:40302900c72eb4bab05f1925eff7da33f4c8a297120c4482bea3059e6015c818\": failed to convert whiteout file \"etc/alternatives/.wh.pager.1.gz\": operation not permitted" } })

---- workflow_retry_tests::workflow_typed_retryable_error_type_still_retries stdout ----

thread 'workflow_retry_tests::workflow_typed_retryable_error_type_still_retries' (112825) panicked at autumn-harvest/tests/integration/workflow_retry_tests.rs:311:10:
failed to start Postgres container: Client(PullImage { descriptor: "postgres:16", err: DockerStreamError { error: "failed to extract layer (application/vnd.oci.image.layer.v1.tar+gzip sha256:bf8787dc3d9f01ed9e374788821940fd733d91f492332ef497e1239c0888faab) to overlayfs as \"extract-274002237-5Uhi sha256:40302900c72eb4bab05f1925eff7da33f4c8a297120c4482bea3059e6015c818\": failed to convert whiteout file \"etc/alternatives/.wh.pager.1.gz\": operation not permitted" } })

---- workflow_task_timeout_tests::quarantine_does_not_overwrite_an_execution_that_already_completed stdout ----

thread 'workflow_task_timeout_tests::quarantine_does_not_overwrite_an_execution_that_already_completed' (112830) panicked at autumn-harvest/tests/integration/workflow_task_timeout_tests.rs:231:10:
postgres start: Client(PullImage { descriptor: "postgres:16", err: DockerStreamError { error: "failed to extract layer (application/vnd.oci.image.layer.v1.tar+gzip sha256:bf8787dc3d9f01ed9e374788821940fd733d91f492332ef497e1239c0888faab) to overlayfs as \"extract-612965349-w__o sha256:40302900c72eb4bab05f1925eff7da33f4c8a297120c4482bea3059e6015c818\": failed to convert whiteout file \"etc/alternatives/.wh.pager.1.gz\": operation not permitted" } })

---- workflow_task_timeout_tests::quarantine_with_no_exec_id_only_fails_task stdout ----

thread 'workflow_task_timeout_tests::quarantine_with_no_exec_id_only_fails_task' (112836) panicked at autumn-harvest/tests/integration/workflow_task_timeout_tests.rs:231:10:
postgres start: Client(PullImage { descriptor: "postgres:16", err: DockerStreamError { error: "failed to extract layer (application/vnd.oci.image.layer.v1.tar+gzip sha256:bf8787dc3d9f01ed9e374788821940fd733d91f492332ef497e1239c0888faab) to overlayfs as \"extract-684253284-laPh sha256:40302900c72eb4bab05f1925eff7da33f4c8a297120c4482bea3059e6015c818\": failed to convert whiteout file \"etc/alternatives/.wh.pager.1.gz\": operation not permitted" } })

---- workflow_task_timeout_tests::quarantine_writes_dlq_and_fails_execution stdout ----

thread 'workflow_task_timeout_tests::quarantine_writes_dlq_and_fails_execution' (112840) panicked at autumn-harvest/tests/integration/workflow_task_timeout_tests.rs:231:10:
postgres start: Client(PullImage { descriptor: "postgres:16", err: DockerStreamError { error: "failed to extract layer (application/vnd.oci.image.layer.v1.tar+gzip sha256:bf8787dc3d9f01ed9e374788821940fd733d91f492332ef497e1239c0888faab) to overlayfs as \"extract-850768821-B9bc sha256:40302900c72eb4bab05f1925eff7da33f4c8a297120c4482bea3059e6015c818\": failed to convert whiteout file \"etc/alternatives/.wh.pager.1.gz\": operation not permitted" } })

---- workflow_task_timeout_tests::quarantine_writes_typed_dlq_reason stdout ----

thread 'workflow_task_timeout_tests::quarantine_writes_typed_dlq_reason' (112844) panicked at autumn-harvest/tests/integration/workflow_task_timeout_tests.rs:231:10:
postgres start: Client(PullImage { descriptor: "postgres:16", err: DockerStreamError { error: "failed to extract layer (application/vnd.oci.image.layer.v1.tar+gzip sha256:bf8787dc3d9f01ed9e374788821940fd733d91f492332ef497e1239c0888faab) to overlayfs as \"extract-56339471-_dt6 sha256:40302900c72eb4bab05f1925eff7da33f4c8a297120c4482bea3059e6015c818\": failed to convert whiteout file \"etc/alternatives/.wh.pager.1.gz\": operation not permitted" } })

---- workflow_task_timeout_tests::reset_is_idempotent_on_wrong_state_or_worker stdout ----

thread 'workflow_task_timeout_tests::reset_is_idempotent_on_wrong_state_or_worker' (112847) panicked at autumn-harvest/tests/integration/workflow_task_timeout_tests.rs:231:10:
postgres start: Client(PullImage { descriptor: "postgres:16", err: DockerStreamError { error: "failed to extract layer (application/vnd.oci.image.layer.v1.tar+gzip sha256:bf8787dc3d9f01ed9e374788821940fd733d91f492332ef497e1239c0888faab) to overlayfs as \"extract-144151051-8Kzk sha256:40302900c72eb4bab05f1925eff7da33f4c8a297120c4482bea3059e6015c818\": failed to convert whiteout file \"etc/alternatives/.wh.pager.1.gz\": operation not permitted" } })

---- workflow_task_timeout_tests::reset_reverts_running_task_to_pending stdout ----

thread 'workflow_task_timeout_tests::reset_reverts_running_task_to_pending' (112849) panicked at autumn-harvest/tests/integration/workflow_task_timeout_tests.rs:231:10:
postgres start: Client(PullImage { descriptor: "postgres:16", err: DockerStreamError { error: "failed to extract layer (application/vnd.oci.image.layer.v1.tar+gzip sha256:bf8787dc3d9f01ed9e374788821940fd733d91f492332ef497e1239c0888faab) to overlayfs as \"extract-217130401-dZa2 sha256:40302900c72eb4bab05f1925eff7da33f4c8a297120c4482bea3059e6015c818\": failed to convert whiteout file \"etc/alternatives/.wh.pager.1.gz\": operation not permitted" } })


failures:
    audit_tests::audit_list_date_range_since
    audit_tests::audit_list_filter_by_actor
    audit_tests::audit_list_filter_by_operation
    audit_tests::audit_list_filter_by_status
    audit_tests::audit_list_filter_by_target_id
    audit_tests::audit_list_filter_by_target_type
    audit_tests::audit_list_ordered_by_occurred_at_desc
    audit_tests::audit_list_respects_limit
    audit_tests::audit_record_with_all_optional_fields
    audit_tests::failed_audit_record_includes_error_summary
    audit_tests::insert_and_retrieve_audit_record
    build_routing_tests::db_tests::build_reachability_counts_open_executions_and_pending_tasks
    build_routing_tests::db_tests::clear_build_ramp_nulls_target_and_percent
    build_routing_tests::db_tests::clear_build_ramp_on_unknown_queue_returns_none
    build_routing_tests::db_tests::compatible_worker_can_claim_task_with_required_build
    build_routing_tests::db_tests::declare_and_load_compat_set
    build_routing_tests::db_tests::declared_compat_allows_new_worker_to_claim_old_task
    build_routing_tests::db_tests::incompatible_worker_cannot_claim_required_build_task
    build_routing_tests::db_tests::legacy_worker_empty_build_id_claims_any_task
    build_routing_tests::db_tests::list_workers_filters_by_build_id
    build_routing_tests::db_tests::pre_ramp_policy_row_without_ramp_columns_still_routes_to_base_build
    build_routing_tests::db_tests::ramp_back_to_zero_stops_new_starts_from_reaching_target
    build_routing_tests::db_tests::revoke_compat_removes_entry
    build_routing_tests::db_tests::safe_to_retire_true_when_no_open_executions_or_pending_tasks
    build_routing_tests::db_tests::set_and_get_build_policy_for_queue
    build_routing_tests::db_tests::set_build_ramp_updates_target_and_percent_on_existing_policy
    build_routing_tests::db_tests::set_build_ramp_without_base_policy_is_config_error
    build_routing_tests::db_tests::start_stamps_base_build_when_ramp_is_zero
    build_routing_tests::db_tests::start_stamps_target_build_for_fully_ramped_queue
    build_routing_tests::db_tests::task_without_required_build_claimed_by_any_worker
    build_routing_tests::db_tests::worker_registration_stores_build_id_and_deployment_name
    cache_delta_load_tests::cold_path_reads_full_history_every_task
    cache_delta_load_tests::sticky_routing_on_vs_off_reload_count
    cache_delta_load_tests::warm_path_delta_load_reads_only_new_events
    cancellation_tests::activity_exits_early_on_workflow_cancellation
    cancellation_tests::activity_without_cancellation_check_completes_normally
    cancellation_tests::cancel_running_workflow_marks_execution_cancelled_and_fails_open_tasks
    cancellation_tests::cancelling_an_already_cancelled_workflow_is_idempotent
    cancellation_tests::heartbeat_checkpoint_preserved_across_cancel_signal
    cancellation_tests::running_activity_heartbeat_observes_workflow_cancellation
    cancellation_tests::signal_insert_waits_for_concurrent_cancellation_lock
    cancellation_tests::signals_to_cancelled_workflows_are_rejected
    cancellation_tests::uncooperative_activity_is_hard_aborted_after_grace_period
    child_policy_tests::cascade_records_child_events_only_after_winning_child_transition
    child_policy_tests::child_workflow_cancel_cascade_request_cancel
    child_policy_tests::child_workflow_detached_abandon_outlives_parent_completion
    child_policy_tests::child_workflow_terminate_cascade_on_parent_failure
    child_policy_tests::detached_child_continue_as_new_failure_does_not_wake_parent
    child_policy_tests::detached_child_execution_timeout_does_not_wake_parent
    child_policy_tests::detached_child_task_receives_trace_context
    child_policy_tests::detached_child_workflow_uses_registered_concurrency_policy
    child_policy_tests::detached_spawn_before_local_activity_is_persisted
    child_policy_tests::history_cap_failure_cascades_detached_children
    child_policy_tests::parent_terminate_cascade_applies_child_descendant_policy
    child_policy_tests::signal_then_detached_only_remainder_persists_spawn_and_completes
    child_policy_tests::terminal_detached_spawn_setup_error_fails_workflow
    child_policy_tests::workflow_reset_cascades_detached_children
    child_policy_tests::workflow_task_timeout_cascades_detached_children
    completion_callback_tests::enqueue_is_idempotent_on_re_evaluation
    completion_callback_tests::enqueue_on_completion_creates_one_row_per_matching_target
    completion_callback_tests::enqueue_skips_targets_whose_filter_does_not_match
    completion_callback_tests::erase_racing_a_dead_letter_write_does_not_reintroduce_pii
    completion_callback_tests::list_deliveries_for_execution_returns_rows_in_callback_index_order
    completion_callback_tests::no_targets_configured_enqueues_nothing
    completion_callback_tests::redrive_dead_letter_delegates_a_callback_row_to_completion_delivery_redrive
    completion_callback_tests::redrive_delivery_is_a_no_op_on_an_unknown_id
    completion_callback_tests::redrive_delivery_is_a_no_op_when_delivery_belongs_to_a_different_execution
    completion_callback_tests::redrive_delivery_rejects_a_non_failed_delivery
    completion_callback_tests::redrive_delivery_resets_a_failed_row_and_clears_its_dlq_entry
    completion_callback_tests::replay_dead_letter_delegates_a_callback_row_to_completion_delivery_redrive
    completion_callback_tests::scanner_dead_letters_on_retry_exhaustion
    completion_callback_tests::scanner_dispatches_a_batch_of_deliveries_concurrently_not_sequentially
    completion_callback_tests::scanner_ignores_rows_not_yet_due
    completion_callback_tests::scanner_marks_delivered_on_2xx
    completion_callback_tests::scanner_rejects_dispatch_when_target_is_no_longer_allowlisted
    completion_callback_tests::scanner_reschedules_with_backoff_on_non_2xx
    completion_callback_tests::scanner_schedules_backoff_from_attempt_completion_not_claim_time
    completion_callback_tests::scanner_scopes_claims_to_the_assigned_shard_when_shards_share_a_pool
    cross_workflow_cancel_tests::test_already_terminal_target_is_no_op_success
    cross_workflow_cancel_tests::test_cross_shard_cancel_via_outbox
    cross_workflow_cancel_tests::test_grace_window_expiry_unknown_target
    cross_workflow_cancel_tests::test_same_shard_live_cancel
    cross_workflow_signal_tests::test_cross_shard_outbox_delivery
    cross_workflow_signal_tests::test_grace_window_expiration
    cross_workflow_signal_tests::test_mixed_timer_suspension_signal_wakes_timer
    cross_workflow_signal_tests::test_same_shard_not_found_retry
    debounce_tests::burst_collapse_k_upserts_produce_one_row_and_one_execution
    debounce_tests::debounce_conflict_merges_completion_callbacks_instead_of_overwriting
    debounce_tests::fire_due_debounced_starts_threads_completion_callbacks_into_the_started_execution
    debounce_tests::fire_emits_debounce_fired_metric
    debounce_tests::independent_keys_produce_independent_executions
    debounce_tests::last_input_wins
    debounce_tests::list_pending_debounce_surfaces_pending_records
    debounce_tests::max_wait_cap_prevents_endless_deferral
    debounce_tests::no_debounce_policy_uses_normal_start_path
    debounce_tests::thousand_upserts_produce_exactly_one_execution
    debounce_tests::trailing_edge_extends_deadline_and_scanner_respects_it
    delayed_start_tests::test_delayed_start_cancel_before_firing
    delayed_start_tests::test_delayed_start_no_premature_dispatch
    delayed_start_tests::test_delayed_start_validation
    delayed_start_tests::test_delayed_start_workflow_started_event_timestamp
    delayed_start_tests::test_immediate_start_skew_tolerance
    event_batch_tests::a_later_admissions_completion_callbacks_are_merged_not_dropped
    event_batch_tests::size_triggered_flush_threads_completion_callbacks_into_the_started_execution
    event_batch_tests::test_event_batch_accumulation_and_size_flush
    event_batch_tests::test_event_batch_time_flush
    event_batch_tests::time_triggered_flush_threads_completion_callbacks_into_the_started_execution
    force_fail_tests::completed_task_returns_conflict
    force_fail_tests::force_fail_on_paused_execution_succeeds
    force_fail_tests::genuinely_failed_task_returns_conflict
    force_fail_tests::late_completion_after_force_fail_is_ignored
    force_fail_tests::late_retryable_error_cannot_resurrect_failed_row
    force_fail_tests::legacy_task_terminal_history_returns_conflict_not_404
    force_fail_tests::pending_task_returns_conflict
    force_fail_tests::remaining_retries_are_skipped
    force_fail_tests::retry_after_forced_run_sealed_is_idempotent_no_op
    force_fail_tests::running_task_is_force_failed
    force_fail_tests::second_call_is_idempotent_no_op
    force_fail_tests::task_for_different_workflow_returns_not_found
    force_fail_tests::terminal_execution_returns_conflict
    force_fail_tests::terminal_history_with_running_row_returns_conflict
    force_fail_tests::unknown_task_returns_not_found
    force_fail_tests::workflow_task_is_woken
    force_fail_tests::workflow_task_type_returns_conflict
    integration_e2e::activity_context_exposes_attempt_and_previous_failure_on_retry
    integration_e2e::activity_retry_resumes_from_persisted_heartbeat_details
    integration_e2e::child_continue_as_new_rejection_wakes_parent_with_child_failure
    integration_e2e::circuit_breaker_short_circuits_after_tripping
    integration_e2e::claim_task_excludes_other_workers_while_sticky_active
    integration_e2e::claim_task_falls_back_to_any_worker_after_sticky_expires
    integration_e2e::claim_task_prefers_sticky_worker_within_window
    integration_e2e::claim_task_returns_none_on_empty_queue
    integration_e2e::claim_task_treats_expired_sticky_rows_like_unpinned_rows
    integration_e2e::concurrency_cap_failure_frees_slot_and_does_not_wedge_queue
    integration_e2e::concurrency_cap_limits_concurrent_claims_cluster_wide
    integration_e2e::concurrency_cap_null_key_tasks_are_unaffected_by_saturated_key
    integration_e2e::concurrency_cap_shared_key_budget_is_not_doubled
    integration_e2e::continue_as_new_down_migration_rewrites_historical_runs_for_rollback
    integration_e2e::dead_letter_queue_lifecycle
    integration_e2e::drain_accepted_sets_status_to_draining
    integration_e2e::drain_already_draining_on_second_call
    integration_e2e::drain_already_stopped_after_transition
    integration_e2e::drain_not_found_for_unknown_worker
    integration_e2e::drain_preview_returns_active_workers
    integration_e2e::drain_with_explicit_deadline_is_stored
    integration_e2e::drop_dag_runs_migration_copies_legacy_rows_to_workflow_executions
    integration_e2e::drop_dag_runs_migration_does_not_turn_queued_runs_into_running_workflows
    integration_e2e::drop_dag_runs_migration_preserves_subsecond_legacy_run_identities
    integration_e2e::duplicate_event_id_is_rejected
    integration_e2e::enqueue_inside_transaction_emits_notification_on_commit
    integration_e2e::enqueue_with_sticky_pin_stores_worker_and_expiry
    integration_e2e::event_store_round_trip
    integration_e2e::full_workflow_lifecycle
    integration_e2e::legacy_string_failure_in_non_retryable_errors_fails_fast
    integration_e2e::legacy_workflow_uniqueness_schema_can_be_upgraded_for_idempotent_starts
    integration_e2e::non_retryable_activity_fails_fast_on_attempt_one
    integration_e2e::overlap_policy_buffer_all_queues_multiple_slots
    integration_e2e::overlap_policy_buffer_one_queues_single_slot
    integration_e2e::overlap_policy_buffer_one_survives_scheduler_restart
    integration_e2e::overlap_policy_cancel_other_cancels_inflight_run
    integration_e2e::overlap_policy_skip_explicitly_drops_new_firings
    integration_e2e::overlap_policy_terminate_other_terminates_inflight_run
    integration_e2e::park_workflow_task_with_sticky_hint_pins_to_worker
    integration_e2e::per_key_concurrency_cap_enforced_across_fleet
    integration_e2e::per_key_concurrency_does_not_block_other_keys
    integration_e2e::queue_listener_handles_quoted_queue_names
    integration_e2e::queue_listener_receives_enqueue_notification
    integration_e2e::reschedule_task_clears_stale_heartbeat_timestamp
    integration_e2e::reuse_policy_allow_duplicate_cancelled_returns_existing
    integration_e2e::reuse_policy_allow_duplicate_completed_returns_existing
    integration_e2e::reuse_policy_allow_duplicate_failed_returns_existing
    integration_e2e::reuse_policy_allow_duplicate_no_prior_creates
    integration_e2e::reuse_policy_allow_duplicate_running_returns_existing
    integration_e2e::reuse_policy_allow_failed_only_cancelled_starts_fresh
    integration_e2e::reuse_policy_allow_failed_only_completed_returns_existing
    integration_e2e::reuse_policy_allow_failed_only_failed_starts_fresh
    integration_e2e::reuse_policy_allow_failed_only_no_prior_creates
    integration_e2e::reuse_policy_allow_failed_only_running_returns_existing
    integration_e2e::reuse_policy_reject_duplicate_cancelled_errors
    integration_e2e::reuse_policy_reject_duplicate_completed_errors
    integration_e2e::reuse_policy_reject_duplicate_failed_errors
    integration_e2e::reuse_policy_reject_duplicate_no_prior_creates
    integration_e2e::reuse_policy_reject_duplicate_running_errors
    integration_e2e::reuse_policy_terminate_if_running_cancelled_starts_fresh
    integration_e2e::reuse_policy_terminate_if_running_completed_starts_fresh
    integration_e2e::reuse_policy_terminate_if_running_failed_starts_fresh
    integration_e2e::reuse_policy_terminate_if_running_no_prior_creates
    integration_e2e::reuse_policy_terminate_if_running_retry_after_partial_failure_is_idempotent
    integration_e2e::reuse_policy_terminate_if_running_running_cancels_and_starts_fresh
    integration_e2e::search_attrs_survive_worker_crash_and_resume
    integration_e2e::search_attrs_upsert_visible_after_update_and_filterable
    integration_e2e::signal_blocked_workflow_times_out_at_deadline
    integration_e2e::test_rolling_deploy_capability_routing_with_database_enforcement
    integration_e2e::timeout_enforcement_fails_pending_activity_and_wakes_workflow
    integration_e2e::wake_workflow_task_does_not_requeue_active_running_task
    integration_e2e::wake_workflow_task_emits_notification
    integration_e2e::wake_workflow_task_refreshes_sticky_until
    integration_e2e::wake_workflow_task_retries_after_losing_the_park_row_lock_race
    integration_e2e::worker_builder_state_is_visible_to_workflow_and_activity
    integration_e2e::worker_completes_parent_workflow_after_child_workflow_round_trip
    integration_e2e::worker_completes_parent_workflow_with_child_fan_out
    integration_e2e::worker_completes_parent_workflow_with_parallel_child_workflows
    integration_e2e::worker_completes_ten_child_fan_out_within_wall_clock_bound
    integration_e2e::worker_completes_workflow_after_signal_delivery
    integration_e2e::worker_completes_workflow_task_and_persists_result
    integration_e2e::worker_completes_workflow_with_activity_round_trip
    integration_e2e::worker_completes_workflow_with_timer_round_trip
    integration_e2e::worker_continues_as_new_with_fresh_history_and_same_workflow_id
    integration_e2e::worker_fails_orphaned_activity_task_without_scheduled_event
    integration_e2e::worker_fails_workflow_when_activity_start_to_close_timeout_elapses
    integration_e2e::worker_handles_early_ingested_signal_before_activity
    integration_e2e::worker_marks_workflow_failed_when_handler_errors
    integration_e2e::worker_parent_branches_on_typed_child_failure_across_categories
    integration_e2e::worker_saga_unwind_emits_compensated_counter_exactly_once_across_decision_cycles
    integration_e2e::workflow_schedule_baseline_dispatches_multiple_runs
    integration_e2e::workflow_schedule_dag_only_deployment_unaffected
    integration_e2e::workflow_schedule_max_active_runs_enforced
    integration_e2e::workflow_schedule_pause_and_resume
    legal_hold_tests::erase_rejected_while_held
    legal_hold_tests::expired_hold_becomes_eligible_and_is_deleted
    legal_hold_tests::expired_hold_is_overwritten_by_a_fresh_set
    legal_hold_tests::held_child_is_skipped_not_failed_during_cascade
    legal_hold_tests::held_execution_survives_and_metric_is_zero_for_it
    legal_hold_tests::held_row_is_not_archived
    legal_hold_tests::hold_on_running_execution_persists_and_is_untouched_by_tick
    legal_hold_tests::hold_placed_mid_tick_is_not_deleted
    legal_hold_tests::hold_trumps_global_and_override
    legal_hold_tests::indefinitely_held_row_survives_two_ticks_metric_zero
    legal_hold_tests::release_of_expired_hold_clears_columns
    legal_hold_tests::set_legal_hold_with_past_until_reports_inactive
    legal_hold_tests::set_release_idempotency_round_trip
    metrics_integration::child_hard_cap_dlq_notifies_parent_and_stops_inline_growth
    metrics_integration::continue_as_new_records_history_size_and_rotation_metrics
    metrics_integration::detached_parent_close_cascade_counts_against_history_cap
    metrics_integration::dlq_depth_sampler_emits_dlq_entries_metric
    metrics_integration::local_activity_retries_stop_when_hard_cap_is_reached
    metrics_integration::oldest_pending_age_excludes_paused_executions
    metrics_integration::oldest_pending_age_excludes_rate_limited_tasks
    metrics_integration::oldest_pending_age_excludes_saturated_concurrency_cap
    metrics_integration::oldest_pending_age_query_positive_then_zero_after_drain
    metrics_integration::schedule_to_start_histogram_emitted_at_dispatch
    metrics_integration::suspended_commands_that_reach_hard_cap_move_to_dlq_immediately
    metrics_integration::workflow_and_activity_metrics_are_recorded
    metrics_integration::workflow_completed_with_unfinished_updates_emits_metric
    metrics_integration::workflow_hard_cap_dlq_preserves_terminal_attempt_count
    metrics_integration::workflow_hard_cap_moves_offender_to_dlq
    metrics_integration::workflow_non_determinism_metric_and_search_attrs_are_recorded
    nd_block_tests::author_error_still_fails_terminally
    nd_block_tests::blocked_child_does_not_notify_parent
    nd_block_tests::blocked_execution_resumes_after_rollback
    nd_block_tests::completion_never_touches_search_attrs_on_a_row_that_was_never_nd_blocked
    nd_block_tests::continue_as_new_successor_does_not_inherit_stale_nd_search_attrs
    nd_block_tests::divergent_replay_blocks_instead_of_failing
    nd_block_tests::nd_block_clears_stale_mixed_signal_suspension_sentinel
    nd_block_tests::reblock_increments_count_and_grows_backoff
    panic_containment_tests::activity_handler_panic_is_contained_and_retried_then_terminal
    panic_containment_tests::backing_off_activity_task_error_column_carries_the_panic_message
    panic_containment_tests::child_workflow_panic_surfaces_to_parent_as_typed_handler_panic
    panic_containment_tests::local_activity_handler_panic_is_contained_and_retried_then_terminal
    panic_containment_tests::panicking_activity_task_leaves_running_within_one_poll_interval
    panic_containment_tests::workflow_construction_phase_panic_is_contained_as_handler_panic_terminal
    panic_containment_tests::workflow_handler_panic_is_re_dispatched_then_terminal_within_budget
    panic_containment_tests::workflow_panic_max_attempts_zero_is_terminal_on_first_panic
    pause_tests::activity_schedule_to_close_enforcement_yields_to_a_pause_committed_after_the_scan
    pause_tests::auto_resume_expired_pauses_force_resumes
    pause_tests::cancel_beats_pause
    pause_tests::external_task_enforcement_yields_to_a_pause_committed_after_the_scan
    pause_tests::external_task_timeout_scanner_skips_paused_executions
    pause_tests::pause_defers_timer_then_resume_fires_and_replays_deterministically
    pause_tests::pause_during_inflight_decision_task_discards_pending_commands
    pause_tests::pause_is_idempotent
    pause_tests::pause_rejects_terminal_execution
    pause_tests::pause_then_resume_transitions_and_records_events
    pause_tests::pause_unknown_execution_is_not_found
    pause_tests::paused_workflow_task_is_not_claimed
    pause_tests::resume_extends_deadline_by_pause_duration
    pause_tests::resume_of_completed_execution_is_a_success_noop
    pause_tests::resume_of_running_execution_is_a_success_noop
    pause_tests::resume_of_unknown_execution_is_not_found
    pause_tests::resume_shifts_external_task_schedule_to_close_by_pause_span
    pause_tests::resume_shifts_schedule_to_close_at_by_pause_span
    pause_tests::resume_shifts_scheduled_at_for_frozen_rows_only
    pause_tests::resume_without_deadline_leaves_it_null
    pause_tests::retry_path_requeues_when_a_concurrent_pause_committed_after_the_gate
    pause_tests::retry_path_requeues_when_a_concurrent_resume_shifted_the_deadline
    pause_tests::schedule_to_close_scanner_skips_paused_executions
    pause_tests::schedule_to_start_scanner_spares_frozen_rows_but_enforces_unfrozen_paused_rows
    pause_tests::update_during_pause_is_rejected
    payload_offload_db_tests::offload_round_trips_through_postgres_with_tiny_event_row
    payload_offload_db_tests::shared_blob_stays_referenced_until_last_execution_gone
    poison_pill_tests::clean_reschedule_resets_crash_streak
    poison_pill_tests::live_worker_task_is_not_reclaimed
    poison_pill_tests::orphan_at_threshold_is_quarantined
    poison_pill_tests::orphan_under_threshold_is_requeued
    poison_pill_tests::poison_pill_counts_toward_schedule_auto_pause
    poison_pill_tests::replay_into_terminal_workflow_is_rejected
    poison_pill_tests::threshold_zero_never_quarantines
    queue_fairness_tests::dispatch_counter_records_per_queue_claims
    queue_fairness_tests::no_starvation_low_weight_queue_drains_to_completion
    queue_fairness_tests::weighted_claim_distribution_tracks_3_to_1_ratio
    redrive_tests::bulk_redrive_dry_run_mutates_nothing
    redrive_tests::bulk_redrive_respects_max_matched_vs_redriven
    redrive_tests::redrive_by_explicit_ids_targets_only_those_rows
    redrive_tests::redrive_cancelled_execution_is_rejected
    redrive_tests::redrive_completed_execution_is_rejected
    redrive_tests::redrive_emits_metric_per_outcome
    redrive_tests::redrive_failed_execution_reactivates_and_appends
    redrive_tests::redrive_filter_dimensions_select_the_right_subset
    redrive_tests::redrive_idempotent_second_call_skips
    redrive_tests::redrive_running_execution_is_skip_noop
    replay_canary_tests::test_replay_canary_divergent_workflow
    replay_canary_tests::test_replay_canary_simple_pass
    replay_canary_tests::test_replay_canary_suspended_workflow
    replayer_integration_tests::replay_from_db_detects_non_determinism
    replayer_integration_tests::replay_from_db_unchanged_workflow_succeeds
    replayer_integration_tests::replay_from_db_unknown_exec_id_returns_error
    replayer_integration_tests::replay_from_db_unregistered_handler_surfaces_as_workflow_failed
    retention_overrides_tests::dry_run_reports_per_type_counts_without_deleting
    retention_overrides_tests::no_overrides_behaves_like_global_only
    retention_overrides_tests::not_yet_eligible_backlog_does_not_starve_eligible_deletion
    retention_overrides_tests::override_longer_survives_shorter_deleted
    retention_overrides_tests::overrides_only_never_deletes_types_without_override
    retention_summary_tests::delete_demotes_into_a_summary_row
    retention_summary_tests::erase_after_gc_scrubs_the_summary
    retention_summary_tests::erase_before_gc_summary_captures_tombstone
    retention_summary_tests::erase_execution_exists_still_scrubs_callback_pii
    retention_summary_tests::erase_parent_recurses_into_grandchild_summary
    retention_summary_tests::erase_parent_scrubs_a_demoted_child_summary
    retention_summary_tests::erase_summary_only_scrubs_lingering_completion_callback_pii
    retention_summary_tests::legal_held_execution_is_not_summarized_until_released
    retention_summary_tests::offloaded_payload_is_marked_not_stored
    retention_summary_tests::payload_capture_stores_verbatim_and_marks_oversized
    retention_summary_tests::summary_disabled_deletes_and_writes_no_summary
    retention_summary_tests::summary_gc_deletes_expired_and_emits_metric
    retention_summary_tests::unbounded_summary_retention_never_gcs
    retry_now_tests::already_eligible_task_is_idempotent_no_op
    retry_now_tests::attempt_counter_is_not_changed
    retry_now_tests::backing_off_task_is_advanced_to_now
    retry_now_tests::idempotent_second_call_also_succeeds
    retry_now_tests::running_task_returns_conflict_error
    retry_now_tests::task_for_different_workflow_returns_not_found
    retry_now_tests::unknown_task_id_returns_not_found
    schedule_decisions::test_purge_old_schedule_decisions
    schedule_decisions::test_record_decision_graceful_failure
    schedule_decisions::test_record_decision_graceful_success
    schedule_runs_tests::keyset_cursor_paginates_without_overlap
    schedule_runs_tests::keyset_cursor_uses_slot_key
    schedule_runs_tests::list_orders_by_logical_slot_and_returns_error
    schedule_runs_tests::list_orders_newest_first_and_filters_by_state
    schedule_runs_tests::origin_is_persisted_for_each_dispatch_source
    schedule_runs_tests::summary_counts_scheduled_origin_only
    schedule_to_close_tests::enqueue_params_schedule_to_close_at_persisted_and_not_prematurely_fired
    schedule_to_close_tests::pre_retry_deadline_check_prevents_requeue_when_deadline_exceeded
    schedule_to_close_tests::scanner_does_not_affect_tasks_without_schedule_to_close
    schedule_to_close_tests::scanner_times_out_pending_task_with_expired_schedule_to_close
    schedule_to_close_tests::scanner_times_out_running_task_with_expired_schedule_to_close
    schedule_update_tests::autopaused_schedule_patch_preserves_then_clears_auto_paused_at
    schedule_update_tests::cadence_change_recomputes_next_run_at_anchored_at_now
    schedule_update_tests::cron_to_manual_nulls_next_run_at
    schedule_update_tests::dag_schedule_row_returns_dag_schedule_outcome
    schedule_update_tests::expired_fire_claim_does_not_block_update
    schedule_update_tests::invalid_merged_schedule_writes_nothing
    schedule_update_tests::live_fire_claim_blocks_update_with_claim_live_outcome
    schedule_update_tests::lowering_max_runs_below_runs_started_exhausts_immediately
    schedule_update_tests::manual_to_cron_populates_next_run_at
    schedule_update_tests::non_cadence_policy_change_preserves_next_run_at
    schedule_update_tests::patch_blocks_on_row_lock_and_applies_against_post_commit_row
    schedule_update_tests::patch_input_only_changes_input_and_preserves_cadence
    schedule_update_tests::patch_on_expired_claim_fences_straggler_finalize
    schedule_update_tests::paused_schedule_stays_paused_and_bookkeeping_preserved
    schedule_update_tests::raising_max_runs_clears_exhaustion_and_repopulates_next_run_at
    schedule_update_tests::tick_fires_fresh_row_not_pre_claim_snapshot
    schedule_update_tests::tristate_clear_and_absence_semantics
    schedule_update_tests::unknown_id_returns_not_found
    scheduled_time_tests::manual_start_has_no_scheduled_time
    scheduled_time_tests::n_slots_produce_n_distinct_scheduled_times
    scheduled_time_tests::scheduled_run_has_correct_scheduled_time
    scheduled_time_tests::scheduled_run_replays_deterministically
    scheduler_auto_pause_tests::auto_paused_schedule_remains_paused_on_subsequent_ticks
    scheduler_auto_pause_tests::schedule_auto_pauses_after_consecutive_failures
    scheduler_auto_pause_tests::schedule_fires_when_below_failure_limit
    scheduler_auto_pause_tests::schedule_resumes_and_resets_failure_count
    scheduler_auto_pause_tests::schedule_without_limit_never_auto_pauses
    scheduler_bounded_runs_tests::decision_log_records_end_at_reached
    scheduler_bounded_runs_tests::decision_log_records_max_runs_exhausted
    scheduler_bounded_runs_tests::exhausted_schedule_stays_exhausted
    scheduler_bounded_runs_tests::max_runs_1_fires_once_then_exhausts
    scheduler_bounded_runs_tests::paused_schedule_does_not_consume_budget
    scheduler_bounded_runs_tests::runs_started_incremented_per_dispatch
    scheduler_bounded_runs_tests::schedule_before_end_at_fires_normally
    scheduler_bounded_runs_tests::schedule_exhausted_by_end_at_does_not_fire
    scheduler_bounded_runs_tests::schedule_exhausted_by_max_runs_does_not_fire
    scheduler_bounded_runs_tests::schedule_without_bounds_fires_normally
    scheduler_carryover_tests::last_error_reflects_prior_failure_and_clears_after_recovery
    scheduler_carryover_tests::manual_start_has_no_carryover
    scheduler_carryover_tests::skip_policy_does_not_advance_carryover
    scheduler_carryover_tests::two_scheduled_runs_carry_cursor_forward
    scheduler_catchup_tests::legacy_catchup_false_fires_one_slot_compat
    scheduler_catchup_tests::legacy_catchup_true_fires_all_slots_compat
    scheduler_catchup_tests::most_recent_policy_fires_one_and_records_drops
    scheduler_catchup_tests::window_policy_fires_only_in_window_slots
    scheduler_ha_tests::test_expired_claim_is_overridden_for_crash_recovery
    scheduler_ha_tests::test_ha_concurrent_tick_produces_exactly_one_execution
    scheduler_ha_tests::test_live_claim_prevents_double_fire
    signal_tests::idempotency_key_is_scoped_per_execution
    signal_tests::idempotent_signal_with_distinct_keys_lands_each_time
    signal_tests::idempotent_signal_with_same_key_lands_exactly_once
    signal_tests::plain_send_signal_still_appends_each_call
    signal_tests::test_mark_signals_consumed
    signal_tests::test_send_and_load_signals
    signal_tests::unkeyed_signal_preserves_at_least_once_behavior
    signal_with_start_tests::allow_duplicate_attaches_to_paused_prior_and_buffers_signal
    signal_with_start_tests::allow_duplicate_failed_only_attaches_to_running_prior
    signal_with_start_tests::allow_duplicate_failed_only_starts_fresh_for_failed_prior
    signal_with_start_tests::allow_duplicate_signals_running_execution_and_returns_existing_id
    signal_with_start_tests::allow_duplicate_with_completed_prior_starts_fresh_and_delivers_signal
    signal_with_start_tests::different_idempotency_keys_deliver_independent_signals
    signal_with_start_tests::idempotency_key_dedupes_signal_within_the_same_execution
    signal_with_start_tests::outcome_struct_distinguishes_started_vs_attached
    signal_with_start_tests::reject_duplicate_returns_already_exists_for_any_prior_state
    signal_with_start_tests::signal_with_start_appends_signal_to_history_before_first_dispatch
    signal_with_start_tests::signal_with_start_does_not_validate_start_input_schema_when_attaching_to_a_running_execution
    signal_with_start_tests::signal_with_start_starts_fresh_when_no_prior_execution_exists
    signal_with_start_tests::signal_with_start_validates_start_input_schema_on_a_genuine_fresh_start
    signal_with_start_tests::terminate_if_running_cancels_then_starts_fresh_and_signals
    sla_breach_tests::breach_scan_leaves_harvest_events_untouched
    sla_breach_tests::breached_run_is_not_terminated_and_can_complete
    sla_breach_tests::scanner_eligibility_by_state_and_completion
    sla_breach_tests::scanner_flips_breach_once_and_is_idempotent
    sla_breach_tests::terminal_row_past_deadline_breaches_once
    slot_tuner_tests::tuner_grows_under_load_and_drains_cleanly
    slot_tuner_tests::tuner_unset_is_inert
    start_idempotency_tests::dangling_claim_is_reclaimed
    start_idempotency_tests::dedup_hit_short_circuits_reject_duplicate
    start_idempotency_tests::distinct_keys_start_distinct_runs
    start_idempotency_tests::fresh_key_attaching_to_existing_run_repoints_claim
    start_idempotency_tests::hundred_same_key_reserves_yield_one_execution
    start_idempotency_tests::key_is_reusable_after_the_window_elapses
    start_idempotency_tests::purge_deletes_only_expired_rows
    start_idempotency_tests::reserve_rolls_back_when_the_start_fails
    start_idempotency_tests::same_key_dedups_to_the_same_execution
    sticky_routing_tests::db_tests::any_worker_can_claim_after_sticky_expires
    sticky_routing_tests::db_tests::enqueue_with_sticky_pin_writes_worker_id_and_ttl_to_db
    sticky_routing_tests::db_tests::enqueue_without_sticky_leaves_pin_columns_null
    sticky_routing_tests::db_tests::non_sticky_worker_cannot_claim_task_within_ttl
    sticky_routing_tests::db_tests::park_workflow_task_writes_sticky_affinity_to_db
    sticky_routing_tests::db_tests::set_task_sticky_affinity_none_clears_existing_pin
    sticky_routing_tests::db_tests::sticky_task_preferred_over_unpinned_task_for_owning_worker
    sticky_routing_tests::db_tests::sticky_worker_can_claim_its_pinned_task_within_ttl
    sticky_routing_tests::db_tests::wake_workflow_task_refreshes_sticky_until
    telemetry_span_tests::all_adr_0001_span_kinds_are_emitted
    throttle_tests::allow_duplicate_failed_only_does_not_bypass_a_failed_prior
    throttle_tests::backlog_read_returns_per_key_counts
    throttle_tests::buffered_drain_drops_oversized_slot_before_deferring
    throttle_tests::burst_paces_and_all_eventually_run
    throttle_tests::deferred_past_schedule_to_start_times_out
    throttle_tests::deferred_starts_survive_restart
    throttle_tests::expired_pending_row_is_not_returned_by_idempotent_retry_lookup
    throttle_tests::fire_time_already_exists_still_refunds_token
    throttle_tests::fresh_deferral_is_true_only_on_the_first_insert_not_on_a_retry
    throttle_tests::independent_keys_throttle_independently
    throttle_tests::oversized_key_bypasses_when_execution_already_active
    throttle_tests::oversized_key_resolves_to_existing_pending_row
    throttle_tests::oversized_key_still_rejected_for_a_genuinely_fresh_admission
    throttle_tests::reject_duplicate_bypasses_throttle_when_execution_already_active
    throttle_tests::retry_resolving_to_a_different_key_still_defers_to_the_original_row
    throttle_tests::retry_with_same_workflow_id_does_not_create_a_second_pending_row
    throttle_tests::scanner_does_not_starve_a_fresh_key_behind_many_exhausted_keys
    throttle_tests::scanner_does_not_starve_other_keys_behind_one_hot_backlog
    throttle_tests::scanner_fire_of_a_backfill_deferral_does_not_record_schedule_run_metric
    throttle_tests::scanner_fire_of_a_non_scheduled_deferral_does_not_record_schedule_run_metric
    throttle_tests::scanner_fire_of_a_scheduled_deferral_records_schedule_run_metric
    throttle_tests::scanner_readiness_filter_excludes_more_than_batch_size_distinct_exhausted_keys
    throttle_tests::scheduler_tick_rejects_oversized_input_before_deferring
    throttle_tests::skip_size_check_false_for_a_genuinely_fresh_workflow_id
    throttle_tests::skip_size_check_false_when_terminate_if_running_never_bypasses
    throttle_tests::skip_size_check_true_when_execution_already_active
    throttle_tests::skip_size_check_true_when_pending_row_already_exists
    throttle_tests::terminate_if_running_never_bypasses
    throttle_tests::throttled_buffered_deferral_counts_against_max_active_runs
    throttle_tests::throttled_scheduled_deferral_counts_against_max_active_runs
    transactional_activity_tests::transactional_activity_err_rolls_back_user_writes
    transactional_activity_tests::transactional_activity_happy_path_atomic_commit
    typed_stubs_tests::test_typed_workflow_client_stubs
    typed_stubs_tests::test_typed_workflow_client_stubs_invalid_timeout
    typed_stubs_tests::test_typed_workflow_client_stubs_mismatch_validation
    typed_stubs_tests::test_typed_workflow_client_stubs_signal_with_start
    typed_stubs_tests::test_typed_workflow_client_stubs_signal_with_start_payload_cap
    typed_stubs_tests::test_typed_workflow_client_stubs_with_options
    typed_workflow_failure_tests::db_handle_surface::failed_handle_surfaces_typed_fields_across_categories
    typed_workflow_failure_tests::db_handle_surface::result_raw_enriches_from_the_effective_retry_execution
    updt_with_start_tests::db_tests::should_attach_update_to_running_execution_with_allow_duplicate
    updt_with_start_tests::db_tests::should_deduplicate_via_idempotency_key
    updt_with_start_tests::db_tests::should_return_already_exists_under_reject_duplicate_with_running_prior
    updt_with_start_tests::db_tests::should_start_fresh_and_admit_update_when_no_prior_execution
    worker_session_tests::db_tests::broken_session_scanner_ignores_already_completed_session
    worker_session_tests::db_tests::broken_session_scanner_leaves_healthy_session_untouched
    worker_session_tests::db_tests::broken_session_scanner_reclaims_session_hosted_by_draining_worker
    worker_session_tests::db_tests::broken_session_scanner_reclaims_session_with_expired_lease_even_if_host_alive
    worker_session_tests::db_tests::broken_session_scanner_reclaims_session_with_no_worker_row
    worker_session_tests::db_tests::co_location_all_member_activities_share_one_worker_id
    worker_session_tests::db_tests::enqueue_with_session_id_writes_column_to_db
    worker_session_tests::db_tests::enqueue_without_session_id_leaves_column_null
    worker_session_tests::db_tests::non_session_sticky_task_does_fail_over_after_lease_expires
    worker_session_tests::db_tests::non_session_worker_cannot_claim_session_task
    worker_session_tests::db_tests::session_task_does_not_fail_over_after_sticky_lease_expires
    worker_session_tests::db_tests::session_worker_can_claim_its_pinned_task
    workflow_handle_tests::handle_cancel_seals_cancelled
    workflow_handle_tests::handle_terminate_is_idempotent_on_terminal
    workflow_handle_tests::handle_terminate_seals_terminated_and_result_surfaces_terminated
    workflow_handle_tests::result_raw_wakes_on_harvest_events_notification
    workflow_handle_tests::result_raw_with_timeout_returns_timeout_for_running_workflow
    workflow_handle_tests::result_snapshot_with_wait_returns_none_for_running_workflow
    workflow_handle_tests::typed_handle_terminate_delegates_to_inner
    workflow_handle_tests::workflow_event_listener_receives_append_notification
    workflow_retry_tests::cancelled_workflow_is_not_retried
    workflow_retry_tests::retry_run_has_fresh_history_and_correct_linkage
    workflow_retry_tests::workflow_non_retryable_error_no_retry
    workflow_retry_tests::workflow_retries_on_transient_failure_and_succeeds
    workflow_retry_tests::workflow_retry_exhaustion_counts_as_one_failure
    workflow_retry_tests::workflow_sentinel_string_non_retryable_message_no_retry
    workflow_retry_tests::workflow_typed_message_collision_still_retries
    workflow_retry_tests::workflow_typed_non_retryable_error_type_no_retry
    workflow_retry_tests::workflow_typed_retryable_error_type_still_retries
    workflow_task_timeout_tests::quarantine_does_not_overwrite_an_execution_that_already_completed
    workflow_task_timeout_tests::quarantine_with_no_exec_id_only_fails_task
    workflow_task_timeout_tests::quarantine_writes_dlq_and_fails_execution
    workflow_task_timeout_tests::quarantine_writes_typed_dlq_reason
    workflow_task_timeout_tests::reset_is_idempotent_on_wrong_state_or_worker
    workflow_task_timeout_tests::reset_reverts_running_task_to_pending

test result: FAILED. 932 passed; 530 failed; 0 ignored; 0 measured; 0 filtered out; finished in 608.92s

error: test failed, to rerun pass `-p autumn-harvest --test integration`
