DROP TABLE
CREATE TABLE
CREATE INDEX
CREATE INDEX
--- multi-queue control (reproduce ledger #5's shape on this instance) ---
TRUNCATE TABLE
INSERT 0 10000
INSERT 0 0
ANALYZE
BEGIN
SET
SET
                                                                                                          QUERY PLAN                                                                                                           
-------------------------------------------------------------------------------------------------------------------------------------------------------------------------------------------------------------------------------
 Limit  (cost=1096.69..1097.31 rows=50 width=35) (actual rows=50 loops=1)
   Output: id, task_type, priority, scheduled_at, ctid
   Buffers: shared hit=591
   ->  LockRows  (cost=1096.69..1221.69 rows=10000 width=35) (actual rows=50 loops=1)
         Output: id, task_type, priority, scheduled_at, ctid
         Buffers: shared hit=591
         ->  Sort  (cost=1096.69..1121.69 rows=10000 width=35) (actual rows=50 loops=1)
               Output: id, task_type, priority, scheduled_at, ctid
               Sort Key: harvest_task_queue.priority DESC, harvest_task_queue.scheduled_at
               Sort Method: quicksort  Memory: 1010kB
               Buffers: shared hit=541
               ->  Index Scan using idx_harvest_tq_poll on public.harvest_task_queue  (cost=0.29..764.50 rows=10000 width=35) (actual rows=10000 loops=1)
                     Output: id, task_type, priority, scheduled_at, ctid
                     Index Cond: ((harvest_task_queue.queue_name = ANY ('{bench-q-0,bench-q-1,bench-q-2,bench-q-3}'::text[])) AND (harvest_task_queue.state = 'PENDING'::text) AND (harvest_task_queue.scheduled_at <= now()))
                     Buffers: shared hit=535
 Settings: enable_seqscan = 'off', enable_bitmapscan = 'off'
 Planning:
   Buffers: shared hit=223
 Planning Time: 0.575 ms
 Execution Time: 4.489 ms
(20 rows)

ROLLBACK
--- single-queue test (the pre-registered hypothesis) ---
TRUNCATE TABLE
INSERT 0 10000
ANALYZE
BEGIN
SET
SET
                                                                                   QUERY PLAN                                                                                    
---------------------------------------------------------------------------------------------------------------------------------------------------------------------------------
 Limit  (cost=0.29..3.32 rows=50 width=35) (actual rows=50 loops=1)
   Output: id, task_type, priority, scheduled_at, ctid
   Buffers: shared hit=53
   ->  LockRows  (cost=0.29..607.48 rows=10000 width=35) (actual rows=50 loops=1)
         Output: id, task_type, priority, scheduled_at, ctid
         Buffers: shared hit=53
         ->  Index Scan using idx_harvest_tq_poll on public.harvest_task_queue  (cost=0.29..507.48 rows=10000 width=35) (actual rows=50 loops=1)
               Output: id, task_type, priority, scheduled_at, ctid
               Index Cond: ((harvest_task_queue.queue_name = 'bench-q-0'::text) AND (harvest_task_queue.state = 'PENDING'::text) AND (harvest_task_queue.scheduled_at <= now()))
               Buffers: shared hit=3
 Settings: enable_seqscan = 'off', enable_bitmapscan = 'off'
 Planning:
   Buffers: shared hit=175 read=1
 Planning Time: 0.545 ms
 Execution Time: 0.099 ms
(15 rows)

ROLLBACK
--- done ---
